[2025-01-18T13:42:20.262+0000][0.007s][info][gc] Using G1
[2025-01-18T13:42:20.264+0000][0.010s][info][gc,init] Version: 17.0.13+11-Debian-2deb12u1 (release)
[2025-01-18T13:42:20.264+0000][0.010s][info][gc,init] CPUs: 12 total, 12 available
[2025-01-18T13:42:20.265+0000][0.010s][info][gc,init] Memory: 7627M
[2025-01-18T13:42:20.265+0000][0.010s][info][gc,init] Large Page Support: Disabled
[2025-01-18T13:42:20.265+0000][0.010s][info][gc,init] NUMA Support: Disabled
[2025-01-18T13:42:20.265+0000][0.011s][info][gc,init] Compressed Oops: Enabled (32-bit)
[2025-01-18T13:42:20.265+0000][0.011s][info][gc,init] Heap Region Size: 1M
[2025-01-18T13:42:20.266+0000][0.011s][info][gc,init] Heap Min Capacity: 8M
[2025-01-18T13:42:20.266+0000][0.012s][info][gc,init] Heap Initial Capacity: 120M
[2025-01-18T13:42:20.266+0000][0.012s][info][gc,init] Heap Max Capacity: 1908M
[2025-01-18T13:42:20.267+0000][0.012s][info][gc,init] Pre-touch: Disabled
[2025-01-18T13:42:20.267+0000][0.012s][info][gc,init] Parallel Workers: 10
[2025-01-18T13:42:20.267+0000][0.012s][info][gc,init] Concurrent Workers: 3
[2025-01-18T13:42:20.267+0000][0.012s][info][gc,init] Concurrent Refinement Workers: 10
[2025-01-18T13:42:20.267+0000][0.013s][info][gc,init] Periodic GC: Disabled
[2025-01-18T13:42:20.273+0000][0.018s][info][gc,metaspace] CDS archive(s) mapped at: [0x00007feec7000000-0x00007feec7bc9000-0x00007feec7bc9000), size 12357632, SharedBaseAddress: 0x00007feec7000000, ArchiveRelocationMode: 1.
[2025-01-18T13:42:20.273+0000][0.019s][info][gc,metaspace] Compressed class space mapped at: 0x00007feec8000000-0x00007fef08000000, reserved size: 1073741824
[2025-01-18T13:42:20.273+0000][0.019s][info][gc,metaspace] Narrow klass base: 0x00007feec7000000, Narrow klass shift: 0, Narrow klass range: 0x100000000
[2025-01-18T13:42:20.279+0000][0.024s][info][cds,heap    ] initialize_from_archived_subgraph java.lang.Module$ArchivedData 0x00007feec7183388 (early)
[2025-01-18T13:42:20.279+0000][0.025s][info][cds,heap    ] initialize_from_archived_subgraph java.util.ImmutableCollections 0x00007feec7070cd8 (early)
[2025-01-18T13:42:20.283+0000][0.028s][info][cds,heap    ] initialize_from_archived_subgraph java.lang.Integer$IntegerCache 0x00007feec7036060 (early)
[2025-01-18T13:42:20.288+0000][0.033s][info][cds,heap    ] initialize_from_archived_subgraph java.lang.module.Configuration 0x00007feec7171308 (early)
[2025-01-18T13:42:20.288+0000][0.033s][info][cds,heap    ] initialize_from_archived_subgraph java.lang.ModuleLayer 0x00007feec7145c58 (early)
[2025-01-18T13:42:20.289+0000][0.034s][info][cds,heap    ] initialize_from_archived_subgraph jdk.internal.loader.ArchivedClassLoaders 0x00007feec71a79f0 (early)
[2025-01-18T13:42:20.289+0000][0.035s][info][cds,heap    ] initialize_from_archived_subgraph jdk.internal.module.ArchivedBootLayer 0x00007feec7177f48 (early)
[2025-01-18T13:42:20.292+0000][0.037s][info][cds,heap    ] initialize_from_archived_subgraph sun.util.locale.BaseLocale 0x00007feec726bb10
[2025-01-18T13:42:20.304+0000][0.049s][info][cds,heap    ] initialize_from_archived_subgraph java.util.jar.Attributes$Name 0x00007feec7199468
[2025-01-18T13:42:20.345+0000][0.090s][info][cds,heap    ] initialize_from_archived_subgraph java.lang.Long$LongCache 0x00007feec701f998
[2025-01-18T13:42:20.428+0000][0.173s][info][cds,heap    ] initialize_from_archived_subgraph java.lang.Character$CharacterCache 0x00007feec70393e8
[2025-01-18T13:42:20.881+0000][0.626s][debug][safepoint   ] Safepoint synchronization initiated using futex wait barrier. (14 threads)
[2025-01-18T13:42:20.881+0000][0.627s][info ][safepoint   ] Safepoint "ICBufferFull", Time since last: 602686857 ns, Reaching safepoint: 409599 ns, Cleanup: 116951 ns, At safepoint: 26913 ns, Total: 553463 ns
[2025-01-18T13:42:20.903+0000][0.649s][debug][safepoint   ] Safepoint synchronization initiated using futex wait barrier. (14 threads)
[2025-01-18T13:42:20.904+0000][0.649s][info ][gc,start    ] GC(0) Pause Young (Normal) (G1 Evacuation Pause)
[2025-01-18T13:42:20.904+0000][0.650s][info ][gc,task     ] GC(0) Using 2 workers of 10 for evacuation
[2025-01-18T13:42:20.918+0000][0.664s][info ][gc,phases   ] GC(0)   Pre Evacuate Collection Set: 0.2ms
[2025-01-18T13:42:20.919+0000][0.664s][info ][gc,phases   ] GC(0)   Merge Heap Roots: 0.1ms
[2025-01-18T13:42:20.919+0000][0.664s][info ][gc,phases   ] GC(0)   Evacuate Collection Set: 11.2ms
[2025-01-18T13:42:20.919+0000][0.664s][info ][gc,phases   ] GC(0)   Post Evacuate Collection Set: 2.1ms
[2025-01-18T13:42:20.919+0000][0.665s][info ][gc,phases   ] GC(0)   Other: 0.9ms
[2025-01-18T13:42:20.919+0000][0.665s][info ][gc,heap     ] GC(0) Eden regions: 56->0(58)
[2025-01-18T13:42:20.920+0000][0.665s][info ][gc,heap     ] GC(0) Survivor regions: 0->7(7)
[2025-01-18T13:42:20.920+0000][0.665s][info ][gc,heap     ] GC(0) Old regions: 0->2
[2025-01-18T13:42:20.920+0000][0.665s][info ][gc,heap     ] GC(0) Archive regions: 2->2
[2025-01-18T13:42:20.920+0000][0.665s][info ][gc,heap     ] GC(0) Humongous regions: 0->0
[2025-01-18T13:42:20.920+0000][0.666s][info ][gc,metaspace] GC(0) Metaspace: 2474K(2688K)->2474K(2688K) NonClass: 2238K(2368K)->2238K(2368K) Class: 236K(320K)->236K(320K)
[2025-01-18T13:42:20.920+0000][0.666s][info ][gc          ] GC(0) Pause Young (Normal) (G1 Evacuation Pause) 56M->9M(122M) 16.667ms
[2025-01-18T13:42:20.921+0000][0.666s][info ][gc,cpu      ] GC(0) User=0.06s Sys=0.00s Real=0.02s
[2025-01-18T13:42:20.921+0000][0.666s][info ][safepoint   ] Safepoint "G1CollectForAllocation", Time since last: 21914783 ns, Reaching safepoint: 446098 ns, Cleanup: 21312 ns, At safepoint: 17247277 ns, Total: 17714687 ns
[2025-01-18T13:42:21.533+0000][1.279s][debug][safepoint   ] Safepoint synchronization initiated using futex wait barrier. (14 threads)
[2025-01-18T13:42:21.534+0000][1.280s][info ][gc,start    ] GC(1) Pause Young (Normal) (G1 Evacuation Pause)
[2025-01-18T13:42:21.534+0000][1.280s][info ][gc,task     ] GC(1) Using 2 workers of 10 for evacuation
[2025-01-18T13:42:21.551+0000][1.296s][info ][gc,phases   ] GC(1)   Pre Evacuate Collection Set: 0.2ms
[2025-01-18T13:42:21.551+0000][1.297s][info ][gc,phases   ] GC(1)   Merge Heap Roots: 0.2ms
[2025-01-18T13:42:21.552+0000][1.297s][info ][gc,phases   ] GC(1)   Evacuate Collection Set: 13.4ms
[2025-01-18T13:42:21.552+0000][1.298s][info ][gc,phases   ] GC(1)   Post Evacuate Collection Set: 2.0ms
[2025-01-18T13:42:21.553+0000][1.298s][info ][gc,phases   ] GC(1)   Other: 0.9ms
[2025-01-18T13:42:21.553+0000][1.298s][info ][gc,heap     ] GC(1) Eden regions: 58->0(68)
[2025-01-18T13:42:21.553+0000][1.299s][info ][gc,heap     ] GC(1) Survivor regions: 7->2(9)
[2025-01-18T13:42:21.553+0000][1.299s][info ][gc,heap     ] GC(1) Old regions: 2->9
[2025-01-18T13:42:21.554+0000][1.299s][info ][gc,heap     ] GC(1) Archive regions: 2->2
[2025-01-18T13:42:21.554+0000][1.299s][info ][gc,heap     ] GC(1) Humongous regions: 0->0
[2025-01-18T13:42:21.554+0000][1.300s][info ][gc,metaspace] GC(1) Metaspace: 4799K(4992K)->4799K(4992K) NonClass: 4237K(4352K)->4237K(4352K) Class: 562K(640K)->562K(640K)
[2025-01-18T13:42:21.555+0000][1.300s][info ][gc          ] GC(1) Pause Young (Normal) (G1 Evacuation Pause) 67M->11M(122M) 20.524ms
[2025-01-18T13:42:21.555+0000][1.300s][info ][gc,cpu      ] GC(1) User=0.08s Sys=0.01s Real=0.02s
[2025-01-18T13:42:21.555+0000][1.301s][info ][safepoint   ] Safepoint "G1CollectForAllocation", Time since last: 612509849 ns, Reaching safepoint: 499243 ns, Cleanup: 151849 ns, At safepoint: 21250318 ns, Total: 21901410 ns
[2025-01-18T13:42:22.291+0000][2.036s][debug][safepoint   ] Safepoint synchronization initiated using futex wait barrier. (15 threads)
[2025-01-18T13:42:22.291+0000][2.037s][info ][gc,start    ] GC(2) Pause Young (Normal) (G1 Evacuation Pause)
[2025-01-18T13:42:22.291+0000][2.037s][info ][gc,task     ] GC(2) Using 2 workers of 10 for evacuation
[2025-01-18T13:42:22.300+0000][2.045s][info ][gc,phases   ] GC(2)   Pre Evacuate Collection Set: 0.1ms
[2025-01-18T13:42:22.300+0000][2.046s][info ][gc,phases   ] GC(2)   Merge Heap Roots: 0.1ms
[2025-01-18T13:42:22.301+0000][2.046s][info ][gc,phases   ] GC(2)   Evacuate Collection Set: 7.2ms
[2025-01-18T13:42:22.301+0000][2.046s][info ][gc,phases   ] GC(2)   Post Evacuate Collection Set: 0.8ms
[2025-01-18T13:42:22.301+0000][2.047s][info ][gc,phases   ] GC(2)   Other: 0.5ms
[2025-01-18T13:42:22.302+0000][2.047s][info ][gc,heap     ] GC(2) Eden regions: 68->0(68)
[2025-01-18T13:42:22.302+0000][2.047s][info ][gc,heap     ] GC(2) Survivor regions: 2->4(9)
[2025-01-18T13:42:22.302+0000][2.048s][info ][gc,heap     ] GC(2) Old regions: 9->9
[2025-01-18T13:42:22.302+0000][2.048s][info ][gc,heap     ] GC(2) Archive regions: 2->2
[2025-01-18T13:42:22.303+0000][2.048s][info ][gc,heap     ] GC(2) Humongous regions: 0->0
[2025-01-18T13:42:22.303+0000][2.048s][info ][gc,metaspace] GC(2) Metaspace: 7947K(8256K)->7947K(8256K) NonClass: 6948K(7104K)->6948K(7104K) Class: 999K(1152K)->999K(1152K)
[2025-01-18T13:42:22.303+0000][2.049s][info ][gc          ] GC(2) Pause Young (Normal) (G1 Evacuation Pause) 79M->12M(122M) 11.857ms
[2025-01-18T13:42:22.303+0000][2.049s][info ][gc,cpu      ] GC(2) User=0.02s Sys=0.00s Real=0.01s
[2025-01-18T13:42:22.303+0000][2.049s][info ][safepoint   ] Safepoint "G1CollectForAllocation", Time since last: 735246743 ns, Reaching safepoint: 375399 ns, Cleanup: 260373 ns, At safepoint: 12273234 ns, Total: 12909006 ns
[2025-01-18T13:42:22.750+0000][2.496s][debug][safepoint   ] Safepoint synchronization initiated using futex wait barrier. (14 threads)
[2025-01-18T13:42:22.751+0000][2.496s][info ][gc,start    ] GC(3) Pause Young (Normal) (G1 Evacuation Pause)
[2025-01-18T13:42:22.751+0000][2.497s][info ][gc,task     ] GC(3) Using 2 workers of 10 for evacuation
[2025-01-18T13:42:22.763+0000][2.509s][info ][gc,phases   ] GC(3)   Pre Evacuate Collection Set: 0.2ms
[2025-01-18T13:42:22.764+0000][2.509s][info ][gc,phases   ] GC(3)   Merge Heap Roots: 0.2ms
[2025-01-18T13:42:22.764+0000][2.509s][info ][gc,phases   ] GC(3)   Evacuate Collection Set: 10.3ms
[2025-01-18T13:42:22.764+0000][2.510s][info ][gc,phases   ] GC(3)   Post Evacuate Collection Set: 1.3ms
[2025-01-18T13:42:22.764+0000][2.510s][info ][gc,phases   ] GC(3)   Other: 0.8ms
[2025-01-18T13:42:22.765+0000][2.510s][info ][gc,heap     ] GC(3) Eden regions: 68->0(67)
[2025-01-18T13:42:22.765+0000][2.510s][info ][gc,heap     ] GC(3) Survivor regions: 4->5(9)
[2025-01-18T13:42:22.765+0000][2.510s][info ][gc,heap     ] GC(3) Old regions: 9->9
[2025-01-18T13:42:22.765+0000][2.511s][info ][gc,heap     ] GC(3) Archive regions: 2->2
[2025-01-18T13:42:22.765+0000][2.511s][info ][gc,heap     ] GC(3) Humongous regions: 0->0
[2025-01-18T13:42:22.766+0000][2.511s][info ][gc,metaspace] GC(3) Metaspace: 10889K(11200K)->10889K(11200K) NonClass: 9467K(9600K)->9467K(9600K) Class: 1421K(1600K)->1421K(1600K)
[2025-01-18T13:42:22.766+0000][2.511s][info ][gc          ] GC(3) Pause Young (Normal) (G1 Evacuation Pause) 80M->13M(122M) 15.235ms
[2025-01-18T13:42:22.766+0000][2.512s][info ][gc,cpu      ] GC(3) User=0.04s Sys=0.02s Real=0.01s
[2025-01-18T13:42:22.767+0000][2.512s][info ][safepoint   ] Safepoint "G1CollectForAllocation", Time since last: 446756162 ns, Reaching safepoint: 364077 ns, Cleanup: 74667 ns, At safepoint: 15925675 ns, Total: 16364419 ns
[2025-01-18T13:42:22.993+0000][2.738s][debug][safepoint   ] Safepoint synchronization initiated using futex wait barrier. (15 threads)
[2025-01-18T13:42:22.994+0000][2.739s][info ][safepoint   ] Safepoint "ICBufferFull", Time since last: 226404839 ns, Reaching safepoint: 382319 ns, Cleanup: 126530 ns, At safepoint: 24087 ns, Total: 532936 ns
[2025-01-18T13:42:23.236+0000][2.982s][debug][safepoint   ] Safepoint synchronization initiated using futex wait barrier. (16 threads)
[2025-01-18T13:42:23.237+0000][2.982s][info ][gc,start    ] GC(4) Pause Young (Normal) (G1 Evacuation Pause)
[2025-01-18T13:42:23.237+0000][2.983s][info ][gc,task     ] GC(4) Using 4 workers of 10 for evacuation
[2025-01-18T13:42:23.247+0000][2.992s][info ][gc,phases   ] GC(4)   Pre Evacuate Collection Set: 0.1ms
[2025-01-18T13:42:23.247+0000][2.993s][info ][gc,phases   ] GC(4)   Merge Heap Roots: 0.1ms
[2025-01-18T13:42:23.247+0000][2.993s][info ][gc,phases   ] GC(4)   Evacuate Collection Set: 7.9ms
[2025-01-18T13:42:23.247+0000][2.993s][info ][gc,phases   ] GC(4)   Post Evacuate Collection Set: 1.3ms
[2025-01-18T13:42:23.248+0000][2.993s][info ][gc,phases   ] GC(4)   Other: 0.4ms
[2025-01-18T13:42:23.248+0000][2.993s][info ][gc,heap     ] GC(4) Eden regions: 67->0(81)
[2025-01-18T13:42:23.248+0000][2.993s][info ][gc,heap     ] GC(4) Survivor regions: 5->7(9)
[2025-01-18T13:42:23.248+0000][2.994s][info ][gc,heap     ] GC(4) Old regions: 9->9
[2025-01-18T13:42:23.248+0000][2.994s][info ][gc,heap     ] GC(4) Archive regions: 2->2
[2025-01-18T13:42:23.248+0000][2.994s][info ][gc,heap     ] GC(4) Humongous regions: 0->0
[2025-01-18T13:42:23.249+0000][2.994s][info ][gc,metaspace] GC(4) Metaspace: 13120K(13440K)->13120K(13440K) NonClass: 11415K(11584K)->11415K(11584K) Class: 1704K(1856K)->1704K(1856K)
[2025-01-18T13:42:23.249+0000][2.994s][info ][gc          ] GC(4) Pause Young (Normal) (G1 Evacuation Pause) 80M->16M(147M) 11.641ms
[2025-01-18T13:42:23.249+0000][2.994s][info ][gc,cpu      ] GC(4) User=0.05s Sys=0.00s Real=0.01s
[2025-01-18T13:42:23.249+0000][2.995s][info ][safepoint   ] Safepoint "G1CollectForAllocation", Time since last: 242859452 ns, Reaching safepoint: 516938 ns, Cleanup: 101600 ns, At safepoint: 12097847 ns, Total: 12716385 ns
[2025-01-18T13:42:23.473+0000][3.219s][debug][safepoint   ] Safepoint synchronization initiated using futex wait barrier. (15 threads)
[2025-01-18T13:42:23.474+0000][3.219s][info ][gc,start    ] GC(5) Pause Young (Normal) (G1 Evacuation Pause)
[2025-01-18T13:42:23.474+0000][3.219s][info ][gc,task     ] GC(5) Using 4 workers of 10 for evacuation
[2025-01-18T13:42:23.478+0000][3.224s][info ][gc,phases   ] GC(5)   Pre Evacuate Collection Set: 0.1ms
[2025-01-18T13:42:23.479+0000][3.224s][info ][gc,phases   ] GC(5)   Merge Heap Roots: 0.1ms
[2025-01-18T13:42:23.479+0000][3.224s][info ][gc,phases   ] GC(5)   Evacuate Collection Set: 3.2ms
[2025-01-18T13:42:23.479+0000][3.224s][info ][gc,phases   ] GC(5)   Post Evacuate Collection Set: 0.9ms
[2025-01-18T13:42:23.479+0000][3.225s][info ][gc,phases   ] GC(5)   Other: 0.5ms
[2025-01-18T13:42:23.479+0000][3.225s][info ][gc,heap     ] GC(5) Eden regions: 81->0(82)
[2025-01-18T13:42:23.480+0000][3.225s][info ][gc,heap     ] GC(5) Survivor regions: 7->6(11)
[2025-01-18T13:42:23.480+0000][3.225s][info ][gc,heap     ] GC(5) Old regions: 9->10
[2025-01-18T13:42:23.480+0000][3.225s][info ][gc,heap     ] GC(5) Archive regions: 2->2
[2025-01-18T13:42:23.480+0000][3.225s][info ][gc,heap     ] GC(5) Humongous regions: 0->0
[2025-01-18T13:42:23.480+0000][3.225s][info ][gc,metaspace] GC(5) Metaspace: 15541K(15872K)->15541K(15872K) NonClass: 13467K(13632K)->13467K(13632K) Class: 2074K(2240K)->2074K(2240K)
[2025-01-18T13:42:23.480+0000][3.226s][info ][gc          ] GC(5) Pause Young (Normal) (G1 Evacuation Pause) 97M->16M(147M) 6.584ms
[2025-01-18T13:42:23.480+0000][3.226s][info ][gc,cpu      ] GC(5) User=0.01s Sys=0.00s Real=0.01s
[2025-01-18T13:42:23.481+0000][3.226s][info ][safepoint   ] Safepoint "G1CollectForAllocation", Time since last: 224037686 ns, Reaching safepoint: 425709 ns, Cleanup: 56851 ns, At safepoint: 6945604 ns, Total: 7428164 ns
[2025-01-18T13:42:23.522+0000][3.267s][info ][cds,heap    ] initialize_from_archived_subgraph java.lang.Byte$ByteCache 0x00007feec70395f8
[2025-01-18T13:42:23.522+0000][3.268s][info ][cds,heap    ] initialize_from_archived_subgraph java.lang.Short$ShortCache 0x00007feec703fce8
[2025-01-18T13:42:23.667+0000][3.412s][debug][safepoint   ] Safepoint synchronization initiated using futex wait barrier. (16 threads)
[2025-01-18T13:42:23.667+0000][3.413s][debug][safepoint   ] ... found polling page loop exception at pc = 0x00007fef31190ed7, stub =0x00007fef30af5400
[2025-01-18T13:42:23.668+0000][3.413s][info ][gc,start    ] GC(6) Pause Young (Normal) (G1 Evacuation Pause)
[2025-01-18T13:42:23.668+0000][3.413s][info ][gc,task     ] GC(6) Using 4 workers of 10 for evacuation
[2025-01-18T13:42:23.674+0000][3.420s][info ][gc,phases   ] GC(6)   Pre Evacuate Collection Set: 0.1ms
[2025-01-18T13:42:23.675+0000][3.420s][info ][gc,phases   ] GC(6)   Merge Heap Roots: 0.1ms
[2025-01-18T13:42:23.675+0000][3.420s][info ][gc,phases   ] GC(6)   Evacuate Collection Set: 4.6ms
[2025-01-18T13:42:23.675+0000][3.420s][info ][gc,phases   ] GC(6)   Post Evacuate Collection Set: 1.0ms
[2025-01-18T13:42:23.675+0000][3.421s][info ][gc,phases   ] GC(6)   Other: 0.5ms
[2025-01-18T13:42:23.675+0000][3.421s][info ][gc,heap     ] GC(6) Eden regions: 82->0(79)
[2025-01-18T13:42:23.676+0000][3.421s][info ][gc,heap     ] GC(6) Survivor regions: 6->9(11)
[2025-01-18T13:42:23.676+0000][3.421s][info ][gc,heap     ] GC(6) Old regions: 10->10
[2025-01-18T13:42:23.676+0000][3.421s][info ][gc,heap     ] GC(6) Archive regions: 2->2
[2025-01-18T13:42:23.676+0000][3.421s][info ][gc,heap     ] GC(6) Humongous regions: 0->0
[2025-01-18T13:42:23.676+0000][3.422s][info ][gc,metaspace] GC(6) Metaspace: 17521K(17792K)->17521K(17792K) NonClass: 15156K(15296K)->15156K(15296K) Class: 2365K(2496K)->2365K(2496K)
[2025-01-18T13:42:23.676+0000][3.422s][info ][gc          ] GC(6) Pause Young (Normal) (G1 Evacuation Pause) 98M->19M(147M) 8.506ms
[2025-01-18T13:42:23.676+0000][3.422s][info ][gc,cpu      ] GC(6) User=0.04s Sys=0.00s Real=0.01s
[2025-01-18T13:42:23.677+0000][3.422s][info ][safepoint   ] Safepoint "G1CollectForAllocation", Time since last: 186355159 ns, Reaching safepoint: 745405 ns, Cleanup: 80949 ns, At safepoint: 8986093 ns, Total: 9812447 ns
[2025-01-18T13:42:23.944+0000][3.689s][debug][safepoint   ] Safepoint synchronization initiated using futex wait barrier. (16 threads)
[2025-01-18T13:42:23.944+0000][3.690s][info ][gc,start    ] GC(7) Pause Young (Concurrent Start) (Metadata GC Threshold)
[2025-01-18T13:42:23.945+0000][3.690s][info ][gc,task     ] GC(7) Using 4 workers of 10 for evacuation
[2025-01-18T13:42:23.963+0000][3.708s][info ][gc,phases   ] GC(7)   Pre Evacuate Collection Set: 0.2ms
[2025-01-18T13:42:23.963+0000][3.708s][info ][gc,phases   ] GC(7)   Merge Heap Roots: 0.1ms
[2025-01-18T13:42:23.963+0000][3.709s][info ][gc,phases   ] GC(7)   Evacuate Collection Set: 15.8ms
[2025-01-18T13:42:23.963+0000][3.709s][info ][gc,phases   ] GC(7)   Post Evacuate Collection Set: 1.2ms
[2025-01-18T13:42:23.964+0000][3.709s][info ][gc,phases   ] GC(7)   Other: 0.9ms
[2025-01-18T13:42:23.964+0000][3.710s][info ][gc,heap     ] GC(7) Eden regions: 59->0(82)
[2025-01-18T13:42:23.964+0000][3.710s][info ][gc,heap     ] GC(7) Survivor regions: 9->6(11)
[2025-01-18T13:42:23.965+0000][3.710s][info ][gc,heap     ] GC(7) Old regions: 10->15
[2025-01-18T13:42:23.965+0000][3.710s][info ][gc,heap     ] GC(7) Archive regions: 2->2
[2025-01-18T13:42:23.965+0000][3.711s][info ][gc,heap     ] GC(7) Humongous regions: 0->0
[2025-01-18T13:42:23.966+0000][3.711s][info ][gc,metaspace] GC(7) Metaspace: 21173K(21504K)->21173K(21504K) NonClass: 18412K(18560K)->18412K(18560K) Class: 2760K(2944K)->2760K(2944K)
[2025-01-18T13:42:23.966+0000][3.711s][info ][gc          ] GC(7) Pause Young (Concurrent Start) (Metadata GC Threshold) 78M->21M(147M) 21.590ms
[2025-01-18T13:42:23.966+0000][3.712s][info ][gc,cpu      ] GC(7) User=0.09s Sys=0.02s Real=0.02s
[2025-01-18T13:42:23.967+0000][3.712s][info ][gc          ] GC(8) Concurrent Mark Cycle
[2025-01-18T13:42:23.967+0000][3.712s][info ][safepoint   ] Safepoint "CollectForMetadataAllocation", Time since last: 266874242 ns, Reaching safepoint: 517018 ns, Cleanup: 121669 ns, At safepoint: 22413350 ns, Total: 23052037 ns
[2025-01-18T13:42:23.967+0000][3.712s][info ][gc,marking  ] GC(8) Concurrent Clear Claimed Marks
[2025-01-18T13:42:23.968+0000][3.713s][info ][gc,marking  ] GC(8) Concurrent Clear Claimed Marks 0.587ms
[2025-01-18T13:42:23.968+0000][3.713s][info ][gc,marking  ] GC(8) Concurrent Scan Root Regions
[2025-01-18T13:42:23.976+0000][3.721s][info ][gc,marking  ] GC(8) Concurrent Scan Root Regions 8.101ms
[2025-01-18T13:42:23.977+0000][3.722s][info ][gc,marking  ] GC(8) Concurrent Mark
[2025-01-18T13:42:23.977+0000][3.723s][info ][gc,marking  ] GC(8) Concurrent Mark From Roots
[2025-01-18T13:42:23.978+0000][3.723s][info ][gc,task     ] GC(8) Using 3 workers of 3 for marking
[2025-01-18T13:42:23.993+0000][3.739s][info ][gc,marking  ] GC(8) Concurrent Mark From Roots 15.823ms
[2025-01-18T13:42:23.994+0000][3.739s][info ][gc,marking  ] GC(8) Concurrent Preclean
[2025-01-18T13:42:23.995+0000][3.740s][info ][gc,marking  ] GC(8) Concurrent Preclean 1.251ms
[2025-01-18T13:42:23.996+0000][3.741s][debug][safepoint   ] Safepoint synchronization initiated using futex wait barrier. (16 threads)
[2025-01-18T13:42:23.996+0000][3.742s][info ][gc,start    ] GC(8) Pause Remark
[2025-01-18T13:42:24.007+0000][3.752s][info ][gc          ] GC(8) Pause Remark 23M->23M(84M) 10.780ms
[2025-01-18T13:42:24.008+0000][3.753s][info ][gc,cpu      ] GC(8) User=0.06s Sys=0.00s Real=0.01s
[2025-01-18T13:42:24.008+0000][3.753s][info ][safepoint   ] Safepoint "G1PauseRemark", Time since last: 28891439 ns, Reaching safepoint: 488021 ns, Cleanup: 24508 ns, At safepoint: 11950327 ns, Total: 12462856 ns
[2025-01-18T13:42:24.011+0000][3.756s][info ][gc,marking  ] GC(8) Concurrent Mark 34.428ms
[2025-01-18T13:42:24.011+0000][3.757s][info ][gc,marking  ] GC(8) Concurrent Rebuild Remembered Sets
[2025-01-18T13:42:24.016+0000][3.762s][info ][gc,marking  ] GC(8) Concurrent Rebuild Remembered Sets 4.923ms
[2025-01-18T13:42:24.017+0000][3.763s][debug][safepoint   ] Safepoint synchronization initiated using futex wait barrier. (16 threads)
[2025-01-18T13:42:24.018+0000][3.763s][info ][gc,start    ] GC(8) Pause Cleanup
[2025-01-18T13:42:24.019+0000][3.764s][info ][gc          ] GC(8) Pause Cleanup 23M->23M(84M) 0.729ms
[2025-01-18T13:42:24.019+0000][3.765s][info ][gc,cpu      ] GC(8) User=0.02s Sys=0.00s Real=0.01s
[2025-01-18T13:42:24.020+0000][3.765s][info ][safepoint   ] Safepoint "G1PauseCleanup", Time since last: 9129706 ns, Reaching safepoint: 685700 ns, Cleanup: 5861 ns, At safepoint: 2158109 ns, Total: 2849670 ns
[2025-01-18T13:42:24.021+0000][3.767s][info ][gc,marking  ] GC(8) Concurrent Cleanup for Next Mark
[2025-01-18T13:42:24.022+0000][3.768s][info ][gc,marking  ] GC(8) Concurrent Cleanup for Next Mark 1.278ms
[2025-01-18T13:42:24.023+0000][3.769s][info ][gc          ] GC(8) Concurrent Mark Cycle 56.545ms
[2025-01-18T13:42:24.283+0000][4.029s][debug][safepoint   ] Safepoint synchronization initiated using futex wait barrier. (16 threads)
[2025-01-18T13:42:24.284+0000][4.029s][info ][gc,start    ] GC(9) Pause Young (Normal) (G1 Evacuation Pause)
[2025-01-18T13:42:24.284+0000][4.030s][info ][gc,task     ] GC(9) Using 4 workers of 10 for evacuation
[2025-01-18T13:42:24.296+0000][4.041s][info ][gc,phases   ] GC(9)   Pre Evacuate Collection Set: 0.1ms
[2025-01-18T13:42:24.296+0000][4.042s][info ][gc,phases   ] GC(9)   Merge Heap Roots: 0.2ms
[2025-01-18T13:42:24.297+0000][4.042s][info ][gc,phases   ] GC(9)   Evacuate Collection Set: 9.5ms
[2025-01-18T13:42:24.297+0000][4.042s][info ][gc,phases   ] GC(9)   Post Evacuate Collection Set: 1.7ms
[2025-01-18T13:42:24.297+0000][4.043s][info ][gc,phases   ] GC(9)   Other: 0.6ms
[2025-01-18T13:42:24.297+0000][4.043s][info ][gc,heap     ] GC(9) Eden regions: 44->0(56)
[2025-01-18T13:42:24.298+0000][4.043s][info ][gc,heap     ] GC(9) Survivor regions: 6->4(7)
[2025-01-18T13:42:24.298+0000][4.043s][info ][gc,heap     ] GC(9) Old regions: 15->19
[2025-01-18T13:42:24.298+0000][4.043s][info ][gc,heap     ] GC(9) Archive regions: 2->2
[2025-01-18T13:42:24.298+0000][4.044s][info ][gc,heap     ] GC(9) Humongous regions: 0->0
[2025-01-18T13:42:24.299+0000][4.044s][info ][gc,metaspace] GC(9) Metaspace: 23057K(23360K)->23057K(23360K) NonClass: 20033K(20160K)->20033K(20160K) Class: 3023K(3200K)->3023K(3200K)
[2025-01-18T13:42:24.299+0000][4.044s][info ][gc          ] GC(9) Pause Young (Normal) (G1 Evacuation Pause) 65M->22M(101M) 14.823ms
[2025-01-18T13:42:24.299+0000][4.044s][info ][gc,cpu      ] GC(9) User=0.07s Sys=0.01s Real=0.01s
[2025-01-18T13:42:24.299+0000][4.045s][info ][safepoint   ] Safepoint "G1CollectForAllocation", Time since last: 263367738 ns, Reaching safepoint: 403514 ns, Cleanup: 67964 ns, At safepoint: 15393767 ns, Total: 15865245 ns
[2025-01-18T13:42:24.671+0000][4.417s][debug][safepoint   ] Safepoint synchronization initiated using futex wait barrier. (15 threads)
[2025-01-18T13:42:24.672+0000][4.417s][info ][gc,start    ] GC(10) Pause Young (Normal) (G1 Evacuation Pause)
[2025-01-18T13:42:24.672+0000][4.417s][info ][gc,task     ] GC(10) Using 3 workers of 10 for evacuation
[2025-01-18T13:42:24.681+0000][4.426s][info ][gc,phases   ] GC(10)   Pre Evacuate Collection Set: 0.2ms
[2025-01-18T13:42:24.681+0000][4.426s][info ][gc,phases   ] GC(10)   Merge Heap Roots: 0.1ms
[2025-01-18T13:42:24.681+0000][4.427s][info ][gc,phases   ] GC(10)   Evacuate Collection Set: 7.0ms
[2025-01-18T13:42:24.681+0000][4.427s][info ][gc,phases   ] GC(10)   Post Evacuate Collection Set: 1.2ms
[2025-01-18T13:42:24.682+0000][4.427s][info ][gc,phases   ] GC(10)   Other: 0.6ms
[2025-01-18T13:42:24.682+0000][4.427s][info ][gc,heap     ] GC(10) Eden regions: 56->0(52)
[2025-01-18T13:42:24.682+0000][4.427s][info ][gc,heap     ] GC(10) Survivor regions: 4->8(8)
[2025-01-18T13:42:24.682+0000][4.428s][info ][gc,heap     ] GC(10) Old regions: 19->19
[2025-01-18T13:42:24.682+0000][4.428s][info ][gc,heap     ] GC(10) Archive regions: 2->2
[2025-01-18T13:42:24.683+0000][4.428s][info ][gc,heap     ] GC(10) Humongous regions: 0->0
[2025-01-18T13:42:24.683+0000][4.428s][info ][gc,metaspace] GC(10) Metaspace: 24505K(24896K)->24505K(24896K) NonClass: 21322K(21504K)->21322K(21504K) Class: 3182K(3392K)->3182K(3392K)
[2025-01-18T13:42:24.683+0000][4.428s][info ][gc          ] GC(10) Pause Young (Normal) (G1 Evacuation Pause) 78M->26M(101M) 11.372ms
[2025-01-18T13:42:24.683+0000][4.429s][info ][gc,cpu      ] GC(10) User=0.04s Sys=0.00s Real=0.01s
[2025-01-18T13:42:24.683+0000][4.429s][info ][safepoint   ] Safepoint "G1CollectForAllocation", Time since last: 371904003 ns, Reaching safepoint: 395599 ns, Cleanup: 67764 ns, At safepoint: 11864729 ns, Total: 12328092 ns
[2025-01-18T13:42:24.840+0000][4.585s][debug][safepoint   ] Safepoint synchronization initiated using futex wait barrier. (15 threads)
[2025-01-18T13:42:24.840+0000][4.586s][info ][gc,start    ] GC(11) Pause Young (Normal) (G1 Evacuation Pause)
[2025-01-18T13:42:24.841+0000][4.586s][info ][gc,task     ] GC(11) Using 2 workers of 10 for evacuation
[2025-01-18T13:42:24.856+0000][4.602s][info ][gc,phases   ] GC(11)   Pre Evacuate Collection Set: 0.1ms
[2025-01-18T13:42:24.857+0000][4.602s][info ][gc,phases   ] GC(11)   Merge Heap Roots: 0.1ms
[2025-01-18T13:42:24.857+0000][4.602s][info ][gc,phases   ] GC(11)   Evacuate Collection Set: 14.1ms
[2025-01-18T13:42:24.857+0000][4.602s][info ][gc,phases   ] GC(11)   Post Evacuate Collection Set: 1.1ms
[2025-01-18T13:42:24.857+0000][4.603s][info ][gc,phases   ] GC(11)   Other: 0.6ms
[2025-01-18T13:42:24.857+0000][4.603s][info ][gc,heap     ] GC(11) Eden regions: 52->0(45)
[2025-01-18T13:42:24.857+0000][4.603s][info ][gc,heap     ] GC(11) Survivor regions: 8->8(8)
[2025-01-18T13:42:24.858+0000][4.603s][info ][gc,heap     ] GC(11) Old regions: 19->24
[2025-01-18T13:42:24.858+0000][4.603s][info ][gc,heap     ] GC(11) Archive regions: 2->2
[2025-01-18T13:42:24.858+0000][4.603s][info ][gc,heap     ] GC(11) Humongous regions: 0->0
[2025-01-18T13:42:24.858+0000][4.603s][info ][gc,metaspace] GC(11) Metaspace: 24545K(24896K)->24545K(24896K) NonClass: 21353K(21504K)->21353K(21504K) Class: 3192K(3392K)->3192K(3392K)
[2025-01-18T13:42:24.858+0000][4.603s][info ][gc          ] GC(11) Pause Young (Normal) (G1 Evacuation Pause) 78M->31M(101M) 17.668ms
[2025-01-18T13:42:24.858+0000][4.604s][info ][gc,cpu      ] GC(11) User=0.05s Sys=0.00s Real=0.01s
[2025-01-18T13:42:24.858+0000][4.604s][info ][safepoint   ] Safepoint "G1CollectForAllocation", Time since last: 156394390 ns, Reaching safepoint: 445467 ns, Cleanup: 34868 ns, At safepoint: 18053465 ns, Total: 18533800 ns
[2025-01-18T13:42:24.944+0000][4.689s][debug][safepoint   ] Safepoint synchronization initiated using futex wait barrier. (15 threads)
[2025-01-18T13:42:24.944+0000][4.690s][info ][gc,start    ] GC(12) Pause Young (Normal) (G1 Evacuation Pause)
[2025-01-18T13:42:24.945+0000][4.690s][info ][gc,task     ] GC(12) Using 2 workers of 10 for evacuation
[2025-01-18T13:42:24.961+0000][4.707s][info ][gc,phases   ] GC(12)   Pre Evacuate Collection Set: 0.2ms
[2025-01-18T13:42:24.961+0000][4.707s][info ][gc,phases   ] GC(12)   Merge Heap Roots: 0.2ms
[2025-01-18T13:42:24.962+0000][4.707s][info ][gc,phases   ] GC(12)   Evacuate Collection Set: 14.6ms
[2025-01-18T13:42:24.962+0000][4.707s][info ][gc,phases   ] GC(12)   Post Evacuate Collection Set: 1.1ms
[2025-01-18T13:42:24.962+0000][4.707s][info ][gc,phases   ] GC(12)   Other: 0.7ms
[2025-01-18T13:42:24.962+0000][4.708s][info ][gc,heap     ] GC(12) Eden regions: 45->0(39)
[2025-01-18T13:42:24.962+0000][4.708s][info ][gc,heap     ] GC(12) Survivor regions: 8->6(7)
[2025-01-18T13:42:24.963+0000][4.708s][info ][gc,heap     ] GC(12) Old regions: 24->32
[2025-01-18T13:42:24.963+0000][4.708s][info ][gc,heap     ] GC(12) Archive regions: 2->2
[2025-01-18T13:42:24.963+0000][4.708s][info ][gc,heap     ] GC(12) Humongous regions: 0->0
[2025-01-18T13:42:24.963+0000][4.708s][info ][gc,metaspace] GC(12) Metaspace: 24589K(24960K)->24589K(24960K) NonClass: 21393K(21568K)->21393K(21568K) Class: 3195K(3392K)->3195K(3392K)
[2025-01-18T13:42:24.963+0000][4.709s][info ][gc          ] GC(12) Pause Young (Normal) (G1 Evacuation Pause) 76M->38M(101M) 18.814ms
[2025-01-18T13:42:24.963+0000][4.709s][info ][gc,cpu      ] GC(12) User=0.07s Sys=0.02s Real=0.02s
[2025-01-18T13:42:24.964+0000][4.709s][info ][safepoint   ] Safepoint "G1CollectForAllocation", Time since last: 85464371 ns, Reaching safepoint: 488342 ns, Cleanup: 42183 ns, At safepoint: 19301613 ns, Total: 19832138 ns
[2025-01-18T13:42:25.112+0000][4.857s][debug][safepoint   ] Safepoint synchronization initiated using futex wait barrier. (15 threads)
[2025-01-18T13:42:25.112+0000][4.858s][info ][gc,start    ] GC(13) Pause Young (Normal) (G1 Evacuation Pause)
[2025-01-18T13:42:25.113+0000][4.858s][info ][gc,task     ] GC(13) Using 2 workers of 10 for evacuation
[2025-01-18T13:42:25.124+0000][4.869s][info ][gc,phases   ] GC(13)   Pre Evacuate Collection Set: 0.2ms
[2025-01-18T13:42:25.124+0000][4.870s][info ][gc,phases   ] GC(13)   Merge Heap Roots: 0.2ms
[2025-01-18T13:42:25.125+0000][4.870s][info ][gc,phases   ] GC(13)   Evacuate Collection Set: 8.3ms
[2025-01-18T13:42:25.125+0000][4.870s][info ][gc,phases   ] GC(13)   Post Evacuate Collection Set: 2.4ms
[2025-01-18T13:42:25.125+0000][4.871s][info ][gc,phases   ] GC(13)   Other: 0.7ms
[2025-01-18T13:42:25.126+0000][4.871s][info ][gc,heap     ] GC(13) Eden regions: 39->0(100)
[2025-01-18T13:42:25.126+0000][4.871s][info ][gc,heap     ] GC(13) Survivor regions: 6->4(6)
[2025-01-18T13:42:25.126+0000][4.871s][info ][gc,heap     ] GC(13) Old regions: 32->38
[2025-01-18T13:42:25.126+0000][4.872s][info ][gc,heap     ] GC(13) Archive regions: 2->2
[2025-01-18T13:42:25.126+0000][4.872s][info ][gc,heap     ] GC(13) Humongous regions: 0->0
[2025-01-18T13:42:25.127+0000][4.872s][info ][gc,metaspace] GC(13) Metaspace: 24716K(25088K)->24716K(25088K) NonClass: 21494K(21696K)->21494K(21696K) Class: 3221K(3392K)->3221K(3392K)
[2025-01-18T13:42:25.127+0000][4.872s][info ][gc          ] GC(13) Pause Young (Normal) (G1 Evacuation Pause) 77M->41M(188M) 14.675ms
[2025-01-18T13:42:25.127+0000][4.873s][info ][gc,cpu      ] GC(13) User=0.05s Sys=0.00s Real=0.01s
[2025-01-18T13:42:25.127+0000][4.873s][info ][safepoint   ] Safepoint "G1CollectForAllocation", Time since last: 148004348 ns, Reaching safepoint: 405989 ns, Cleanup: 58275 ns, At safepoint: 15223635 ns, Total: 15687899 ns
[2025-01-18T13:42:25.405+0000][5.151s][debug][safepoint   ] ... found polling page loop exception at pc = 0x00007fef310efd2c, stub =0x00007fef30af5400
[2025-01-18T13:42:25.415+0000][5.161s][debug][safepoint   ] Safepoint synchronization initiated using futex wait barrier. (15 threads)
[2025-01-18T13:42:25.416+0000][5.161s][info ][safepoint   ] Safepoint "ICBufferFull", Time since last: 287797403 ns, Reaching safepoint: 558860 ns, Cleanup: 142030 ns, At safepoint: 40349 ns, Total: 741239 ns
[2025-01-18T13:42:25.604+0000][5.349s][debug][safepoint   ] Safepoint synchronization initiated using futex wait barrier. (15 threads)
[2025-01-18T13:42:25.604+0000][5.350s][info ][gc,start    ] GC(14) Pause Young (Normal) (G1 Evacuation Pause)
[2025-01-18T13:42:25.605+0000][5.350s][info ][gc,task     ] GC(14) Using 4 workers of 10 for evacuation
[2025-01-18T13:42:25.614+0000][5.360s][info ][gc,phases   ] GC(14)   Pre Evacuate Collection Set: 0.2ms
[2025-01-18T13:42:25.615+0000][5.360s][info ][gc,phases   ] GC(14)   Merge Heap Roots: 0.2ms
[2025-01-18T13:42:25.615+0000][5.360s][info ][gc,phases   ] GC(14)   Evacuate Collection Set: 7.5ms
[2025-01-18T13:42:25.615+0000][5.361s][info ][gc,phases   ] GC(14)   Post Evacuate Collection Set: 1.4ms
[2025-01-18T13:42:25.615+0000][5.361s][info ][gc,phases   ] GC(14)   Other: 0.8ms
[2025-01-18T13:42:25.616+0000][5.361s][info ][gc,heap     ] GC(14) Eden regions: 100->0(92)
[2025-01-18T13:42:25.616+0000][5.361s][info ][gc,heap     ] GC(14) Survivor regions: 4->12(13)
[2025-01-18T13:42:25.616+0000][5.361s][info ][gc,heap     ] GC(14) Old regions: 38->38
[2025-01-18T13:42:25.616+0000][5.361s][info ][gc,heap     ] GC(14) Archive regions: 2->2
[2025-01-18T13:42:25.616+0000][5.362s][info ][gc,heap     ] GC(14) Humongous regions: 0->0
[2025-01-18T13:42:25.616+0000][5.362s][info ][gc,metaspace] GC(14) Metaspace: 25133K(25536K)->25133K(25536K) NonClass: 21871K(22080K)->21871K(22080K) Class: 3261K(3456K)->3261K(3456K)
[2025-01-18T13:42:25.616+0000][5.362s][info ][gc          ] GC(14) Pause Young (Normal) (G1 Evacuation Pause) 141M->49M(188M) 12.028ms
[2025-01-18T13:42:25.617+0000][5.362s][info ][gc,cpu      ] GC(14) User=0.07s Sys=0.00s Real=0.01s
[2025-01-18T13:42:25.617+0000][5.362s][info ][safepoint   ] Safepoint "G1CollectForAllocation", Time since last: 187867294 ns, Reaching safepoint: 469675 ns, Cleanup: 112982 ns, At safepoint: 12460521 ns, Total: 13043178 ns
[2025-01-18T13:42:26.038+0000][5.783s][debug][safepoint   ] Safepoint synchronization initiated using futex wait barrier. (15 threads)
[2025-01-18T13:42:26.039+0000][5.784s][info ][gc,start    ] GC(15) Pause Young (Normal) (G1 Evacuation Pause)
[2025-01-18T13:42:26.039+0000][5.784s][info ][gc,task     ] GC(15) Using 4 workers of 10 for evacuation
[2025-01-18T13:42:26.049+0000][5.794s][info ][gc,phases   ] GC(15)   Pre Evacuate Collection Set: 0.2ms
[2025-01-18T13:42:26.049+0000][5.794s][info ][gc,phases   ] GC(15)   Merge Heap Roots: 0.2ms
[2025-01-18T13:42:26.049+0000][5.795s][info ][gc,phases   ] GC(15)   Evacuate Collection Set: 7.4ms
[2025-01-18T13:42:26.049+0000][5.795s][info ][gc,phases   ] GC(15)   Post Evacuate Collection Set: 1.7ms
[2025-01-18T13:42:26.050+0000][5.795s][info ][gc,phases   ] GC(15)   Other: 0.7ms
[2025-01-18T13:42:26.050+0000][5.795s][info ][gc,heap     ] GC(15) Eden regions: 92->0(93)
[2025-01-18T13:42:26.050+0000][5.795s][info ][gc,heap     ] GC(15) Survivor regions: 12->4(13)
[2025-01-18T13:42:26.050+0000][5.795s][info ][gc,heap     ] GC(15) Old regions: 38->49
[2025-01-18T13:42:26.050+0000][5.796s][info ][gc,heap     ] GC(15) Archive regions: 2->2
[2025-01-18T13:42:26.050+0000][5.796s][info ][gc,heap     ] GC(15) Humongous regions: 0->0
[2025-01-18T13:42:26.051+0000][5.796s][info ][gc,metaspace] GC(15) Metaspace: 25205K(25600K)->25205K(25600K) NonClass: 21941K(22144K)->21941K(22144K) Class: 3264K(3456K)->3264K(3456K)
[2025-01-18T13:42:26.051+0000][5.796s][info ][gc          ] GC(15) Pause Young (Normal) (G1 Evacuation Pause) 141M->52M(188M) 12.281ms
[2025-01-18T13:42:26.051+0000][5.796s][info ][gc,cpu      ] GC(15) User=0.08s Sys=0.00s Real=0.02s
[2025-01-18T13:42:26.051+0000][5.797s][info ][safepoint   ] Safepoint "G1CollectForAllocation", Time since last: 420881582 ns, Reaching safepoint: 567838 ns, Cleanup: 200665 ns, At safepoint: 12750214 ns, Total: 13518717 ns
[2025-01-18T13:42:26.305+0000][6.050s][debug][safepoint   ] Safepoint synchronization initiated using futex wait barrier. (16 threads)
[2025-01-18T13:42:26.305+0000][6.051s][debug][safepoint   ] ... found polling page loop exception at pc = 0x00007fef310df0db, stub =0x00007fef30af5400
[2025-01-18T13:42:26.306+0000][6.051s][info ][gc,start    ] GC(16) Pause Young (Normal) (G1 Evacuation Pause)
[2025-01-18T13:42:26.306+0000][6.051s][info ][gc,task     ] GC(16) Using 4 workers of 10 for evacuation
[2025-01-18T13:42:26.311+0000][6.056s][info ][gc,phases   ] GC(16)   Pre Evacuate Collection Set: 0.2ms
[2025-01-18T13:42:26.311+0000][6.057s][info ][gc,phases   ] GC(16)   Merge Heap Roots: 0.2ms
[2025-01-18T13:42:26.311+0000][6.057s][info ][gc,phases   ] GC(16)   Evacuate Collection Set: 3.3ms
[2025-01-18T13:42:26.312+0000][6.057s][info ][gc,phases   ] GC(16)   Post Evacuate Collection Set: 1.0ms
[2025-01-18T13:42:26.312+0000][6.057s][info ][gc,phases   ] GC(16)   Other: 0.7ms
[2025-01-18T13:42:26.312+0000][6.057s][info ][gc,heap     ] GC(16) Eden regions: 93->0(94)
[2025-01-18T13:42:26.312+0000][6.057s][info ][gc,heap     ] GC(16) Survivor regions: 4->6(13)
[2025-01-18T13:42:26.312+0000][6.058s][info ][gc,heap     ] GC(16) Old regions: 49->49
[2025-01-18T13:42:26.312+0000][6.058s][info ][gc,heap     ] GC(16) Archive regions: 2->2
[2025-01-18T13:42:26.313+0000][6.058s][info ][gc,heap     ] GC(16) Humongous regions: 0->0
[2025-01-18T13:42:26.313+0000][6.058s][info ][gc,metaspace] GC(16) Metaspace: 26203K(26560K)->26203K(26560K) NonClass: 22867K(23040K)->22867K(23040K) Class: 3335K(3520K)->3335K(3520K)
[2025-01-18T13:42:26.313+0000][6.058s][info ][gc          ] GC(16) Pause Young (Normal) (G1 Evacuation Pause) 145M->54M(188M) 7.216ms
[2025-01-18T13:42:26.313+0000][6.058s][info ][gc,cpu      ] GC(16) User=0.04s Sys=0.00s Real=0.01s
[2025-01-18T13:42:26.313+0000][6.059s][info ][safepoint   ] Safepoint "G1CollectForAllocation", Time since last: 253391757 ns, Reaching safepoint: 904812 ns, Cleanup: 70518 ns, At safepoint: 7623800 ns, Total: 8599130 ns
[2025-01-18T13:42:26.512+0000][6.257s][debug][safepoint   ] Safepoint synchronization initiated using futex wait barrier. (16 threads)
[2025-01-18T13:42:26.513+0000][6.258s][info ][gc,start    ] GC(17) Pause Young (Normal) (G1 Evacuation Pause)
[2025-01-18T13:42:26.513+0000][6.258s][info ][gc,task     ] GC(17) Using 4 workers of 10 for evacuation
[2025-01-18T13:42:26.518+0000][6.264s][info ][gc,phases   ] GC(17)   Pre Evacuate Collection Set: 0.1ms
[2025-01-18T13:42:26.519+0000][6.264s][info ][gc,phases   ] GC(17)   Merge Heap Roots: 0.2ms
[2025-01-18T13:42:26.519+0000][6.264s][info ][gc,phases   ] GC(17)   Evacuate Collection Set: 3.3ms
[2025-01-18T13:42:26.519+0000][6.264s][info ][gc,phases   ] GC(17)   Post Evacuate Collection Set: 1.3ms
[2025-01-18T13:42:26.519+0000][6.265s][info ][gc,phases   ] GC(17)   Other: 0.7ms
[2025-01-18T13:42:26.519+0000][6.265s][info ][gc,heap     ] GC(17) Eden regions: 94->0(128)
[2025-01-18T13:42:26.520+0000][6.265s][info ][gc,heap     ] GC(17) Survivor regions: 6->7(13)
[2025-01-18T13:42:26.520+0000][6.265s][info ][gc,heap     ] GC(17) Old regions: 49->49
[2025-01-18T13:42:26.520+0000][6.265s][info ][gc,heap     ] GC(17) Archive regions: 2->2
[2025-01-18T13:42:26.520+0000][6.266s][info ][gc,heap     ] GC(17) Humongous regions: 0->0
[2025-01-18T13:42:26.520+0000][6.266s][info ][gc,metaspace] GC(17) Metaspace: 26907K(27264K)->26907K(27264K) NonClass: 23505K(23680K)->23505K(23680K) Class: 3401K(3584K)->3401K(3584K)
[2025-01-18T13:42:26.521+0000][6.266s][info ][gc          ] GC(17) Pause Young (Normal) (G1 Evacuation Pause) 148M->55M(228M) 7.938ms
[2025-01-18T13:42:26.521+0000][6.266s][info ][gc,cpu      ] GC(17) User=0.05s Sys=0.00s Real=0.01s
[2025-01-18T13:42:26.521+0000][6.266s][info ][safepoint   ] Safepoint "G1CollectForAllocation", Time since last: 198795288 ns, Reaching safepoint: 473713 ns, Cleanup: 33987 ns, At safepoint: 8362273 ns, Total: 8869973 ns
[2025-01-18T13:42:27.257+0000][7.002s][debug][safepoint   ] Safepoint synchronization initiated using futex wait barrier. (15 threads)
[2025-01-18T13:42:27.258+0000][7.003s][info ][gc,start    ] GC(18) Pause Young (Normal) (G1 Evacuation Pause)
[2025-01-18T13:42:27.258+0000][7.003s][info ][gc,task     ] GC(18) Using 5 workers of 10 for evacuation
[2025-01-18T13:42:27.265+0000][7.011s][info ][gc,phases   ] GC(18)   Pre Evacuate Collection Set: 0.2ms
[2025-01-18T13:42:27.266+0000][7.011s][info ][gc,phases   ] GC(18)   Merge Heap Roots: 0.1ms
[2025-01-18T13:42:27.266+0000][7.011s][info ][gc,phases   ] GC(18)   Evacuate Collection Set: 4.9ms
[2025-01-18T13:42:27.266+0000][7.012s][info ][gc,phases   ] GC(18)   Post Evacuate Collection Set: 2.0ms
[2025-01-18T13:42:27.267+0000][7.012s][info ][gc,phases   ] GC(18)   Other: 0.7ms
[2025-01-18T13:42:27.267+0000][7.013s][info ][gc,heap     ] GC(18) Eden regions: 128->0(127)
[2025-01-18T13:42:27.267+0000][7.013s][info ][gc,heap     ] GC(18) Survivor regions: 7->9(17)
[2025-01-18T13:42:27.268+0000][7.013s][info ][gc,heap     ] GC(18) Old regions: 49->49
[2025-01-18T13:42:27.268+0000][7.013s][info ][gc,heap     ] GC(18) Archive regions: 2->2
[2025-01-18T13:42:27.268+0000][7.014s][info ][gc,heap     ] GC(18) Humongous regions: 0->0
[2025-01-18T13:42:27.269+0000][7.014s][info ][gc,metaspace] GC(18) Metaspace: 33112K(33472K)->33112K(33472K) NonClass: 29020K(29184K)->29020K(29184K) Class: 4092K(4288K)->4092K(4288K)
[2025-01-18T13:42:27.269+0000][7.014s][info ][gc          ] GC(18) Pause Young (Normal) (G1 Evacuation Pause) 183M->57M(228M) 11.389ms
[2025-01-18T13:42:27.269+0000][7.015s][info ][gc,cpu      ] GC(18) User=0.08s Sys=0.00s Real=0.02s
[2025-01-18T13:42:27.270+0000][7.015s][info ][safepoint   ] Safepoint "G1CollectForAllocation", Time since last: 736046410 ns, Reaching safepoint: 381942 ns, Cleanup: 174553 ns, At safepoint: 12152094 ns, Total: 12708589 ns
[2025-01-18T13:42:27.671+0000][7.416s][debug][safepoint   ] Safepoint synchronization initiated using futex wait barrier. (15 threads)
[2025-01-18T13:42:27.672+0000][7.417s][info ][safepoint   ] Safepoint "ICBufferFull", Time since last: 401380970 ns, Reaching safepoint: 426449 ns, Cleanup: 165957 ns, At safepoint: 5170 ns, Total: 597576 ns
[2025-01-18T13:42:27.945+0000][7.691s][debug][safepoint   ] Safepoint synchronization initiated using futex wait barrier. (15 threads)
[2025-01-18T13:42:27.946+0000][7.691s][info ][gc,start    ] GC(19) Pause Young (Normal) (G1 Evacuation Pause)
[2025-01-18T13:42:27.946+0000][7.692s][info ][gc,task     ] GC(19) Using 5 workers of 10 for evacuation
[2025-01-18T13:42:27.953+0000][7.698s][info ][gc,phases   ] GC(19)   Pre Evacuate Collection Set: 0.2ms
[2025-01-18T13:42:27.953+0000][7.698s][info ][gc,phases   ] GC(19)   Merge Heap Roots: 0.1ms
[2025-01-18T13:42:27.953+0000][7.699s][info ][gc,phases   ] GC(19)   Evacuate Collection Set: 4.7ms
[2025-01-18T13:42:27.953+0000][7.699s][info ][gc,phases   ] GC(19)   Post Evacuate Collection Set: 1.2ms
[2025-01-18T13:42:27.954+0000][7.699s][info ][gc,phases   ] GC(19)   Other: 0.7ms
[2025-01-18T13:42:27.954+0000][7.699s][info ][gc,heap     ] GC(19) Eden regions: 127->0(127)
[2025-01-18T13:42:27.954+0000][7.699s][info ][gc,heap     ] GC(19) Survivor regions: 9->9(17)
[2025-01-18T13:42:27.954+0000][7.700s][info ][gc,heap     ] GC(19) Old regions: 49->49
[2025-01-18T13:42:27.954+0000][7.700s][info ][gc,heap     ] GC(19) Archive regions: 2->2
[2025-01-18T13:42:27.954+0000][7.700s][info ][gc,heap     ] GC(19) Humongous regions: 0->0
[2025-01-18T13:42:27.955+0000][7.700s][info ][gc,metaspace] GC(19) Metaspace: 34683K(35072K)->34683K(35072K) NonClass: 30384K(30592K)->30384K(30592K) Class: 4299K(4480K)->4299K(4480K)
[2025-01-18T13:42:27.955+0000][7.700s][info ][gc          ] GC(19) Pause Young (Normal) (G1 Evacuation Pause) 184M->57M(228M) 8.900ms
[2025-01-18T13:42:27.955+0000][7.700s][info ][gc,cpu      ] GC(19) User=0.05s Sys=0.00s Real=0.01s
[2025-01-18T13:42:27.955+0000][7.701s][info ][safepoint   ] Safepoint "G1CollectForAllocation", Time since last: 273543834 ns, Reaching safepoint: 543089 ns, Cleanup: 96129 ns, At safepoint: 9343455 ns, Total: 9982673 ns
[2025-01-18T13:42:28.347+0000][8.093s][debug][safepoint   ] ... found polling page loop exception at pc = 0x00007fef3116a708, stub =0x00007fef30af5400
[2025-01-18T13:42:28.353+0000][8.098s][debug][safepoint   ] Safepoint synchronization initiated using futex wait barrier. (15 threads)
[2025-01-18T13:42:28.354+0000][8.099s][info ][gc,start    ] GC(20) Pause Young (Concurrent Start) (Metadata GC Threshold)
[2025-01-18T13:42:28.354+0000][8.099s][info ][gc,task     ] GC(20) Using 5 workers of 10 for evacuation
[2025-01-18T13:42:28.361+0000][8.107s][info ][gc,phases   ] GC(20)   Pre Evacuate Collection Set: 0.2ms
[2025-01-18T13:42:28.362+0000][8.107s][info ][gc,phases   ] GC(20)   Merge Heap Roots: 0.1ms
[2025-01-18T13:42:28.362+0000][8.107s][info ][gc,phases   ] GC(20)   Evacuate Collection Set: 5.3ms
[2025-01-18T13:42:28.362+0000][8.108s][info ][gc,phases   ] GC(20)   Post Evacuate Collection Set: 1.1ms
[2025-01-18T13:42:28.363+0000][8.109s][info ][gc,phases   ] GC(20)   Other: 0.9ms
[2025-01-18T13:42:28.364+0000][8.109s][info ][gc,heap     ] GC(20) Eden regions: 73->0(127)
[2025-01-18T13:42:28.364+0000][8.109s][info ][gc,heap     ] GC(20) Survivor regions: 9->9(17)
[2025-01-18T13:42:28.365+0000][8.110s][info ][gc,heap     ] GC(20) Old regions: 49->49
[2025-01-18T13:42:28.365+0000][8.110s][info ][gc,heap     ] GC(20) Archive regions: 2->2
[2025-01-18T13:42:28.365+0000][8.111s][info ][gc,heap     ] GC(20) Humongous regions: 0->0
[2025-01-18T13:42:28.365+0000][8.111s][info ][gc,metaspace] GC(20) Metaspace: 35833K(36160K)->35833K(36160K) NonClass: 31389K(31552K)->31389K(31552K) Class: 4443K(4608K)->4443K(4608K)
[2025-01-18T13:42:28.366+0000][8.111s][info ][gc          ] GC(20) Pause Young (Concurrent Start) (Metadata GC Threshold) 130M->57M(228M) 12.013ms
[2025-01-18T13:42:28.366+0000][8.111s][info ][gc,cpu      ] GC(20) User=0.05s Sys=0.00s Real=0.01s
[2025-01-18T13:42:28.366+0000][8.112s][info ][gc          ] GC(21) Concurrent Mark Cycle
[2025-01-18T13:42:28.367+0000][8.112s][info ][gc,marking  ] GC(21) Concurrent Clear Claimed Marks
[2025-01-18T13:42:28.366+0000][8.112s][info ][safepoint   ] Safepoint "CollectForMetadataAllocation", Time since last: 397708170 ns, Reaching safepoint: 525194 ns, Cleanup: 174864 ns, At safepoint: 12868363 ns, Total: 13568421 ns
[2025-01-18T13:42:28.367+0000][8.113s][info ][gc,marking  ] GC(21) Concurrent Clear Claimed Marks 0.394ms
[2025-01-18T13:42:28.368+0000][8.113s][info ][gc,marking  ] GC(21) Concurrent Scan Root Regions
[2025-01-18T13:42:28.372+0000][8.117s][info ][gc,marking  ] GC(21) Concurrent Scan Root Regions 4.038ms
[2025-01-18T13:42:28.373+0000][8.118s][info ][gc,marking  ] GC(21) Concurrent Mark
[2025-01-18T13:42:28.373+0000][8.118s][info ][gc,marking  ] GC(21) Concurrent Mark From Roots
[2025-01-18T13:42:28.374+0000][8.119s][info ][gc,task     ] GC(21) Using 3 workers of 3 for marking
[2025-01-18T13:42:28.402+0000][8.148s][info ][gc,marking  ] GC(21) Concurrent Mark From Roots 29.169ms
[2025-01-18T13:42:28.403+0000][8.148s][info ][gc,marking  ] GC(21) Concurrent Preclean
[2025-01-18T13:42:28.403+0000][8.148s][info ][gc,marking  ] GC(21) Concurrent Preclean 0.535ms
[2025-01-18T13:42:28.403+0000][8.149s][debug][safepoint   ] Safepoint synchronization initiated using futex wait barrier. (15 threads)
[2025-01-18T13:42:28.404+0000][8.149s][info ][gc,start    ] GC(21) Pause Remark
[2025-01-18T13:42:28.408+0000][8.153s][info ][gc          ] GC(21) Pause Remark 60M->60M(210M) 3.854ms
[2025-01-18T13:42:28.408+0000][8.154s][info ][gc,cpu      ] GC(21) User=0.02s Sys=0.00s Real=0.00s
[2025-01-18T13:42:28.408+0000][8.154s][info ][safepoint   ] Safepoint "G1PauseRemark", Time since last: 37007585 ns, Reaching safepoint: 347223 ns, Cleanup: 53636 ns, At safepoint: 4632871 ns, Total: 5033730 ns
[2025-01-18T13:42:28.409+0000][8.154s][info ][gc,marking  ] GC(21) Concurrent Mark 36.250ms
[2025-01-18T13:42:28.409+0000][8.154s][info ][gc,marking  ] GC(21) Concurrent Rebuild Remembered Sets
[2025-01-18T13:42:28.423+0000][8.169s][info ][gc,marking  ] GC(21) Concurrent Rebuild Remembered Sets 14.416ms
[2025-01-18T13:42:28.424+0000][8.169s][debug][safepoint   ] Safepoint synchronization initiated using futex wait barrier. (15 threads)
[2025-01-18T13:42:28.424+0000][8.170s][info ][gc,start    ] GC(21) Pause Cleanup
[2025-01-18T13:42:28.425+0000][8.170s][info ][gc          ] GC(21) Pause Cleanup 61M->61M(210M) 0.564ms
[2025-01-18T13:42:28.425+0000][8.171s][info ][gc,cpu      ] GC(21) User=0.00s Sys=0.00s Real=0.00s
[2025-01-18T13:42:28.425+0000][8.171s][info ][safepoint   ] Safepoint "G1PauseCleanup", Time since last: 15339567 ns, Reaching safepoint: 478753 ns, Cleanup: 6282 ns, At safepoint: 1126578 ns, Total: 1611613 ns
[2025-01-18T13:42:28.426+0000][8.171s][info ][gc,marking  ] GC(21) Concurrent Cleanup for Next Mark
[2025-01-18T13:42:28.428+0000][8.173s][info ][gc,marking  ] GC(21) Concurrent Cleanup for Next Mark 1.851ms
[2025-01-18T13:42:28.428+0000][8.173s][info ][gc          ] GC(21) Concurrent Mark Cycle 61.699ms
[2025-01-18T13:42:28.997+0000][8.742s][debug][safepoint   ] Safepoint synchronization initiated using futex wait barrier. (15 threads)
[2025-01-18T13:42:28.998+0000][8.743s][info ][gc,start    ] GC(22) Pause Young (Prepare Mixed) (G1 Evacuation Pause)
[2025-01-18T13:42:28.998+0000][8.743s][info ][gc,task     ] GC(22) Using 5 workers of 10 for evacuation
[2025-01-18T13:42:29.004+0000][8.750s][info ][gc,phases   ] GC(22)   Pre Evacuate Collection Set: 0.1ms
[2025-01-18T13:42:29.005+0000][8.750s][info ][gc,phases   ] GC(22)   Merge Heap Roots: 0.1ms
[2025-01-18T13:42:29.005+0000][8.750s][info ][gc,phases   ] GC(22)   Evacuate Collection Set: 4.6ms
[2025-01-18T13:42:29.005+0000][8.750s][info ][gc,phases   ] GC(22)   Post Evacuate Collection Set: 1.2ms
[2025-01-18T13:42:29.005+0000][8.750s][info ][gc,phases   ] GC(22)   Other: 0.7ms
[2025-01-18T13:42:29.005+0000][8.751s][info ][gc,heap     ] GC(22) Eden regions: 117->0(2)
[2025-01-18T13:42:29.005+0000][8.751s][info ][gc,heap     ] GC(22) Survivor regions: 9->8(16)
[2025-01-18T13:42:29.005+0000][8.751s][info ][gc,heap     ] GC(22) Old regions: 49->52
[2025-01-18T13:42:29.006+0000][8.751s][info ][gc,heap     ] GC(22) Archive regions: 2->2
[2025-01-18T13:42:29.006+0000][8.751s][info ][gc,heap     ] GC(22) Humongous regions: 0->0
[2025-01-18T13:42:29.006+0000][8.751s][info ][gc,metaspace] GC(22) Metaspace: 38865K(39296K)->38865K(39296K) NonClass: 33957K(34176K)->33957K(34176K) Class: 4908K(5120K)->4908K(5120K)
[2025-01-18T13:42:29.006+0000][8.751s][info ][gc          ] GC(22) Pause Young (Prepare Mixed) (G1 Evacuation Pause) 174M->58M(210M) 8.360ms
[2025-01-18T13:42:29.006+0000][8.752s][info ][gc,cpu      ] GC(22) User=0.05s Sys=0.00s Real=0.01s
[2025-01-18T13:42:29.006+0000][8.752s][info ][safepoint   ] Safepoint "G1CollectForAllocation", Time since last: 571634882 ns, Reaching safepoint: 447531 ns, Cleanup: 124134 ns, At safepoint: 8765146 ns, Total: 9336811 ns
[2025-01-18T13:42:29.016+0000][8.761s][debug][safepoint   ] Safepoint synchronization initiated using futex wait barrier. (15 threads)
[2025-01-18T13:42:29.016+0000][8.762s][info ][gc,start    ] GC(23) Pause Young (Mixed) (G1 Evacuation Pause)
[2025-01-18T13:42:29.017+0000][8.762s][info ][gc,task     ] GC(23) Using 5 workers of 10 for evacuation
[2025-01-18T13:42:29.024+0000][8.769s][info ][gc,phases   ] GC(23)   Pre Evacuate Collection Set: 0.2ms
[2025-01-18T13:42:29.024+0000][8.769s][info ][gc,phases   ] GC(23)   Merge Heap Roots: 0.2ms
[2025-01-18T13:42:29.024+0000][8.769s][info ][gc,phases   ] GC(23)   Evacuate Collection Set: 5.0ms
[2025-01-18T13:42:29.024+0000][8.769s][info ][gc,phases   ] GC(23)   Post Evacuate Collection Set: 1.0ms
[2025-01-18T13:42:29.024+0000][8.770s][info ][gc,phases   ] GC(23)   Other: 0.6ms
[2025-01-18T13:42:29.024+0000][8.770s][info ][gc,heap     ] GC(23) Eden regions: 2->0(120)
[2025-01-18T13:42:29.025+0000][8.770s][info ][gc,heap     ] GC(23) Survivor regions: 8->2(2)
[2025-01-18T13:42:29.025+0000][8.770s][info ][gc,heap     ] GC(23) Old regions: 52->56
[2025-01-18T13:42:29.025+0000][8.770s][info ][gc,heap     ] GC(23) Archive regions: 2->2
[2025-01-18T13:42:29.025+0000][8.771s][info ][gc,heap     ] GC(23) Humongous regions: 0->0
[2025-01-18T13:42:29.025+0000][8.771s][info ][gc,metaspace] GC(23) Metaspace: 38925K(39360K)->38925K(39360K) NonClass: 34013K(34240K)->34013K(34240K) Class: 4912K(5120K)->4912K(5120K)
[2025-01-18T13:42:29.026+0000][8.771s][info ][gc          ] GC(23) Pause Young (Mixed) (G1 Evacuation Pause) 60M->58M(210M) 9.189ms
[2025-01-18T13:42:29.026+0000][8.771s][info ][gc,cpu      ] GC(23) User=0.05s Sys=0.00s Real=0.01s
[2025-01-18T13:42:29.026+0000][8.771s][info ][safepoint   ] Safepoint "G1CollectForAllocation", Time since last: 9591683 ns, Reaching safepoint: 426209 ns, Cleanup: 5601 ns, At safepoint: 9585290 ns, Total: 10017100 ns
[2025-01-18T13:42:29.890+0000][9.635s][debug][safepoint   ] Safepoint synchronization initiated using futex wait barrier. (15 threads)
[2025-01-18T13:42:29.890+0000][9.636s][info ][gc,start    ] GC(24) Pause Young (Normal) (G1 Evacuation Pause)
[2025-01-18T13:42:29.890+0000][9.636s][info ][gc,task     ] GC(24) Using 5 workers of 10 for evacuation
[2025-01-18T13:42:29.895+0000][9.640s][info ][gc,phases   ] GC(24)   Pre Evacuate Collection Set: 0.2ms
[2025-01-18T13:42:29.895+0000][9.640s][info ][gc,phases   ] GC(24)   Merge Heap Roots: 0.2ms
[2025-01-18T13:42:29.895+0000][9.641s][info ][gc,phases   ] GC(24)   Evacuate Collection Set: 2.8ms
[2025-01-18T13:42:29.895+0000][9.641s][info ][gc,phases   ] GC(24)   Post Evacuate Collection Set: 1.0ms
[2025-01-18T13:42:29.896+0000][9.641s][info ][gc,phases   ] GC(24)   Other: 0.5ms
[2025-01-18T13:42:29.896+0000][9.641s][info ][gc,heap     ] GC(24) Eden regions: 120->0(119)
[2025-01-18T13:42:29.896+0000][9.642s][info ][gc,heap     ] GC(24) Survivor regions: 2->3(16)
[2025-01-18T13:42:29.896+0000][9.642s][info ][gc,heap     ] GC(24) Old regions: 56->56
[2025-01-18T13:42:29.897+0000][9.642s][info ][gc,heap     ] GC(24) Archive regions: 2->2
[2025-01-18T13:42:29.897+0000][9.643s][info ][gc,heap     ] GC(24) Humongous regions: 0->0
[2025-01-18T13:42:29.897+0000][9.643s][info ][gc,metaspace] GC(24) Metaspace: 41071K(41472K)->41071K(41472K) NonClass: 35881K(36096K)->35881K(36096K) Class: 5189K(5376K)->5189K(5376K)
[2025-01-18T13:42:29.898+0000][9.643s][info ][gc          ] GC(24) Pause Young (Normal) (G1 Evacuation Pause) 178M->59M(210M) 7.628ms
[2025-01-18T13:42:29.898+0000][9.643s][info ][gc,cpu      ] GC(24) User=0.02s Sys=0.00s Real=0.00s
[2025-01-18T13:42:29.898+0000][9.644s][info ][safepoint   ] Safepoint "G1CollectForAllocation", Time since last: 863592244 ns, Reaching safepoint: 365359 ns, Cleanup: 134245 ns, At safepoint: 8247309 ns, Total: 8746913 ns
[2025-01-18T13:42:30.688+0000][10.433s][debug][safepoint   ] ... found polling page loop exception at pc = 0x00007fef3145ba37, stub =0x00007fef30af5400
[2025-01-18T13:42:30.723+0000][10.468s][debug][safepoint   ] Safepoint synchronization initiated using futex wait barrier. (15 threads)
[2025-01-18T13:42:30.723+0000][10.469s][info ][safepoint   ] Safepoint "ICBufferFull", Time since last: 824204680 ns, Reaching safepoint: 472440 ns, Cleanup: 177048 ns, At safepoint: 25290 ns, Total: 674778 ns
[2025-01-18T13:42:30.865+0000][10.610s][debug][safepoint   ] Safepoint synchronization initiated using futex wait barrier. (15 threads)
[2025-01-18T13:42:30.865+0000][10.610s][info ][gc,start    ] GC(25) Pause Young (Normal) (G1 Evacuation Pause)
[2025-01-18T13:42:30.865+0000][10.611s][info ][gc,task     ] GC(25) Using 5 workers of 10 for evacuation
[2025-01-18T13:42:30.870+0000][10.615s][info ][gc,phases   ] GC(25)   Pre Evacuate Collection Set: 0.3ms
[2025-01-18T13:42:30.870+0000][10.615s][info ][gc,phases   ] GC(25)   Merge Heap Roots: 0.1ms
[2025-01-18T13:42:30.870+0000][10.615s][info ][gc,phases   ] GC(25)   Evacuate Collection Set: 2.7ms
[2025-01-18T13:42:30.870+0000][10.616s][info ][gc,phases   ] GC(25)   Post Evacuate Collection Set: 0.9ms
[2025-01-18T13:42:30.870+0000][10.616s][info ][gc,phases   ] GC(25)   Other: 0.6ms
[2025-01-18T13:42:30.871+0000][10.616s][info ][gc,heap     ] GC(25) Eden regions: 119->0(118)
[2025-01-18T13:42:30.871+0000][10.616s][info ][gc,heap     ] GC(25) Survivor regions: 3->5(16)
[2025-01-18T13:42:30.871+0000][10.616s][info ][gc,heap     ] GC(25) Old regions: 56->56
[2025-01-18T13:42:30.871+0000][10.616s][info ][gc,heap     ] GC(25) Archive regions: 2->2
[2025-01-18T13:42:30.871+0000][10.617s][info ][gc,heap     ] GC(25) Humongous regions: 0->0
[2025-01-18T13:42:30.871+0000][10.617s][info ][gc,metaspace] GC(25) Metaspace: 43077K(43456K)->43077K(43456K) NonClass: 37550K(37760K)->37550K(37760K) Class: 5526K(5696K)->5526K(5696K)
[2025-01-18T13:42:30.871+0000][10.617s][info ][gc          ] GC(25) Pause Young (Normal) (G1 Evacuation Pause) 178M->60M(210M) 6.451ms
[2025-01-18T13:42:30.872+0000][10.617s][info ][gc,cpu      ] GC(25) User=0.03s Sys=0.01s Real=0.01s
[2025-01-18T13:42:30.872+0000][10.617s][info ][safepoint   ] Safepoint "G1CollectForAllocation", Time since last: 141314372 ns, Reaching safepoint: 428173 ns, Cleanup: 33205 ns, At safepoint: 6844913 ns, Total: 7306291 ns
[2025-01-18T13:42:31.466+0000][11.211s][debug][safepoint   ] Safepoint synchronization initiated using futex wait barrier. (15 threads)
[2025-01-18T13:42:31.467+0000][11.212s][info ][safepoint   ] Safepoint "ICBufferFull", Time since last: 594054067 ns, Reaching safepoint: 501016 ns, Cleanup: 238840 ns, At safepoint: 8547 ns, Total: 748403 ns
[2025-01-18T13:42:31.736+0000][11.482s][debug][safepoint   ] Safepoint synchronization initiated using futex wait barrier. (15 threads)
[2025-01-18T13:42:31.737+0000][11.482s][info ][gc,start    ] GC(26) Pause Young (Normal) (G1 Evacuation Pause)
[2025-01-18T13:42:31.737+0000][11.483s][info ][gc,task     ] GC(26) Using 5 workers of 10 for evacuation
[2025-01-18T13:42:31.745+0000][11.490s][info ][gc,phases   ] GC(26)   Pre Evacuate Collection Set: 0.1ms
[2025-01-18T13:42:31.745+0000][11.490s][info ][gc,phases   ] GC(26)   Merge Heap Roots: 0.1ms
[2025-01-18T13:42:31.745+0000][11.491s][info ][gc,phases   ] GC(26)   Evacuate Collection Set: 5.2ms
[2025-01-18T13:42:31.745+0000][11.491s][info ][gc,phases   ] GC(26)   Post Evacuate Collection Set: 1.3ms
[2025-01-18T13:42:31.746+0000][11.491s][info ][gc,phases   ] GC(26)   Other: 0.8ms
[2025-01-18T13:42:31.746+0000][11.492s][info ][gc,heap     ] GC(26) Eden regions: 118->0(115)
[2025-01-18T13:42:31.746+0000][11.492s][info ][gc,heap     ] GC(26) Survivor regions: 5->7(16)
[2025-01-18T13:42:31.747+0000][11.492s][info ][gc,heap     ] GC(26) Old regions: 56->56
[2025-01-18T13:42:31.747+0000][11.492s][info ][gc,heap     ] GC(26) Archive regions: 2->2
[2025-01-18T13:42:31.747+0000][11.492s][info ][gc,heap     ] GC(26) Humongous regions: 0->0
[2025-01-18T13:42:31.747+0000][11.493s][info ][gc,metaspace] GC(26) Metaspace: 47232K(47680K)->47232K(47680K) NonClass: 41168K(41408K)->41168K(41408K) Class: 6064K(6272K)->6064K(6272K)
[2025-01-18T13:42:31.748+0000][11.493s][info ][gc          ] GC(26) Pause Young (Normal) (G1 Evacuation Pause) 178M->63M(210M) 10.538ms
[2025-01-18T13:42:31.748+0000][11.493s][info ][gc,cpu      ] GC(26) User=0.06s Sys=0.00s Real=0.01s
[2025-01-18T13:42:31.748+0000][11.493s][info ][safepoint   ] Safepoint "G1CollectForAllocation", Time since last: 269711719 ns, Reaching safepoint: 499433 ns, Cleanup: 86881 ns, At safepoint: 10989034 ns, Total: 11575348 ns
[2025-01-18T13:42:32.575+0000][12.320s][debug][safepoint   ] Safepoint synchronization initiated using futex wait barrier. (17 threads)
[2025-01-18T13:42:32.575+0000][12.321s][info ][safepoint   ] Safepoint "ICBufferFull", Time since last: 826744654 ns, Reaching safepoint: 345210 ns, Cleanup: 158872 ns, At safepoint: 5281 ns, Total: 509363 ns
[2025-01-18T13:42:33.576+0000][13.321s][debug][safepoint   ] Safepoint synchronization initiated using futex wait barrier. (18 threads)
[2025-01-18T13:42:33.576+0000][13.322s][debug][safepoint   ] ... found polling page loop exception at pc = 0x00007fef314ae03a, stub =0x00007fef30af5400
[2025-01-18T13:42:33.577+0000][13.322s][info ][safepoint   ] Safepoint "Cleanup", Time since last: 1000439315 ns, Reaching safepoint: 815899 ns, Cleanup: 70108 ns, At safepoint: 73304 ns, Total: 959311 ns
[2025-01-18T13:42:33.691+0000][13.436s][debug][safepoint   ] Safepoint synchronization initiated using futex wait barrier. (18 threads)
[2025-01-18T13:42:33.692+0000][13.437s][info ][gc,start    ] GC(27) Pause Young (Normal) (G1 Evacuation Pause)
[2025-01-18T13:42:33.692+0000][13.437s][info ][gc,task     ] GC(27) Using 5 workers of 10 for evacuation
[2025-01-18T13:42:33.700+0000][13.445s][info ][gc,phases   ] GC(27)   Pre Evacuate Collection Set: 0.1ms
[2025-01-18T13:42:33.700+0000][13.446s][info ][gc,phases   ] GC(27)   Merge Heap Roots: 0.2ms
[2025-01-18T13:42:33.701+0000][13.446s][info ][gc,phases   ] GC(27)   Evacuate Collection Set: 5.8ms
[2025-01-18T13:42:33.701+0000][13.446s][info ][gc,phases   ] GC(27)   Post Evacuate Collection Set: 1.3ms
[2025-01-18T13:42:33.701+0000][13.446s][info ][gc,phases   ] GC(27)   Other: 0.9ms
[2025-01-18T13:42:33.701+0000][13.447s][info ][gc,heap     ] GC(27) Eden regions: 115->0(113)
[2025-01-18T13:42:33.701+0000][13.447s][info ][gc,heap     ] GC(27) Survivor regions: 7->9(16)
[2025-01-18T13:42:33.702+0000][13.447s][info ][gc,heap     ] GC(27) Old regions: 56->56
[2025-01-18T13:42:33.702+0000][13.447s][info ][gc,heap     ] GC(27) Archive regions: 2->2
[2025-01-18T13:42:33.702+0000][13.448s][info ][gc,heap     ] GC(27) Humongous regions: 0->0
[2025-01-18T13:42:33.702+0000][13.448s][info ][gc,metaspace] GC(27) Metaspace: 54022K(54400K)->54022K(54400K) NonClass: 47189K(47360K)->47189K(47360K) Class: 6832K(7040K)->6832K(7040K)
[2025-01-18T13:42:33.703+0000][13.448s][info ][gc          ] GC(27) Pause Young (Normal) (G1 Evacuation Pause) 178M->65M(210M) 10.929ms
[2025-01-18T13:42:33.703+0000][13.448s][info ][gc,cpu      ] GC(27) User=0.05s Sys=0.01s Real=0.01s
[2025-01-18T13:42:33.703+0000][13.448s][info ][safepoint   ] Safepoint "G1CollectForAllocation", Time since last: 114488826 ns, Reaching safepoint: 467029 ns, Cleanup: 54578 ns, At safepoint: 11439079 ns, Total: 11960686 ns
[2025-01-18T13:42:34.423+0000][14.169s][debug][safepoint   ] Safepoint synchronization initiated using futex wait barrier. (18 threads)
[2025-01-18T13:42:34.424+0000][14.169s][info ][gc,start    ] GC(28) Pause Young (Normal) (G1 Evacuation Pause)
[2025-01-18T13:42:34.424+0000][14.169s][info ][gc,task     ] GC(28) Using 5 workers of 10 for evacuation
[2025-01-18T13:42:34.433+0000][14.179s][info ][gc,phases   ] GC(28)   Pre Evacuate Collection Set: 0.2ms
[2025-01-18T13:42:34.434+0000][14.179s][info ][gc,phases   ] GC(28)   Merge Heap Roots: 0.2ms
[2025-01-18T13:42:34.434+0000][14.180s][info ][gc,phases   ] GC(28)   Evacuate Collection Set: 7.4ms
[2025-01-18T13:42:34.434+0000][14.180s][info ][gc,phases   ] GC(28)   Post Evacuate Collection Set: 1.7ms
[2025-01-18T13:42:34.435+0000][14.180s][info ][gc,phases   ] GC(28)   Other: 0.5ms
[2025-01-18T13:42:34.435+0000][14.180s][info ][gc,heap     ] GC(28) Eden regions: 113->0(111)
[2025-01-18T13:42:34.435+0000][14.181s][info ][gc,heap     ] GC(28) Survivor regions: 9->9(16)
[2025-01-18T13:42:34.435+0000][14.181s][info ][gc,heap     ] GC(28) Old regions: 56->58
[2025-01-18T13:42:34.436+0000][14.181s][info ][gc,heap     ] GC(28) Archive regions: 2->2
[2025-01-18T13:42:34.436+0000][14.181s][info ][gc,heap     ] GC(28) Humongous regions: 0->0
[2025-01-18T13:42:34.436+0000][14.181s][info ][gc,metaspace] GC(28) Metaspace: 56623K(57024K)->56623K(57024K) NonClass: 49452K(49664K)->49452K(49664K) Class: 7171K(7360K)->7171K(7360K)
[2025-01-18T13:42:34.436+0000][14.181s][info ][gc          ] GC(28) Pause Young (Normal) (G1 Evacuation Pause) 178M->67M(210M) 12.472ms
[2025-01-18T13:42:34.436+0000][14.182s][info ][gc,cpu      ] GC(28) User=0.07s Sys=0.00s Real=0.01s
[2025-01-18T13:42:34.436+0000][14.182s][info ][safepoint   ] Safepoint "G1CollectForAllocation", Time since last: 720075239 ns, Reaching safepoint: 357855 ns, Cleanup: 100297 ns, At safepoint: 12906819 ns, Total: 13364971 ns
[2025-01-18T13:42:34.933+0000][14.678s][debug][safepoint   ] Safepoint synchronization initiated using futex wait barrier. (19 threads)
[2025-01-18T13:42:34.933+0000][14.678s][info ][gc,start    ] GC(29) Pause Young (Concurrent Start) (Metadata GC Threshold)
[2025-01-18T13:42:34.933+0000][14.679s][info ][gc,task     ] GC(29) Using 5 workers of 10 for evacuation
[2025-01-18T13:42:34.941+0000][14.686s][info ][gc,phases   ] GC(29)   Pre Evacuate Collection Set: 0.2ms
[2025-01-18T13:42:34.941+0000][14.686s][info ][gc,phases   ] GC(29)   Merge Heap Roots: 0.1ms
[2025-01-18T13:42:34.941+0000][14.687s][info ][gc,phases   ] GC(29)   Evacuate Collection Set: 5.8ms
[2025-01-18T13:42:34.941+0000][14.687s][info ][gc,phases   ] GC(29)   Post Evacuate Collection Set: 1.1ms
[2025-01-18T13:42:34.942+0000][14.687s][info ][gc,phases   ] GC(29)   Other: 0.5ms
[2025-01-18T13:42:34.942+0000][14.687s][info ][gc,heap     ] GC(29) Eden regions: 91->0(109)
[2025-01-18T13:42:34.942+0000][14.687s][info ][gc,heap     ] GC(29) Survivor regions: 9->9(15)
[2025-01-18T13:42:34.942+0000][14.688s][info ][gc,heap     ] GC(29) Old regions: 58->60
[2025-01-18T13:42:34.942+0000][14.688s][info ][gc,heap     ] GC(29) Archive regions: 2->2
[2025-01-18T13:42:34.942+0000][14.688s][info ][gc,heap     ] GC(29) Humongous regions: 0->0
[2025-01-18T13:42:34.943+0000][14.688s][info ][gc,metaspace] GC(29) Metaspace: 60266K(60736K)->60266K(60736K) NonClass: 52579K(52800K)->52579K(52800K) Class: 7686K(7936K)->7686K(7936K)
[2025-01-18T13:42:34.943+0000][14.688s][info ][gc          ] GC(29) Pause Young (Concurrent Start) (Metadata GC Threshold) 157M->68M(210M) 9.988ms
[2025-01-18T13:42:34.943+0000][14.689s][info ][gc,cpu      ] GC(29) User=0.03s Sys=0.00s Real=0.01s
[2025-01-18T13:42:34.943+0000][14.689s][info ][gc          ] GC(30) Concurrent Mark Cycle
[2025-01-18T13:42:34.943+0000][14.689s][info ][gc,marking  ] GC(30) Concurrent Clear Claimed Marks
[2025-01-18T13:42:34.943+0000][14.689s][info ][safepoint   ] Safepoint "CollectForMetadataAllocation", Time since last: 496063590 ns, Reaching safepoint: 355327 ns, Cleanup: 38586 ns, At safepoint: 10430880 ns, Total: 10824793 ns
[2025-01-18T13:42:34.944+0000][14.689s][info ][gc,marking  ] GC(30) Concurrent Clear Claimed Marks 0.206ms
[2025-01-18T13:42:34.944+0000][14.689s][info ][gc,marking  ] GC(30) Concurrent Scan Root Regions
[2025-01-18T13:42:34.947+0000][14.693s][info ][gc,marking  ] GC(30) Concurrent Scan Root Regions 3.030ms
[2025-01-18T13:42:34.947+0000][14.693s][info ][gc,marking  ] GC(30) Concurrent Mark
[2025-01-18T13:42:34.948+0000][14.693s][info ][gc,marking  ] GC(30) Concurrent Mark From Roots
[2025-01-18T13:42:34.948+0000][14.693s][info ][gc,task     ] GC(30) Using 3 workers of 3 for marking
[2025-01-18T13:42:34.972+0000][14.718s][debug][safepoint   ] Safepoint synchronization initiated using futex wait barrier. (20 threads)
[2025-01-18T13:42:34.973+0000][14.718s][info ][safepoint   ] Safepoint "CollectForMetadataAllocation", Time since last: 28662217 ns, Reaching safepoint: 437338 ns, Cleanup: 30540 ns, At safepoint: 89054 ns, Total: 556932 ns
[2025-01-18T13:42:34.973+0000][14.718s][info ][gc,marking  ] GC(30) Concurrent Mark From Roots 25.247ms
[2025-01-18T13:42:34.973+0000][14.719s][info ][gc,marking  ] GC(30) Concurrent Preclean
[2025-01-18T13:42:34.974+0000][14.719s][info ][gc,marking  ] GC(30) Concurrent Preclean 0.522ms
[2025-01-18T13:42:34.974+0000][14.719s][debug][safepoint   ] Safepoint synchronization initiated using futex wait barrier. (20 threads)
[2025-01-18T13:42:34.974+0000][14.720s][info ][gc,start    ] GC(30) Pause Remark
[2025-01-18T13:42:34.978+0000][14.724s][info ][gc          ] GC(30) Pause Remark 73M->73M(210M) 3.778ms
[2025-01-18T13:42:34.978+0000][14.724s][info ][gc,cpu      ] GC(30) User=0.02s Sys=0.00s Real=0.00s
[2025-01-18T13:42:34.979+0000][14.724s][info ][safepoint   ] Safepoint "G1PauseRemark", Time since last: 1387230 ns, Reaching safepoint: 320138 ns, Cleanup: 5721 ns, At safepoint: 4341803 ns, Total: 4667662 ns
[2025-01-18T13:42:34.979+0000][14.724s][info ][gc,marking  ] GC(30) Concurrent Mark 31.491ms
[2025-01-18T13:42:34.979+0000][14.724s][info ][gc,marking  ] GC(30) Concurrent Rebuild Remembered Sets
[2025-01-18T13:42:34.993+0000][14.739s][info ][gc,marking  ] GC(30) Concurrent Rebuild Remembered Sets 14.177ms
[2025-01-18T13:42:34.994+0000][14.739s][debug][safepoint   ] Safepoint synchronization initiated using futex wait barrier. (20 threads)
[2025-01-18T13:42:34.994+0000][14.739s][info ][gc,start    ] GC(30) Pause Cleanup
[2025-01-18T13:42:34.994+0000][14.740s][info ][gc          ] GC(30) Pause Cleanup 75M->75M(210M) 0.360ms
[2025-01-18T13:42:34.995+0000][14.740s][info ][gc,cpu      ] GC(30) User=0.00s Sys=0.00s Real=0.00s
[2025-01-18T13:42:34.995+0000][14.740s][info ][safepoint   ] Safepoint "G1PauseCleanup", Time since last: 15049458 ns, Reaching safepoint: 361539 ns, Cleanup: 3687 ns, At safepoint: 790069 ns, Total: 1155295 ns
[2025-01-18T13:42:34.995+0000][14.740s][info ][gc,marking  ] GC(30) Concurrent Cleanup for Next Mark
[2025-01-18T13:42:34.996+0000][14.741s][info ][gc,marking  ] GC(30) Concurrent Cleanup for Next Mark 0.812ms
[2025-01-18T13:42:34.996+0000][14.742s][info ][gc          ] GC(30) Concurrent Mark Cycle 52.918ms
[2025-01-18T13:42:35.395+0000][15.140s][debug][safepoint   ] Safepoint synchronization initiated using futex wait barrier. (21 threads)
[2025-01-18T13:42:35.395+0000][15.141s][info ][safepoint   ] Safepoint "ICBufferFull", Time since last: 399998395 ns, Reaching safepoint: 451896 ns, Cleanup: 139603 ns, At safepoint: 43215 ns, Total: 634714 ns
[2025-01-18T13:42:35.561+0000][15.306s][debug][safepoint   ] Safepoint synchronization initiated using futex wait barrier. (21 threads)
[2025-01-18T13:42:35.561+0000][15.307s][info ][gc,start    ] GC(31) Pause Young (Prepare Mixed) (G1 Evacuation Pause)
[2025-01-18T13:42:35.561+0000][15.307s][info ][gc,task     ] GC(31) Using 5 workers of 10 for evacuation
[2025-01-18T13:42:35.570+0000][15.315s][info ][gc,phases   ] GC(31)   Pre Evacuate Collection Set: 0.2ms
[2025-01-18T13:42:35.570+0000][15.316s][info ][gc,phases   ] GC(31)   Merge Heap Roots: 0.2ms
[2025-01-18T13:42:35.570+0000][15.316s][info ][gc,phases   ] GC(31)   Evacuate Collection Set: 6.7ms
[2025-01-18T13:42:35.571+0000][15.316s][info ][gc,phases   ] GC(31)   Post Evacuate Collection Set: 1.1ms
[2025-01-18T13:42:35.571+0000][15.316s][info ][gc,phases   ] GC(31)   Other: 0.5ms
[2025-01-18T13:42:35.571+0000][15.316s][info ][gc,heap     ] GC(31) Eden regions: 109->0(3)
[2025-01-18T13:42:35.571+0000][15.317s][info ][gc,heap     ] GC(31) Survivor regions: 9->7(15)
[2025-01-18T13:42:35.571+0000][15.317s][info ][gc,heap     ] GC(31) Old regions: 60->63
[2025-01-18T13:42:35.571+0000][15.317s][info ][gc,heap     ] GC(31) Archive regions: 2->2
[2025-01-18T13:42:35.572+0000][15.317s][info ][gc,heap     ] GC(31) Humongous regions: 0->0
[2025-01-18T13:42:35.572+0000][15.317s][info ][gc,metaspace] GC(31) Metaspace: 62875K(63360K)->62875K(63360K) NonClass: 54869K(55104K)->54869K(55104K) Class: 8005K(8256K)->8005K(8256K)
[2025-01-18T13:42:35.572+0000][15.317s][info ][gc          ] GC(31) Pause Young (Prepare Mixed) (G1 Evacuation Pause) 177M->69M(210M) 10.759ms
[2025-01-18T13:42:35.572+0000][15.317s][info ][gc,cpu      ] GC(31) User=0.05s Sys=0.01s Real=0.01s
[2025-01-18T13:42:35.572+0000][15.318s][info ][safepoint   ] Safepoint "G1CollectForAllocation", Time since last: 165335248 ns, Reaching safepoint: 207086 ns, Cleanup: 56040 ns, At safepoint: 11141656 ns, Total: 11404782 ns
[2025-01-18T13:42:35.587+0000][15.332s][debug][safepoint   ] Safepoint synchronization initiated using futex wait barrier. (21 threads)
[2025-01-18T13:42:35.587+0000][15.333s][info ][gc,start    ] GC(32) Pause Young (Mixed) (G1 Evacuation Pause)
[2025-01-18T13:42:35.587+0000][15.333s][info ][gc,task     ] GC(32) Using 5 workers of 10 for evacuation
[2025-01-18T13:42:35.595+0000][15.340s][info ][gc,phases   ] GC(32)   Pre Evacuate Collection Set: 0.1ms
[2025-01-18T13:42:35.595+0000][15.341s][info ][gc,phases   ] GC(32)   Merge Heap Roots: 0.2ms
[2025-01-18T13:42:35.595+0000][15.341s][info ][gc,phases   ] GC(32)   Evacuate Collection Set: 5.8ms
[2025-01-18T13:42:35.596+0000][15.341s][info ][gc,phases   ] GC(32)   Post Evacuate Collection Set: 0.9ms
[2025-01-18T13:42:35.596+0000][15.341s][info ][gc,phases   ] GC(32)   Other: 0.6ms
[2025-01-18T13:42:35.596+0000][15.341s][info ][gc,heap     ] GC(32) Eden regions: 3->0(112)
[2025-01-18T13:42:35.596+0000][15.342s][info ][gc,heap     ] GC(32) Survivor regions: 7->1(2)
[2025-01-18T13:42:35.596+0000][15.342s][info ][gc,heap     ] GC(32) Old regions: 63->67
[2025-01-18T13:42:35.596+0000][15.342s][info ][gc,heap     ] GC(32) Archive regions: 2->2
[2025-01-18T13:42:35.597+0000][15.342s][info ][gc,heap     ] GC(32) Humongous regions: 0->0
[2025-01-18T13:42:35.597+0000][15.342s][info ][gc,metaspace] GC(32) Metaspace: 62966K(63424K)->62966K(63424K) NonClass: 54947K(55168K)->54947K(55168K) Class: 8018K(8256K)->8018K(8256K)
[2025-01-18T13:42:35.597+0000][15.342s][info ][gc          ] GC(32) Pause Young (Mixed) (G1 Evacuation Pause) 72M->68M(210M) 9.744ms
[2025-01-18T13:42:35.597+0000][15.343s][info ][gc,cpu      ] GC(32) User=0.05s Sys=0.00s Real=0.01s
[2025-01-18T13:42:35.597+0000][15.343s][info ][safepoint   ] Safepoint "G1CollectForAllocation", Time since last: 14575467 ns, Reaching safepoint: 378401 ns, Cleanup: 6303 ns, At safepoint: 10213505 ns, Total: 10598209 ns
[2025-01-18T13:42:36.005+0000][15.751s][debug][safepoint   ] Safepoint synchronization initiated using futex wait barrier. (19 threads)
[2025-01-18T13:42:36.007+0000][15.753s][info ][gc,start    ] GC(33) Pause Young (Concurrent Start) (G1 Evacuation Pause)
[2025-01-18T13:42:36.008+0000][15.753s][info ][gc,task     ] GC(33) Using 5 workers of 10 for evacuation
[2025-01-18T13:42:36.012+0000][15.757s][info ][gc,phases   ] GC(33)   Pre Evacuate Collection Set: 0.3ms
[2025-01-18T13:42:36.012+0000][15.758s][info ][gc,phases   ] GC(33)   Merge Heap Roots: 0.3ms
[2025-01-18T13:42:36.012+0000][15.758s][info ][gc,phases   ] GC(33)   Evacuate Collection Set: 1.7ms
[2025-01-18T13:42:36.013+0000][15.758s][info ][gc,phases   ] GC(33)   Post Evacuate Collection Set: 1.2ms
[2025-01-18T13:42:36.013+0000][15.758s][info ][gc,phases   ] GC(33)   Other: 0.9ms
[2025-01-18T13:42:36.013+0000][15.758s][info ][gc,heap     ] GC(33) Eden regions: 112->0(113)
[2025-01-18T13:42:36.013+0000][15.759s][info ][gc,heap     ] GC(33) Survivor regions: 1->1(15)
[2025-01-18T13:42:36.013+0000][15.759s][info ][gc,heap     ] GC(33) Old regions: 67->67
[2025-01-18T13:42:36.014+0000][15.759s][info ][gc,heap     ] GC(33) Archive regions: 2->2
[2025-01-18T13:42:36.014+0000][15.759s][info ][gc,heap     ] GC(33) Humongous regions: 0->0
[2025-01-18T13:42:36.014+0000][15.759s][info ][gc,metaspace] GC(33) Metaspace: 65210K(65664K)->65210K(65664K) NonClass: 56811K(57024K)->56811K(57024K) Class: 8399K(8640K)->8399K(8640K)
[2025-01-18T13:42:36.014+0000][15.760s][info ][gc          ] GC(33) Pause Young (Concurrent Start) (G1 Evacuation Pause) 180M->68M(210M) 6.813ms
[2025-01-18T13:42:36.014+0000][15.760s][info ][gc,cpu      ] GC(33) User=0.01s Sys=0.00s Real=0.01s
[2025-01-18T13:42:36.015+0000][15.760s][info ][safepoint   ] Safepoint "G1CollectForAllocation", Time since last: 407922392 ns, Reaching safepoint: 416777 ns, Cleanup: 1657540 ns, At safepoint: 7253151 ns, Total: 9327468 ns
[2025-01-18T13:42:36.015+0000][15.760s][info ][gc          ] GC(34) Concurrent Mark Cycle
[2025-01-18T13:42:36.015+0000][15.761s][info ][gc,marking  ] GC(34) Concurrent Clear Claimed Marks
[2025-01-18T13:42:36.016+0000][15.761s][info ][gc,marking  ] GC(34) Concurrent Clear Claimed Marks 0.376ms
[2025-01-18T13:42:36.016+0000][15.761s][info ][gc,marking  ] GC(34) Concurrent Scan Root Regions
[2025-01-18T13:42:36.018+0000][15.763s][info ][gc,marking  ] GC(34) Concurrent Scan Root Regions 1.691ms
[2025-01-18T13:42:36.018+0000][15.763s][info ][gc,marking  ] GC(34) Concurrent Mark
[2025-01-18T13:42:36.018+0000][15.764s][info ][gc,marking  ] GC(34) Concurrent Mark From Roots
[2025-01-18T13:42:36.018+0000][15.764s][info ][gc,task     ] GC(34) Using 3 workers of 3 for marking
[2025-01-18T13:42:36.048+0000][15.793s][info ][gc,marking  ] GC(34) Concurrent Mark From Roots 29.653ms
[2025-01-18T13:42:36.048+0000][15.794s][info ][gc,marking  ] GC(34) Concurrent Preclean
[2025-01-18T13:42:36.049+0000][15.795s][info ][gc,marking  ] GC(34) Concurrent Preclean 0.875ms
[2025-01-18T13:42:36.050+0000][15.795s][debug][safepoint   ] Safepoint synchronization initiated using futex wait barrier. (19 threads)
[2025-01-18T13:42:36.050+0000][15.796s][debug][safepoint   ] ... found polling page loop exception at pc = 0x00007fef31190ed7, stub =0x00007fef30af5400
[2025-01-18T13:42:36.050+0000][15.796s][info ][gc,start    ] GC(34) Pause Remark
[2025-01-18T13:42:36.054+0000][15.800s][info ][gc          ] GC(34) Pause Remark 77M->77M(210M) 3.664ms
[2025-01-18T13:42:36.054+0000][15.800s][info ][gc,cpu      ] GC(34) User=0.02s Sys=0.00s Real=0.00s
[2025-01-18T13:42:36.055+0000][15.800s][info ][safepoint   ] Safepoint "G1PauseRemark", Time since last: 35163133 ns, Reaching safepoint: 633191 ns, Cleanup: 12705 ns, At safepoint: 4282948 ns, Total: 4928844 ns
[2025-01-18T13:42:36.055+0000][15.800s][info ][gc,marking  ] GC(34) Concurrent Mark 36.967ms
[2025-01-18T13:42:36.055+0000][15.801s][info ][gc,marking  ] GC(34) Concurrent Rebuild Remembered Sets
[2025-01-18T13:42:36.071+0000][15.816s][info ][gc,marking  ] GC(34) Concurrent Rebuild Remembered Sets 15.768ms
[2025-01-18T13:42:36.071+0000][15.817s][debug][safepoint   ] Safepoint synchronization initiated using futex wait barrier. (19 threads)
[2025-01-18T13:42:36.072+0000][15.817s][info ][gc,start    ] GC(34) Pause Cleanup
[2025-01-18T13:42:36.072+0000][15.818s][info ][gc          ] GC(34) Pause Cleanup 78M->78M(210M) 0.435ms
[2025-01-18T13:42:36.073+0000][15.818s][info ][gc,cpu      ] GC(34) User=0.00s Sys=0.00s Real=0.00s
[2025-01-18T13:42:36.073+0000][15.818s][info ][safepoint   ] Safepoint "G1PauseCleanup", Time since last: 16717769 ns, Reaching safepoint: 412969 ns, Cleanup: 4499 ns, At safepoint: 903061 ns, Total: 1320529 ns
[2025-01-18T13:42:36.073+0000][15.818s][info ][gc,marking  ] GC(34) Concurrent Cleanup for Next Mark
[2025-01-18T13:42:36.074+0000][15.819s][info ][gc,marking  ] GC(34) Concurrent Cleanup for Next Mark 0.525ms
[2025-01-18T13:42:36.074+0000][15.819s][info ][gc          ] GC(34) Concurrent Mark Cycle 59.238ms
[2025-01-18T13:42:36.441+0000][16.186s][debug][safepoint   ] Safepoint synchronization initiated using futex wait barrier. (21 threads)
[2025-01-18T13:42:36.441+0000][16.186s][info ][safepoint   ] Safepoint "ICBufferFull", Time since last: 367787129 ns, Reaching safepoint: 375235 ns, Cleanup: 117571 ns, At safepoint: 25179 ns, Total: 517985 ns
[2025-01-18T13:42:36.664+0000][16.410s][debug][safepoint   ] Safepoint synchronization initiated using futex wait barrier. (21 threads)
[2025-01-18T13:42:36.665+0000][16.410s][info ][gc,start    ] GC(35) Pause Young (Prepare Mixed) (G1 Evacuation Pause)
[2025-01-18T13:42:36.665+0000][16.411s][info ][gc,task     ] GC(35) Using 5 workers of 10 for evacuation
[2025-01-18T13:42:36.670+0000][16.416s][info ][gc,phases   ] GC(35)   Pre Evacuate Collection Set: 0.2ms
[2025-01-18T13:42:36.671+0000][16.416s][info ][gc,phases   ] GC(35)   Merge Heap Roots: 0.2ms
[2025-01-18T13:42:36.671+0000][16.417s][info ][gc,phases   ] GC(35)   Evacuate Collection Set: 3.2ms
[2025-01-18T13:42:36.671+0000][16.417s][info ][gc,phases   ] GC(35)   Post Evacuate Collection Set: 1.3ms
[2025-01-18T13:42:36.671+0000][16.417s][info ][gc,phases   ] GC(35)   Other: 0.7ms
[2025-01-18T13:42:36.672+0000][16.417s][info ][gc,heap     ] GC(35) Eden regions: 113->0(6)
[2025-01-18T13:42:36.672+0000][16.417s][info ][gc,heap     ] GC(35) Survivor regions: 1->4(15)
[2025-01-18T13:42:36.672+0000][16.418s][info ][gc,heap     ] GC(35) Old regions: 67->67
[2025-01-18T13:42:36.672+0000][16.418s][info ][gc,heap     ] GC(35) Archive regions: 2->2
[2025-01-18T13:42:36.672+0000][16.418s][info ][gc,heap     ] GC(35) Humongous regions: 0->0
[2025-01-18T13:42:36.673+0000][16.418s][info ][gc,metaspace] GC(35) Metaspace: 68062K(68480K)->68062K(68480K) NonClass: 59315K(59520K)->59315K(59520K) Class: 8746K(8960K)->8746K(8960K)
[2025-01-18T13:42:36.673+0000][16.418s][info ][gc          ] GC(35) Pause Young (Prepare Mixed) (G1 Evacuation Pause) 181M->71M(210M) 7.954ms
[2025-01-18T13:42:36.673+0000][16.418s][info ][gc,cpu      ] GC(35) User=0.03s Sys=0.01s Real=0.01s
[2025-01-18T13:42:36.673+0000][16.419s][info ][safepoint   ] Safepoint "G1CollectForAllocation", Time since last: 223137181 ns, Reaching safepoint: 483528 ns, Cleanup: 122290 ns, At safepoint: 8418366 ns, Total: 9024184 ns
[2025-01-18T13:42:36.713+0000][16.458s][debug][safepoint   ] Safepoint synchronization initiated using futex wait barrier. (21 threads)
[2025-01-18T13:42:36.713+0000][16.459s][info ][gc,start    ] GC(36) Pause Young (Mixed) (G1 Evacuation Pause)
[2025-01-18T13:42:36.714+0000][16.459s][info ][gc,task     ] GC(36) Using 5 workers of 10 for evacuation
[2025-01-18T13:42:36.719+0000][16.464s][info ][gc,phases   ] GC(36)   Pre Evacuate Collection Set: 0.1ms
[2025-01-18T13:42:36.719+0000][16.465s][info ][gc,phases   ] GC(36)   Merge Heap Roots: 0.1ms
[2025-01-18T13:42:36.720+0000][16.465s][info ][gc,phases   ] GC(36)   Evacuate Collection Set: 3.7ms
[2025-01-18T13:42:36.720+0000][16.465s][info ][gc,phases   ] GC(36)   Post Evacuate Collection Set: 1.1ms
[2025-01-18T13:42:36.720+0000][16.465s][info ][gc,phases   ] GC(36)   Other: 0.5ms
[2025-01-18T13:42:36.720+0000][16.466s][info ][gc,heap     ] GC(36) Eden regions: 6->0(110)
[2025-01-18T13:42:36.720+0000][16.466s][info ][gc,heap     ] GC(36) Survivor regions: 4->1(2)
[2025-01-18T13:42:36.721+0000][16.466s][info ][gc,heap     ] GC(36) Old regions: 67->69
[2025-01-18T13:42:36.721+0000][16.466s][info ][gc,heap     ] GC(36) Archive regions: 2->2
[2025-01-18T13:42:36.721+0000][16.467s][info ][gc,heap     ] GC(36) Humongous regions: 0->0
[2025-01-18T13:42:36.721+0000][16.467s][info ][gc,metaspace] GC(36) Metaspace: 68150K(68608K)->68150K(68608K) NonClass: 59403K(59648K)->59403K(59648K) Class: 8746K(8960K)->8746K(8960K)
[2025-01-18T13:42:36.722+0000][16.467s][info ][gc          ] GC(36) Pause Young (Mixed) (G1 Evacuation Pause) 77M->70M(210M) 8.170ms
[2025-01-18T13:42:36.722+0000][16.467s][info ][gc,cpu      ] GC(36) User=0.05s Sys=0.00s Real=0.01s
[2025-01-18T13:42:36.722+0000][16.467s][info ][safepoint   ] Safepoint "G1CollectForAllocation", Time since last: 39716619 ns, Reaching safepoint: 365176 ns, Cleanup: 14328 ns, At safepoint: 8740738 ns, Total: 9120242 ns
[2025-01-18T13:42:36.886+0000][16.632s][debug][safepoint   ] ... found polling page loop exception at pc = 0x00007fef3110efec, stub =0x00007fef30af5400
[2025-01-18T13:42:36.982+0000][16.727s][debug][safepoint   ] Safepoint synchronization initiated using futex wait barrier. (21 threads)
[2025-01-18T13:42:36.983+0000][16.728s][info ][safepoint   ] Safepoint "ICBufferFull", Time since last: 259986598 ns, Reaching safepoint: 338994 ns, Cleanup: 153561 ns, At safepoint: 29087 ns, Total: 521642 ns
[2025-01-18T13:42:37.360+0000][17.105s][debug][safepoint   ] Safepoint synchronization initiated using futex wait barrier. (19 threads)
[2025-01-18T13:42:37.360+0000][17.106s][info ][gc,start    ] GC(37) Pause Young (Normal) (G1 Evacuation Pause)
[2025-01-18T13:42:37.361+0000][17.106s][info ][gc,task     ] GC(37) Using 5 workers of 10 for evacuation
[2025-01-18T13:42:37.365+0000][17.110s][info ][gc,phases   ] GC(37)   Pre Evacuate Collection Set: 0.1ms
[2025-01-18T13:42:37.365+0000][17.110s][info ][gc,phases   ] GC(37)   Merge Heap Roots: 0.1ms
[2025-01-18T13:42:37.365+0000][17.111s][info ][gc,phases   ] GC(37)   Evacuate Collection Set: 2.4ms
[2025-01-18T13:42:37.365+0000][17.111s][info ][gc,phases   ] GC(37)   Post Evacuate Collection Set: 1.1ms
[2025-01-18T13:42:37.366+0000][17.111s][info ][gc,phases   ] GC(37)   Other: 0.6ms
[2025-01-18T13:42:37.366+0000][17.111s][info ][gc,heap     ] GC(37) Eden regions: 110->0(108)
[2025-01-18T13:42:37.366+0000][17.111s][info ][gc,heap     ] GC(37) Survivor regions: 1->3(14)
[2025-01-18T13:42:37.366+0000][17.112s][info ][gc,heap     ] GC(37) Old regions: 69->69
[2025-01-18T13:42:37.366+0000][17.112s][info ][gc,heap     ] GC(37) Archive regions: 2->2
[2025-01-18T13:42:37.366+0000][17.112s][info ][gc,heap     ] GC(37) Humongous regions: 0->0
[2025-01-18T13:42:37.367+0000][17.112s][info ][gc,metaspace] GC(37) Metaspace: 71521K(72000K)->71521K(72000K) NonClass: 62342K(62592K)->62342K(62592K) Class: 9179K(9408K)->9179K(9408K)
[2025-01-18T13:42:37.367+0000][17.112s][info ][gc          ] GC(37) Pause Young (Normal) (G1 Evacuation Pause) 180M->72M(210M) 6.655ms
[2025-01-18T13:42:37.367+0000][17.113s][info ][gc,cpu      ] GC(37) User=0.01s Sys=0.00s Real=0.00s
[2025-01-18T13:42:37.368+0000][17.113s][info ][safepoint   ] Safepoint "G1CollectForAllocation", Time since last: 377280563 ns, Reaching safepoint: 305913 ns, Cleanup: 72151 ns, At safepoint: 7417454 ns, Total: 7795518 ns
[2025-01-18T13:42:37.521+0000][17.267s][debug][safepoint   ] Safepoint synchronization initiated using futex wait barrier. (21 threads)
[2025-01-18T13:42:37.522+0000][17.267s][info ][safepoint   ] Safepoint "ICBufferFull", Time since last: 153555038 ns, Reaching safepoint: 372921 ns, Cleanup: 167959 ns, At safepoint: 24649 ns, Total: 565529 ns
[2025-01-18T13:42:38.023+0000][17.768s][debug][safepoint   ] Safepoint synchronization initiated using futex wait barrier. (21 threads)
[2025-01-18T13:42:38.024+0000][17.769s][info ][gc,start    ] GC(38) Pause Young (Normal) (G1 Evacuation Pause)
[2025-01-18T13:42:38.024+0000][17.769s][info ][gc,task     ] GC(38) Using 5 workers of 10 for evacuation
[2025-01-18T13:42:38.028+0000][17.774s][info ][gc,phases   ] GC(38)   Pre Evacuate Collection Set: 0.2ms
[2025-01-18T13:42:38.029+0000][17.774s][info ][gc,phases   ] GC(38)   Merge Heap Roots: 0.2ms
[2025-01-18T13:42:38.029+0000][17.774s][info ][gc,phases   ] GC(38)   Evacuate Collection Set: 2.8ms
[2025-01-18T13:42:38.029+0000][17.775s][info ][gc,phases   ] GC(38)   Post Evacuate Collection Set: 1.0ms
[2025-01-18T13:42:38.029+0000][17.775s][info ][gc,phases   ] GC(38)   Other: 0.9ms
[2025-01-18T13:42:38.030+0000][17.775s][info ][gc,heap     ] GC(38) Eden regions: 108->0(108)
[2025-01-18T13:42:38.030+0000][17.775s][info ][gc,heap     ] GC(38) Survivor regions: 3->4(14)
[2025-01-18T13:42:38.030+0000][17.775s][info ][gc,heap     ] GC(38) Old regions: 69->69
[2025-01-18T13:42:38.030+0000][17.775s][info ][gc,heap     ] GC(38) Archive regions: 2->2
[2025-01-18T13:42:38.030+0000][17.776s][info ][gc,heap     ] GC(38) Humongous regions: 0->0
[2025-01-18T13:42:38.030+0000][17.776s][info ][gc,metaspace] GC(38) Metaspace: 76095K(76544K)->76095K(76544K) NonClass: 66265K(66496K)->66265K(66496K) Class: 9830K(10048K)->9830K(10048K)
[2025-01-18T13:42:38.031+0000][17.776s][info ][gc          ] GC(38) Pause Young (Normal) (G1 Evacuation Pause) 180M->73M(210M) 7.128ms
[2025-01-18T13:42:38.031+0000][17.776s][info ][gc,cpu      ] GC(38) User=0.02s Sys=0.00s Real=0.01s
[2025-01-18T13:42:38.031+0000][17.777s][info ][safepoint   ] Safepoint "G1CollectForAllocation", Time since last: 501150431 ns, Reaching safepoint: 436596 ns, Cleanup: 106649 ns, At safepoint: 7677122 ns, Total: 8220367 ns
[2025-01-18T13:42:38.384+0000][18.129s][debug][safepoint   ] Safepoint synchronization initiated using futex wait barrier. (20 threads)
[2025-01-18T13:42:38.384+0000][18.130s][info ][gc,start    ] GC(39) Pause Young (Normal) (G1 Evacuation Pause)
[2025-01-18T13:42:38.385+0000][18.130s][info ][gc,task     ] GC(39) Using 5 workers of 10 for evacuation
[2025-01-18T13:42:38.389+0000][18.134s][info ][gc,phases   ] GC(39)   Pre Evacuate Collection Set: 0.2ms
[2025-01-18T13:42:38.389+0000][18.135s][info ][gc,phases   ] GC(39)   Merge Heap Roots: 0.2ms
[2025-01-18T13:42:38.390+0000][18.135s][info ][gc,phases   ] GC(39)   Evacuate Collection Set: 2.7ms
[2025-01-18T13:42:38.390+0000][18.135s][info ][gc,phases   ] GC(39)   Post Evacuate Collection Set: 1.0ms
[2025-01-18T13:42:38.390+0000][18.135s][info ][gc,phases   ] GC(39)   Other: 0.5ms
[2025-01-18T13:42:38.390+0000][18.135s][info ][gc,heap     ] GC(39) Eden regions: 108->0(107)
[2025-01-18T13:42:38.390+0000][18.136s][info ][gc,heap     ] GC(39) Survivor regions: 4->5(14)
[2025-01-18T13:42:38.390+0000][18.136s][info ][gc,heap     ] GC(39) Old regions: 69->69
[2025-01-18T13:42:38.391+0000][18.136s][info ][gc,heap     ] GC(39) Archive regions: 2->2
[2025-01-18T13:42:38.391+0000][18.136s][info ][gc,heap     ] GC(39) Humongous regions: 0->0
[2025-01-18T13:42:38.391+0000][18.136s][info ][gc,metaspace] GC(39) Metaspace: 77815K(78272K)->77815K(78272K) NonClass: 67622K(67840K)->67622K(67840K) Class: 10193K(10432K)->10193K(10432K)
[2025-01-18T13:42:38.391+0000][18.136s][info ][gc          ] GC(39) Pause Young (Normal) (G1 Evacuation Pause) 181M->74M(210M) 6.666ms
[2025-01-18T13:42:38.391+0000][18.137s][info ][gc,cpu      ] GC(39) User=0.00s Sys=0.02s Real=0.01s
[2025-01-18T13:42:38.391+0000][18.137s][info ][safepoint   ] Safepoint "G1CollectForAllocation", Time since last: 352826687 ns, Reaching safepoint: 323514 ns, Cleanup: 56521 ns, At safepoint: 7040894 ns, Total: 7420929 ns
[2025-01-18T13:42:38.614+0000][18.359s][debug][safepoint   ] Safepoint synchronization initiated using futex wait barrier. (20 threads)
[2025-01-18T13:42:38.614+0000][18.360s][info ][safepoint   ] Safepoint "ICBufferFull", Time since last: 222352421 ns, Reaching safepoint: 389163 ns, Cleanup: 142699 ns, At safepoint: 24819 ns, Total: 556681 ns
[2025-01-18T13:42:38.701+0000][18.446s][debug][safepoint   ] Safepoint synchronization initiated using futex wait barrier. (20 threads)
[2025-01-18T13:42:38.701+0000][18.447s][info ][safepoint   ] Safepoint "ICBufferFull", Time since last: 86640954 ns, Reaching safepoint: 390285 ns, Cleanup: 112521 ns, At safepoint: 23005 ns, Total: 525811 ns
[2025-01-18T13:42:38.750+0000][18.495s][debug][safepoint   ] Safepoint synchronization initiated using futex wait barrier. (20 threads)
[2025-01-18T13:42:38.750+0000][18.496s][info ][safepoint   ] Safepoint "ICBufferFull", Time since last: 48363566 ns, Reaching safepoint: 376137 ns, Cleanup: 111639 ns, At safepoint: 42944 ns, Total: 530720 ns
[2025-01-18T13:42:38.856+0000][18.602s][debug][safepoint   ] Safepoint synchronization initiated using futex wait barrier. (20 threads)
[2025-01-18T13:42:38.857+0000][18.602s][info ][safepoint   ] Safepoint "ICBufferFull", Time since last: 106109536 ns, Reaching safepoint: 308965 ns, Cleanup: 102131 ns, At safepoint: 25670 ns, Total: 436766 ns
[2025-01-18T13:42:39.005+0000][18.750s][debug][safepoint   ] Safepoint synchronization initiated using futex wait barrier. (20 threads)
[2025-01-18T13:42:39.005+0000][18.751s][info ][safepoint   ] Safepoint "ICBufferFull", Time since last: 147709440 ns, Reaching safepoint: 379053 ns, Cleanup: 114665 ns, At safepoint: 27183 ns, Total: 520901 ns
[2025-01-18T13:42:39.009+0000][18.755s][debug][safepoint   ] Safepoint synchronization initiated using futex wait barrier. (20 threads)
[2025-01-18T13:42:39.010+0000][18.755s][info ][gc,start    ] GC(40) Pause Young (Normal) (G1 Evacuation Pause)
[2025-01-18T13:42:39.010+0000][18.755s][info ][gc,task     ] GC(40) Using 5 workers of 10 for evacuation
[2025-01-18T13:42:39.016+0000][18.761s][info ][gc,phases   ] GC(40)   Pre Evacuate Collection Set: 0.3ms
[2025-01-18T13:42:39.016+0000][18.761s][info ][gc,phases   ] GC(40)   Merge Heap Roots: 0.2ms
[2025-01-18T13:42:39.016+0000][18.762s][info ][gc,phases   ] GC(40)   Evacuate Collection Set: 3.7ms
[2025-01-18T13:42:39.016+0000][18.762s][info ][gc,phases   ] GC(40)   Post Evacuate Collection Set: 1.2ms
[2025-01-18T13:42:39.017+0000][18.762s][info ][gc,phases   ] GC(40)   Other: 0.6ms
[2025-01-18T13:42:39.017+0000][18.762s][info ][gc,heap     ] GC(40) Eden regions: 107->0(106)
[2025-01-18T13:42:39.017+0000][18.762s][info ][gc,heap     ] GC(40) Survivor regions: 5->6(14)
[2025-01-18T13:42:39.017+0000][18.762s][info ][gc,heap     ] GC(40) Old regions: 69->69
[2025-01-18T13:42:39.017+0000][18.763s][info ][gc,heap     ] GC(40) Archive regions: 2->2
[2025-01-18T13:42:39.017+0000][18.763s][info ][gc,heap     ] GC(40) Humongous regions: 0->0
[2025-01-18T13:42:39.017+0000][18.763s][info ][gc,metaspace] GC(40) Metaspace: 80034K(80512K)->80034K(80512K) NonClass: 69568K(69824K)->69568K(69824K) Class: 10465K(10688K)->10465K(10688K)
[2025-01-18T13:42:39.018+0000][18.763s][info ][gc          ] GC(40) Pause Young (Normal) (G1 Evacuation Pause) 181M->75M(210M) 8.015ms
[2025-01-18T13:42:39.018+0000][18.763s][info ][gc,cpu      ] GC(40) User=0.03s Sys=0.00s Real=0.00s
[2025-01-18T13:42:39.018+0000][18.763s][info ][safepoint   ] Safepoint "G1CollectForAllocation", Time since last: 4060281 ns, Reaching safepoint: 351319 ns, Cleanup: 15189 ns, At safepoint: 8375061 ns, Total: 8741569 ns
[2025-01-18T13:42:39.444+0000][19.190s][debug][safepoint   ] Safepoint synchronization initiated using futex wait barrier. (19 threads)
[2025-01-18T13:42:39.445+0000][19.190s][info ][safepoint   ] Safepoint "ICBufferFull", Time since last: 426532250 ns, Reaching safepoint: 433560 ns, Cleanup: 125286 ns, At safepoint: 6452 ns, Total: 565298 ns
[2025-01-18T13:42:39.569+0000][19.314s][debug][safepoint   ] Safepoint synchronization initiated using futex wait barrier. (20 threads)
[2025-01-18T13:42:39.570+0000][19.315s][info ][gc,start    ] GC(41) Pause Young (Normal) (G1 Evacuation Pause)
[2025-01-18T13:42:39.570+0000][19.315s][info ][gc,task     ] GC(41) Using 5 workers of 10 for evacuation
[2025-01-18T13:42:39.576+0000][19.322s][info ][gc,phases   ] GC(41)   Pre Evacuate Collection Set: 0.3ms
[2025-01-18T13:42:39.577+0000][19.322s][info ][gc,phases   ] GC(41)   Merge Heap Roots: 0.1ms
[2025-01-18T13:42:39.577+0000][19.322s][info ][gc,phases   ] GC(41)   Evacuate Collection Set: 4.5ms
[2025-01-18T13:42:39.577+0000][19.323s][info ][gc,phases   ] GC(41)   Post Evacuate Collection Set: 1.2ms
[2025-01-18T13:42:39.577+0000][19.323s][info ][gc,phases   ] GC(41)   Other: 0.9ms
[2025-01-18T13:42:39.578+0000][19.323s][info ][gc,heap     ] GC(41) Eden regions: 106->0(102)
[2025-01-18T13:42:39.578+0000][19.323s][info ][gc,heap     ] GC(41) Survivor regions: 6->8(14)
[2025-01-18T13:42:39.578+0000][19.323s][info ][gc,heap     ] GC(41) Old regions: 69->69
[2025-01-18T13:42:39.578+0000][19.324s][info ][gc,heap     ] GC(41) Archive regions: 2->2
[2025-01-18T13:42:39.578+0000][19.324s][info ][gc,heap     ] GC(41) Humongous regions: 0->0
[2025-01-18T13:42:39.578+0000][19.324s][info ][gc,metaspace] GC(41) Metaspace: 83169K(83712K)->83169K(83712K) NonClass: 72248K(72512K)->72248K(72512K) Class: 10921K(11200K)->10921K(11200K)
[2025-01-18T13:42:39.579+0000][19.324s][info ][gc          ] GC(41) Pause Young (Normal) (G1 Evacuation Pause) 181M->77M(210M) 9.137ms
[2025-01-18T13:42:39.579+0000][19.324s][info ][gc,cpu      ] GC(41) User=0.03s Sys=0.00s Real=0.00s
[2025-01-18T13:42:39.579+0000][19.324s][info ][safepoint   ] Safepoint "G1CollectForAllocation", Time since last: 123865500 ns, Reaching safepoint: 434813 ns, Cleanup: 157959 ns, At safepoint: 9521357 ns, Total: 10114129 ns
[2025-01-18T13:42:39.925+0000][19.671s][debug][safepoint   ] Safepoint synchronization initiated using futex wait barrier. (21 threads)
[2025-01-18T13:42:39.926+0000][19.671s][info ][gc,start    ] GC(42) Pause Young (Normal) (G1 Evacuation Pause)
[2025-01-18T13:42:39.926+0000][19.671s][info ][gc,task     ] GC(42) Using 5 workers of 10 for evacuation
[2025-01-18T13:42:39.933+0000][19.678s][info ][gc,phases   ] GC(42)   Pre Evacuate Collection Set: 0.1ms
[2025-01-18T13:42:39.933+0000][19.679s][info ][gc,phases   ] GC(42)   Merge Heap Roots: 0.1ms
[2025-01-18T13:42:39.933+0000][19.679s][info ][gc,phases   ] GC(42)   Evacuate Collection Set: 5.2ms
[2025-01-18T13:42:39.934+0000][19.679s][info ][gc,phases   ] GC(42)   Post Evacuate Collection Set: 1.2ms
[2025-01-18T13:42:39.934+0000][19.679s][info ][gc,phases   ] GC(42)   Other: 0.6ms
[2025-01-18T13:42:39.934+0000][19.679s][info ][gc,heap     ] GC(42) Eden regions: 102->0(99)
[2025-01-18T13:42:39.934+0000][19.679s][info ][gc,heap     ] GC(42) Survivor regions: 8->9(14)
[2025-01-18T13:42:39.934+0000][19.680s][info ][gc,heap     ] GC(42) Old regions: 69->70
[2025-01-18T13:42:39.934+0000][19.680s][info ][gc,heap     ] GC(42) Archive regions: 2->2
[2025-01-18T13:42:39.934+0000][19.680s][info ][gc,heap     ] GC(42) Humongous regions: 0->0
[2025-01-18T13:42:39.935+0000][19.680s][info ][gc,metaspace] GC(42) Metaspace: 84288K(84800K)->84288K(84800K) NonClass: 73275K(73536K)->73275K(73536K) Class: 11013K(11264K)->11013K(11264K)
[2025-01-18T13:42:39.935+0000][19.680s][info ][gc          ] GC(42) Pause Young (Normal) (G1 Evacuation Pause) 179M->78M(210M) 9.127ms
[2025-01-18T13:42:39.935+0000][19.680s][info ][gc,cpu      ] GC(42) User=0.04s Sys=0.00s Real=0.01s
[2025-01-18T13:42:39.935+0000][19.681s][info ][safepoint   ] Safepoint "G1CollectForAllocation", Time since last: 346161861 ns, Reaching safepoint: 379113 ns, Cleanup: 122380 ns, At safepoint: 9589912 ns, Total: 10091405 ns
[2025-01-18T13:42:40.117+0000][19.862s][debug][safepoint   ] Safepoint synchronization initiated using futex wait barrier. (21 threads)
[2025-01-18T13:42:40.117+0000][19.863s][info ][safepoint   ] Safepoint "ICBufferFull", Time since last: 181553697 ns, Reaching safepoint: 311901 ns, Cleanup: 145726 ns, At safepoint: 23677 ns, Total: 481304 ns
[2025-01-18T13:42:40.696+0000][20.442s][debug][safepoint   ] Safepoint synchronization initiated using futex wait barrier. (20 threads)
[2025-01-18T13:42:40.697+0000][20.442s][info ][gc,start    ] GC(43) Pause Young (Normal) (G1 Evacuation Pause)
[2025-01-18T13:42:40.697+0000][20.443s][info ][gc,task     ] GC(43) Using 5 workers of 10 for evacuation
[2025-01-18T13:42:40.708+0000][20.454s][info ][gc,phases   ] GC(43)   Pre Evacuate Collection Set: 0.2ms
[2025-01-18T13:42:40.709+0000][20.454s][info ][gc,phases   ] GC(43)   Merge Heap Roots: 0.2ms
[2025-01-18T13:42:40.709+0000][20.454s][info ][gc,phases   ] GC(43)   Evacuate Collection Set: 8.3ms
[2025-01-18T13:42:40.709+0000][20.454s][info ][gc,phases   ] GC(43)   Post Evacuate Collection Set: 1.8ms
[2025-01-18T13:42:40.709+0000][20.455s][info ][gc,phases   ] GC(43)   Other: 0.7ms
[2025-01-18T13:42:40.709+0000][20.455s][info ][gc,heap     ] GC(43) Eden regions: 99->0(96)
[2025-01-18T13:42:40.709+0000][20.455s][info ][gc,heap     ] GC(43) Survivor regions: 9->10(14)
[2025-01-18T13:42:40.710+0000][20.455s][info ][gc,heap     ] GC(43) Old regions: 70->71
[2025-01-18T13:42:40.710+0000][20.455s][info ][gc,heap     ] GC(43) Archive regions: 2->2
[2025-01-18T13:42:40.710+0000][20.456s][info ][gc,heap     ] GC(43) Humongous regions: 0->0
[2025-01-18T13:42:40.710+0000][20.456s][info ][gc,metaspace] GC(43) Metaspace: 86236K(86784K)->86236K(86784K) NonClass: 75113K(75392K)->75113K(75392K) Class: 11123K(11392K)->11123K(11392K)
[2025-01-18T13:42:40.711+0000][20.456s][info ][gc          ] GC(43) Pause Young (Normal) (G1 Evacuation Pause) 177M->81M(210M) 13.455ms
[2025-01-18T13:42:40.711+0000][20.456s][info ][gc,cpu      ] GC(43) User=0.09s Sys=0.00s Real=0.02s
[2025-01-18T13:42:40.711+0000][20.456s][info ][safepoint   ] Safepoint "G1CollectForAllocation", Time since last: 579090806 ns, Reaching safepoint: 550402 ns, Cleanup: 85768 ns, At safepoint: 13900061 ns, Total: 14536231 ns
[2025-01-18T13:42:41.380+0000][21.125s][debug][safepoint   ] Safepoint synchronization initiated using futex wait barrier. (24 threads)
[2025-01-18T13:42:41.380+0000][21.126s][info ][safepoint   ] Safepoint "ICBufferFull", Time since last: 668687848 ns, Reaching safepoint: 391848 ns, Cleanup: 164983 ns, At safepoint: 7695 ns, Total: 564526 ns
[2025-01-18T13:42:41.433+0000][21.178s][debug][safepoint   ] Safepoint synchronization initiated using futex wait barrier. (24 threads)
[2025-01-18T13:42:41.433+0000][21.179s][info ][gc,start    ] GC(44) Pause Young (Normal) (G1 Evacuation Pause)
[2025-01-18T13:42:41.433+0000][21.179s][info ][gc,task     ] GC(44) Using 10 workers of 10 for evacuation
[2025-01-18T13:42:41.442+0000][21.187s][info ][gc,phases   ] GC(44)   Pre Evacuate Collection Set: 0.3ms
[2025-01-18T13:42:41.442+0000][21.188s][info ][gc,phases   ] GC(44)   Merge Heap Roots: 0.2ms
[2025-01-18T13:42:41.443+0000][21.188s][info ][gc,phases   ] GC(44)   Evacuate Collection Set: 5.8ms
[2025-01-18T13:42:41.443+0000][21.188s][info ][gc,phases   ] GC(44)   Post Evacuate Collection Set: 1.9ms
[2025-01-18T13:42:41.443+0000][21.189s][info ][gc,phases   ] GC(44)   Other: 0.7ms
[2025-01-18T13:42:41.443+0000][21.189s][info ][gc,heap     ] GC(44) Eden regions: 96->0(93)
[2025-01-18T13:42:41.444+0000][21.189s][info ][gc,heap     ] GC(44) Survivor regions: 10->10(14)
[2025-01-18T13:42:41.444+0000][21.189s][info ][gc,heap     ] GC(44) Old regions: 71->74
[2025-01-18T13:42:41.444+0000][21.189s][info ][gc,heap     ] GC(44) Archive regions: 2->2
[2025-01-18T13:42:41.444+0000][21.190s][info ][gc,heap     ] GC(44) Humongous regions: 0->0
[2025-01-18T13:42:41.444+0000][21.190s][info ][gc,metaspace] GC(44) Metaspace: 87845K(88384K)->87845K(88384K) NonClass: 76570K(76864K)->76570K(76864K) Class: 11275K(11520K)->11275K(11520K)
[2025-01-18T13:42:41.445+0000][21.190s][info ][gc          ] GC(44) Pause Young (Normal) (G1 Evacuation Pause) 177M->83M(210M) 11.488ms
[2025-01-18T13:42:41.445+0000][21.190s][info ][gc,cpu      ] GC(44) User=0.07s Sys=0.01s Real=0.01s
[2025-01-18T13:42:41.445+0000][21.191s][info ][safepoint   ] Safepoint "G1CollectForAllocation", Time since last: 52394598 ns, Reaching safepoint: 485782 ns, Cleanup: 35109 ns, At safepoint: 12018598 ns, Total: 12539489 ns
[2025-01-18T13:42:42.106+0000][21.854s][debug][safepoint   ] Safepoint synchronization initiated using futex wait barrier. (24 threads)
[2025-01-18T13:42:42.107+0000][21.855s][info ][gc,start    ] GC(45) Pause Young (Normal) (G1 Evacuation Pause)
[2025-01-18T13:42:42.107+0000][21.855s][info ][gc,task     ] GC(45) Using 10 workers of 10 for evacuation
[2025-01-18T13:42:42.115+0000][21.863s][info ][gc,phases   ] GC(45)   Pre Evacuate Collection Set: 0.4ms
[2025-01-18T13:42:42.115+0000][21.863s][info ][gc,phases   ] GC(45)   Merge Heap Roots: 0.4ms
[2025-01-18T13:42:42.115+0000][21.864s][info ][gc,phases   ] GC(45)   Evacuate Collection Set: 5.4ms
[2025-01-18T13:42:42.115+0000][21.864s][info ][gc,phases   ] GC(45)   Post Evacuate Collection Set: 1.5ms
[2025-01-18T13:42:42.116+0000][21.864s][info ][gc,phases   ] GC(45)   Other: 0.6ms
[2025-01-18T13:42:42.116+0000][21.864s][info ][gc,heap     ] GC(45) Eden regions: 93->0(91)
[2025-01-18T13:42:42.116+0000][21.864s][info ][gc,heap     ] GC(45) Survivor regions: 10->10(13)
[2025-01-18T13:42:42.116+0000][21.864s][info ][gc,heap     ] GC(45) Old regions: 74->76
[2025-01-18T13:42:42.116+0000][21.865s][info ][gc,heap     ] GC(45) Archive regions: 2->2
[2025-01-18T13:42:42.116+0000][21.865s][info ][gc,heap     ] GC(45) Humongous regions: 0->0
[2025-01-18T13:42:42.117+0000][21.865s][info ][gc,metaspace] GC(45) Metaspace: 89628K(90240K)->89628K(90240K) NonClass: 78196K(78528K)->78196K(78528K) Class: 11432K(11712K)->11432K(11712K)
[2025-01-18T13:42:42.117+0000][21.865s][info ][gc          ] GC(45) Pause Young (Normal) (G1 Evacuation Pause) 176M->86M(210M) 10.270ms
[2025-01-18T13:42:42.117+0000][21.865s][info ][gc,cpu      ] GC(45) User=0.07s Sys=0.00s Real=0.01s
[2025-01-18T13:42:42.117+0000][21.865s][info ][safepoint   ] Safepoint "G1CollectForAllocation", Time since last: 663759860 ns, Reaching safepoint: 380296 ns, Cleanup: 62592 ns, At safepoint: 10679399 ns, Total: 11122287 ns
[2025-01-18T13:42:42.700+0000][22.449s][debug][safepoint   ] Safepoint synchronization initiated using futex wait barrier. (24 threads)
[2025-01-18T13:42:42.701+0000][22.449s][info ][safepoint   ] Safepoint "ICBufferFull", Time since last: 583104842 ns, Reaching safepoint: 376457 ns, Cleanup: 197923 ns, At safepoint: 6172 ns, Total: 580552 ns
[2025-01-18T13:42:42.798+0000][22.546s][debug][safepoint   ] Safepoint synchronization initiated using futex wait barrier. (24 threads)
[2025-01-18T13:42:42.798+0000][22.546s][info ][gc,start    ] GC(46) Pause Young (Normal) (G1 Evacuation Pause)
[2025-01-18T13:42:42.798+0000][22.547s][info ][gc,task     ] GC(46) Using 10 workers of 10 for evacuation
[2025-01-18T13:42:42.808+0000][22.556s][info ][gc,phases   ] GC(46)   Pre Evacuate Collection Set: 0.3ms
[2025-01-18T13:42:42.808+0000][22.556s][info ][gc,phases   ] GC(46)   Merge Heap Roots: 0.2ms
[2025-01-18T13:42:42.808+0000][22.557s][info ][gc,phases   ] GC(46)   Evacuate Collection Set: 6.4ms
[2025-01-18T13:42:42.808+0000][22.557s][info ][gc,phases   ] GC(46)   Post Evacuate Collection Set: 2.0ms
[2025-01-18T13:42:42.809+0000][22.557s][info ][gc,phases   ] GC(46)   Other: 0.7ms
[2025-01-18T13:42:42.809+0000][22.557s][info ][gc,heap     ] GC(46) Eden regions: 91->0(93)
[2025-01-18T13:42:42.809+0000][22.557s][info ][gc,heap     ] GC(46) Survivor regions: 10->7(13)
[2025-01-18T13:42:42.809+0000][22.557s][info ][gc,heap     ] GC(46) Old regions: 76->80
[2025-01-18T13:42:42.809+0000][22.558s][info ][gc,heap     ] GC(46) Archive regions: 2->2
[2025-01-18T13:42:42.810+0000][22.558s][info ][gc,heap     ] GC(46) Humongous regions: 0->0
[2025-01-18T13:42:42.810+0000][22.558s][info ][gc,metaspace] GC(46) Metaspace: 93218K(93824K)->93218K(93824K) NonClass: 81260K(81600K)->81260K(81600K) Class: 11957K(12224K)->11957K(12224K)
[2025-01-18T13:42:42.810+0000][22.558s][info ][gc          ] GC(46) Pause Young (Normal) (G1 Evacuation Pause) 177M->87M(210M) 12.098ms
[2025-01-18T13:42:42.810+0000][22.559s][info ][gc,cpu      ] GC(46) User=0.09s Sys=0.00s Real=0.01s
[2025-01-18T13:42:42.811+0000][22.559s][info ][safepoint   ] Safepoint "G1CollectForAllocation", Time since last: 96815363 ns, Reaching safepoint: 382178 ns, Cleanup: 27433 ns, At safepoint: 12524738 ns, Total: 12934349 ns
[2025-01-18T13:42:43.286+0000][23.034s][debug][safepoint   ] Safepoint synchronization initiated using futex wait barrier. (25 threads)
[2025-01-18T13:42:43.286+0000][23.035s][info ][gc,start    ] GC(47) Pause Young (Normal) (G1 Evacuation Pause)
[2025-01-18T13:42:43.287+0000][23.035s][info ][gc,task     ] GC(47) Using 10 workers of 10 for evacuation
[2025-01-18T13:42:43.293+0000][23.042s][info ][gc,phases   ] GC(47)   Pre Evacuate Collection Set: 0.4ms
[2025-01-18T13:42:43.294+0000][23.042s][info ][gc,phases   ] GC(47)   Merge Heap Roots: 0.4ms
[2025-01-18T13:42:43.294+0000][23.042s][info ][gc,phases   ] GC(47)   Evacuate Collection Set: 4.2ms
[2025-01-18T13:42:43.294+0000][23.042s][info ][gc,phases   ] GC(47)   Post Evacuate Collection Set: 1.3ms
[2025-01-18T13:42:43.294+0000][23.042s][info ][gc,phases   ] GC(47)   Other: 0.5ms
[2025-01-18T13:42:43.294+0000][23.043s][info ][gc,heap     ] GC(47) Eden regions: 93->0(90)
[2025-01-18T13:42:43.294+0000][23.043s][info ][gc,heap     ] GC(47) Survivor regions: 7->7(13)
[2025-01-18T13:42:43.295+0000][23.043s][info ][gc,heap     ] GC(47) Old regions: 80->83
[2025-01-18T13:42:43.295+0000][23.043s][info ][gc,heap     ] GC(47) Archive regions: 2->2
[2025-01-18T13:42:43.295+0000][23.043s][info ][gc,heap     ] GC(47) Humongous regions: 0->0
[2025-01-18T13:42:43.295+0000][23.043s][info ][gc,metaspace] GC(47) Metaspace: 95384K(95936K)->95384K(95936K) NonClass: 82982K(83264K)->82982K(83264K) Class: 12402K(12672K)->12402K(12672K)
[2025-01-18T13:42:43.295+0000][23.043s][info ][gc          ] GC(47) Pause Young (Normal) (G1 Evacuation Pause) 180M->89M(210M) 8.804ms
[2025-01-18T13:42:43.295+0000][23.044s][info ][gc,cpu      ] GC(47) User=0.05s Sys=0.00s Real=0.00s
[2025-01-18T13:42:43.296+0000][23.044s][info ][safepoint   ] Safepoint "G1CollectForAllocation", Time since last: 475225350 ns, Reaching safepoint: 431975 ns, Cleanup: 132365 ns, At safepoint: 9268819 ns, Total: 9833159 ns
[2025-01-18T13:42:43.534+0000][23.282s][debug][safepoint   ] Safepoint synchronization initiated using futex wait barrier. (25 threads)
[2025-01-18T13:42:43.534+0000][23.282s][info ][gc,start    ] GC(48) Pause Young (Normal) (G1 Evacuation Pause)
[2025-01-18T13:42:43.534+0000][23.283s][info ][gc,task     ] GC(48) Using 10 workers of 10 for evacuation
[2025-01-18T13:42:43.541+0000][23.290s][info ][gc,phases   ] GC(48)   Pre Evacuate Collection Set: 0.5ms
[2025-01-18T13:42:43.542+0000][23.290s][info ][gc,phases   ] GC(48)   Merge Heap Roots: 0.3ms
[2025-01-18T13:42:43.542+0000][23.290s][info ][gc,phases   ] GC(48)   Evacuate Collection Set: 4.6ms
[2025-01-18T13:42:43.542+0000][23.290s][info ][gc,phases   ] GC(48)   Post Evacuate Collection Set: 1.2ms
[2025-01-18T13:42:43.542+0000][23.290s][info ][gc,phases   ] GC(48)   Other: 0.7ms
[2025-01-18T13:42:43.542+0000][23.291s][info ][gc,heap     ] GC(48) Eden regions: 90->0(84)
[2025-01-18T13:42:43.543+0000][23.291s][info ][gc,heap     ] GC(48) Survivor regions: 7->10(13)
[2025-01-18T13:42:43.543+0000][23.291s][info ][gc,heap     ] GC(48) Old regions: 83->83
[2025-01-18T13:42:43.543+0000][23.291s][info ][gc,heap     ] GC(48) Archive regions: 2->2
[2025-01-18T13:42:43.543+0000][23.291s][info ][gc,heap     ] GC(48) Humongous regions: 0->0
[2025-01-18T13:42:43.543+0000][23.292s][info ][gc,metaspace] GC(48) Metaspace: 95954K(96512K)->95954K(96512K) NonClass: 83403K(83712K)->83403K(83712K) Class: 12551K(12800K)->12551K(12800K)
[2025-01-18T13:42:43.543+0000][23.292s][info ][gc          ] GC(48) Pause Young (Normal) (G1 Evacuation Pause) 179M->92M(210M) 9.382ms
[2025-01-18T13:42:43.544+0000][23.292s][info ][gc,cpu      ] GC(48) User=0.07s Sys=0.00s Real=0.01s
[2025-01-18T13:42:43.544+0000][23.292s][info ][safepoint   ] Safepoint "G1CollectForAllocation", Time since last: 237844788 ns, Reaching safepoint: 489085 ns, Cleanup: 46830 ns, At safepoint: 9770077 ns, Total: 10305992 ns
[2025-01-18T13:42:44.125+0000][23.873s][debug][safepoint   ] Safepoint synchronization initiated using futex wait barrier. (26 threads)
[2025-01-18T13:42:44.125+0000][23.874s][info ][gc,start    ] GC(49) Pause Young (Normal) (G1 Evacuation Pause)
[2025-01-18T13:42:44.126+0000][23.874s][info ][gc,task     ] GC(49) Using 10 workers of 10 for evacuation
[2025-01-18T13:42:44.132+0000][23.880s][info ][gc,phases   ] GC(49)   Pre Evacuate Collection Set: 0.2ms
[2025-01-18T13:42:44.132+0000][23.880s][info ][gc,phases   ] GC(49)   Merge Heap Roots: 0.2ms
[2025-01-18T13:42:44.132+0000][23.880s][info ][gc,phases   ] GC(49)   Evacuate Collection Set: 4.0ms
[2025-01-18T13:42:44.132+0000][23.881s][info ][gc,phases   ] GC(49)   Post Evacuate Collection Set: 1.3ms
[2025-01-18T13:42:44.132+0000][23.881s][info ][gc,phases   ] GC(49)   Other: 0.5ms
[2025-01-18T13:42:44.133+0000][23.881s][info ][gc,heap     ] GC(49) Eden regions: 84->0(88)
[2025-01-18T13:42:44.133+0000][23.881s][info ][gc,heap     ] GC(49) Survivor regions: 10->5(12)
[2025-01-18T13:42:44.133+0000][23.881s][info ][gc,heap     ] GC(49) Old regions: 83->87
[2025-01-18T13:42:44.133+0000][23.881s][info ][gc,heap     ] GC(49) Archive regions: 2->2
[2025-01-18T13:42:44.133+0000][23.881s][info ][gc,heap     ] GC(49) Humongous regions: 0->0
[2025-01-18T13:42:44.133+0000][23.882s][info ][gc,metaspace] GC(49) Metaspace: 100495K(101120K)->100495K(101120K) NonClass: 87336K(87680K)->87336K(87680K) Class: 13158K(13440K)->13158K(13440K)
[2025-01-18T13:42:44.134+0000][23.882s][info ][gc          ] GC(49) Pause Young (Normal) (G1 Evacuation Pause) 176M->92M(210M) 8.150ms
[2025-01-18T13:42:44.134+0000][23.882s][info ][gc,cpu      ] GC(49) User=0.02s Sys=0.02s Real=0.01s
[2025-01-18T13:42:44.134+0000][23.882s][info ][safepoint   ] Safepoint "G1CollectForAllocation", Time since last: 581120747 ns, Reaching safepoint: 345047 ns, Cleanup: 78962 ns, At safepoint: 8583415 ns, Total: 9007424 ns
[2025-01-18T13:42:44.703+0000][24.451s][debug][safepoint   ] Safepoint synchronization initiated using futex wait barrier. (28 threads)
[2025-01-18T13:42:44.704+0000][24.452s][info ][safepoint   ] Safepoint "ICBufferFull", Time since last: 569128990 ns, Reaching safepoint: 466541 ns, Cleanup: 171672 ns, At safepoint: 55367 ns, Total: 693580 ns
[2025-01-18T13:42:44.779+0000][24.528s][debug][safepoint   ] Safepoint synchronization initiated using futex wait barrier. (28 threads)
[2025-01-18T13:42:44.780+0000][24.528s][info ][gc,start    ] GC(50) Pause Young (Normal) (G1 Evacuation Pause)
[2025-01-18T13:42:44.780+0000][24.529s][info ][gc,task     ] GC(50) Using 10 workers of 10 for evacuation
[2025-01-18T13:42:44.788+0000][24.536s][info ][gc,phases   ] GC(50)   Pre Evacuate Collection Set: 0.3ms
[2025-01-18T13:42:44.789+0000][24.537s][info ][gc,phases   ] GC(50)   Merge Heap Roots: 0.3ms
[2025-01-18T13:42:44.789+0000][24.537s][info ][gc,phases   ] GC(50)   Evacuate Collection Set: 4.6ms
[2025-01-18T13:42:44.789+0000][24.538s][info ][gc,phases   ] GC(50)   Post Evacuate Collection Set: 2.0ms
[2025-01-18T13:42:44.790+0000][24.538s][info ][gc,phases   ] GC(50)   Other: 0.8ms
[2025-01-18T13:42:44.790+0000][24.538s][info ][gc,heap     ] GC(50) Eden regions: 88->0(86)
[2025-01-18T13:42:44.790+0000][24.539s][info ][gc,heap     ] GC(50) Survivor regions: 5->7(12)
[2025-01-18T13:42:44.791+0000][24.539s][info ][gc,heap     ] GC(50) Old regions: 87->87
[2025-01-18T13:42:44.791+0000][24.539s][info ][gc,heap     ] GC(50) Archive regions: 2->2
[2025-01-18T13:42:44.791+0000][24.540s][info ][gc,heap     ] GC(50) Humongous regions: 0->0
[2025-01-18T13:42:44.792+0000][24.540s][info ][gc,metaspace] GC(50) Metaspace: 102826K(103360K)->102826K(103360K) NonClass: 89369K(89664K)->89369K(89664K) Class: 13456K(13696K)->13456K(13696K)
[2025-01-18T13:42:44.792+0000][24.540s][info ][gc          ] GC(50) Pause Young (Normal) (G1 Evacuation Pause) 180M->94M(210M) 11.784ms
[2025-01-18T13:42:44.792+0000][24.541s][info ][gc,cpu      ] GC(50) User=0.07s Sys=0.01s Real=0.01s
[2025-01-18T13:42:44.793+0000][24.541s][info ][safepoint   ] Safepoint "G1CollectForAllocation", Time since last: 75673032 ns, Reaching safepoint: 580761 ns, Cleanup: 53925 ns, At safepoint: 12602726 ns, Total: 13237412 ns
[2025-01-18T13:42:45.283+0000][25.032s][debug][safepoint   ] Safepoint synchronization initiated using futex wait barrier. (28 threads)
[2025-01-18T13:42:45.284+0000][25.032s][info ][gc,start    ] GC(51) Pause Young (Normal) (G1 Evacuation Pause)
[2025-01-18T13:42:45.284+0000][25.032s][info ][gc,task     ] GC(51) Using 10 workers of 10 for evacuation
[2025-01-18T13:42:45.290+0000][25.038s][info ][gc,phases   ] GC(51)   Pre Evacuate Collection Set: 0.2ms
[2025-01-18T13:42:45.290+0000][25.039s][info ][gc,phases   ] GC(51)   Merge Heap Roots: 0.2ms
[2025-01-18T13:42:45.291+0000][25.039s][info ][gc,phases   ] GC(51)   Evacuate Collection Set: 3.7ms
[2025-01-18T13:42:45.291+0000][25.039s][info ][gc,phases   ] GC(51)   Post Evacuate Collection Set: 1.5ms
[2025-01-18T13:42:45.291+0000][25.039s][info ][gc,phases   ] GC(51)   Other: 0.5ms
[2025-01-18T13:42:45.291+0000][25.039s][info ][gc,heap     ] GC(51) Eden regions: 86->0(84)
[2025-01-18T13:42:45.291+0000][25.040s][info ][gc,heap     ] GC(51) Survivor regions: 7->7(12)
[2025-01-18T13:42:45.291+0000][25.040s][info ][gc,heap     ] GC(51) Old regions: 87->89
[2025-01-18T13:42:45.292+0000][25.040s][info ][gc,heap     ] GC(51) Archive regions: 2->2
[2025-01-18T13:42:45.292+0000][25.040s][info ][gc,heap     ] GC(51) Humongous regions: 0->0
[2025-01-18T13:42:45.292+0000][25.040s][info ][gc,metaspace] GC(51) Metaspace: 105217K(105856K)->105217K(105856K) NonClass: 91450K(91776K)->91450K(91776K) Class: 13767K(14080K)->13767K(14080K)
[2025-01-18T13:42:45.292+0000][25.040s][info ][gc          ] GC(51) Pause Young (Normal) (G1 Evacuation Pause) 180M->95M(210M) 8.329ms
[2025-01-18T13:42:45.292+0000][25.041s][info ][gc,cpu      ] GC(51) User=0.04s Sys=0.00s Real=0.01s
[2025-01-18T13:42:45.293+0000][25.041s][info ][safepoint   ] Safepoint "G1CollectForAllocation", Time since last: 490789350 ns, Reaching safepoint: 327633 ns, Cleanup: 52542 ns, At safepoint: 8816792 ns, Total: 9196967 ns
[2025-01-18T13:42:45.771+0000][25.520s][debug][safepoint   ] Safepoint synchronization initiated using futex wait barrier. (31 threads)
[2025-01-18T13:42:45.772+0000][25.520s][info ][gc,start    ] GC(52) Pause Young (Normal) (G1 Evacuation Pause)
[2025-01-18T13:42:45.772+0000][25.521s][info ][gc,task     ] GC(52) Using 10 workers of 10 for evacuation
[2025-01-18T13:42:45.779+0000][25.528s][info ][gc,phases   ] GC(52)   Pre Evacuate Collection Set: 0.3ms
[2025-01-18T13:42:45.780+0000][25.528s][info ][gc,phases   ] GC(52)   Merge Heap Roots: 0.2ms
[2025-01-18T13:42:45.780+0000][25.528s][info ][gc,phases   ] GC(52)   Evacuate Collection Set: 4.5ms
[2025-01-18T13:42:45.780+0000][25.528s][info ][gc,phases   ] GC(52)   Post Evacuate Collection Set: 1.7ms
[2025-01-18T13:42:45.780+0000][25.529s][info ][gc,phases   ] GC(52)   Other: 0.7ms
[2025-01-18T13:42:45.781+0000][25.529s][info ][gc,heap     ] GC(52) Eden regions: 84->0(82)
[2025-01-18T13:42:45.781+0000][25.529s][info ][gc,heap     ] GC(52) Survivor regions: 7->7(12)
[2025-01-18T13:42:45.781+0000][25.529s][info ][gc,heap     ] GC(52) Old regions: 89->91
[2025-01-18T13:42:45.781+0000][25.529s][info ][gc,heap     ] GC(52) Archive regions: 2->2
[2025-01-18T13:42:45.781+0000][25.529s][info ][gc,heap     ] GC(52) Humongous regions: 0->0
[2025-01-18T13:42:45.781+0000][25.530s][info ][gc,metaspace] GC(52) Metaspace: 106710K(107328K)->106710K(107328K) NonClass: 92778K(93120K)->92778K(93120K) Class: 13931K(14208K)->13931K(14208K)
[2025-01-18T13:42:45.782+0000][25.530s][info ][gc          ] GC(52) Pause Young (Normal) (G1 Evacuation Pause) 179M->98M(210M) 9.448ms
[2025-01-18T13:42:45.782+0000][25.530s][info ][gc,cpu      ] GC(52) User=0.05s Sys=0.00s Real=0.01s
[2025-01-18T13:42:45.782+0000][25.530s][info ][safepoint   ] Safepoint "G1CollectForAllocation", Time since last: 478725715 ns, Reaching safepoint: 512490 ns, Cleanup: 132095 ns, At safepoint: 9974750 ns, Total: 10619335 ns
[2025-01-18T13:42:46.380+0000][26.128s][debug][safepoint   ] Safepoint synchronization initiated using futex wait barrier. (37 threads)
[2025-01-18T13:42:46.381+0000][26.129s][info ][gc,start    ] GC(53) Pause Young (Normal) (G1 Evacuation Pause)
[2025-01-18T13:42:46.381+0000][26.129s][info ][gc,task     ] GC(53) Using 10 workers of 10 for evacuation
[2025-01-18T13:42:46.388+0000][26.136s][info ][gc,phases   ] GC(53)   Pre Evacuate Collection Set: 0.2ms
[2025-01-18T13:42:46.388+0000][26.136s][info ][gc,phases   ] GC(53)   Merge Heap Roots: 0.2ms
[2025-01-18T13:42:46.388+0000][26.136s][info ][gc,phases   ] GC(53)   Evacuate Collection Set: 4.7ms
[2025-01-18T13:42:46.388+0000][26.137s][info ][gc,phases   ] GC(53)   Post Evacuate Collection Set: 1.5ms
[2025-01-18T13:42:46.389+0000][26.137s][info ][gc,phases   ] GC(53)   Other: 0.6ms
[2025-01-18T13:42:46.389+0000][26.137s][info ][gc,heap     ] GC(53) Eden regions: 82->0(77)
[2025-01-18T13:42:46.389+0000][26.137s][info ][gc,heap     ] GC(53) Survivor regions: 7->9(12)
[2025-01-18T13:42:46.389+0000][26.137s][info ][gc,heap     ] GC(53) Old regions: 91->92
[2025-01-18T13:42:46.389+0000][26.138s][info ][gc,heap     ] GC(53) Archive regions: 2->2
[2025-01-18T13:42:46.389+0000][26.138s][info ][gc,heap     ] GC(53) Humongous regions: 0->0
[2025-01-18T13:42:46.390+0000][26.138s][info ][gc,metaspace] GC(53) Metaspace: 108157K(108736K)->108157K(108736K) NonClass: 94100K(94400K)->94100K(94400K) Class: 14056K(14336K)->14056K(14336K)
[2025-01-18T13:42:46.390+0000][26.138s][info ][gc          ] GC(53) Pause Young (Normal) (G1 Evacuation Pause) 180M->100M(210M) 9.245ms
[2025-01-18T13:42:46.390+0000][26.138s][info ][gc,cpu      ] GC(53) User=0.06s Sys=0.01s Real=0.01s
[2025-01-18T13:42:46.391+0000][26.139s][info ][safepoint   ] Safepoint "G1CollectForAllocation", Time since last: 598045616 ns, Reaching safepoint: 331922 ns, Cleanup: 72931 ns, At safepoint: 10024016 ns, Total: 10428869 ns
[2025-01-18T13:42:46.435+0000][26.183s][debug][safepoint   ] ... found polling page loop exception at pc = 0x00007fef315229ce, stub =0x00007fef30af5400
[2025-01-18T13:42:46.755+0000][26.503s][debug][safepoint   ] Safepoint synchronization initiated using futex wait barrier. (37 threads)
[2025-01-18T13:42:46.756+0000][26.504s][info ][gc,start    ] GC(54) Pause Young (Normal) (G1 Evacuation Pause)
[2025-01-18T13:42:46.756+0000][26.504s][info ][gc,task     ] GC(54) Using 10 workers of 10 for evacuation
[2025-01-18T13:42:46.764+0000][26.512s][info ][gc,phases   ] GC(54)   Pre Evacuate Collection Set: 0.3ms
[2025-01-18T13:42:46.764+0000][26.513s][info ][gc,phases   ] GC(54)   Merge Heap Roots: 0.2ms
[2025-01-18T13:42:46.765+0000][26.513s][info ][gc,phases   ] GC(54)   Evacuate Collection Set: 5.6ms
[2025-01-18T13:42:46.765+0000][26.513s][info ][gc,phases   ] GC(54)   Post Evacuate Collection Set: 1.5ms
[2025-01-18T13:42:46.765+0000][26.513s][info ][gc,phases   ] GC(54)   Other: 0.6ms
[2025-01-18T13:42:46.765+0000][26.513s][info ][gc,heap     ] GC(54) Eden regions: 77->0(78)
[2025-01-18T13:42:46.765+0000][26.514s][info ][gc,heap     ] GC(54) Survivor regions: 9->7(11)
[2025-01-18T13:42:46.765+0000][26.514s][info ][gc,heap     ] GC(54) Old regions: 92->95
[2025-01-18T13:42:46.766+0000][26.514s][info ][gc,heap     ] GC(54) Archive regions: 2->2
[2025-01-18T13:42:46.766+0000][26.514s][info ][gc,heap     ] GC(54) Humongous regions: 0->0
[2025-01-18T13:42:46.766+0000][26.514s][info ][gc,metaspace] GC(54) Metaspace: 109523K(110208K)->109523K(110208K) NonClass: 95319K(95680K)->95319K(95680K) Class: 14204K(14528K)->14204K(14528K)
[2025-01-18T13:42:46.766+0000][26.515s][info ][gc          ] GC(54) Pause Young (Normal) (G1 Evacuation Pause) 177M->101M(210M) 10.831ms
[2025-01-18T13:42:46.767+0000][26.515s][info ][gc,cpu      ] GC(54) User=0.08s Sys=0.02s Real=0.02s
[2025-01-18T13:42:46.768+0000][26.516s][info ][safepoint   ] Safepoint "G1CollectForAllocation", Time since last: 364495664 ns, Reaching safepoint: 404020 ns, Cleanup: 120513 ns, At safepoint: 12092263 ns, Total: 12616796 ns
[2025-01-18T13:42:46.841+0000][26.590s][debug][safepoint   ] Safepoint synchronization initiated using futex wait barrier. (37 threads)
[2025-01-18T13:42:46.842+0000][26.590s][info ][gc,start    ] GC(55) Pause Young (Concurrent Start) (Metadata GC Threshold)
[2025-01-18T13:42:46.842+0000][26.590s][info ][gc,task     ] GC(55) Using 10 workers of 10 for evacuation
[2025-01-18T13:42:46.847+0000][26.596s][info ][gc,phases   ] GC(55)   Pre Evacuate Collection Set: 0.4ms
[2025-01-18T13:42:46.848+0000][26.596s][info ][gc,phases   ] GC(55)   Merge Heap Roots: 0.2ms
[2025-01-18T13:42:46.848+0000][26.596s][info ][gc,phases   ] GC(55)   Evacuate Collection Set: 3.1ms
[2025-01-18T13:42:46.848+0000][26.596s][info ][gc,phases   ] GC(55)   Post Evacuate Collection Set: 1.2ms
[2025-01-18T13:42:46.848+0000][26.596s][info ][gc,phases   ] GC(55)   Other: 0.7ms
[2025-01-18T13:42:46.848+0000][26.597s][info ][gc,heap     ] GC(55) Eden regions: 10->0(78)
[2025-01-18T13:42:46.849+0000][26.597s][info ][gc,heap     ] GC(55) Survivor regions: 7->5(11)
[2025-01-18T13:42:46.849+0000][26.597s][info ][gc,heap     ] GC(55) Old regions: 95->97
[2025-01-18T13:42:46.849+0000][26.597s][info ][gc,heap     ] GC(55) Archive regions: 2->2
[2025-01-18T13:42:46.849+0000][26.597s][info ][gc,heap     ] GC(55) Humongous regions: 0->0
[2025-01-18T13:42:46.849+0000][26.598s][info ][gc,metaspace] GC(55) Metaspace: 109575K(110208K)->109575K(110208K) NonClass: 95366K(95680K)->95366K(95680K) Class: 14209K(14528K)->14209K(14528K)
[2025-01-18T13:42:46.850+0000][26.598s][info ][gc          ] GC(55) Pause Young (Concurrent Start) (Metadata GC Threshold) 111M->102M(210M) 7.715ms
[2025-01-18T13:42:46.850+0000][26.598s][info ][gc,cpu      ] GC(55) User=0.02s Sys=0.01s Real=0.01s
[2025-01-18T13:42:46.850+0000][26.598s][info ][gc          ] GC(56) Concurrent Mark Cycle
[2025-01-18T13:42:46.850+0000][26.598s][info ][gc,marking  ] GC(56) Concurrent Clear Claimed Marks
[2025-01-18T13:42:46.850+0000][26.598s][info ][safepoint   ] Safepoint "CollectForMetadataAllocation", Time since last: 73679127 ns, Reaching safepoint: 391908 ns, Cleanup: 78922 ns, At safepoint: 8193909 ns, Total: 8664739 ns
[2025-01-18T13:42:46.850+0000][26.599s][info ][gc,marking  ] GC(56) Concurrent Clear Claimed Marks 0.309ms
[2025-01-18T13:42:46.851+0000][26.599s][info ][gc,marking  ] GC(56) Concurrent Scan Root Regions
[2025-01-18T13:42:46.853+0000][26.602s][info ][gc,marking  ] GC(56) Concurrent Scan Root Regions 2.815ms
[2025-01-18T13:42:46.854+0000][26.602s][info ][gc,marking  ] GC(56) Concurrent Mark
[2025-01-18T13:42:46.854+0000][26.602s][info ][gc,marking  ] GC(56) Concurrent Mark From Roots
[2025-01-18T13:42:46.854+0000][26.602s][info ][gc,task     ] GC(56) Using 3 workers of 3 for marking
[2025-01-18T13:42:46.905+0000][26.653s][info ][gc,marking  ] GC(56) Concurrent Mark From Roots 50.889ms
[2025-01-18T13:42:46.905+0000][26.653s][info ][gc,marking  ] GC(56) Concurrent Preclean
[2025-01-18T13:42:46.906+0000][26.654s][info ][gc,marking  ] GC(56) Concurrent Preclean 0.571ms
[2025-01-18T13:42:46.906+0000][26.654s][debug][safepoint   ] Safepoint synchronization initiated using futex wait barrier. (37 threads)
[2025-01-18T13:42:46.907+0000][26.655s][info ][gc,start    ] GC(56) Pause Remark
[2025-01-18T13:42:46.912+0000][26.661s][info ][gc          ] GC(56) Pause Remark 112M->112M(210M) 5.836ms
[2025-01-18T13:42:46.913+0000][26.661s][info ][gc,cpu      ] GC(56) User=0.03s Sys=0.00s Real=0.00s
[2025-01-18T13:42:46.913+0000][26.661s][info ][safepoint   ] Safepoint "G1PauseRemark", Time since last: 56300748 ns, Reaching safepoint: 334085 ns, Cleanup: 23105 ns, At safepoint: 6438240 ns, Total: 6795430 ns
[2025-01-18T13:42:46.913+0000][26.662s][info ][gc,marking  ] GC(56) Concurrent Mark 59.592ms
[2025-01-18T13:42:46.913+0000][26.662s][info ][gc,marking  ] GC(56) Concurrent Rebuild Remembered Sets
[2025-01-18T13:42:46.944+0000][26.692s][info ][gc,marking  ] GC(56) Concurrent Rebuild Remembered Sets 30.585ms
[2025-01-18T13:42:46.944+0000][26.693s][debug][safepoint   ] Safepoint synchronization initiated using futex wait barrier. (37 threads)
[2025-01-18T13:42:46.945+0000][26.693s][info ][gc,start    ] GC(56) Pause Cleanup
[2025-01-18T13:42:46.945+0000][26.694s][info ][gc          ] GC(56) Pause Cleanup 115M->115M(210M) 0.549ms
[2025-01-18T13:42:46.946+0000][26.694s][info ][gc,cpu      ] GC(56) User=0.00s Sys=0.00s Real=0.00s
[2025-01-18T13:42:46.946+0000][26.694s][info ][safepoint   ] Safepoint "G1PauseCleanup", Time since last: 31410688 ns, Reaching safepoint: 309909 ns, Cleanup: 12314 ns, At safepoint: 1092991 ns, Total: 1415214 ns
[2025-01-18T13:42:46.946+0000][26.694s][info ][gc,marking  ] GC(56) Concurrent Cleanup for Next Mark
[2025-01-18T13:42:46.947+0000][26.695s][info ][gc,marking  ] GC(56) Concurrent Cleanup for Next Mark 0.498ms
[2025-01-18T13:42:46.947+0000][26.695s][info ][gc          ] GC(56) Concurrent Mark Cycle 97.123ms
[2025-01-18T13:42:47.436+0000][27.184s][debug][safepoint   ] Safepoint synchronization initiated using futex wait barrier. (41 threads)
[2025-01-18T13:42:47.440+0000][27.188s][info ][gc,start    ] GC(57) Pause Young (Prepare Mixed) (G1 Evacuation Pause)
[2025-01-18T13:42:47.440+0000][27.188s][info ][gc,task     ] GC(57) Using 10 workers of 10 for evacuation
[2025-01-18T13:42:47.448+0000][27.196s][info ][gc,phases   ] GC(57)   Pre Evacuate Collection Set: 0.3ms
[2025-01-18T13:42:47.448+0000][27.196s][info ][gc,phases   ] GC(57)   Merge Heap Roots: 0.3ms
[2025-01-18T13:42:47.448+0000][27.196s][info ][gc,phases   ] GC(57)   Evacuate Collection Set: 4.5ms
[2025-01-18T13:42:47.448+0000][27.197s][info ][gc,phases   ] GC(57)   Post Evacuate Collection Set: 2.2ms
[2025-01-18T13:42:47.449+0000][27.197s][info ][gc,phases   ] GC(57)   Other: 0.9ms
[2025-01-18T13:42:47.449+0000][27.197s][info ][gc,heap     ] GC(57) Eden regions: 78->0(3)
[2025-01-18T13:42:47.449+0000][27.197s][info ][gc,heap     ] GC(57) Survivor regions: 5->7(11)
[2025-01-18T13:42:47.449+0000][27.198s][info ][gc,heap     ] GC(57) Old regions: 97->97
[2025-01-18T13:42:47.450+0000][27.198s][info ][gc,heap     ] GC(57) Archive regions: 2->2
[2025-01-18T13:42:47.450+0000][27.198s][info ][gc,heap     ] GC(57) Humongous regions: 0->0
[2025-01-18T13:42:47.451+0000][27.199s][info ][gc,metaspace] GC(57) Metaspace: 110399K(111040K)->110399K(111040K) NonClass: 96048K(96384K)->96048K(96384K) Class: 14351K(14656K)->14351K(14656K)
[2025-01-18T13:42:47.451+0000][27.199s][info ][gc          ] GC(57) Pause Young (Prepare Mixed) (G1 Evacuation Pause) 180M->104M(210M) 11.322ms
[2025-01-18T13:42:47.451+0000][27.199s][info ][gc,cpu      ] GC(57) User=0.07s Sys=0.00s Real=0.01s
[2025-01-18T13:42:47.452+0000][27.200s][info ][safepoint   ] Safepoint "G1CollectForAllocation", Time since last: 490002002 ns, Reaching safepoint: 3463388 ns, Cleanup: 123729 ns, At safepoint: 12153823 ns, Total: 15740940 ns
[2025-01-18T13:42:47.460+0000][27.208s][debug][safepoint   ] Safepoint synchronization initiated using futex wait barrier. (41 threads)
[2025-01-18T13:42:47.460+0000][27.209s][info ][gc,start    ] GC(58) Pause Young (Mixed) (G1 Evacuation Pause)
[2025-01-18T13:42:47.461+0000][27.209s][info ][gc,task     ] GC(58) Using 10 workers of 10 for evacuation
[2025-01-18T13:42:47.468+0000][27.217s][info ][gc,phases   ] GC(58)   Pre Evacuate Collection Set: 0.3ms
[2025-01-18T13:42:47.469+0000][27.217s][info ][gc,phases   ] GC(58)   Merge Heap Roots: 0.2ms
[2025-01-18T13:42:47.469+0000][27.218s][info ][gc,phases   ] GC(58)   Evacuate Collection Set: 5.2ms
[2025-01-18T13:42:47.470+0000][27.218s][info ][gc,phases   ] GC(58)   Post Evacuate Collection Set: 1.7ms
[2025-01-18T13:42:47.470+0000][27.218s][info ][gc,phases   ] GC(58)   Other: 0.7ms
[2025-01-18T13:42:47.470+0000][27.219s][info ][gc,heap     ] GC(58) Eden regions: 3->0(76)
[2025-01-18T13:42:47.471+0000][27.219s][info ][gc,heap     ] GC(58) Survivor regions: 7->1(2)
[2025-01-18T13:42:47.471+0000][27.219s][info ][gc,heap     ] GC(58) Old regions: 97->102
[2025-01-18T13:42:47.472+0000][27.220s][info ][gc,heap     ] GC(58) Archive regions: 2->2
[2025-01-18T13:42:47.472+0000][27.221s][info ][gc,heap     ] GC(58) Humongous regions: 0->0
[2025-01-18T13:42:47.473+0000][27.221s][info ][gc,metaspace] GC(58) Metaspace: 110399K(111040K)->110399K(111040K) NonClass: 96048K(96384K)->96048K(96384K) Class: 14351K(14656K)->14351K(14656K)
[2025-01-18T13:42:47.474+0000][27.222s][info ][gc          ] GC(58) Pause Young (Mixed) (G1 Evacuation Pause) 107M->103M(210M) 13.556ms
[2025-01-18T13:42:47.474+0000][27.223s][info ][gc,cpu      ] GC(58) User=0.04s Sys=0.02s Real=0.01s
[2025-01-18T13:42:47.475+0000][27.223s][info ][safepoint   ] Safepoint "G1CollectForAllocation", Time since last: 8046493 ns, Reaching safepoint: 602734 ns, Cleanup: 19769 ns, At safepoint: 14744915 ns, Total: 15367418 ns
[2025-01-18T13:42:48.092+0000][27.840s][debug][safepoint   ] Safepoint synchronization initiated using futex wait barrier. (41 threads)
[2025-01-18T13:42:48.092+0000][27.841s][info ][safepoint   ] Safepoint "ICBufferFull", Time since last: 616839374 ns, Reaching safepoint: 409721 ns, Cleanup: 181631 ns, At safepoint: 7074 ns, Total: 598426 ns
[2025-01-18T13:42:48.283+0000][28.031s][debug][safepoint   ] Safepoint synchronization initiated using futex wait barrier. (41 threads)
[2025-01-18T13:42:48.283+0000][28.031s][info ][gc,start    ] GC(59) Pause Young (Normal) (G1 Evacuation Pause)
[2025-01-18T13:42:48.283+0000][28.032s][info ][gc,task     ] GC(59) Using 10 workers of 10 for evacuation
[2025-01-18T13:42:48.288+0000][28.036s][info ][gc,phases   ] GC(59)   Pre Evacuate Collection Set: 0.4ms
[2025-01-18T13:42:48.289+0000][28.037s][info ][gc,phases   ] GC(59)   Merge Heap Roots: 0.4ms
[2025-01-18T13:42:48.289+0000][28.037s][info ][gc,phases   ] GC(59)   Evacuate Collection Set: 2.4ms
[2025-01-18T13:42:48.289+0000][28.037s][info ][gc,phases   ] GC(59)   Post Evacuate Collection Set: 1.2ms
[2025-01-18T13:42:48.289+0000][28.037s][info ][gc,phases   ] GC(59)   Other: 0.8ms
[2025-01-18T13:42:48.289+0000][28.038s][info ][gc,heap     ] GC(59) Eden regions: 76->0(75)
[2025-01-18T13:42:48.290+0000][28.038s][info ][gc,heap     ] GC(59) Survivor regions: 1->3(10)
[2025-01-18T13:42:48.290+0000][28.038s][info ][gc,heap     ] GC(59) Old regions: 102->102
[2025-01-18T13:42:48.290+0000][28.038s][info ][gc,heap     ] GC(59) Archive regions: 2->2
[2025-01-18T13:42:48.290+0000][28.038s][info ][gc,heap     ] GC(59) Humongous regions: 0->0
[2025-01-18T13:42:48.290+0000][28.039s][info ][gc,metaspace] GC(59) Metaspace: 113377K(114048K)->113377K(114048K) NonClass: 98758K(99136K)->98758K(99136K) Class: 14619K(14912K)->14619K(14912K)
[2025-01-18T13:42:48.291+0000][28.039s][info ][gc          ] GC(59) Pause Young (Normal) (G1 Evacuation Pause) 179M->104M(210M) 7.479ms
[2025-01-18T13:42:48.291+0000][28.039s][info ][gc,cpu      ] GC(59) User=0.03s Sys=0.00s Real=0.01s
[2025-01-18T13:42:48.291+0000][28.039s][info ][safepoint   ] Safepoint "G1CollectForAllocation", Time since last: 190096003 ns, Reaching safepoint: 433959 ns, Cleanup: 100403 ns, At safepoint: 7963628 ns, Total: 8497990 ns
[2025-01-18T13:42:49.045+0000][28.794s][debug][safepoint   ] Safepoint synchronization initiated using futex wait barrier. (41 threads)
[2025-01-18T13:42:49.046+0000][28.794s][info ][gc,start    ] GC(60) Pause Young (Normal) (G1 Evacuation Pause)
[2025-01-18T13:42:49.046+0000][28.794s][info ][gc,task     ] GC(60) Using 10 workers of 10 for evacuation
[2025-01-18T13:42:49.053+0000][28.801s][info ][gc,phases   ] GC(60)   Pre Evacuate Collection Set: 0.3ms
[2025-01-18T13:42:49.053+0000][28.802s][info ][gc,phases   ] GC(60)   Merge Heap Roots: 0.2ms
[2025-01-18T13:42:49.054+0000][28.802s][info ][gc,phases   ] GC(60)   Evacuate Collection Set: 4.5ms
[2025-01-18T13:42:49.054+0000][28.802s][info ][gc,phases   ] GC(60)   Post Evacuate Collection Set: 1.5ms
[2025-01-18T13:42:49.054+0000][28.802s][info ][gc,phases   ] GC(60)   Other: 0.7ms
[2025-01-18T13:42:49.054+0000][28.803s][info ][gc,heap     ] GC(60) Eden regions: 75->0(73)
[2025-01-18T13:42:49.055+0000][28.803s][info ][gc,heap     ] GC(60) Survivor regions: 3->5(10)
[2025-01-18T13:42:49.055+0000][28.803s][info ][gc,heap     ] GC(60) Old regions: 102->102
[2025-01-18T13:42:49.055+0000][28.803s][info ][gc,heap     ] GC(60) Archive regions: 2->2
[2025-01-18T13:42:49.055+0000][28.804s][info ][gc,heap     ] GC(60) Humongous regions: 0->0
[2025-01-18T13:42:49.055+0000][28.804s][info ][gc,metaspace] GC(60) Metaspace: 115180K(115904K)->115180K(115904K) NonClass: 100361K(100736K)->100361K(100736K) Class: 14818K(15168K)->14818K(15168K)
[2025-01-18T13:42:49.056+0000][28.804s][info ][gc          ] GC(60) Pause Young (Normal) (G1 Evacuation Pause) 179M->106M(210M) 9.781ms
[2025-01-18T13:42:49.056+0000][28.804s][info ][gc,cpu      ] GC(60) User=0.04s Sys=0.00s Real=0.01s
[2025-01-18T13:42:49.056+0000][28.804s][info ][safepoint   ] Safepoint "G1CollectForAllocation", Time since last: 754369454 ns, Reaching safepoint: 314959 ns, Cleanup: 145140 ns, At safepoint: 10316851 ns, Total: 10776950 ns
[2025-01-18T13:42:49.607+0000][29.356s][debug][safepoint   ] Safepoint synchronization initiated using futex wait barrier. (42 threads)
[2025-01-18T13:42:49.608+0000][29.356s][info ][gc,start    ] GC(61) Pause Young (Normal) (G1 Evacuation Pause)
[2025-01-18T13:42:49.608+0000][29.356s][info ][gc,task     ] GC(61) Using 10 workers of 10 for evacuation
[2025-01-18T13:42:49.615+0000][29.363s][info ][gc,phases   ] GC(61)   Pre Evacuate Collection Set: 0.5ms
[2025-01-18T13:42:49.615+0000][29.364s][info ][gc,phases   ] GC(61)   Merge Heap Roots: 0.4ms
[2025-01-18T13:42:49.616+0000][29.364s][info ][gc,phases   ] GC(61)   Evacuate Collection Set: 4.1ms
[2025-01-18T13:42:49.616+0000][29.364s][info ][gc,phases   ] GC(61)   Post Evacuate Collection Set: 1.6ms
[2025-01-18T13:42:49.616+0000][29.364s][info ][gc,phases   ] GC(61)   Other: 0.8ms
[2025-01-18T13:42:49.616+0000][29.365s][info ][gc,heap     ] GC(61) Eden regions: 73->0(71)
[2025-01-18T13:42:49.616+0000][29.365s][info ][gc,heap     ] GC(61) Survivor regions: 5->7(10)
[2025-01-18T13:42:49.617+0000][29.365s][info ][gc,heap     ] GC(61) Old regions: 102->102
[2025-01-18T13:42:49.617+0000][29.365s][info ][gc,heap     ] GC(61) Archive regions: 2->2
[2025-01-18T13:42:49.617+0000][29.365s][info ][gc,heap     ] GC(61) Humongous regions: 0->0
[2025-01-18T13:42:49.617+0000][29.365s][info ][gc,metaspace] GC(61) Metaspace: 116129K(116800K)->116129K(116800K) NonClass: 101223K(101568K)->101223K(101568K) Class: 14905K(15232K)->14905K(15232K)
[2025-01-18T13:42:49.617+0000][29.366s][info ][gc          ] GC(61) Pause Young (Normal) (G1 Evacuation Pause) 179M->108M(210M) 9.636ms
[2025-01-18T13:42:49.618+0000][29.366s][info ][gc,cpu      ] GC(61) User=0.06s Sys=0.00s Real=0.01s
[2025-01-18T13:42:49.618+0000][29.366s][info ][safepoint   ] Safepoint "G1CollectForAllocation", Time since last: 551068593 ns, Reaching safepoint: 451943 ns, Cleanup: 63282 ns, At safepoint: 10212188 ns, Total: 10727413 ns
[2025-01-18T13:42:49.942+0000][29.690s][debug][safepoint   ] Safepoint synchronization initiated using futex wait barrier. (42 threads)
[2025-01-18T13:42:49.942+0000][29.690s][info ][gc,start    ] GC(62) Pause Young (Normal) (G1 Evacuation Pause)
[2025-01-18T13:42:49.942+0000][29.691s][info ][gc,task     ] GC(62) Using 10 workers of 10 for evacuation
[2025-01-18T13:42:49.950+0000][29.698s][info ][gc,phases   ] GC(62)   Pre Evacuate Collection Set: 0.3ms
[2025-01-18T13:42:49.950+0000][29.698s][info ][gc,phases   ] GC(62)   Merge Heap Roots: 0.4ms
[2025-01-18T13:42:49.950+0000][29.698s][info ][gc,phases   ] GC(62)   Evacuate Collection Set: 4.6ms
[2025-01-18T13:42:49.950+0000][29.699s][info ][gc,phases   ] GC(62)   Post Evacuate Collection Set: 1.7ms
[2025-01-18T13:42:49.951+0000][29.699s][info ][gc,phases   ] GC(62)   Other: 0.5ms
[2025-01-18T13:42:49.951+0000][29.699s][info ][gc,heap     ] GC(62) Eden regions: 71->0(72)
[2025-01-18T13:42:49.951+0000][29.699s][info ][gc,heap     ] GC(62) Survivor regions: 7->5(10)
[2025-01-18T13:42:49.951+0000][29.700s][info ][gc,heap     ] GC(62) Old regions: 102->104
[2025-01-18T13:42:49.952+0000][29.700s][info ][gc,heap     ] GC(62) Archive regions: 2->2
[2025-01-18T13:42:49.952+0000][29.700s][info ][gc,heap     ] GC(62) Humongous regions: 0->0
[2025-01-18T13:42:49.952+0000][29.700s][info ][gc,metaspace] GC(62) Metaspace: 116756K(117504K)->116756K(117504K) NonClass: 101749K(102144K)->101749K(102144K) Class: 15006K(15360K)->15006K(15360K)
[2025-01-18T13:42:49.952+0000][29.701s][info ][gc          ] GC(62) Pause Young (Normal) (G1 Evacuation Pause) 179M->109M(210M) 10.095ms
[2025-01-18T13:42:49.953+0000][29.701s][info ][gc,cpu      ] GC(62) User=0.04s Sys=0.00s Real=0.01s
[2025-01-18T13:42:49.954+0000][29.702s][info ][safepoint   ] Safepoint "G1CollectForAllocation", Time since last: 323804593 ns, Reaching safepoint: 262440 ns, Cleanup: 114401 ns, At safepoint: 11358414 ns, Total: 11735255 ns
[2025-01-18T13:42:50.453+0000][30.202s][debug][safepoint   ] Safepoint synchronization initiated using futex wait barrier. (46 threads)
[2025-01-18T13:42:50.454+0000][30.202s][info ][gc,start    ] GC(63) Pause Young (Normal) (G1 Evacuation Pause)
[2025-01-18T13:42:50.454+0000][30.203s][info ][gc,task     ] GC(63) Using 10 workers of 10 for evacuation
[2025-01-18T13:42:50.465+0000][30.213s][info ][gc,phases   ] GC(63)   Pre Evacuate Collection Set: 0.3ms
[2025-01-18T13:42:50.466+0000][30.214s][info ][gc,phases   ] GC(63)   Merge Heap Roots: 0.2ms
[2025-01-18T13:42:50.466+0000][30.214s][info ][gc,phases   ] GC(63)   Evacuate Collection Set: 8.0ms
[2025-01-18T13:42:50.466+0000][30.214s][info ][gc,phases   ] GC(63)   Post Evacuate Collection Set: 2.0ms
[2025-01-18T13:42:50.467+0000][30.215s][info ][gc,phases   ] GC(63)   Other: 0.8ms
[2025-01-18T13:42:50.467+0000][30.215s][info ][gc,heap     ] GC(63) Eden regions: 72->0(67)
[2025-01-18T13:42:50.467+0000][30.215s][info ][gc,heap     ] GC(63) Survivor regions: 5->8(10)
[2025-01-18T13:42:50.467+0000][30.215s][info ][gc,heap     ] GC(63) Old regions: 104->104
[2025-01-18T13:42:50.467+0000][30.216s][info ][gc,heap     ] GC(63) Archive regions: 2->2
[2025-01-18T13:42:50.468+0000][30.216s][info ][gc,heap     ] GC(63) Humongous regions: 0->0
[2025-01-18T13:42:50.468+0000][30.216s][info ][gc,metaspace] GC(63) Metaspace: 120441K(121152K)->120441K(121152K) NonClass: 105005K(105344K)->105005K(105344K) Class: 15436K(15808K)->15436K(15808K)
[2025-01-18T13:42:50.468+0000][30.216s][info ][gc          ] GC(63) Pause Young (Normal) (G1 Evacuation Pause) 181M->112M(210M) 13.905ms
[2025-01-18T13:42:50.468+0000][30.216s][info ][gc,cpu      ] GC(63) User=0.09s Sys=0.00s Real=0.02s
[2025-01-18T13:42:50.468+0000][30.217s][info ][safepoint   ] Safepoint "G1CollectForAllocation", Time since last: 499920270 ns, Reaching safepoint: 458572 ns, Cleanup: 45931 ns, At safepoint: 14458446 ns, Total: 14962949 ns
[2025-01-18T13:42:50.908+0000][30.656s][debug][safepoint   ] Safepoint synchronization initiated using futex wait barrier. (52 threads)
[2025-01-18T13:42:50.909+0000][30.657s][info ][gc,start    ] GC(64) Pause Young (Normal) (G1 Evacuation Pause)
[2025-01-18T13:42:50.909+0000][30.657s][info ][gc,task     ] GC(64) Using 10 workers of 10 for evacuation
[2025-01-18T13:42:50.918+0000][30.666s][info ][gc,phases   ] GC(64)   Pre Evacuate Collection Set: 0.3ms
[2025-01-18T13:42:50.918+0000][30.666s][info ][gc,phases   ] GC(64)   Merge Heap Roots: 0.2ms
[2025-01-18T13:42:50.918+0000][30.666s][info ][gc,phases   ] GC(64)   Evacuate Collection Set: 6.1ms
[2025-01-18T13:42:50.918+0000][30.667s][info ][gc,phases   ] GC(64)   Post Evacuate Collection Set: 1.9ms
[2025-01-18T13:42:50.918+0000][30.667s][info ][gc,phases   ] GC(64)   Other: 0.6ms
[2025-01-18T13:42:50.919+0000][30.667s][info ][gc,heap     ] GC(64) Eden regions: 67->0(67)
[2025-01-18T13:42:50.919+0000][30.667s][info ][gc,heap     ] GC(64) Survivor regions: 8->6(10)
[2025-01-18T13:42:50.919+0000][30.667s][info ][gc,heap     ] GC(64) Old regions: 104->107
[2025-01-18T13:42:50.919+0000][30.667s][info ][gc,heap     ] GC(64) Archive regions: 2->2
[2025-01-18T13:42:50.919+0000][30.667s][info ][gc,heap     ] GC(64) Humongous regions: 1->0
[2025-01-18T13:42:50.919+0000][30.668s][info ][gc,metaspace] GC(64) Metaspace: 123234K(124032K)->123234K(124032K) NonClass: 107617K(108032K)->107617K(108032K) Class: 15616K(16000K)->15616K(16000K)
[2025-01-18T13:42:50.920+0000][30.668s][info ][gc          ] GC(64) Pause Young (Normal) (G1 Evacuation Pause) 180M->113M(210M) 10.956ms
[2025-01-18T13:42:50.920+0000][30.668s][info ][gc,cpu      ] GC(64) User=0.06s Sys=0.00s Real=0.01s
[2025-01-18T13:42:50.920+0000][30.668s][info ][safepoint   ] Safepoint "G1CollectForAllocation", Time since last: 439665718 ns, Reaching safepoint: 384130 ns, Cleanup: 88813 ns, At safepoint: 11363217 ns, Total: 11836160 ns
[2025-01-18T13:42:51.216+0000][30.964s][debug][safepoint   ] Safepoint synchronization initiated using futex wait barrier. (52 threads)
[2025-01-18T13:42:51.216+0000][30.965s][info ][gc,start    ] GC(65) Pause Young (Normal) (G1 Evacuation Pause)
[2025-01-18T13:42:51.217+0000][30.965s][info ][gc,task     ] GC(65) Using 10 workers of 10 for evacuation
[2025-01-18T13:42:51.223+0000][30.971s][info ][gc,phases   ] GC(65)   Pre Evacuate Collection Set: 0.3ms
[2025-01-18T13:42:51.224+0000][30.972s][info ][gc,phases   ] GC(65)   Merge Heap Roots: 0.3ms
[2025-01-18T13:42:51.224+0000][30.972s][info ][gc,phases   ] GC(65)   Evacuate Collection Set: 4.1ms
[2025-01-18T13:42:51.224+0000][30.972s][info ][gc,phases   ] GC(65)   Post Evacuate Collection Set: 1.4ms
[2025-01-18T13:42:51.224+0000][30.973s][info ][gc,phases   ] GC(65)   Other: 0.7ms
[2025-01-18T13:42:51.225+0000][30.973s][info ][gc,heap     ] GC(65) Eden regions: 67->0(67)
[2025-01-18T13:42:51.225+0000][30.973s][info ][gc,heap     ] GC(65) Survivor regions: 6->6(10)
[2025-01-18T13:42:51.225+0000][30.973s][info ][gc,heap     ] GC(65) Old regions: 107->108
[2025-01-18T13:42:51.225+0000][30.974s][info ][gc,heap     ] GC(65) Archive regions: 2->2
[2025-01-18T13:42:51.226+0000][30.974s][info ][gc,heap     ] GC(65) Humongous regions: 0->0
[2025-01-18T13:42:51.226+0000][30.974s][info ][gc,metaspace] GC(65) Metaspace: 125093K(125760K)->125093K(125760K) NonClass: 109277K(109632K)->109277K(109632K) Class: 15815K(16128K)->15815K(16128K)
[2025-01-18T13:42:51.226+0000][30.974s][info ][gc          ] GC(65) Pause Young (Normal) (G1 Evacuation Pause) 180M->114M(210M) 9.613ms
[2025-01-18T13:42:51.226+0000][30.975s][info ][gc,cpu      ] GC(65) User=0.03s Sys=0.00s Real=0.01s
[2025-01-18T13:42:51.227+0000][30.975s][info ][safepoint   ] Safepoint "G1CollectForAllocation", Time since last: 296082878 ns, Reaching safepoint: 408310 ns, Cleanup: 22647 ns, At safepoint: 10341554 ns, Total: 10772511 ns
[2025-01-18T13:42:51.541+0000][31.290s][debug][safepoint   ] Safepoint synchronization initiated using futex wait barrier. (51 threads)
[2025-01-18T13:42:51.542+0000][31.290s][info ][gc,start    ] GC(66) Pause Young (Normal) (G1 Evacuation Pause)
[2025-01-18T13:42:51.542+0000][31.290s][info ][gc,task     ] GC(66) Using 10 workers of 10 for evacuation
[2025-01-18T13:42:51.548+0000][31.296s][info ][gc,phases   ] GC(66)   Pre Evacuate Collection Set: 0.3ms
[2025-01-18T13:42:51.548+0000][31.296s][info ][gc,phases   ] GC(66)   Merge Heap Roots: 0.2ms
[2025-01-18T13:42:51.548+0000][31.296s][info ][gc,phases   ] GC(66)   Evacuate Collection Set: 3.3ms
[2025-01-18T13:42:51.548+0000][31.296s][info ][gc,phases   ] GC(66)   Post Evacuate Collection Set: 1.7ms
[2025-01-18T13:42:51.548+0000][31.296s][info ][gc,phases   ] GC(66)   Other: 0.4ms
[2025-01-18T13:42:51.548+0000][31.297s][info ][gc,heap     ] GC(66) Eden regions: 67->0(102)
[2025-01-18T13:42:51.549+0000][31.297s][info ][gc,heap     ] GC(66) Survivor regions: 6->3(10)
[2025-01-18T13:42:51.549+0000][31.297s][info ][gc,heap     ] GC(66) Old regions: 108->112
[2025-01-18T13:42:51.549+0000][31.297s][info ][gc,heap     ] GC(66) Archive regions: 2->2
[2025-01-18T13:42:51.549+0000][31.297s][info ][gc,heap     ] GC(66) Humongous regions: 0->0
[2025-01-18T13:42:51.549+0000][31.297s][info ][gc,metaspace] GC(66) Metaspace: 126439K(127104K)->126439K(127104K) NonClass: 110433K(110784K)->110433K(110784K) Class: 16005K(16320K)->16005K(16320K)
[2025-01-18T13:42:51.549+0000][31.297s][info ][gc          ] GC(66) Pause Young (Normal) (G1 Evacuation Pause) 181M->115M(252M) 7.669ms
[2025-01-18T13:42:51.549+0000][31.298s][info ][gc,cpu      ] GC(66) User=0.03s Sys=0.00s Real=0.01s
[2025-01-18T13:42:51.550+0000][31.298s][info ][safepoint   ] Safepoint "G1CollectForAllocation", Time since last: 314486013 ns, Reaching safepoint: 275267 ns, Cleanup: 10702 ns, At safepoint: 7993119 ns, Total: 8279088 ns
[2025-01-18T13:42:51.990+0000][31.738s][debug][safepoint   ] Safepoint synchronization initiated using futex wait barrier. (53 threads)
[2025-01-18T13:42:51.991+0000][31.739s][info ][gc,start    ] GC(67) Pause Young (Normal) (G1 Evacuation Pause)
[2025-01-18T13:42:51.991+0000][31.739s][info ][gc,task     ] GC(67) Using 10 workers of 10 for evacuation
[2025-01-18T13:42:51.996+0000][31.745s][info ][gc,phases   ] GC(67)   Pre Evacuate Collection Set: 0.2ms
[2025-01-18T13:42:51.997+0000][31.745s][info ][gc,phases   ] GC(67)   Merge Heap Roots: 0.3ms
[2025-01-18T13:42:51.997+0000][31.745s][info ][gc,phases   ] GC(67)   Evacuate Collection Set: 3.3ms
[2025-01-18T13:42:51.997+0000][31.746s][info ][gc,phases   ] GC(67)   Post Evacuate Collection Set: 1.4ms
[2025-01-18T13:42:51.997+0000][31.746s][info ][gc,phases   ] GC(67)   Other: 0.6ms
[2025-01-18T13:42:51.998+0000][31.746s][info ][gc,heap     ] GC(67) Eden regions: 102->0(98)
[2025-01-18T13:42:51.998+0000][31.746s][info ][gc,heap     ] GC(67) Survivor regions: 3->6(14)
[2025-01-18T13:42:51.998+0000][31.746s][info ][gc,heap     ] GC(67) Old regions: 112->112
[2025-01-18T13:42:51.998+0000][31.746s][info ][gc,heap     ] GC(67) Archive regions: 2->2
[2025-01-18T13:42:51.998+0000][31.747s][info ][gc,heap     ] GC(67) Humongous regions: 0->0
[2025-01-18T13:42:51.998+0000][31.747s][info ][gc,metaspace] GC(67) Metaspace: 128992K(129728K)->128992K(129728K) NonClass: 112746K(113152K)->112746K(113152K) Class: 16246K(16576K)->16246K(16576K)
[2025-01-18T13:42:51.999+0000][31.747s][info ][gc          ] GC(67) Pause Young (Normal) (G1 Evacuation Pause) 217M->118M(252M) 7.950ms
[2025-01-18T13:42:51.999+0000][31.747s][info ][gc,cpu      ] GC(67) User=0.02s Sys=0.01s Real=0.01s
[2025-01-18T13:42:51.999+0000][31.747s][info ][safepoint   ] Safepoint "G1CollectForAllocation", Time since last: 440647253 ns, Reaching safepoint: 430607 ns, Cleanup: 25983 ns, At safepoint: 8347960 ns, Total: 8804550 ns
[2025-01-18T13:42:52.185+0000][31.933s][debug][safepoint   ] ... found polling page loop exception at pc = 0x00007fef29dc44d2, stub =0x00007fef30af5400
[2025-01-18T13:42:52.344+0000][32.093s][debug][safepoint   ] ... found polling page loop exception at pc = 0x00007fef31729588, stub =0x00007fef30af5400
[2025-01-18T13:42:52.502+0000][32.250s][debug][safepoint   ] Safepoint synchronization initiated using futex wait barrier. (53 threads)
[2025-01-18T13:42:52.503+0000][32.251s][info ][gc,start    ] GC(68) Pause Young (Normal) (G1 Evacuation Pause)
[2025-01-18T13:42:52.503+0000][32.251s][info ][gc,task     ] GC(68) Using 10 workers of 10 for evacuation
[2025-01-18T13:42:52.510+0000][32.258s][info ][gc,phases   ] GC(68)   Pre Evacuate Collection Set: 0.2ms
[2025-01-18T13:42:52.510+0000][32.258s][info ][gc,phases   ] GC(68)   Merge Heap Roots: 0.3ms
[2025-01-18T13:42:52.510+0000][32.258s][info ][gc,phases   ] GC(68)   Evacuate Collection Set: 4.6ms
[2025-01-18T13:42:52.510+0000][32.258s][info ][gc,phases   ] GC(68)   Post Evacuate Collection Set: 1.4ms
[2025-01-18T13:42:52.510+0000][32.259s][info ][gc,phases   ] GC(68)   Other: 0.4ms
[2025-01-18T13:42:52.511+0000][32.259s][info ][gc,heap     ] GC(68) Eden regions: 98->0(92)
[2025-01-18T13:42:52.511+0000][32.259s][info ][gc,heap     ] GC(68) Survivor regions: 6->10(13)
[2025-01-18T13:42:52.511+0000][32.259s][info ][gc,heap     ] GC(68) Old regions: 112->112
[2025-01-18T13:42:52.511+0000][32.259s][info ][gc,heap     ] GC(68) Archive regions: 2->2
[2025-01-18T13:42:52.511+0000][32.260s][info ][gc,heap     ] GC(68) Humongous regions: 0->0
[2025-01-18T13:42:52.512+0000][32.260s][info ][gc,metaspace] GC(68) Metaspace: 132421K(133184K)->132421K(133184K) NonClass: 115792K(116160K)->115792K(116160K) Class: 16628K(17024K)->16628K(17024K)
[2025-01-18T13:42:52.512+0000][32.260s][info ][gc          ] GC(68) Pause Young (Normal) (G1 Evacuation Pause) 216M->121M(252M) 8.980ms
[2025-01-18T13:42:52.512+0000][32.260s][info ][gc,cpu      ] GC(68) User=0.05s Sys=0.00s Real=0.01s
[2025-01-18T13:42:52.512+0000][32.260s][info ][safepoint   ] Safepoint "G1CollectForAllocation", Time since last: 503160166 ns, Reaching safepoint: 389111 ns, Cleanup: 113183 ns, At safepoint: 9382199 ns, Total: 9884493 ns
[2025-01-18T13:42:52.991+0000][32.739s][debug][safepoint   ] Safepoint synchronization initiated using futex wait barrier. (57 threads)
[2025-01-18T13:42:52.992+0000][32.740s][info ][gc,start    ] GC(69) Pause Young (Normal) (G1 Evacuation Pause)
[2025-01-18T13:42:52.992+0000][32.741s][info ][gc,task     ] GC(69) Using 10 workers of 10 for evacuation
[2025-01-18T13:42:53.001+0000][32.749s][info ][gc,phases   ] GC(69)   Pre Evacuate Collection Set: 0.3ms
[2025-01-18T13:42:53.001+0000][32.749s][info ][gc,phases   ] GC(69)   Merge Heap Roots: 0.2ms
[2025-01-18T13:42:53.001+0000][32.750s][info ][gc,phases   ] GC(69)   Evacuate Collection Set: 5.8ms
[2025-01-18T13:42:53.002+0000][32.750s][info ][gc,phases   ] GC(69)   Post Evacuate Collection Set: 1.5ms
[2025-01-18T13:42:53.002+0000][32.750s][info ][gc,phases   ] GC(69)   Other: 0.9ms
[2025-01-18T13:42:53.002+0000][32.750s][info ][gc,heap     ] GC(69) Eden regions: 92->0(92)
[2025-01-18T13:42:53.002+0000][32.750s][info ][gc,heap     ] GC(69) Survivor regions: 10->9(13)
[2025-01-18T13:42:53.002+0000][32.751s][info ][gc,heap     ] GC(69) Old regions: 112->114
[2025-01-18T13:42:53.002+0000][32.751s][info ][gc,heap     ] GC(69) Archive regions: 2->2
[2025-01-18T13:42:53.003+0000][32.751s][info ][gc,heap     ] GC(69) Humongous regions: 0->0
[2025-01-18T13:42:53.003+0000][32.751s][info ][gc,metaspace] GC(69) Metaspace: 136191K(137280K)->136191K(137280K) NonClass: 119103K(119680K)->119103K(119680K) Class: 17088K(17600K)->17088K(17600K)
[2025-01-18T13:42:53.003+0000][32.751s][info ][gc          ] GC(69) Pause Young (Normal) (G1 Evacuation Pause) 213M->123M(252M) 11.103ms
[2025-01-18T13:42:53.003+0000][32.751s][info ][gc,cpu      ] GC(69) User=0.08s Sys=0.00s Real=0.01s
[2025-01-18T13:42:53.004+0000][32.752s][info ][safepoint   ] Safepoint "G1CollectForAllocation", Time since last: 479110631 ns, Reaching safepoint: 536323 ns, Cleanup: 217448 ns, At safepoint: 11776757 ns, Total: 12530528 ns
[2025-01-18T13:42:53.470+0000][33.218s][debug][safepoint   ] Safepoint synchronization initiated using futex wait barrier. (59 threads)
[2025-01-18T13:42:53.471+0000][33.219s][debug][safepoint   ] ... found polling page loop exception at pc = 0x00007fef317dafde, stub =0x00007fef30af5400
[2025-01-18T13:42:53.471+0000][33.219s][info ][gc,start    ] GC(70) Pause Young (Normal) (G1 Evacuation Pause)
[2025-01-18T13:42:53.471+0000][33.219s][info ][gc,task     ] GC(70) Using 10 workers of 10 for evacuation
[2025-01-18T13:42:53.480+0000][33.228s][info ][gc,phases   ] GC(70)   Pre Evacuate Collection Set: 0.3ms
[2025-01-18T13:42:53.480+0000][33.229s][info ][gc,phases   ] GC(70)   Merge Heap Roots: 0.2ms
[2025-01-18T13:42:53.480+0000][33.229s][info ][gc,phases   ] GC(70)   Evacuate Collection Set: 6.1ms
[2025-01-18T13:42:53.481+0000][33.229s][info ][gc,phases   ] GC(70)   Post Evacuate Collection Set: 1.9ms
[2025-01-18T13:42:53.481+0000][33.229s][info ][gc,phases   ] GC(70)   Other: 0.5ms
[2025-01-18T13:42:53.481+0000][33.229s][info ][gc,heap     ] GC(70) Eden regions: 92->0(87)
[2025-01-18T13:42:53.481+0000][33.229s][info ][gc,heap     ] GC(70) Survivor regions: 9->10(13)
[2025-01-18T13:42:53.481+0000][33.229s][info ][gc,heap     ] GC(70) Old regions: 114->117
[2025-01-18T13:42:53.481+0000][33.230s][info ][gc,heap     ] GC(70) Archive regions: 2->2
[2025-01-18T13:42:53.482+0000][33.230s][info ][gc,heap     ] GC(70) Humongous regions: 0->0
[2025-01-18T13:42:53.482+0000][33.230s][info ][gc,metaspace] GC(70) Metaspace: 137912K(139008K)->137912K(139008K) NonClass: 120724K(121280K)->120724K(121280K) Class: 17188K(17728K)->17188K(17728K)
[2025-01-18T13:42:53.482+0000][33.231s][info ][gc          ] GC(70) Pause Young (Normal) (G1 Evacuation Pause) 215M->127M(252M) 11.375ms
[2025-01-18T13:42:53.483+0000][33.231s][info ][gc,cpu      ] GC(70) User=0.09s Sys=0.00s Real=0.01s
[2025-01-18T13:42:53.483+0000][33.231s][info ][safepoint   ] Safepoint "G1CollectForAllocation", Time since last: 466340892 ns, Reaching safepoint: 816721 ns, Cleanup: 74022 ns, At safepoint: 12108649 ns, Total: 12999392 ns
[2025-01-18T13:42:53.963+0000][33.711s][debug][safepoint   ] Safepoint synchronization initiated using futex wait barrier. (59 threads)
[2025-01-18T13:42:53.963+0000][33.711s][info ][gc,start    ] GC(71) Pause Young (Normal) (G1 Evacuation Pause)
[2025-01-18T13:42:53.963+0000][33.712s][info ][gc,task     ] GC(71) Using 10 workers of 10 for evacuation
[2025-01-18T13:42:53.971+0000][33.720s][info ][gc,phases   ] GC(71)   Pre Evacuate Collection Set: 0.2ms
[2025-01-18T13:42:53.972+0000][33.720s][info ][gc,phases   ] GC(71)   Merge Heap Roots: 0.2ms
[2025-01-18T13:42:53.972+0000][33.720s][info ][gc,phases   ] GC(71)   Evacuate Collection Set: 5.5ms
[2025-01-18T13:42:53.972+0000][33.720s][info ][gc,phases   ] GC(71)   Post Evacuate Collection Set: 1.5ms
[2025-01-18T13:42:53.972+0000][33.720s][info ][gc,phases   ] GC(71)   Other: 0.7ms
[2025-01-18T13:42:53.972+0000][33.721s][info ][gc,heap     ] GC(71) Eden regions: 87->0(86)
[2025-01-18T13:42:53.973+0000][33.721s][info ][gc,heap     ] GC(71) Survivor regions: 10->9(13)
[2025-01-18T13:42:53.973+0000][33.721s][info ][gc,heap     ] GC(71) Old regions: 117->120
[2025-01-18T13:42:53.973+0000][33.721s][info ][gc,heap     ] GC(71) Archive regions: 2->2
[2025-01-18T13:42:53.973+0000][33.721s][info ][gc,heap     ] GC(71) Humongous regions: 0->0
[2025-01-18T13:42:53.973+0000][33.722s][info ][gc,metaspace] GC(71) Metaspace: 139646K(140736K)->139646K(140736K) NonClass: 122368K(122944K)->122368K(122944K) Class: 17277K(17792K)->17277K(17792K)
[2025-01-18T13:42:53.973+0000][33.722s][info ][gc          ] GC(71) Pause Young (Normal) (G1 Evacuation Pause) 214M->129M(252M) 10.340ms
[2025-01-18T13:42:53.974+0000][33.722s][info ][gc,cpu      ] GC(71) User=0.09s Sys=0.00s Real=0.01s
[2025-01-18T13:42:53.974+0000][33.722s][info ][safepoint   ] Safepoint "G1CollectForAllocation", Time since last: 479609547 ns, Reaching safepoint: 383570 ns, Cleanup: 61977 ns, At safepoint: 10825761 ns, Total: 11271308 ns
[2025-01-18T13:42:54.400+0000][34.148s][debug][safepoint   ] Safepoint synchronization initiated using futex wait barrier. (59 threads)
[2025-01-18T13:42:54.400+0000][34.149s][info ][gc,start    ] GC(72) Pause Young (Normal) (G1 Evacuation Pause)
[2025-01-18T13:42:54.401+0000][34.149s][info ][gc,task     ] GC(72) Using 10 workers of 10 for evacuation
[2025-01-18T13:42:54.409+0000][34.157s][info ][gc,phases   ] GC(72)   Pre Evacuate Collection Set: 0.3ms
[2025-01-18T13:42:54.409+0000][34.158s][info ][gc,phases   ] GC(72)   Merge Heap Roots: 0.2ms
[2025-01-18T13:42:54.410+0000][34.158s][info ][gc,phases   ] GC(72)   Evacuate Collection Set: 5.9ms
[2025-01-18T13:42:54.410+0000][34.158s][info ][gc,phases   ] GC(72)   Post Evacuate Collection Set: 1.6ms
[2025-01-18T13:42:54.410+0000][34.158s][info ][gc,phases   ] GC(72)   Other: 0.5ms
[2025-01-18T13:42:54.410+0000][34.158s][info ][gc,heap     ] GC(72) Eden regions: 86->0(82)
[2025-01-18T13:42:54.410+0000][34.159s][info ][gc,heap     ] GC(72) Survivor regions: 9->7(12)
[2025-01-18T13:42:54.411+0000][34.159s][info ][gc,heap     ] GC(72) Old regions: 120->126
[2025-01-18T13:42:54.411+0000][34.159s][info ][gc,heap     ] GC(72) Archive regions: 2->2
[2025-01-18T13:42:54.411+0000][34.159s][info ][gc,heap     ] GC(72) Humongous regions: 0->0
[2025-01-18T13:42:54.411+0000][34.159s][info ][gc,metaspace] GC(72) Metaspace: 141074K(142208K)->141074K(142208K) NonClass: 123753K(124352K)->123753K(124352K) Class: 17321K(17856K)->17321K(17856K)
[2025-01-18T13:42:54.411+0000][34.160s][info ][gc          ] GC(72) Pause Young (Normal) (G1 Evacuation Pause) 215M->133M(252M) 10.832ms
[2025-01-18T13:42:54.412+0000][34.160s][info ][gc,cpu      ] GC(72) User=0.09s Sys=0.00s Real=0.01s
[2025-01-18T13:42:54.412+0000][34.160s][info ][safepoint   ] Safepoint "G1CollectForAllocation", Time since last: 426022596 ns, Reaching safepoint: 484537 ns, Cleanup: 23429 ns, At safepoint: 11485827 ns, Total: 11993793 ns
[2025-01-18T13:42:54.981+0000][34.729s][debug][safepoint   ] Safepoint synchronization initiated using futex wait barrier. (65 threads)
[2025-01-18T13:42:54.982+0000][34.730s][info ][gc,start    ] GC(73) Pause Young (Normal) (G1 Evacuation Pause)
[2025-01-18T13:42:54.982+0000][34.730s][info ][gc,task     ] GC(73) Using 10 workers of 10 for evacuation
[2025-01-18T13:42:54.989+0000][34.737s][info ][gc,phases   ] GC(73)   Pre Evacuate Collection Set: 0.2ms
[2025-01-18T13:42:54.989+0000][34.737s][info ][gc,phases   ] GC(73)   Merge Heap Roots: 0.2ms
[2025-01-18T13:42:54.989+0000][34.738s][info ][gc,phases   ] GC(73)   Evacuate Collection Set: 4.3ms
[2025-01-18T13:42:54.989+0000][34.738s][info ][gc,phases   ] GC(73)   Post Evacuate Collection Set: 1.4ms
[2025-01-18T13:42:54.990+0000][34.738s][info ][gc,phases   ] GC(73)   Other: 1.0ms
[2025-01-18T13:42:54.990+0000][34.738s][info ][gc,heap     ] GC(73) Eden regions: 82->0(81)
[2025-01-18T13:42:54.990+0000][34.738s][info ][gc,heap     ] GC(73) Survivor regions: 7->6(12)
[2025-01-18T13:42:54.990+0000][34.738s][info ][gc,heap     ] GC(73) Old regions: 126->129
[2025-01-18T13:42:54.990+0000][34.739s][info ][gc,heap     ] GC(73) Archive regions: 2->2
[2025-01-18T13:42:54.991+0000][34.739s][info ][gc,heap     ] GC(73) Humongous regions: 0->0
[2025-01-18T13:42:54.991+0000][34.739s][info ][gc,metaspace] GC(73) Metaspace: 145102K(146112K)->145102K(146112K) NonClass: 127335K(127872K)->127335K(127872K) Class: 17767K(18240K)->17767K(18240K)
[2025-01-18T13:42:54.991+0000][34.739s][info ][gc          ] GC(73) Pause Young (Normal) (G1 Evacuation Pause) 215M->135M(252M) 9.273ms
[2025-01-18T13:42:54.991+0000][34.739s][info ][gc,cpu      ] GC(73) User=0.06s Sys=0.00s Real=0.01s
[2025-01-18T13:42:54.991+0000][34.740s][info ][safepoint   ] Safepoint "G1CollectForAllocation", Time since last: 569197250 ns, Reaching safepoint: 401196 ns, Cleanup: 89244 ns, At safepoint: 9832146 ns, Total: 10322586 ns
[2025-01-18T13:42:55.073+0000][34.821s][info ][cds,heap    ] initialize_from_archived_subgraph jdk.internal.math.FDBigInteger 0x00007feec714d8f0
[2025-01-18T13:42:55.511+0000][35.259s][debug][safepoint   ] Safepoint synchronization initiated using futex wait barrier. (77 threads)
[2025-01-18T13:42:55.511+0000][35.259s][info ][gc,start    ] GC(74) Pause Young (Normal) (G1 Evacuation Pause)
[2025-01-18T13:42:55.512+0000][35.260s][info ][gc,task     ] GC(74) Using 10 workers of 10 for evacuation
[2025-01-18T13:42:55.518+0000][35.266s][info ][gc,phases   ] GC(74)   Pre Evacuate Collection Set: 0.3ms
[2025-01-18T13:42:55.518+0000][35.266s][info ][gc,phases   ] GC(74)   Merge Heap Roots: 0.2ms
[2025-01-18T13:42:55.518+0000][35.266s][info ][gc,phases   ] GC(74)   Evacuate Collection Set: 3.8ms
[2025-01-18T13:42:55.518+0000][35.267s][info ][gc,phases   ] GC(74)   Post Evacuate Collection Set: 1.4ms
[2025-01-18T13:42:55.519+0000][35.267s][info ][gc,phases   ] GC(74)   Other: 0.8ms
[2025-01-18T13:42:55.519+0000][35.267s][info ][gc,heap     ] GC(74) Eden regions: 81->0(80)
[2025-01-18T13:42:55.519+0000][35.267s][info ][gc,heap     ] GC(74) Survivor regions: 6->7(11)
[2025-01-18T13:42:55.519+0000][35.267s][info ][gc,heap     ] GC(74) Old regions: 129->129
[2025-01-18T13:42:55.519+0000][35.268s][info ][gc,heap     ] GC(74) Archive regions: 2->2
[2025-01-18T13:42:55.520+0000][35.268s][info ][gc,heap     ] GC(74) Humongous regions: 0->0
[2025-01-18T13:42:55.520+0000][35.268s][info ][gc,metaspace] GC(74) Metaspace: 148170K(149248K)->148170K(149248K) NonClass: 130052K(130624K)->130052K(130624K) Class: 18118K(18624K)->18118K(18624K)
[2025-01-18T13:42:55.520+0000][35.268s][info ][gc          ] GC(74) Pause Young (Normal) (G1 Evacuation Pause) 216M->136M(252M) 8.662ms
[2025-01-18T13:42:55.520+0000][35.268s][info ][gc,cpu      ] GC(74) User=0.02s Sys=0.03s Real=0.01s
[2025-01-18T13:42:55.520+0000][35.269s][info ][safepoint   ] Safepoint "G1CollectForAllocation", Time since last: 519100078 ns, Reaching safepoint: 546464 ns, Cleanup: 131120 ns, At safepoint: 9198181 ns, Total: 9875765 ns
[2025-01-18T13:42:55.879+0000][35.628s][debug][safepoint   ] Safepoint synchronization initiated using futex wait barrier. (78 threads)
[2025-01-18T13:42:55.880+0000][35.628s][info ][gc,start    ] GC(75) Pause Young (Normal) (G1 Evacuation Pause)
[2025-01-18T13:42:55.880+0000][35.629s][info ][gc,task     ] GC(75) Using 10 workers of 10 for evacuation
[2025-01-18T13:42:55.888+0000][35.636s][info ][gc,phases   ] GC(75)   Pre Evacuate Collection Set: 0.4ms
[2025-01-18T13:42:55.888+0000][35.637s][info ][gc,phases   ] GC(75)   Merge Heap Roots: 0.4ms
[2025-01-18T13:42:55.889+0000][35.637s][info ][gc,phases   ] GC(75)   Evacuate Collection Set: 4.2ms
[2025-01-18T13:42:55.889+0000][35.637s][info ][gc,phases   ] GC(75)   Post Evacuate Collection Set: 2.1ms
[2025-01-18T13:42:55.889+0000][35.637s][info ][gc,phases   ] GC(75)   Other: 0.8ms
[2025-01-18T13:42:55.889+0000][35.637s][info ][gc,heap     ] GC(75) Eden regions: 80->0(79)
[2025-01-18T13:42:55.889+0000][35.637s][info ][gc,heap     ] GC(75) Survivor regions: 7->6(11)
[2025-01-18T13:42:55.889+0000][35.638s][info ][gc,heap     ] GC(75) Old regions: 129->132
[2025-01-18T13:42:55.890+0000][35.638s][info ][gc,heap     ] GC(75) Archive regions: 2->2
[2025-01-18T13:42:55.890+0000][35.638s][info ][gc,heap     ] GC(75) Humongous regions: 0->0
[2025-01-18T13:42:55.890+0000][35.638s][info ][gc,metaspace] GC(75) Metaspace: 149372K(150400K)->149372K(150400K) NonClass: 131102K(131648K)->131102K(131648K) Class: 18270K(18752K)->18270K(18752K)
[2025-01-18T13:42:55.890+0000][35.638s][info ][gc          ] GC(75) Pause Young (Normal) (G1 Evacuation Pause) 216M->138M(252M) 10.217ms
[2025-01-18T13:42:55.890+0000][35.639s][info ][gc,cpu      ] GC(75) User=0.04s Sys=0.01s Real=0.01s
[2025-01-18T13:42:55.891+0000][35.639s][info ][safepoint   ] Safepoint "G1CollectForAllocation", Time since last: 359027008 ns, Reaching safepoint: 444655 ns, Cleanup: 41672 ns, At safepoint: 10673236 ns, Total: 11159563 ns
[2025-01-18T13:42:56.249+0000][35.997s][debug][safepoint   ] Safepoint synchronization initiated using futex wait barrier. (77 threads)
[2025-01-18T13:42:56.249+0000][35.998s][info ][gc,start    ] GC(76) Pause Young (Normal) (G1 Evacuation Pause)
[2025-01-18T13:42:56.250+0000][35.998s][info ][gc,task     ] GC(76) Using 10 workers of 10 for evacuation
[2025-01-18T13:42:56.255+0000][36.004s][info ][gc,phases   ] GC(76)   Pre Evacuate Collection Set: 0.2ms
[2025-01-18T13:42:56.256+0000][36.004s][info ][gc,phases   ] GC(76)   Merge Heap Roots: 0.2ms
[2025-01-18T13:42:56.256+0000][36.004s][info ][gc,phases   ] GC(76)   Evacuate Collection Set: 3.7ms
[2025-01-18T13:42:56.256+0000][36.004s][info ][gc,phases   ] GC(76)   Post Evacuate Collection Set: 1.4ms
[2025-01-18T13:42:56.256+0000][36.005s][info ][gc,phases   ] GC(76)   Other: 0.4ms
[2025-01-18T13:42:56.256+0000][36.005s][info ][gc,heap     ] GC(76) Eden regions: 79->0(78)
[2025-01-18T13:42:56.257+0000][36.005s][info ][gc,heap     ] GC(76) Survivor regions: 6->7(11)
[2025-01-18T13:42:56.257+0000][36.005s][info ][gc,heap     ] GC(76) Old regions: 132->132
[2025-01-18T13:42:56.257+0000][36.005s][info ][gc,heap     ] GC(76) Archive regions: 2->2
[2025-01-18T13:42:56.257+0000][36.005s][info ][gc,heap     ] GC(76) Humongous regions: 0->0
[2025-01-18T13:42:56.257+0000][36.005s][info ][gc,metaspace] GC(76) Metaspace: 150399K(151488K)->150399K(151488K) NonClass: 131986K(132544K)->131986K(132544K) Class: 18412K(18944K)->18412K(18944K)
[2025-01-18T13:42:56.257+0000][36.006s][info ][gc          ] GC(76) Pause Young (Normal) (G1 Evacuation Pause) 217M->138M(252M) 8.038ms
[2025-01-18T13:42:56.258+0000][36.006s][info ][gc,cpu      ] GC(76) User=0.04s Sys=0.01s Real=0.01s
[2025-01-18T13:42:56.258+0000][36.006s][info ][safepoint   ] Safepoint "G1CollectForAllocation", Time since last: 358287649 ns, Reaching safepoint: 402583 ns, Cleanup: 25630 ns, At safepoint: 8508357 ns, Total: 8936570 ns
[2025-01-18T13:42:56.761+0000][36.509s][debug][safepoint   ] Safepoint synchronization initiated using futex wait barrier. (79 threads)
[2025-01-18T13:42:56.761+0000][36.509s][info ][gc,start    ] GC(77) Pause Young (Normal) (G1 Evacuation Pause)
[2025-01-18T13:42:56.761+0000][36.510s][info ][gc,task     ] GC(77) Using 10 workers of 10 for evacuation
[2025-01-18T13:42:56.768+0000][36.516s][info ][gc,phases   ] GC(77)   Pre Evacuate Collection Set: 0.3ms
[2025-01-18T13:42:56.769+0000][36.517s][info ][gc,phases   ] GC(77)   Merge Heap Roots: 0.2ms
[2025-01-18T13:42:56.769+0000][36.517s][info ][gc,phases   ] GC(77)   Evacuate Collection Set: 4.8ms
[2025-01-18T13:42:56.769+0000][36.517s][info ][gc,phases   ] GC(77)   Post Evacuate Collection Set: 1.4ms
[2025-01-18T13:42:56.769+0000][36.517s][info ][gc,phases   ] GC(77)   Other: 0.4ms
[2025-01-18T13:42:56.769+0000][36.518s][info ][gc,heap     ] GC(77) Eden regions: 78->0(76)
[2025-01-18T13:42:56.770+0000][36.518s][info ][gc,heap     ] GC(77) Survivor regions: 7->7(11)
[2025-01-18T13:42:56.770+0000][36.518s][info ][gc,heap     ] GC(77) Old regions: 132->134
[2025-01-18T13:42:56.770+0000][36.518s][info ][gc,heap     ] GC(77) Archive regions: 2->2
[2025-01-18T13:42:56.770+0000][36.518s][info ][gc,heap     ] GC(77) Humongous regions: 0->0
[2025-01-18T13:42:56.770+0000][36.518s][info ][gc,metaspace] GC(77) Metaspace: 151286K(152384K)->151286K(152384K) NonClass: 132757K(133312K)->132757K(133312K) Class: 18528K(19072K)->18528K(19072K)
[2025-01-18T13:42:56.770+0000][36.519s][info ][gc          ] GC(77) Pause Young (Normal) (G1 Evacuation Pause) 216M->141M(252M) 9.134ms
[2025-01-18T13:42:56.770+0000][36.519s][info ][gc,cpu      ] GC(77) User=0.06s Sys=0.00s Real=0.01s
[2025-01-18T13:42:56.771+0000][36.519s][info ][safepoint   ] Safepoint "G1CollectForAllocation", Time since last: 502817553 ns, Reaching safepoint: 390830 ns, Cleanup: 92291 ns, At safepoint: 9549494 ns, Total: 10032615 ns
[2025-01-18T13:42:57.128+0000][36.877s][debug][safepoint   ] Safepoint synchronization initiated using futex wait barrier. (79 threads)
[2025-01-18T13:42:57.129+0000][36.877s][info ][gc,start    ] GC(78) Pause Young (Normal) (G1 Evacuation Pause)
[2025-01-18T13:42:57.129+0000][36.878s][info ][gc,task     ] GC(78) Using 10 workers of 10 for evacuation
[2025-01-18T13:42:57.139+0000][36.887s][info ][gc,phases   ] GC(78)   Pre Evacuate Collection Set: 0.3ms
[2025-01-18T13:42:57.139+0000][36.888s][info ][gc,phases   ] GC(78)   Merge Heap Roots: 0.2ms
[2025-01-18T13:42:57.140+0000][36.888s][info ][gc,phases   ] GC(78)   Evacuate Collection Set: 6.5ms
[2025-01-18T13:42:57.140+0000][36.888s][info ][gc,phases   ] GC(78)   Post Evacuate Collection Set: 2.4ms
[2025-01-18T13:42:57.140+0000][36.888s][info ][gc,phases   ] GC(78)   Other: 0.7ms
[2025-01-18T13:42:57.140+0000][36.889s][info ][gc,heap     ] GC(78) Eden regions: 76->0(71)
[2025-01-18T13:42:57.141+0000][36.889s][info ][gc,heap     ] GC(78) Survivor regions: 7->9(11)
[2025-01-18T13:42:57.141+0000][36.889s][info ][gc,heap     ] GC(78) Old regions: 134->135
[2025-01-18T13:42:57.141+0000][36.889s][info ][gc,heap     ] GC(78) Archive regions: 2->2
[2025-01-18T13:42:57.141+0000][36.889s][info ][gc,heap     ] GC(78) Humongous regions: 0->0
[2025-01-18T13:42:57.141+0000][36.890s][info ][gc,metaspace] GC(78) Metaspace: 151583K(152640K)->151583K(152640K) NonClass: 133008K(133568K)->133008K(133568K) Class: 18574K(19072K)->18574K(19072K)
[2025-01-18T13:42:57.142+0000][36.890s][info ][gc          ] GC(78) Pause Young (Normal) (G1 Evacuation Pause) 217M->144M(252M) 12.575ms
[2025-01-18T13:42:57.142+0000][36.890s][info ][gc,cpu      ] GC(78) User=0.08s Sys=0.01s Real=0.01s
[2025-01-18T13:42:57.142+0000][36.890s][info ][safepoint   ] Safepoint "G1CollectForAllocation", Time since last: 357784389 ns, Reaching safepoint: 384375 ns, Cleanup: 84075 ns, At safepoint: 13129463 ns, Total: 13597913 ns
[2025-01-18T13:42:57.598+0000][37.346s][debug][safepoint   ] Safepoint synchronization initiated using futex wait barrier. (78 threads)
[2025-01-18T13:42:57.598+0000][37.346s][info ][gc,start    ] GC(79) Pause Young (Normal) (G1 Evacuation Pause)
[2025-01-18T13:42:57.599+0000][37.347s][info ][gc,task     ] GC(79) Using 10 workers of 10 for evacuation
[2025-01-18T13:42:57.606+0000][37.354s][info ][gc,phases   ] GC(79)   Pre Evacuate Collection Set: 0.3ms
[2025-01-18T13:42:57.606+0000][37.355s][info ][gc,phases   ] GC(79)   Merge Heap Roots: 0.2ms
[2025-01-18T13:42:57.607+0000][37.355s][info ][gc,phases   ] GC(79)   Evacuate Collection Set: 5.0ms
[2025-01-18T13:42:57.607+0000][37.355s][info ][gc,phases   ] GC(79)   Post Evacuate Collection Set: 1.8ms
[2025-01-18T13:42:57.607+0000][37.355s][info ][gc,phases   ] GC(79)   Other: 0.8ms
[2025-01-18T13:42:57.607+0000][37.355s][info ][gc,heap     ] GC(79) Eden regions: 71->0(72)
[2025-01-18T13:42:57.607+0000][37.356s][info ][gc,heap     ] GC(79) Survivor regions: 9->5(10)
[2025-01-18T13:42:57.608+0000][37.356s][info ][gc,heap     ] GC(79) Old regions: 135->140
[2025-01-18T13:42:57.608+0000][37.356s][info ][gc,heap     ] GC(79) Archive regions: 2->2
[2025-01-18T13:42:57.608+0000][37.356s][info ][gc,heap     ] GC(79) Humongous regions: 0->0
[2025-01-18T13:42:57.608+0000][37.357s][info ][gc,metaspace] GC(79) Metaspace: 152255K(153344K)->152255K(153344K) NonClass: 133558K(134144K)->133558K(134144K) Class: 18696K(19200K)->18696K(19200K)
[2025-01-18T13:42:57.609+0000][37.357s][info ][gc          ] GC(79) Pause Young (Normal) (G1 Evacuation Pause) 215M->145M(252M) 10.382ms
[2025-01-18T13:42:57.609+0000][37.357s][info ][gc,cpu      ] GC(79) User=0.06s Sys=0.01s Real=0.01s
[2025-01-18T13:42:57.609+0000][37.357s][info ][safepoint   ] Safepoint "G1CollectForAllocation", Time since last: 455451093 ns, Reaching safepoint: 489564 ns, Cleanup: 74216 ns, At safepoint: 11016770 ns, Total: 11580550 ns
[2025-01-18T13:42:57.892+0000][37.640s][debug][safepoint   ] Safepoint synchronization initiated using futex wait barrier. (78 threads)
[2025-01-18T13:42:57.892+0000][37.640s][info ][gc,start    ] GC(80) Pause Young (Normal) (G1 Evacuation Pause)
[2025-01-18T13:42:57.892+0000][37.641s][info ][gc,task     ] GC(80) Using 10 workers of 10 for evacuation
[2025-01-18T13:42:57.899+0000][37.647s][info ][gc,phases   ] GC(80)   Pre Evacuate Collection Set: 0.3ms
[2025-01-18T13:42:57.899+0000][37.647s][info ][gc,phases   ] GC(80)   Merge Heap Roots: 0.2ms
[2025-01-18T13:42:57.899+0000][37.647s][info ][gc,phases   ] GC(80)   Evacuate Collection Set: 3.8ms
[2025-01-18T13:42:57.899+0000][37.648s][info ][gc,phases   ] GC(80)   Post Evacuate Collection Set: 1.5ms
[2025-01-18T13:42:57.899+0000][37.648s][info ][gc,phases   ] GC(80)   Other: 0.6ms
[2025-01-18T13:42:57.900+0000][37.648s][info ][gc,heap     ] GC(80) Eden regions: 72->0(72)
[2025-01-18T13:42:57.900+0000][37.648s][info ][gc,heap     ] GC(80) Survivor regions: 5->6(10)
[2025-01-18T13:42:57.900+0000][37.648s][info ][gc,heap     ] GC(80) Old regions: 140->140
[2025-01-18T13:42:57.900+0000][37.648s][info ][gc,heap     ] GC(80) Archive regions: 2->2
[2025-01-18T13:42:57.900+0000][37.649s][info ][gc,heap     ] GC(80) Humongous regions: 0->0
[2025-01-18T13:42:57.900+0000][37.649s][info ][gc,metaspace] GC(80) Metaspace: 152800K(153920K)->152800K(153920K) NonClass: 134007K(134592K)->134007K(134592K) Class: 18792K(19328K)->18792K(19328K)
[2025-01-18T13:42:57.901+0000][37.649s][info ][gc          ] GC(80) Pause Young (Normal) (G1 Evacuation Pause) 217M->146M(252M) 8.431ms
[2025-01-18T13:42:57.901+0000][37.649s][info ][gc,cpu      ] GC(80) User=0.05s Sys=0.00s Real=0.01s
[2025-01-18T13:42:57.901+0000][37.649s][info ][safepoint   ] Safepoint "G1CollectForAllocation", Time since last: 282555861 ns, Reaching safepoint: 453172 ns, Cleanup: 26172 ns, At safepoint: 8809607 ns, Total: 9288951 ns
[2025-01-18T13:42:58.152+0000][37.901s][debug][safepoint   ] Safepoint synchronization initiated using futex wait barrier. (78 threads)
[2025-01-18T13:42:58.153+0000][37.901s][info ][gc,start    ] GC(81) Pause Young (Normal) (G1 Evacuation Pause)
[2025-01-18T13:42:58.153+0000][37.902s][info ][gc,task     ] GC(81) Using 10 workers of 10 for evacuation
[2025-01-18T13:42:58.160+0000][37.909s][info ][gc,phases   ] GC(81)   Pre Evacuate Collection Set: 0.5ms
[2025-01-18T13:42:58.161+0000][37.909s][info ][gc,phases   ] GC(81)   Merge Heap Roots: 0.4ms
[2025-01-18T13:42:58.161+0000][37.909s][info ][gc,phases   ] GC(81)   Evacuate Collection Set: 4.1ms
[2025-01-18T13:42:58.161+0000][37.909s][info ][gc,phases   ] GC(81)   Post Evacuate Collection Set: 1.5ms
[2025-01-18T13:42:58.161+0000][37.910s][info ][gc,phases   ] GC(81)   Other: 0.8ms
[2025-01-18T13:42:58.162+0000][37.910s][info ][gc,heap     ] GC(81) Eden regions: 72->0(69)
[2025-01-18T13:42:58.162+0000][37.910s][info ][gc,heap     ] GC(81) Survivor regions: 6->5(10)
[2025-01-18T13:42:58.162+0000][37.910s][info ][gc,heap     ] GC(81) Old regions: 140->144
[2025-01-18T13:42:58.162+0000][37.910s][info ][gc,heap     ] GC(81) Archive regions: 2->2
[2025-01-18T13:42:58.162+0000][37.911s][info ][gc,heap     ] GC(81) Humongous regions: 0->0
[2025-01-18T13:42:58.162+0000][37.911s][info ][gc,metaspace] GC(81) Metaspace: 153102K(154176K)->153102K(154176K) NonClass: 134264K(134848K)->134264K(134848K) Class: 18837K(19328K)->18837K(19328K)
[2025-01-18T13:42:58.163+0000][37.911s][info ][gc          ] GC(81) Pause Young (Normal) (G1 Evacuation Pause) 218M->148M(252M) 9.614ms
[2025-01-18T13:42:58.163+0000][37.911s][info ][gc,cpu      ] GC(81) User=0.05s Sys=0.00s Real=0.01s
[2025-01-18T13:42:58.163+0000][37.911s][info ][safepoint   ] Safepoint "G1CollectForAllocation", Time since last: 251485548 ns, Reaching safepoint: 570624 ns, Cleanup: 59076 ns, At safepoint: 10142659 ns, Total: 10772359 ns
[2025-01-18T13:42:58.461+0000][38.210s][debug][safepoint   ] Safepoint synchronization initiated using futex wait barrier. (78 threads)
[2025-01-18T13:42:58.462+0000][38.210s][info ][gc,start    ] GC(82) Pause Young (Normal) (G1 Evacuation Pause)
[2025-01-18T13:42:58.462+0000][38.210s][info ][gc,task     ] GC(82) Using 10 workers of 10 for evacuation
[2025-01-18T13:42:58.469+0000][38.217s][info ][gc,phases   ] GC(82)   Pre Evacuate Collection Set: 0.2ms
[2025-01-18T13:42:58.469+0000][38.217s][info ][gc,phases   ] GC(82)   Merge Heap Roots: 0.2ms
[2025-01-18T13:42:58.469+0000][38.218s][info ][gc,phases   ] GC(82)   Evacuate Collection Set: 4.2ms
[2025-01-18T13:42:58.470+0000][38.218s][info ][gc,phases   ] GC(82)   Post Evacuate Collection Set: 1.6ms
[2025-01-18T13:42:58.470+0000][38.218s][info ][gc,phases   ] GC(82)   Other: 0.7ms
[2025-01-18T13:42:58.470+0000][38.218s][info ][gc,heap     ] GC(82) Eden regions: 69->0(68)
[2025-01-18T13:42:58.470+0000][38.218s][info ][gc,heap     ] GC(82) Survivor regions: 5->6(10)
[2025-01-18T13:42:58.470+0000][38.219s][info ][gc,heap     ] GC(82) Old regions: 144->144
[2025-01-18T13:42:58.471+0000][38.219s][info ][gc,heap     ] GC(82) Archive regions: 2->2
[2025-01-18T13:42:58.471+0000][38.219s][info ][gc,heap     ] GC(82) Humongous regions: 0->0
[2025-01-18T13:42:58.471+0000][38.219s][info ][gc,metaspace] GC(82) Metaspace: 153927K(155008K)->153927K(155008K) NonClass: 134990K(135552K)->134990K(135552K) Class: 18937K(19456K)->18937K(19456K)
[2025-01-18T13:42:58.471+0000][38.220s][info ][gc          ] GC(82) Pause Young (Normal) (G1 Evacuation Pause) 217M->149M(252M) 9.421ms
[2025-01-18T13:42:58.471+0000][38.220s][info ][gc,cpu      ] GC(82) User=0.06s Sys=0.00s Real=0.01s
[2025-01-18T13:42:58.472+0000][38.220s][info ][safepoint   ] Safepoint "G1CollectForAllocation", Time since last: 298113566 ns, Reaching safepoint: 513761 ns, Cleanup: 28847 ns, At safepoint: 9931793 ns, Total: 10474401 ns
[2025-01-18T13:42:58.773+0000][38.521s][debug][safepoint   ] Safepoint synchronization initiated using futex wait barrier. (78 threads)
[2025-01-18T13:42:58.773+0000][38.521s][info ][gc,start    ] GC(83) Pause Young (Normal) (G1 Evacuation Pause)
[2025-01-18T13:42:58.773+0000][38.522s][info ][gc,task     ] GC(83) Using 10 workers of 10 for evacuation
[2025-01-18T13:42:58.780+0000][38.528s][info ][gc,phases   ] GC(83)   Pre Evacuate Collection Set: 0.3ms
[2025-01-18T13:42:58.780+0000][38.528s][info ][gc,phases   ] GC(83)   Merge Heap Roots: 0.2ms
[2025-01-18T13:42:58.780+0000][38.528s][info ][gc,phases   ] GC(83)   Evacuate Collection Set: 4.1ms
[2025-01-18T13:42:58.780+0000][38.529s][info ][gc,phases   ] GC(83)   Post Evacuate Collection Set: 1.4ms
[2025-01-18T13:42:58.780+0000][38.529s][info ][gc,phases   ] GC(83)   Other: 0.5ms
[2025-01-18T13:42:58.781+0000][38.529s][info ][gc,heap     ] GC(83) Eden regions: 68->0(66)
[2025-01-18T13:42:58.781+0000][38.529s][info ][gc,heap     ] GC(83) Survivor regions: 6->7(10)
[2025-01-18T13:42:58.781+0000][38.529s][info ][gc,heap     ] GC(83) Old regions: 144->144
[2025-01-18T13:42:58.781+0000][38.529s][info ][gc,heap     ] GC(83) Archive regions: 2->2
[2025-01-18T13:42:58.781+0000][38.529s][info ][gc,heap     ] GC(83) Humongous regions: 0->0
[2025-01-18T13:42:58.781+0000][38.530s][info ][gc,metaspace] GC(83) Metaspace: 154679K(155776K)->154679K(155776K) NonClass: 135630K(136192K)->135630K(136192K) Class: 19048K(19584K)->19048K(19584K)
[2025-01-18T13:42:58.782+0000][38.530s][info ][gc          ] GC(83) Pause Young (Normal) (G1 Evacuation Pause) 217M->151M(252M) 8.394ms
[2025-01-18T13:42:58.782+0000][38.530s][info ][gc,cpu      ] GC(83) User=0.04s Sys=0.00s Real=0.01s
[2025-01-18T13:42:58.782+0000][38.530s][info ][safepoint   ] Safepoint "G1CollectForAllocation", Time since last: 300886268 ns, Reaching safepoint: 290129 ns, Cleanup: 108887 ns, At safepoint: 8947788 ns, Total: 9346804 ns
[2025-01-18T13:42:59.008+0000][38.757s][debug][safepoint   ] Safepoint synchronization initiated using futex wait barrier. (90 threads)
[2025-01-18T13:42:59.009+0000][38.757s][info ][gc,start    ] GC(84) Pause Young (Normal) (G1 Evacuation Pause)
[2025-01-18T13:42:59.009+0000][38.757s][info ][gc,task     ] GC(84) Using 10 workers of 10 for evacuation
[2025-01-18T13:42:59.016+0000][38.764s][info ][gc,phases   ] GC(84)   Pre Evacuate Collection Set: 0.4ms
[2025-01-18T13:42:59.016+0000][38.764s][info ][gc,phases   ] GC(84)   Merge Heap Roots: 0.2ms
[2025-01-18T13:42:59.016+0000][38.765s][info ][gc,phases   ] GC(84)   Evacuate Collection Set: 4.7ms
[2025-01-18T13:42:59.017+0000][38.765s][info ][gc,phases   ] GC(84)   Post Evacuate Collection Set: 1.3ms
[2025-01-18T13:42:59.017+0000][38.765s][info ][gc,phases   ] GC(84)   Other: 0.6ms
[2025-01-18T13:42:59.017+0000][38.765s][info ][gc,heap     ] GC(84) Eden regions: 66->0(64)
[2025-01-18T13:42:59.017+0000][38.765s][info ][gc,heap     ] GC(84) Survivor regions: 7->7(10)
[2025-01-18T13:42:59.017+0000][38.765s][info ][gc,heap     ] GC(84) Old regions: 144->146
[2025-01-18T13:42:59.017+0000][38.766s][info ][gc,heap     ] GC(84) Archive regions: 2->2
[2025-01-18T13:42:59.017+0000][38.766s][info ][gc,heap     ] GC(84) Humongous regions: 0->0
[2025-01-18T13:42:59.018+0000][38.766s][info ][gc,metaspace] GC(84) Metaspace: 155813K(156928K)->155813K(156928K) NonClass: 136570K(137152K)->136570K(137152K) Class: 19242K(19776K)->19242K(19776K)
[2025-01-18T13:42:59.018+0000][38.766s][info ][gc          ] GC(84) Pause Young (Normal) (G1 Evacuation Pause) 217M->152M(252M) 9.076ms
[2025-01-18T13:42:59.018+0000][38.766s][info ][gc,cpu      ] GC(84) User=0.05s Sys=0.00s Real=0.01s
[2025-01-18T13:42:59.018+0000][38.766s][info ][safepoint   ] Safepoint "G1CollectForAllocation", Time since last: 226286210 ns, Reaching safepoint: 297967 ns, Cleanup: 19759 ns, At safepoint: 9549770 ns, Total: 9867496 ns
[2025-01-18T13:42:59.461+0000][39.210s][debug][safepoint   ] Safepoint synchronization initiated using futex wait barrier. (92 threads)
[2025-01-18T13:42:59.462+0000][39.210s][info ][gc,start    ] GC(85) Pause Young (Normal) (G1 Evacuation Pause)
[2025-01-18T13:42:59.462+0000][39.210s][info ][gc,task     ] GC(85) Using 10 workers of 10 for evacuation
[2025-01-18T13:42:59.469+0000][39.217s][info ][gc,phases   ] GC(85)   Pre Evacuate Collection Set: 0.3ms
[2025-01-18T13:42:59.469+0000][39.217s][info ][gc,phases   ] GC(85)   Merge Heap Roots: 0.2ms
[2025-01-18T13:42:59.469+0000][39.217s][info ][gc,phases   ] GC(85)   Evacuate Collection Set: 4.2ms
[2025-01-18T13:42:59.469+0000][39.218s][info ][gc,phases   ] GC(85)   Post Evacuate Collection Set: 1.8ms
[2025-01-18T13:42:59.469+0000][39.218s][info ][gc,phases   ] GC(85)   Other: 0.6ms
[2025-01-18T13:42:59.470+0000][39.218s][info ][gc,heap     ] GC(85) Eden regions: 64->0(64)
[2025-01-18T13:42:59.470+0000][39.218s][info ][gc,heap     ] GC(85) Survivor regions: 7->6(9)
[2025-01-18T13:42:59.470+0000][39.218s][info ][gc,heap     ] GC(85) Old regions: 146->148
[2025-01-18T13:42:59.470+0000][39.219s][info ][gc,heap     ] GC(85) Archive regions: 2->2
[2025-01-18T13:42:59.470+0000][39.219s][info ][gc,heap     ] GC(85) Humongous regions: 0->0
[2025-01-18T13:42:59.471+0000][39.219s][info ][gc,metaspace] GC(85) Metaspace: 156481K(157568K)->156481K(157568K) NonClass: 137113K(137664K)->137113K(137664K) Class: 19368K(19904K)->19368K(19904K)
[2025-01-18T13:42:59.471+0000][39.219s][info ][gc          ] GC(85) Pause Young (Normal) (G1 Evacuation Pause) 216M->153M(252M) 9.210ms
[2025-01-18T13:42:59.471+0000][39.219s][info ][gc,cpu      ] GC(85) User=0.05s Sys=0.00s Real=0.01s
[2025-01-18T13:42:59.472+0000][39.220s][info ][safepoint   ] Safepoint "G1CollectForAllocation", Time since last: 443162590 ns, Reaching safepoint: 293936 ns, Cleanup: 56904 ns, At safepoint: 9827111 ns, Total: 10177951 ns
[2025-01-18T13:42:59.798+0000][39.546s][debug][safepoint   ] Safepoint synchronization initiated using futex wait barrier. (92 threads)
[2025-01-18T13:42:59.799+0000][39.547s][info ][gc,start    ] GC(86) Pause Young (Normal) (G1 Evacuation Pause)
[2025-01-18T13:42:59.799+0000][39.547s][info ][gc,task     ] GC(86) Using 10 workers of 10 for evacuation
[2025-01-18T13:42:59.806+0000][39.554s][info ][gc,phases   ] GC(86)   Pre Evacuate Collection Set: 0.4ms
[2025-01-18T13:42:59.807+0000][39.555s][info ][gc,phases   ] GC(86)   Merge Heap Roots: 0.4ms
[2025-01-18T13:42:59.807+0000][39.555s][info ][gc,phases   ] GC(86)   Evacuate Collection Set: 4.2ms
[2025-01-18T13:42:59.807+0000][39.555s][info ][gc,phases   ] GC(86)   Post Evacuate Collection Set: 2.0ms
[2025-01-18T13:42:59.807+0000][39.555s][info ][gc,phases   ] GC(86)   Other: 0.7ms
[2025-01-18T13:42:59.807+0000][39.556s][info ][gc,heap     ] GC(86) Eden regions: 64->0(63)
[2025-01-18T13:42:59.808+0000][39.556s][info ][gc,heap     ] GC(86) Survivor regions: 6->6(9)
[2025-01-18T13:42:59.808+0000][39.556s][info ][gc,heap     ] GC(86) Old regions: 148->149
[2025-01-18T13:42:59.808+0000][39.556s][info ][gc,heap     ] GC(86) Archive regions: 2->2
[2025-01-18T13:42:59.808+0000][39.556s][info ][gc,heap     ] GC(86) Humongous regions: 0->0
[2025-01-18T13:42:59.808+0000][39.556s][info ][gc,metaspace] GC(86) Metaspace: 157177K(158272K)->157177K(158272K) NonClass: 137713K(138304K)->137713K(138304K) Class: 19463K(19968K)->19463K(19968K)
[2025-01-18T13:42:59.808+0000][39.557s][info ][gc          ] GC(86) Pause Young (Normal) (G1 Evacuation Pause) 217M->154M(252M) 9.834ms
[2025-01-18T13:42:59.809+0000][39.557s][info ][gc,cpu      ] GC(86) User=0.05s Sys=0.00s Real=0.01s
[2025-01-18T13:42:59.809+0000][39.557s][info ][safepoint   ] Safepoint "G1CollectForAllocation", Time since last: 326675663 ns, Reaching safepoint: 215199 ns, Cleanup: 54038 ns, At safepoint: 10366643 ns, Total: 10635880 ns
[2025-01-18T13:43:00.271+0000][40.019s][debug][safepoint   ] Safepoint synchronization initiated using futex wait barrier. (165 threads)
[2025-01-18T13:43:00.271+0000][40.019s][debug][safepoint   ] ... found polling page loop exception at pc = 0x00007fef315229ce, stub =0x00007fef30af5400
[2025-01-18T13:43:00.271+0000][40.019s][debug][safepoint   ] ... found polling page loop exception at pc = 0x00007fef3115d48c, stub =0x00007fef30af5400
[2025-01-18T13:43:00.272+0000][40.020s][info ][safepoint   ] Safepoint "ICBufferFull", Time since last: 461817364 ns, Reaching safepoint: 1036946 ns, Cleanup: 173466 ns, At safepoint: 95771 ns, Total: 1306183 ns
[2025-01-18T13:43:00.337+0000][40.085s][debug][safepoint   ] Safepoint synchronization initiated using futex wait barrier. (165 threads)
[2025-01-18T13:43:00.337+0000][40.085s][info ][gc,start    ] GC(87) Pause Young (Normal) (G1 Evacuation Pause)
[2025-01-18T13:43:00.337+0000][40.085s][info ][gc,task     ] GC(87) Using 10 workers of 10 for evacuation
[2025-01-18T13:43:00.345+0000][40.093s][info ][gc,phases   ] GC(87)   Pre Evacuate Collection Set: 0.3ms
[2025-01-18T13:43:00.345+0000][40.093s][info ][gc,phases   ] GC(87)   Merge Heap Roots: 0.2ms
[2025-01-18T13:43:00.345+0000][40.094s][info ][gc,phases   ] GC(87)   Evacuate Collection Set: 5.1ms
[2025-01-18T13:43:00.346+0000][40.094s][info ][gc,phases   ] GC(87)   Post Evacuate Collection Set: 1.8ms
[2025-01-18T13:43:00.346+0000][40.094s][info ][gc,phases   ] GC(87)   Other: 0.6ms
[2025-01-18T13:43:00.346+0000][40.094s][info ][gc,heap     ] GC(87) Eden regions: 63->0(104)
[2025-01-18T13:43:00.346+0000][40.094s][info ][gc,heap     ] GC(87) Survivor regions: 6->7(9)
[2025-01-18T13:43:00.346+0000][40.094s][info ][gc,heap     ] GC(87) Old regions: 149->150
[2025-01-18T13:43:00.346+0000][40.095s][info ][gc,heap     ] GC(87) Archive regions: 2->2
[2025-01-18T13:43:00.346+0000][40.095s][info ][gc,heap     ] GC(87) Humongous regions: 0->0
[2025-01-18T13:43:00.347+0000][40.095s][info ][gc,metaspace] GC(87) Metaspace: 160258K(161472K)->160258K(161472K) NonClass: 140384K(141056K)->140384K(141056K) Class: 19873K(20416K)->19873K(20416K)
[2025-01-18T13:43:00.347+0000][40.095s][info ][gc          ] GC(87) Pause Young (Normal) (G1 Evacuation Pause) 217M->157M(303M) 9.864ms
[2025-01-18T13:43:00.347+0000][40.095s][info ][gc,cpu      ] GC(87) User=0.08s Sys=0.00s Real=0.01s
[2025-01-18T13:43:00.348+0000][40.096s][info ][safepoint   ] Safepoint "G1CollectForAllocation", Time since last: 64561376 ns, Reaching safepoint: 377162 ns, Cleanup: 43006 ns, At safepoint: 10860319 ns, Total: 11280487 ns
[2025-01-18T13:43:00.595+0000][40.343s][debug][safepoint   ] Safepoint synchronization initiated using futex wait barrier. (176 threads)
[2025-01-18T13:43:00.596+0000][40.344s][info ][gc,start    ] GC(88) Pause Young (Normal) (G1 Evacuation Pause)
[2025-01-18T13:43:00.596+0000][40.344s][info ][gc,task     ] GC(88) Using 10 workers of 10 for evacuation
[2025-01-18T13:43:00.607+0000][40.355s][info ][gc,phases   ] GC(88)   Pre Evacuate Collection Set: 0.4ms
[2025-01-18T13:43:00.607+0000][40.355s][info ][gc,phases   ] GC(88)   Merge Heap Roots: 0.2ms
[2025-01-18T13:43:00.607+0000][40.356s][info ][gc,phases   ] GC(88)   Evacuate Collection Set: 8.0ms
[2025-01-18T13:43:00.608+0000][40.356s][info ][gc,phases   ] GC(88)   Post Evacuate Collection Set: 1.8ms
[2025-01-18T13:43:00.608+0000][40.356s][info ][gc,phases   ] GC(88)   Other: 0.6ms
[2025-01-18T13:43:00.608+0000][40.356s][info ][gc,heap     ] GC(88) Eden regions: 104->0(92)
[2025-01-18T13:43:00.608+0000][40.356s][info ][gc,heap     ] GC(88) Survivor regions: 7->14(14)
[2025-01-18T13:43:00.608+0000][40.357s][info ][gc,heap     ] GC(88) Old regions: 150->150
[2025-01-18T13:43:00.608+0000][40.357s][info ][gc,heap     ] GC(88) Archive regions: 2->2
[2025-01-18T13:43:00.609+0000][40.357s][info ][gc,heap     ] GC(88) Humongous regions: 0->0
[2025-01-18T13:43:00.609+0000][40.357s][info ][gc,metaspace] GC(88) Metaspace: 162378K(163584K)->162378K(163584K) NonClass: 142279K(142912K)->142279K(142912K) Class: 20098K(20672K)->20098K(20672K)
[2025-01-18T13:43:00.609+0000][40.357s][info ][gc          ] GC(88) Pause Young (Normal) (G1 Evacuation Pause) 261M->164M(303M) 13.229ms
[2025-01-18T13:43:00.609+0000][40.358s][info ][gc,cpu      ] GC(88) User=0.13s Sys=0.01s Real=0.02s
[2025-01-18T13:43:00.610+0000][40.358s][info ][safepoint   ] Safepoint "G1CollectForAllocation", Time since last: 247334869 ns, Reaching safepoint: 629215 ns, Cleanup: 90561 ns, At safepoint: 13972574 ns, Total: 14692350 ns
[2025-01-18T13:43:00.770+0000][40.518s][debug][safepoint   ] ... found polling page loop exception at pc = 0x00007fef31759429, stub =0x00007fef30af5400
[2025-01-18T13:43:00.806+0000][40.554s][debug][safepoint   ] Safepoint synchronization initiated using futex wait barrier. (193 threads)
[2025-01-18T13:43:00.807+0000][40.555s][info ][gc,start    ] GC(89) Pause Young (Normal) (G1 Evacuation Pause)
[2025-01-18T13:43:00.807+0000][40.555s][info ][gc,task     ] GC(89) Using 10 workers of 10 for evacuation
[2025-01-18T13:43:00.816+0000][40.564s][info ][gc,phases   ] GC(89)   Pre Evacuate Collection Set: 0.5ms
[2025-01-18T13:43:00.816+0000][40.565s][info ][gc,phases   ] GC(89)   Merge Heap Roots: 0.3ms
[2025-01-18T13:43:00.817+0000][40.565s][info ][gc,phases   ] GC(89)   Evacuate Collection Set: 6.3ms
[2025-01-18T13:43:00.817+0000][40.565s][info ][gc,phases   ] GC(89)   Post Evacuate Collection Set: 1.5ms
[2025-01-18T13:43:00.817+0000][40.565s][info ][gc,phases   ] GC(89)   Other: 1.0ms
[2025-01-18T13:43:00.817+0000][40.565s][info ][gc,heap     ] GC(89) Eden regions: 92->0(97)
[2025-01-18T13:43:00.817+0000][40.565s][info ][gc,heap     ] GC(89) Survivor regions: 14->3(14)
[2025-01-18T13:43:00.817+0000][40.566s][info ][gc,heap     ] GC(89) Old regions: 150->158
[2025-01-18T13:43:00.818+0000][40.566s][info ][gc,heap     ] GC(89) Archive regions: 2->2
[2025-01-18T13:43:00.818+0000][40.566s][info ][gc,heap     ] GC(89) Humongous regions: 0->0
[2025-01-18T13:43:00.818+0000][40.566s][info ][gc,metaspace] GC(89) Metaspace: 164312K(165440K)->164312K(165440K) NonClass: 143992K(144576K)->143992K(144576K) Class: 20319K(20864K)->20319K(20864K)
[2025-01-18T13:43:00.818+0000][40.566s][info ][gc          ] GC(89) Pause Young (Normal) (G1 Evacuation Pause) 256M->161M(303M) 11.628ms
[2025-01-18T13:43:00.818+0000][40.567s][info ][gc,cpu      ] GC(89) User=0.08s Sys=0.01s Real=0.01s
[2025-01-18T13:43:00.820+0000][40.568s][info ][safepoint   ] Safepoint "G1CollectForAllocation", Time since last: 195993257 ns, Reaching safepoint: 638022 ns, Cleanup: 70932 ns, At safepoint: 13249151 ns, Total: 13958105 ns
[2025-01-18T13:43:01.250+0000][40.998s][debug][safepoint   ] Safepoint synchronization initiated using futex wait barrier. (195 threads)
[2025-01-18T13:43:01.251+0000][40.999s][info ][safepoint   ] Safepoint "ICBufferFull", Time since last: 430205068 ns, Reaching safepoint: 505008 ns, Cleanup: 215560 ns, At safepoint: 80000 ns, Total: 800568 ns
[2025-01-18T13:43:01.260+0000][41.008s][debug][safepoint   ] Safepoint synchronization initiated using futex wait barrier. (195 threads)
[2025-01-18T13:43:01.260+0000][41.009s][info ][gc,start    ] GC(90) Pause Young (Normal) (G1 Evacuation Pause)
[2025-01-18T13:43:01.261+0000][41.009s][info ][gc,task     ] GC(90) Using 10 workers of 10 for evacuation
[2025-01-18T13:43:01.267+0000][41.015s][info ][gc,phases   ] GC(90)   Pre Evacuate Collection Set: 0.3ms
[2025-01-18T13:43:01.267+0000][41.015s][info ][gc,phases   ] GC(90)   Merge Heap Roots: 0.2ms
[2025-01-18T13:43:01.267+0000][41.015s][info ][gc,phases   ] GC(90)   Evacuate Collection Set: 3.5ms
[2025-01-18T13:43:01.267+0000][41.015s][info ][gc,phases   ] GC(90)   Post Evacuate Collection Set: 1.4ms
[2025-01-18T13:43:01.267+0000][41.016s][info ][gc,phases   ] GC(90)   Other: 0.6ms
[2025-01-18T13:43:01.268+0000][41.016s][info ][gc,heap     ] GC(90) Eden regions: 97->0(94)
[2025-01-18T13:43:01.268+0000][41.016s][info ][gc,heap     ] GC(90) Survivor regions: 3->6(13)
[2025-01-18T13:43:01.268+0000][41.016s][info ][gc,heap     ] GC(90) Old regions: 158->158
[2025-01-18T13:43:01.268+0000][41.016s][info ][gc,heap     ] GC(90) Archive regions: 2->2
[2025-01-18T13:43:01.268+0000][41.017s][info ][gc,heap     ] GC(90) Humongous regions: 0->0
[2025-01-18T13:43:01.268+0000][41.017s][info ][gc,metaspace] GC(90) Metaspace: 165480K(166592K)->165480K(166592K) NonClass: 145009K(145600K)->145009K(145600K) Class: 20471K(20992K)->20471K(20992K)
[2025-01-18T13:43:01.269+0000][41.017s][info ][gc          ] GC(90) Pause Young (Normal) (G1 Evacuation Pause) 258M->163M(303M) 8.198ms
[2025-01-18T13:43:01.269+0000][41.017s][info ][gc,cpu      ] GC(90) User=0.05s Sys=0.02s Real=0.01s
[2025-01-18T13:43:01.269+0000][41.017s][info ][safepoint   ] Safepoint "G1CollectForAllocation", Time since last: 8890436 ns, Reaching safepoint: 733714 ns, Cleanup: 28627 ns, At safepoint: 8792019 ns, Total: 9554360 ns
[2025-01-18T13:43:01.719+0000][41.467s][debug][safepoint   ] Safepoint synchronization initiated using futex wait barrier. (209 threads)
[2025-01-18T13:43:01.719+0000][41.468s][info ][gc,start    ] GC(91) Pause Young (Normal) (G1 Evacuation Pause)
[2025-01-18T13:43:01.720+0000][41.468s][info ][gc,task     ] GC(91) Using 10 workers of 10 for evacuation
[2025-01-18T13:43:01.727+0000][41.476s][info ][gc,phases   ] GC(91)   Pre Evacuate Collection Set: 0.4ms
[2025-01-18T13:43:01.728+0000][41.476s][info ][gc,phases   ] GC(91)   Merge Heap Roots: 0.2ms
[2025-01-18T13:43:01.728+0000][41.476s][info ][gc,phases   ] GC(91)   Evacuate Collection Set: 4.5ms
[2025-01-18T13:43:01.728+0000][41.477s][info ][gc,phases   ] GC(91)   Post Evacuate Collection Set: 2.3ms
[2025-01-18T13:43:01.729+0000][41.477s][info ][gc,phases   ] GC(91)   Other: 0.7ms
[2025-01-18T13:43:01.729+0000][41.477s][info ][gc,heap     ] GC(91) Eden regions: 94->0(93)
[2025-01-18T13:43:01.729+0000][41.477s][info ][gc,heap     ] GC(91) Survivor regions: 6->8(13)
[2025-01-18T13:43:01.729+0000][41.478s][info ][gc,heap     ] GC(91) Old regions: 158->158
[2025-01-18T13:43:01.729+0000][41.478s][info ][gc,heap     ] GC(91) Archive regions: 2->2
[2025-01-18T13:43:01.730+0000][41.478s][info ][gc,heap     ] GC(91) Humongous regions: 0->0
[2025-01-18T13:43:01.730+0000][41.478s][info ][gc,metaspace] GC(91) Metaspace: 167780K(169024K)->167780K(169024K) NonClass: 146997K(147648K)->146997K(147648K) Class: 20782K(21376K)->20782K(21376K)
[2025-01-18T13:43:01.730+0000][41.479s][info ][gc          ] GC(91) Pause Young (Normal) (G1 Evacuation Pause) 257M->165M(303M) 11.022ms
[2025-01-18T13:43:01.731+0000][41.479s][info ][gc,cpu      ] GC(91) User=0.08s Sys=0.00s Real=0.01s
[2025-01-18T13:43:01.732+0000][41.480s][info ][safepoint   ] Safepoint "G1CollectForAllocation", Time since last: 449333468 ns, Reaching safepoint: 502793 ns, Cleanup: 187995 ns, At safepoint: 12788433 ns, Total: 13479221 ns
[2025-01-18T13:43:01.816+0000][41.564s][debug][safepoint   ] ... found polling page loop exception at pc = 0x00007fef31b8cebd, stub =0x00007fef30af5400
[2025-01-18T13:43:01.938+0000][41.687s][debug][safepoint   ] Safepoint synchronization initiated using futex wait barrier. (216 threads)
[2025-01-18T13:43:01.939+0000][41.687s][info ][safepoint   ] Safepoint "ICBufferFull", Time since last: 206274848 ns, Reaching safepoint: 382153 ns, Cleanup: 214989 ns, At safepoint: 85490 ns, Total: 682632 ns
[2025-01-18T13:43:02.017+0000][41.765s][debug][safepoint   ] ... found polling page loop exception at pc = 0x00007fef31d1c1cc, stub =0x00007fef30af5400
[2025-01-18T13:43:02.071+0000][41.819s][debug][safepoint   ] Safepoint synchronization initiated using futex wait barrier. (226 threads)
[2025-01-18T13:43:02.072+0000][41.820s][info ][safepoint   ] Safepoint "ICBufferFull", Time since last: 131865897 ns, Reaching safepoint: 443033 ns, Cleanup: 127354 ns, At safepoint: 76533 ns, Total: 646920 ns
[2025-01-18T13:43:02.124+0000][41.872s][debug][safepoint   ] ... found polling page loop exception at pc = 0x00007fef3110efec, stub =0x00007fef30af5400
[2025-01-18T13:43:03.124+0000][42.873s][debug][safepoint   ] Safepoint synchronization initiated using futex wait barrier. (224 threads)
[2025-01-18T13:43:03.125+0000][42.873s][info ][safepoint   ] Safepoint "Cleanup", Time since last: 1052980094 ns, Reaching safepoint: 425769 ns, Cleanup: 92986 ns, At safepoint: 54158 ns, Total: 572913 ns
[2025-01-18T13:43:03.194+0000][42.942s][debug][safepoint   ] Safepoint synchronization initiated using futex wait barrier. (224 threads)
[2025-01-18T13:43:03.194+0000][42.943s][info ][gc,start    ] GC(92) Pause Young (Normal) (G1 Evacuation Pause)
[2025-01-18T13:43:03.195+0000][42.943s][info ][gc,task     ] GC(92) Using 10 workers of 10 for evacuation
[2025-01-18T13:43:03.201+0000][42.950s][info ][gc,phases   ] GC(92)   Pre Evacuate Collection Set: 0.3ms
[2025-01-18T13:43:03.202+0000][42.950s][info ][gc,phases   ] GC(92)   Merge Heap Roots: 0.2ms
[2025-01-18T13:43:03.202+0000][42.950s][info ][gc,phases   ] GC(92)   Evacuate Collection Set: 4.5ms
[2025-01-18T13:43:03.202+0000][42.950s][info ][gc,phases   ] GC(92)   Post Evacuate Collection Set: 1.5ms
[2025-01-18T13:43:03.202+0000][42.951s][info ][gc,phases   ] GC(92)   Other: 0.6ms
[2025-01-18T13:43:03.202+0000][42.951s][info ][gc,heap     ] GC(92) Eden regions: 93->0(92)
[2025-01-18T13:43:03.203+0000][42.951s][info ][gc,heap     ] GC(92) Survivor regions: 8->8(13)
[2025-01-18T13:43:03.203+0000][42.951s][info ][gc,heap     ] GC(92) Old regions: 158->160
[2025-01-18T13:43:03.203+0000][42.951s][info ][gc,heap     ] GC(92) Archive regions: 2->2
[2025-01-18T13:43:03.203+0000][42.951s][info ][gc,heap     ] GC(92) Humongous regions: 0->0
[2025-01-18T13:43:03.203+0000][42.952s][info ][gc,metaspace] GC(92) Metaspace: 168890K(170112K)->168890K(170112K) NonClass: 147986K(148608K)->147986K(148608K) Class: 20904K(21504K)->20904K(21504K)
[2025-01-18T13:43:03.204+0000][42.952s][info ][gc          ] GC(92) Pause Young (Normal) (G1 Evacuation Pause) 258M->168M(303M) 9.287ms
[2025-01-18T13:43:03.204+0000][42.952s][info ][gc,cpu      ] GC(92) User=0.05s Sys=0.00s Real=0.01s
[2025-01-18T13:43:03.204+0000][42.952s][info ][safepoint   ] Safepoint "G1CollectForAllocation", Time since last: 68838508 ns, Reaching safepoint: 327814 ns, Cleanup: 28086 ns, At safepoint: 9800863 ns, Total: 10156763 ns
[2025-01-18T13:43:04.995+0000][44.743s][debug][safepoint   ] Safepoint synchronization initiated using futex wait barrier. (226 threads)
[2025-01-18T13:43:04.995+0000][44.744s][info ][safepoint   ] Safepoint "Cleanup", Time since last: 1790614379 ns, Reaching safepoint: 604896 ns, Cleanup: 123186 ns, At safepoint: 12896 ns, Total: 740978 ns
[2025-01-18T13:43:05.441+0000][45.189s][debug][safepoint   ] Safepoint synchronization initiated using futex wait barrier. (226 threads)
[2025-01-18T13:43:05.441+0000][45.190s][info ][gc,start    ] GC(93) Pause Young (Concurrent Start) (G1 Humongous Allocation)
[2025-01-18T13:43:05.442+0000][45.190s][info ][gc,task     ] GC(93) Using 10 workers of 10 for evacuation
[2025-01-18T13:43:05.448+0000][45.197s][info ][gc,phases   ] GC(93)   Pre Evacuate Collection Set: 0.4ms
[2025-01-18T13:43:05.449+0000][45.197s][info ][gc,phases   ] GC(93)   Merge Heap Roots: 0.2ms
[2025-01-18T13:43:05.449+0000][45.197s][info ][gc,phases   ] GC(93)   Evacuate Collection Set: 4.1ms
[2025-01-18T13:43:05.449+0000][45.197s][info ][gc,phases   ] GC(93)   Post Evacuate Collection Set: 1.8ms
[2025-01-18T13:43:05.449+0000][45.197s][info ][gc,phases   ] GC(93)   Other: 0.6ms
[2025-01-18T13:43:05.449+0000][45.198s][info ][gc,heap     ] GC(93) Eden regions: 55->0(89)
[2025-01-18T13:43:05.450+0000][45.198s][info ][gc,heap     ] GC(93) Survivor regions: 8->7(13)
[2025-01-18T13:43:05.450+0000][45.198s][info ][gc,heap     ] GC(93) Old regions: 160->163
[2025-01-18T13:43:05.450+0000][45.198s][info ][gc,heap     ] GC(93) Archive regions: 2->2
[2025-01-18T13:43:05.450+0000][45.198s][info ][gc,heap     ] GC(93) Humongous regions: 18->2
[2025-01-18T13:43:05.450+0000][45.198s][info ][gc,metaspace] GC(93) Metaspace: 172580K(173760K)->172580K(173760K) NonClass: 151235K(151872K)->151235K(151872K) Class: 21345K(21888K)->21345K(21888K)
[2025-01-18T13:43:05.450+0000][45.199s][info ][gc          ] GC(93) Pause Young (Concurrent Start) (G1 Humongous Allocation) 240M->171M(303M) 8.969ms
[2025-01-18T13:43:05.451+0000][45.199s][info ][gc,cpu      ] GC(93) User=0.04s Sys=0.00s Real=0.01s
[2025-01-18T13:43:05.451+0000][45.199s][info ][gc          ] GC(94) Concurrent Undo Cycle
[2025-01-18T13:43:05.451+0000][45.199s][info ][safepoint   ] Safepoint "G1TryInitiateConcMark", Time since last: 445585080 ns, Reaching safepoint: 340740 ns, Cleanup: 23357 ns, At safepoint: 9586495 ns, Total: 9950592 ns
[2025-01-18T13:43:05.451+0000][45.199s][info ][gc,marking  ] GC(94) Concurrent Cleanup for Next Mark
[2025-01-18T13:43:05.453+0000][45.201s][info ][gc,marking  ] GC(94) Concurrent Cleanup for Next Mark 1.574ms
[2025-01-18T13:43:05.453+0000][45.201s][info ][gc          ] GC(94) Concurrent Undo Cycle 2.341ms
[2025-01-18T13:43:05.523+0000][45.272s][debug][safepoint   ] Safepoint synchronization initiated using futex wait barrier. (226 threads)
[2025-01-18T13:43:05.524+0000][45.272s][info ][gc,start    ] GC(95) Pause Young (Concurrent Start) (G1 Humongous Allocation)
[2025-01-18T13:43:05.524+0000][45.272s][info ][gc,task     ] GC(95) Using 10 workers of 10 for evacuation
[2025-01-18T13:43:05.530+0000][45.279s][info ][gc,phases   ] GC(95)   Pre Evacuate Collection Set: 0.5ms
[2025-01-18T13:43:05.531+0000][45.279s][info ][gc,phases   ] GC(95)   Merge Heap Roots: 0.3ms
[2025-01-18T13:43:05.531+0000][45.279s][info ][gc,phases   ] GC(95)   Evacuate Collection Set: 3.7ms
[2025-01-18T13:43:05.531+0000][45.279s][info ][gc,phases   ] GC(95)   Post Evacuate Collection Set: 1.4ms
[2025-01-18T13:43:05.531+0000][45.280s][info ][gc,phases   ] GC(95)   Other: 0.7ms
[2025-01-18T13:43:05.532+0000][45.280s][info ][gc,heap     ] GC(95) Eden regions: 3->0(90)
[2025-01-18T13:43:05.532+0000][45.280s][info ][gc,heap     ] GC(95) Survivor regions: 7->6(12)
[2025-01-18T13:43:05.532+0000][45.280s][info ][gc,heap     ] GC(95) Old regions: 163->163
[2025-01-18T13:43:05.532+0000][45.280s][info ][gc,heap     ] GC(95) Archive regions: 2->2
[2025-01-18T13:43:05.532+0000][45.280s][info ][gc,heap     ] GC(95) Humongous regions: 19->3
[2025-01-18T13:43:05.532+0000][45.281s][info ][gc,metaspace] GC(95) Metaspace: 172618K(173824K)->172618K(173824K) NonClass: 151270K(151936K)->151270K(151936K) Class: 21348K(21888K)->21348K(21888K)
[2025-01-18T13:43:05.532+0000][45.281s][info ][gc          ] GC(95) Pause Young (Concurrent Start) (G1 Humongous Allocation) 191M->172M(303M) 8.628ms
[2025-01-18T13:43:05.533+0000][45.281s][info ][gc,cpu      ] GC(95) User=0.03s Sys=0.00s Real=0.01s
[2025-01-18T13:43:05.533+0000][45.281s][info ][gc          ] GC(96) Concurrent Undo Cycle
[2025-01-18T13:43:05.533+0000][45.281s][info ][safepoint   ] Safepoint "G1TryInitiateConcMark", Time since last: 72457238 ns, Reaching safepoint: 376691 ns, Cleanup: 16774 ns, At safepoint: 9083240 ns, Total: 9476705 ns
[2025-01-18T13:43:05.533+0000][45.281s][info ][gc,marking  ] GC(96) Concurrent Cleanup for Next Mark
[2025-01-18T13:43:05.534+0000][45.282s][info ][gc,marking  ] GC(96) Concurrent Cleanup for Next Mark 0.937ms
[2025-01-18T13:43:05.534+0000][45.283s][info ][gc          ] GC(96) Concurrent Undo Cycle 1.641ms
[2025-01-18T13:43:05.741+0000][45.490s][debug][safepoint   ] Safepoint synchronization initiated using futex wait barrier. (228 threads)
[2025-01-18T13:43:05.742+0000][45.491s][info ][gc,start    ] GC(97) Pause Young (Normal) (G1 Evacuation Pause)
[2025-01-18T13:43:05.743+0000][45.491s][info ][gc,task     ] GC(97) Using 10 workers of 10 for evacuation
[2025-01-18T13:43:05.753+0000][45.502s][info ][gc,phases   ] GC(97)   Pre Evacuate Collection Set: 0.3ms
[2025-01-18T13:43:05.754+0000][45.502s][info ][gc,phases   ] GC(97)   Merge Heap Roots: 0.2ms
[2025-01-18T13:43:05.754+0000][45.502s][info ][gc,phases   ] GC(97)   Evacuate Collection Set: 8.3ms
[2025-01-18T13:43:05.754+0000][45.502s][info ][gc,phases   ] GC(97)   Post Evacuate Collection Set: 1.4ms
[2025-01-18T13:43:05.754+0000][45.503s][info ][gc,phases   ] GC(97)   Other: 0.9ms
[2025-01-18T13:43:05.755+0000][45.503s][info ][gc,heap     ] GC(97) Eden regions: 90->0(71)
[2025-01-18T13:43:05.755+0000][45.503s][info ][gc,heap     ] GC(97) Survivor regions: 6->12(12)
[2025-01-18T13:43:05.755+0000][45.503s][info ][gc,heap     ] GC(97) Old regions: 163->168
[2025-01-18T13:43:05.755+0000][45.504s][info ][gc,heap     ] GC(97) Archive regions: 2->2
[2025-01-18T13:43:05.755+0000][45.504s][info ][gc,heap     ] GC(97) Humongous regions: 9->3
[2025-01-18T13:43:05.756+0000][45.504s][info ][gc,metaspace] GC(97) Metaspace: 173158K(174400K)->173158K(174400K) NonClass: 151744K(152384K)->151744K(152384K) Class: 21414K(22016K)->21414K(22016K)
[2025-01-18T13:43:05.756+0000][45.504s][info ][gc          ] GC(97) Pause Young (Normal) (G1 Evacuation Pause) 268M->183M(303M) 13.656ms
[2025-01-18T13:43:05.756+0000][45.504s][info ][gc,cpu      ] GC(97) User=0.11s Sys=0.00s Real=0.01s
[2025-01-18T13:43:05.757+0000][45.505s][info ][safepoint   ] Safepoint "G1CollectForAllocation", Time since last: 208605479 ns, Reaching safepoint: 606422 ns, Cleanup: 153456 ns, At safepoint: 14320155 ns, Total: 15080033 ns
[2025-01-18T13:43:06.008+0000][45.756s][debug][safepoint   ] Safepoint synchronization initiated using futex wait barrier. (228 threads)
[2025-01-18T13:43:06.009+0000][45.757s][info ][gc,start    ] GC(98) Pause Young (Normal) (G1 Evacuation Pause)
[2025-01-18T13:43:06.009+0000][45.757s][info ][gc,task     ] GC(98) Using 10 workers of 10 for evacuation
[2025-01-18T13:43:06.020+0000][45.768s][info ][gc,phases   ] GC(98)   Pre Evacuate Collection Set: 0.3ms
[2025-01-18T13:43:06.020+0000][45.768s][info ][gc,phases   ] GC(98)   Merge Heap Roots: 0.2ms
[2025-01-18T13:43:06.020+0000][45.768s][info ][gc,phases   ] GC(98)   Evacuate Collection Set: 7.0ms
[2025-01-18T13:43:06.020+0000][45.769s][info ][gc,phases   ] GC(98)   Post Evacuate Collection Set: 2.5ms
[2025-01-18T13:43:06.021+0000][45.769s][info ][gc,phases   ] GC(98)   Other: 0.8ms
[2025-01-18T13:43:06.021+0000][45.769s][info ][gc,heap     ] GC(98) Eden regions: 71->0(131)
[2025-01-18T13:43:06.021+0000][45.769s][info ][gc,heap     ] GC(98) Survivor regions: 12->5(11)
[2025-01-18T13:43:06.021+0000][45.769s][info ][gc,heap     ] GC(98) Old regions: 168->180
[2025-01-18T13:43:06.021+0000][45.769s][info ][gc,heap     ] GC(98) Archive regions: 2->2
[2025-01-18T13:43:06.021+0000][45.770s][info ][gc,heap     ] GC(98) Humongous regions: 7->3
[2025-01-18T13:43:06.022+0000][45.770s][info ][gc,metaspace] GC(98) Metaspace: 174143K(175360K)->174143K(175360K) NonClass: 152614K(153216K)->152614K(153216K) Class: 21528K(22144K)->21528K(22144K)
[2025-01-18T13:43:06.022+0000][45.770s][info ][gc          ] GC(98) Pause Young (Normal) (G1 Evacuation Pause) 258M->187M(401M) 12.975ms
[2025-01-18T13:43:06.022+0000][45.770s][info ][gc,cpu      ] GC(98) User=0.09s Sys=0.00s Real=0.01s
[2025-01-18T13:43:06.023+0000][45.771s][info ][safepoint   ] Safepoint "G1CollectForAllocation", Time since last: 251659598 ns, Reaching safepoint: 470118 ns, Cleanup: 86834 ns, At safepoint: 14446761 ns, Total: 15003713 ns
[2025-01-18T13:43:06.337+0000][46.085s][debug][safepoint   ] Safepoint synchronization initiated using futex wait barrier. (230 threads)
[2025-01-18T13:43:06.338+0000][46.086s][info ][safepoint   ] Safepoint "ICBufferFull", Time since last: 313321400 ns, Reaching safepoint: 866549 ns, Cleanup: 207714 ns, At safepoint: 57635 ns, Total: 1131898 ns
[2025-01-18T13:43:06.627+0000][46.375s][debug][safepoint   ] Safepoint synchronization initiated using futex wait barrier. (230 threads)
[2025-01-18T13:43:06.628+0000][46.376s][info ][safepoint   ] Safepoint "ICBufferFull", Time since last: 289551953 ns, Reaching safepoint: 429304 ns, Cleanup: 145016 ns, At safepoint: 75589 ns, Total: 649909 ns
[2025-01-18T13:43:07.628+0000][47.377s][debug][safepoint   ] Safepoint synchronization initiated using futex wait barrier. (229 threads)
[2025-01-18T13:43:07.629+0000][47.377s][info ][safepoint   ] Safepoint "Cleanup", Time since last: 1000470586 ns, Reaching safepoint: 541789 ns, Cleanup: 209944 ns, At safepoint: 35720 ns, Total: 787453 ns
[2025-01-18T13:43:10.630+0000][50.378s][debug][safepoint   ] Safepoint synchronization initiated using futex wait barrier. (227 threads)
[2025-01-18T13:43:10.631+0000][50.379s][info ][safepoint   ] Safepoint "Cleanup", Time since last: 3001115205 ns, Reaching safepoint: 359239 ns, Cleanup: 7525 ns, At safepoint: 4298 ns, Total: 371062 ns
[2025-01-18T13:43:11.631+0000][51.380s][debug][safepoint   ] Safepoint synchronization initiated using futex wait barrier. (227 threads)
[2025-01-18T13:43:11.632+0000][51.381s][info ][safepoint   ] Safepoint "Cleanup", Time since last: 1000669237 ns, Reaching safepoint: 1078318 ns, Cleanup: 35330 ns, At safepoint: 6342 ns, Total: 1119990 ns
[2025-01-18T13:43:17.590+0000][57.339s][debug][safepoint   ] Safepoint synchronization initiated using futex wait barrier. (226 threads)
[2025-01-18T13:43:17.590+0000][57.340s][info ][safepoint   ] Safepoint "Cleanup", Time since last: 5958236838 ns, Reaching safepoint: 920705 ns, Cleanup: 16052 ns, At safepoint: 31101 ns, Total: 967858 ns
[2025-01-18T13:43:17.595+0000][57.344s][debug][safepoint   ] Safepoint synchronization initiated using futex wait barrier. (226 threads)
[2025-01-18T13:43:17.596+0000][57.345s][info ][gc,start    ] GC(99) Pause Young (Normal) (G1 Evacuation Pause)
[2025-01-18T13:43:17.596+0000][57.346s][info ][gc,task     ] GC(99) Using 10 workers of 10 for evacuation
[2025-01-18T13:43:17.603+0000][57.352s][info ][gc,phases   ] GC(99)   Pre Evacuate Collection Set: 0.5ms
[2025-01-18T13:43:17.603+0000][57.353s][info ][gc,phases   ] GC(99)   Merge Heap Roots: 0.2ms
[2025-01-18T13:43:17.604+0000][57.353s][info ][gc,phases   ] GC(99)   Evacuate Collection Set: 4.3ms
[2025-01-18T13:43:17.604+0000][57.353s][info ][gc,phases   ] GC(99)   Post Evacuate Collection Set: 1.3ms
[2025-01-18T13:43:17.604+0000][57.353s][info ][gc,phases   ] GC(99)   Other: 0.9ms
[2025-01-18T13:43:17.604+0000][57.354s][info ][gc,heap     ] GC(99) Eden regions: 131->0(135)
[2025-01-18T13:43:17.604+0000][57.354s][info ][gc,heap     ] GC(99) Survivor regions: 5->8(17)
[2025-01-18T13:43:17.605+0000][57.354s][info ][gc,heap     ] GC(99) Old regions: 180->180
[2025-01-18T13:43:17.605+0000][57.354s][info ][gc,heap     ] GC(99) Archive regions: 2->2
[2025-01-18T13:43:17.605+0000][57.354s][info ][gc,heap     ] GC(99) Humongous regions: 7->2
[2025-01-18T13:43:17.605+0000][57.355s][info ][gc,metaspace] GC(99) Metaspace: 178912K(180224K)->178912K(180224K) NonClass: 156911K(157568K)->156911K(157568K) Class: 22000K(22656K)->22000K(22656K)
[2025-01-18T13:43:17.605+0000][57.355s][info ][gc          ] GC(99) Pause Young (Normal) (G1 Evacuation Pause) 322M->190M(401M) 9.483ms
[2025-01-18T13:43:17.606+0000][57.355s][info ][gc,cpu      ] GC(99) User=0.05s Sys=0.00s Real=0.01s
[2025-01-18T13:43:17.607+0000][57.356s][info ][safepoint   ] Safepoint "G1CollectForAllocation", Time since last: 4387724 ns, Reaching safepoint: 911117 ns, Cleanup: 9309 ns, At safepoint: 10777144 ns, Total: 11697570 ns
[2025-01-18T13:43:17.884+0000][57.634s][debug][safepoint   ] ... found polling page loop exception at pc = 0x00007fef31336fa6, stub =0x00007fef30af5400
[2025-01-18T13:43:17.884+0000][57.634s][debug][safepoint   ] ... found polling page loop exception at pc = 0x00007fef3110efec, stub =0x00007fef30af5400
[2025-01-18T13:43:18.593+0000][58.343s][debug][safepoint   ] Safepoint synchronization initiated using futex wait barrier. (228 threads)
[2025-01-18T13:43:18.594+0000][58.343s][info ][gc,start    ] GC(100) Pause Young (Normal) (G1 Evacuation Pause)
[2025-01-18T13:43:18.594+0000][58.344s][info ][gc,task     ] GC(100) Using 10 workers of 10 for evacuation
[2025-01-18T13:43:18.602+0000][58.351s][info ][gc,phases   ] GC(100)   Pre Evacuate Collection Set: 0.4ms
[2025-01-18T13:43:18.602+0000][58.351s][info ][gc,phases   ] GC(100)   Merge Heap Roots: 0.2ms
[2025-01-18T13:43:18.602+0000][58.352s][info ][gc,phases   ] GC(100)   Evacuate Collection Set: 5.0ms
[2025-01-18T13:43:18.602+0000][58.352s][info ][gc,phases   ] GC(100)   Post Evacuate Collection Set: 1.5ms
[2025-01-18T13:43:18.602+0000][58.352s][info ][gc,phases   ] GC(100)   Other: 0.7ms
[2025-01-18T13:43:18.603+0000][58.352s][info ][gc,heap     ] GC(100) Eden regions: 135->0(139)
[2025-01-18T13:43:18.603+0000][58.352s][info ][gc,heap     ] GC(100) Survivor regions: 8->10(18)
[2025-01-18T13:43:18.603+0000][58.352s][info ][gc,heap     ] GC(100) Old regions: 180->180
[2025-01-18T13:43:18.603+0000][58.352s][info ][gc,heap     ] GC(100) Archive regions: 2->2
[2025-01-18T13:43:18.603+0000][58.353s][info ][gc,heap     ] GC(100) Humongous regions: 16->2
[2025-01-18T13:43:18.603+0000][58.353s][info ][gc,metaspace] GC(100) Metaspace: 180750K(182080K)->180750K(182080K) NonClass: 158517K(159232K)->158517K(159232K) Class: 22233K(22848K)->22233K(22848K)
[2025-01-18T13:43:18.604+0000][58.353s][info ][gc          ] GC(100) Pause Young (Normal) (G1 Evacuation Pause) 339M->191M(401M) 9.564ms
[2025-01-18T13:43:18.604+0000][58.353s][info ][gc,cpu      ] GC(100) User=0.07s Sys=0.01s Real=0.01s
[2025-01-18T13:43:18.604+0000][58.354s][info ][safepoint   ] Safepoint "G1CollectForAllocation", Time since last: 986704631 ns, Reaching safepoint: 452723 ns, Cleanup: 188522 ns, At safepoint: 10349572 ns, Total: 10990817 ns
[2025-01-18T13:43:19.356+0000][59.106s][debug][safepoint   ] Safepoint synchronization initiated using futex wait barrier. (228 threads)
[2025-01-18T13:43:19.357+0000][59.107s][info ][safepoint   ] Safepoint "ICBufferFull", Time since last: 752021432 ns, Reaching safepoint: 451029 ns, Cleanup: 365391 ns, At safepoint: 61160 ns, Total: 877580 ns
[2025-01-18T13:43:21.326+0000][61.075s][debug][safepoint   ] Safepoint synchronization initiated using futex wait barrier. (227 threads)
[2025-01-18T13:43:21.327+0000][61.076s][info ][safepoint   ] Safepoint "Cleanup", Time since last: 1968594457 ns, Reaching safepoint: 947168 ns, Cleanup: 93795 ns, At safepoint: 13286 ns, Total: 1054249 ns
[2025-01-18T13:43:27.329+0000][67.078s][debug][safepoint   ] Safepoint synchronization initiated using futex wait barrier. (226 threads)
[2025-01-18T13:43:27.329+0000][67.079s][info ][safepoint   ] Safepoint "Cleanup", Time since last: 6002209431 ns, Reaching safepoint: 326173 ns, Cleanup: 16102 ns, At safepoint: 5911 ns, Total: 348186 ns
[2025-01-18T13:43:28.330+0000][68.079s][debug][safepoint   ] Safepoint synchronization initiated using futex wait barrier. (226 threads)
[2025-01-18T13:43:28.331+0000][68.080s][info ][safepoint   ] Safepoint "Cleanup", Time since last: 1000704879 ns, Reaching safepoint: 826580 ns, Cleanup: 21573 ns, At safepoint: 5991 ns, Total: 854144 ns
[2025-01-18T13:43:30.332+0000][70.081s][debug][safepoint   ] Safepoint synchronization initiated using futex wait barrier. (226 threads)
[2025-01-18T13:43:30.332+0000][70.082s][info ][safepoint   ] Safepoint "Cleanup", Time since last: 2000775945 ns, Reaching safepoint: 668091 ns, Cleanup: 19238 ns, At safepoint: 14007 ns, Total: 701336 ns
[2025-01-18T13:43:41.334+0000][81.084s][debug][safepoint   ] Safepoint synchronization initiated using futex wait barrier. (226 threads)
[2025-01-18T13:43:41.335+0000][81.084s][info ][safepoint   ] Safepoint "Cleanup", Time since last: 11001865967 ns, Reaching safepoint: 577701 ns, Cleanup: 14999 ns, At safepoint: 39799 ns, Total: 632499 ns
[2025-01-18T13:43:43.860+0000][83.611s][debug][safepoint   ] Safepoint synchronization initiated using futex wait barrier. (226 threads)
[2025-01-18T13:43:43.860+0000][83.611s][info ][gc,start    ] GC(101) Pause Young (Normal) (G1 Evacuation Pause)
[2025-01-18T13:43:43.860+0000][83.611s][info ][gc,task     ] GC(101) Using 10 workers of 10 for evacuation
[2025-01-18T13:43:43.870+0000][83.621s][info ][gc,phases   ] GC(101)   Pre Evacuate Collection Set: 0.5ms
[2025-01-18T13:43:43.870+0000][83.621s][info ][gc,phases   ] GC(101)   Merge Heap Roots: 0.2ms
[2025-01-18T13:43:43.870+0000][83.621s][info ][gc,phases   ] GC(101)   Evacuate Collection Set: 6.3ms
[2025-01-18T13:43:43.871+0000][83.622s][info ][gc,phases   ] GC(101)   Post Evacuate Collection Set: 1.9ms
[2025-01-18T13:43:43.871+0000][83.622s][info ][gc,phases   ] GC(101)   Other: 0.8ms
[2025-01-18T13:43:43.871+0000][83.622s][info ][gc,heap     ] GC(101) Eden regions: 139->0(138)
[2025-01-18T13:43:43.871+0000][83.622s][info ][gc,heap     ] GC(101) Survivor regions: 10->14(19)
[2025-01-18T13:43:43.871+0000][83.622s][info ][gc,heap     ] GC(101) Old regions: 180->180
[2025-01-18T13:43:43.872+0000][83.623s][info ][gc,heap     ] GC(101) Archive regions: 2->2
[2025-01-18T13:43:43.872+0000][83.623s][info ][gc,heap     ] GC(101) Humongous regions: 2->2
[2025-01-18T13:43:43.872+0000][83.623s][info ][gc,metaspace] GC(101) Metaspace: 181551K(182848K)->181551K(182848K) NonClass: 159230K(159872K)->159230K(159872K) Class: 22321K(22976K)->22321K(22976K)
[2025-01-18T13:43:43.872+0000][83.623s][info ][gc          ] GC(101) Pause Young (Normal) (G1 Evacuation Pause) 330M->196M(401M) 11.928ms
[2025-01-18T13:43:43.872+0000][83.623s][info ][gc,cpu      ] GC(101) User=0.07s Sys=0.00s Real=0.01s
[2025-01-18T13:43:43.873+0000][83.624s][info ][safepoint   ] Safepoint "G1CollectForAllocation", Time since last: 2526445520 ns, Reaching safepoint: 420609 ns, Cleanup: 6583 ns, At safepoint: 12672907 ns, Total: 13100099 ns
[2025-01-18T13:43:47.874+0000][87.625s][debug][safepoint   ] Safepoint synchronization initiated using futex wait barrier. (226 threads)
[2025-01-18T13:43:47.874+0000][87.625s][info ][safepoint   ] Safepoint "Cleanup", Time since last: 4000875616 ns, Reaching safepoint: 470998 ns, Cleanup: 84957 ns, At safepoint: 14619 ns, Total: 570574 ns
[2025-01-18T13:43:49.875+0000][89.626s][debug][safepoint   ] Safepoint synchronization initiated using futex wait barrier. (226 threads)
[2025-01-18T13:43:49.876+0000][89.627s][info ][safepoint   ] Safepoint "Cleanup", Time since last: 2000515349 ns, Reaching safepoint: 592137 ns, Cleanup: 136219 ns, At safepoint: 12594 ns, Total: 740950 ns
[2025-01-18T13:43:50.876+0000][90.627s][debug][safepoint   ] Safepoint synchronization initiated using futex wait barrier. (226 threads)
[2025-01-18T13:43:50.877+0000][90.628s][info ][safepoint   ] Safepoint "Cleanup", Time since last: 1000645985 ns, Reaching safepoint: 559152 ns, Cleanup: 15791 ns, At safepoint: 7325 ns, Total: 582268 ns
[2025-01-18T13:43:52.878+0000][92.629s][debug][safepoint   ] Safepoint synchronization initiated using futex wait barrier. (226 threads)
[2025-01-18T13:43:52.879+0000][92.630s][info ][safepoint   ] Safepoint "Cleanup", Time since last: 2001303799 ns, Reaching safepoint: 427234 ns, Cleanup: 15511 ns, At safepoint: 28416 ns, Total: 471161 ns
[2025-01-18T13:43:56.880+0000][96.631s][debug][safepoint   ] Safepoint synchronization initiated using futex wait barrier. (226 threads)
[2025-01-18T13:43:56.881+0000][96.632s][info ][safepoint   ] Safepoint "Cleanup", Time since last: 4001764314 ns, Reaching safepoint: 589461 ns, Cleanup: 16663 ns, At safepoint: 9379 ns, Total: 615503 ns
[2025-01-18T13:44:00.883+0000][100.634s][debug][safepoint   ] Safepoint synchronization initiated using futex wait barrier. (221 threads)
[2025-01-18T13:44:00.884+0000][100.635s][info ][safepoint   ] Safepoint "Cleanup", Time since last: 4001606622 ns, Reaching safepoint: 833352 ns, Cleanup: 65659 ns, At safepoint: 113794 ns, Total: 1012805 ns
[2025-01-18T13:44:01.884+0000][101.635s][debug][safepoint   ] Safepoint synchronization initiated using futex wait barrier. (217 threads)
[2025-01-18T13:44:01.885+0000][101.636s][info ][safepoint   ] Safepoint "Cleanup", Time since last: 1000725196 ns, Reaching safepoint: 785888 ns, Cleanup: 19539 ns, At safepoint: 11773 ns, Total: 817200 ns
[2025-01-18T13:44:03.886+0000][103.637s][debug][safepoint   ] Safepoint synchronization initiated using futex wait barrier. (215 threads)
[2025-01-18T13:44:03.887+0000][103.638s][info ][safepoint   ] Safepoint "Cleanup", Time since last: 2000801133 ns, Reaching safepoint: 860085 ns, Cleanup: 25029 ns, At safepoint: 5801 ns, Total: 890915 ns
[2025-01-18T13:44:09.889+0000][109.640s][debug][safepoint   ] Safepoint synchronization initiated using futex wait barrier. (213 threads)
[2025-01-18T13:44:09.889+0000][109.640s][info ][safepoint   ] Safepoint "Cleanup", Time since last: 6001905643 ns, Reaching safepoint: 606174 ns, Cleanup: 44417 ns, At safepoint: 12595 ns, Total: 663186 ns
[2025-01-18T13:44:20.382+0000][120.135s][debug][safepoint   ] Safepoint synchronization initiated using futex wait barrier. (213 threads)
[2025-01-18T13:44:20.382+0000][120.135s][info ][safepoint   ] Safepoint "Cleanup", Time since last: 10494597899 ns, Reaching safepoint: 346553 ns, Cleanup: 12865 ns, At safepoint: 8467 ns, Total: 367885 ns
[2025-01-18T13:44:40.388+0000][140.141s][debug][safepoint   ] Safepoint synchronization initiated using futex wait barrier. (213 threads)
[2025-01-18T13:44:40.389+0000][140.142s][info ][safepoint   ] Safepoint "Cleanup", Time since last: 20005983986 ns, Reaching safepoint: 779693 ns, Cleanup: 19498 ns, At safepoint: 11673 ns, Total: 810864 ns
[2025-01-18T13:44:50.390+0000][150.145s][debug][safepoint   ] Safepoint synchronization initiated using futex wait barrier. (213 threads)
[2025-01-18T13:44:50.391+0000][150.145s][info ][safepoint   ] Safepoint "Cleanup", Time since last: 10002743648 ns, Reaching safepoint: 556937 ns, Cleanup: 10962 ns, At safepoint: 6001 ns, Total: 573900 ns
[2025-01-18T13:44:53.392+0000][153.147s][debug][safepoint   ] Safepoint synchronization initiated using futex wait barrier. (213 threads)
[2025-01-18T13:44:53.393+0000][153.147s][info ][safepoint   ] Safepoint "Cleanup", Time since last: 3001273756 ns, Reaching safepoint: 403157 ns, Cleanup: 29989 ns, At safepoint: 14148 ns, Total: 447294 ns
[2025-01-18T13:44:56.393+0000][156.148s][debug][safepoint   ] Safepoint synchronization initiated using futex wait barrier. (213 threads)
[2025-01-18T13:44:56.394+0000][156.148s][info ][safepoint   ] Safepoint "Cleanup", Time since last: 3000761455 ns, Reaching safepoint: 410158 ns, Cleanup: 15551 ns, At safepoint: 7394 ns, Total: 433103 ns
[2025-01-18T13:45:00.395+0000][160.149s][debug][safepoint   ] Safepoint synchronization initiated using futex wait barrier. (212 threads)
[2025-01-18T13:45:00.395+0000][160.150s][info ][safepoint   ] Safepoint "Cleanup", Time since last: 4001168606 ns, Reaching safepoint: 443294 ns, Cleanup: 18807 ns, At safepoint: 4769 ns, Total: 466870 ns
[2025-01-18T13:45:04.397+0000][164.152s][debug][safepoint   ] Safepoint synchronization initiated using futex wait barrier. (208 threads)
[2025-01-18T13:45:04.397+0000][164.152s][info ][safepoint   ] Safepoint "Cleanup", Time since last: 4001547528 ns, Reaching safepoint: 474633 ns, Cleanup: 15310 ns, At safepoint: 4839 ns, Total: 494782 ns
[2025-01-18T13:45:10.399+0000][170.154s][debug][safepoint   ] Safepoint synchronization initiated using futex wait barrier. (208 threads)
[2025-01-18T13:45:10.400+0000][170.155s][info ][safepoint   ] Safepoint "Cleanup", Time since last: 6001708889 ns, Reaching safepoint: 898813 ns, Cleanup: 23586 ns, At safepoint: 9819 ns, Total: 932218 ns
[2025-01-18T13:45:16.402+0000][176.158s][debug][safepoint   ] Safepoint synchronization initiated using futex wait barrier. (208 threads)
[2025-01-18T13:45:16.403+0000][176.159s][info ][safepoint   ] Safepoint "Cleanup", Time since last: 6002973223 ns, Reaching safepoint: 923617 ns, Cleanup: 11904 ns, At safepoint: 511947 ns, Total: 1447468 ns
[2025-01-18T13:45:27.919+0000][187.675s][debug][safepoint   ] Safepoint synchronization initiated using futex wait barrier. (208 threads)
[2025-01-18T13:45:27.919+0000][187.675s][info ][gc,start    ] GC(102) Pause Young (Normal) (G1 Evacuation Pause)
[2025-01-18T13:45:27.920+0000][187.676s][info ][gc,task     ] GC(102) Using 10 workers of 10 for evacuation
[2025-01-18T13:45:27.928+0000][187.683s][info ][gc,phases   ] GC(102)   Pre Evacuate Collection Set: 0.3ms
[2025-01-18T13:45:27.928+0000][187.684s][info ][gc,phases   ] GC(102)   Merge Heap Roots: 0.2ms
[2025-01-18T13:45:27.928+0000][187.684s][info ][gc,phases   ] GC(102)   Evacuate Collection Set: 5.3ms
[2025-01-18T13:45:27.928+0000][187.684s][info ][gc,phases   ] GC(102)   Post Evacuate Collection Set: 1.4ms
[2025-01-18T13:45:27.928+0000][187.684s][info ][gc,phases   ] GC(102)   Other: 1.1ms
[2025-01-18T13:45:27.929+0000][187.685s][info ][gc,heap     ] GC(102) Eden regions: 138->0(143)
[2025-01-18T13:45:27.929+0000][187.685s][info ][gc,heap     ] GC(102) Survivor regions: 14->7(19)
[2025-01-18T13:45:27.929+0000][187.685s][info ][gc,heap     ] GC(102) Old regions: 180->187
[2025-01-18T13:45:27.929+0000][187.685s][info ][gc,heap     ] GC(102) Archive regions: 2->2
[2025-01-18T13:45:27.929+0000][187.685s][info ][gc,heap     ] GC(102) Humongous regions: 2->2
[2025-01-18T13:45:27.930+0000][187.686s][info ][gc,metaspace] GC(102) Metaspace: 181898K(183168K)->181898K(183168K) NonClass: 159550K(160192K)->159550K(160192K) Class: 22348K(22976K)->22348K(22976K)
[2025-01-18T13:45:27.930+0000][187.686s][info ][gc          ] GC(102) Pause Young (Normal) (G1 Evacuation Pause) 334M->195M(401M) 10.583ms
[2025-01-18T13:45:27.930+0000][187.686s][info ][gc,cpu      ] GC(102) User=0.05s Sys=0.00s Real=0.01s
[2025-01-18T13:45:27.930+0000][187.686s][info ][safepoint   ] Safepoint "G1CollectForAllocation", Time since last: 11515451648 ns, Reaching safepoint: 634168 ns, Cleanup: 8016 ns, At safepoint: 11189938 ns, Total: 11832122 ns
[2025-01-18T13:45:40.936+0000][200.692s][debug][safepoint   ] Safepoint synchronization initiated using futex wait barrier. (208 threads)
[2025-01-18T13:45:40.937+0000][200.693s][info ][safepoint   ] Safepoint "Cleanup", Time since last: 13005277760 ns, Reaching safepoint: 847556 ns, Cleanup: 20680 ns, At safepoint: 11603 ns, Total: 879839 ns
[2025-01-18T13:45:47.939+0000][207.696s][debug][safepoint   ] Safepoint synchronization initiated using futex wait barrier. (208 threads)
[2025-01-18T13:45:47.940+0000][207.697s][info ][safepoint   ] Safepoint "Cleanup", Time since last: 7003824413 ns, Reaching safepoint: 883648 ns, Cleanup: 29037 ns, At safepoint: 29258 ns, Total: 941943 ns
[2025-01-18T13:46:00.944+0000][220.702s][debug][safepoint   ] Safepoint synchronization initiated using futex wait barrier. (207 threads)
[2025-01-18T13:46:00.945+0000][220.703s][info ][safepoint   ] Safepoint "Cleanup", Time since last: 13004527209 ns, Reaching safepoint: 785015 ns, Cleanup: 18426 ns, At safepoint: 7244 ns, Total: 810685 ns
[2025-01-18T13:46:05.947+0000][225.705s][debug][safepoint   ] Safepoint synchronization initiated using futex wait barrier. (205 threads)
[2025-01-18T13:46:05.948+0000][225.706s][info ][safepoint   ] Safepoint "Cleanup", Time since last: 5002309202 ns, Reaching safepoint: 945541 ns, Cleanup: 13336 ns, At safepoint: 4980 ns, Total: 963857 ns
[2025-01-18T13:46:09.950+0000][229.707s][debug][safepoint   ] Safepoint synchronization initiated using futex wait barrier. (205 threads)
[2025-01-18T13:46:09.950+0000][229.708s][info ][safepoint   ] Safepoint "Cleanup", Time since last: 4001487219 ns, Reaching safepoint: 538750 ns, Cleanup: 19890 ns, At safepoint: 11292 ns, Total: 569932 ns
[2025-01-18T13:46:16.952+0000][236.711s][debug][safepoint   ] Safepoint synchronization initiated using futex wait barrier. (205 threads)
[2025-01-18T13:46:16.953+0000][236.712s][info ][safepoint   ] Safepoint "Cleanup", Time since last: 7003376566 ns, Reaching safepoint: 693854 ns, Cleanup: 10751 ns, At safepoint: 4088 ns, Total: 708693 ns
[2025-01-18T13:46:20.954+0000][240.714s][debug][safepoint   ] Safepoint synchronization initiated using futex wait barrier. (205 threads)
[2025-01-18T13:46:20.955+0000][240.715s][info ][safepoint   ] Safepoint "Cleanup", Time since last: 4001782501 ns, Reaching safepoint: 884882 ns, Cleanup: 21513 ns, At safepoint: 10991 ns, Total: 917386 ns
[2025-01-18T13:46:50.964+0000][270.725s][debug][safepoint   ] Safepoint synchronization initiated using futex wait barrier. (205 threads)
[2025-01-18T13:46:50.965+0000][270.726s][info ][safepoint   ] Safepoint "Cleanup", Time since last: 30010494509 ns, Reaching safepoint: 752231 ns, Cleanup: 14018 ns, At safepoint: 4879 ns, Total: 771128 ns
[2025-01-18T13:47:00.968+0000][280.729s][debug][safepoint   ] Safepoint synchronization initiated using futex wait barrier. (205 threads)
[2025-01-18T13:47:00.969+0000][280.730s][info ][safepoint   ] Safepoint "Cleanup", Time since last: 10003234856 ns, Reaching safepoint: 603698 ns, Cleanup: 20380 ns, At safepoint: 134635 ns, Total: 758713 ns
[2025-01-18T13:47:01.969+0000][281.731s][debug][safepoint   ] Safepoint synchronization initiated using futex wait barrier. (204 threads)
[2025-01-18T13:47:01.970+0000][281.731s][info ][safepoint   ] Safepoint "Cleanup", Time since last: 1000575976 ns, Reaching safepoint: 519072 ns, Cleanup: 19368 ns, At safepoint: 11142 ns, Total: 549582 ns
[2025-01-18T13:47:05.972+0000][285.734s][debug][safepoint   ] Safepoint synchronization initiated using futex wait barrier. (203 threads)
[2025-01-18T13:47:05.973+0000][285.734s][info ][safepoint   ] Safepoint "Cleanup", Time since last: 4002414047 ns, Reaching safepoint: 488100 ns, Cleanup: 15741 ns, At safepoint: 10942 ns, Total: 514783 ns
[2025-01-18T13:47:09.974+0000][289.735s][debug][safepoint   ] Safepoint synchronization initiated using futex wait barrier. (203 threads)
[2025-01-18T13:47:09.975+0000][289.736s][info ][safepoint   ] Safepoint "Cleanup", Time since last: 4001137141 ns, Reaching safepoint: 828336 ns, Cleanup: 20310 ns, At safepoint: 8687 ns, Total: 857333 ns
[2025-01-18T13:47:19.977+0000][299.740s][debug][safepoint   ] Safepoint synchronization initiated using futex wait barrier. (203 threads)
[2025-01-18T13:47:19.978+0000][299.740s][info ][safepoint   ] Safepoint "Cleanup", Time since last: 10003697792 ns, Reaching safepoint: 713343 ns, Cleanup: 20701 ns, At safepoint: 11072 ns, Total: 745116 ns
[2025-01-18T13:47:26.930+0000][306.693s][debug][safepoint   ] Safepoint synchronization initiated using futex wait barrier. (203 threads)
[2025-01-18T13:47:26.931+0000][306.694s][info ][gc,start    ] GC(103) Pause Young (Normal) (G1 Evacuation Pause)
[2025-01-18T13:47:26.932+0000][306.694s][info ][gc,task     ] GC(103) Using 10 workers of 10 for evacuation
[2025-01-18T13:47:26.936+0000][306.699s][info ][gc,phases   ] GC(103)   Pre Evacuate Collection Set: 0.3ms
[2025-01-18T13:47:26.937+0000][306.699s][info ][gc,phases   ] GC(103)   Merge Heap Roots: 0.2ms
[2025-01-18T13:47:26.937+0000][306.700s][info ][gc,phases   ] GC(103)   Evacuate Collection Set: 2.8ms
[2025-01-18T13:47:26.937+0000][306.700s][info ][gc,phases   ] GC(103)   Post Evacuate Collection Set: 1.3ms
[2025-01-18T13:47:26.937+0000][306.700s][info ][gc,phases   ] GC(103)   Other: 0.6ms
[2025-01-18T13:47:26.938+0000][306.700s][info ][gc,heap     ] GC(103) Eden regions: 143->0(147)
[2025-01-18T13:47:26.938+0000][306.701s][info ][gc,heap     ] GC(103) Survivor regions: 7->7(19)
[2025-01-18T13:47:26.938+0000][306.701s][info ][gc,heap     ] GC(103) Old regions: 187->187
[2025-01-18T13:47:26.938+0000][306.701s][info ][gc,heap     ] GC(103) Archive regions: 2->2
[2025-01-18T13:47:26.938+0000][306.701s][info ][gc,heap     ] GC(103) Humongous regions: 2->2
[2025-01-18T13:47:26.939+0000][306.701s][info ][gc,metaspace] GC(103) Metaspace: 182003K(183360K)->182003K(183360K) NonClass: 159651K(160384K)->159651K(160384K) Class: 22351K(22976K)->22351K(22976K)
[2025-01-18T13:47:26.939+0000][306.701s][info ][gc          ] GC(103) Pause Young (Normal) (G1 Evacuation Pause) 338M->195M(401M) 7.380ms
[2025-01-18T13:47:26.939+0000][306.702s][info ][gc,cpu      ] GC(103) User=0.03s Sys=0.00s Real=0.01s
[2025-01-18T13:47:26.939+0000][306.702s][info ][safepoint   ] Safepoint "G1CollectForAllocation", Time since last: 6952602226 ns, Reaching safepoint: 949137 ns, Cleanup: 10671 ns, At safepoint: 7969012 ns, Total: 8928820 ns
[2025-01-18T13:47:30.941+0000][310.704s][debug][safepoint   ] Safepoint synchronization initiated using futex wait barrier. (203 threads)
[2025-01-18T13:47:30.942+0000][310.705s][info ][safepoint   ] Safepoint "Cleanup", Time since last: 4001802748 ns, Reaching safepoint: 965249 ns, Cleanup: 87192 ns, At safepoint: 31411 ns, Total: 1083852 ns
[2025-01-18T13:47:35.945+0000][315.707s][debug][safepoint   ] Safepoint synchronization initiated using futex wait barrier. (203 threads)
[2025-01-18T13:47:35.945+0000][315.708s][info ][safepoint   ] Safepoint "Cleanup", Time since last: 5002435272 ns, Reaching safepoint: 772009 ns, Cleanup: 14779 ns, At safepoint: 4449 ns, Total: 791237 ns
[2025-01-18T13:48:00.951+0000][340.716s][debug][safepoint   ] Safepoint synchronization initiated using futex wait barrier. (203 threads)
[2025-01-18T13:48:00.952+0000][340.717s][info ][safepoint   ] Safepoint "Cleanup", Time since last: 25007873180 ns, Reaching safepoint: 616873 ns, Cleanup: 16593 ns, At safepoint: 9068 ns, Total: 642534 ns
[2025-01-18T13:48:07.954+0000][347.719s][debug][safepoint   ] Safepoint synchronization initiated using futex wait barrier. (201 threads)
[2025-01-18T13:48:07.955+0000][347.720s][info ][safepoint   ] Safepoint "Cleanup", Time since last: 7002387507 ns, Reaching safepoint: 988665 ns, Cleanup: 41512 ns, At safepoint: 11462 ns, Total: 1041639 ns
[2025-01-18T13:48:09.956+0000][349.721s][debug][safepoint   ] Safepoint synchronization initiated using futex wait barrier. (201 threads)
[2025-01-18T13:48:09.957+0000][349.721s][info ][safepoint   ] Safepoint "Cleanup", Time since last: 2000890375 ns, Reaching safepoint: 485435 ns, Cleanup: 18576 ns, At safepoint: 24258 ns, Total: 528269 ns
[2025-01-18T13:48:10.957+0000][350.722s][debug][safepoint   ] Safepoint synchronization initiated using futex wait barrier. (201 threads)
[2025-01-18T13:48:10.958+0000][350.723s][info ][safepoint   ] Safepoint "Cleanup", Time since last: 1000783506 ns, Reaching safepoint: 783521 ns, Cleanup: 33756 ns, At safepoint: 12234 ns, Total: 829511 ns
[2025-01-18T13:48:20.960+0000][360.726s][debug][safepoint   ] Safepoint synchronization initiated using futex wait barrier. (201 threads)
[2025-01-18T13:48:20.961+0000][360.727s][info ][safepoint   ] Safepoint "Cleanup", Time since last: 10003271977 ns, Reaching safepoint: 373835 ns, Cleanup: 14649 ns, At safepoint: 4298 ns, Total: 392782 ns
[2025-01-18T13:48:29.963+0000][369.730s][debug][safepoint   ] Safepoint synchronization initiated using futex wait barrier. (201 threads)
[2025-01-18T13:48:29.964+0000][369.731s][info ][safepoint   ] Safepoint "Cleanup", Time since last: 9002817391 ns, Reaching safepoint: 1113020 ns, Cleanup: 27684 ns, At safepoint: 10661 ns, Total: 1151365 ns
[2025-01-18T13:48:30.965+0000][370.731s][debug][safepoint   ] Safepoint synchronization initiated using futex wait barrier. (201 threads)
[2025-01-18T13:48:30.966+0000][370.732s][info ][safepoint   ] Safepoint "Cleanup", Time since last: 1000585194 ns, Reaching safepoint: 543139 ns, Cleanup: 19358 ns, At safepoint: 6082 ns, Total: 568579 ns
[2025-01-18T13:48:35.968+0000][375.734s][debug][safepoint   ] Safepoint synchronization initiated using futex wait barrier. (201 threads)
[2025-01-18T13:48:35.969+0000][375.735s][info ][safepoint   ] Safepoint "Cleanup", Time since last: 5002209201 ns, Reaching safepoint: 680408 ns, Cleanup: 19268 ns, At safepoint: 11462 ns, Total: 711138 ns
[2025-01-18T13:49:00.976+0000][400.744s][debug][safepoint   ] Safepoint synchronization initiated using futex wait barrier. (201 threads)
[2025-01-18T13:49:00.977+0000][400.745s][info ][safepoint   ] Safepoint "Cleanup", Time since last: 25009671825 ns, Reaching safepoint: 739525 ns, Cleanup: 11373 ns, At safepoint: 4669 ns, Total: 755567 ns
[2025-01-18T13:49:04.979+0000][404.747s][debug][safepoint   ] Safepoint synchronization initiated using futex wait barrier. (200 threads)
[2025-01-18T13:49:04.980+0000][404.748s][info ][safepoint   ] Safepoint "Cleanup", Time since last: 4001808002 ns, Reaching safepoint: 771949 ns, Cleanup: 11673 ns, At safepoint: 4679 ns, Total: 788301 ns
[2025-01-18T13:49:07.981+0000][407.749s][debug][safepoint   ] Safepoint synchronization initiated using futex wait barrier. (200 threads)
[2025-01-18T13:49:07.981+0000][407.750s][info ][safepoint   ] Safepoint "Cleanup", Time since last: 3000823274 ns, Reaching safepoint: 856080 ns, Cleanup: 30680 ns, At safepoint: 11092 ns, Total: 897852 ns
[2025-01-18T13:49:08.982+0000][408.750s][debug][safepoint   ] Safepoint synchronization initiated using futex wait barrier. (200 threads)
[2025-01-18T13:49:08.983+0000][408.751s][info ][safepoint   ] Safepoint "Cleanup", Time since last: 1000730171 ns, Reaching safepoint: 834368 ns, Cleanup: 21592 ns, At safepoint: 6032 ns, Total: 861992 ns
[2025-01-18T13:49:25.987+0000][425.756s][debug][safepoint   ] Safepoint synchronization initiated using futex wait barrier. (200 threads)
[2025-01-18T13:49:25.988+0000][425.757s][info ][safepoint   ] Safepoint "Cleanup", Time since last: 17005210531 ns, Reaching safepoint: 886864 ns, Cleanup: 23797 ns, At safepoint: 11151 ns, Total: 921812 ns
[2025-01-18T13:49:30.860+0000][430.629s][debug][safepoint   ] Safepoint synchronization initiated using futex wait barrier. (200 threads)
[2025-01-18T13:49:30.860+0000][430.630s][info ][gc,start    ] GC(104) Pause Young (Normal) (G1 Evacuation Pause)
[2025-01-18T13:49:30.861+0000][430.630s][info ][gc,task     ] GC(104) Using 10 workers of 10 for evacuation
[2025-01-18T13:49:30.866+0000][430.635s][info ][gc,phases   ] GC(104)   Pre Evacuate Collection Set: 0.3ms
[2025-01-18T13:49:30.866+0000][430.636s][info ][gc,phases   ] GC(104)   Merge Heap Roots: 0.2ms
[2025-01-18T13:49:30.866+0000][430.636s][info ][gc,phases   ] GC(104)   Evacuate Collection Set: 2.9ms
[2025-01-18T13:49:30.866+0000][430.636s][info ][gc,phases   ] GC(104)   Post Evacuate Collection Set: 1.3ms
[2025-01-18T13:49:30.867+0000][430.636s][info ][gc,phases   ] GC(104)   Other: 0.7ms
[2025-01-18T13:49:30.867+0000][430.636s][info ][gc,heap     ] GC(104) Eden regions: 147->0(151)
[2025-01-18T13:49:30.867+0000][430.636s][info ][gc,heap     ] GC(104) Survivor regions: 7->6(20)
[2025-01-18T13:49:30.867+0000][430.637s][info ][gc,heap     ] GC(104) Old regions: 187->187
[2025-01-18T13:49:30.867+0000][430.637s][info ][gc,heap     ] GC(104) Archive regions: 2->2
[2025-01-18T13:49:30.867+0000][430.637s][info ][gc,heap     ] GC(104) Humongous regions: 2->2
[2025-01-18T13:49:30.868+0000][430.637s][info ][gc,metaspace] GC(104) Metaspace: 182070K(183360K)->182070K(183360K) NonClass: 159717K(160384K)->159717K(160384K) Class: 22352K(22976K)->22352K(22976K)
[2025-01-18T13:49:30.868+0000][430.637s][info ][gc          ] GC(104) Pause Young (Normal) (G1 Evacuation Pause) 342M->195M(401M) 7.227ms
[2025-01-18T13:49:30.868+0000][430.637s][info ][gc,cpu      ] GC(104) User=0.03s Sys=0.00s Real=0.01s
[2025-01-18T13:49:30.869+0000][430.638s][info ][safepoint   ] Safepoint "G1CollectForAllocation", Time since last: 4872122843 ns, Reaching safepoint: 544291 ns, Cleanup: 7174 ns, At safepoint: 8469795 ns, Total: 9021260 ns
[2025-01-18T13:49:57.878+0000][457.649s][debug][safepoint   ] Safepoint synchronization initiated using futex wait barrier. (200 threads)
[2025-01-18T13:49:57.879+0000][457.650s][info ][safepoint   ] Safepoint "Cleanup", Time since last: 27010208851 ns, Reaching safepoint: 1076015 ns, Cleanup: 25450 ns, At safepoint: 4789 ns, Total: 1106254 ns
[2025-01-18T13:49:58.879+0000][458.650s][debug][safepoint   ] Safepoint synchronization initiated using futex wait barrier. (200 threads)
[2025-01-18T13:49:58.880+0000][458.651s][info ][safepoint   ] Safepoint "Cleanup", Time since last: 1000640913 ns, Reaching safepoint: 594619 ns, Cleanup: 11643 ns, At safepoint: 4659 ns, Total: 610921 ns
[2025-01-18T13:50:00.881+0000][460.652s][debug][safepoint   ] Safepoint synchronization initiated using futex wait barrier. (200 threads)
[2025-01-18T13:50:00.882+0000][460.653s][info ][safepoint   ] Safepoint "Cleanup", Time since last: 2001213627 ns, Reaching safepoint: 1031869 ns, Cleanup: 31061 ns, At safepoint: 5951 ns, Total: 1068881 ns
[2025-01-18T13:50:09.885+0000][469.657s][debug][safepoint   ] Safepoint synchronization initiated using futex wait barrier. (199 threads)
[2025-01-18T13:50:09.886+0000][469.657s][info ][safepoint   ] Safepoint "Cleanup", Time since last: 9003253081 ns, Reaching safepoint: 427540 ns, Cleanup: 10421 ns, At safepoint: 4579 ns, Total: 442540 ns
[2025-01-18T13:51:00.900+0000][520.675s][debug][safepoint   ] Safepoint synchronization initiated using futex wait barrier. (199 threads)
[2025-01-18T13:51:00.901+0000][520.676s][info ][safepoint   ] Safepoint "Cleanup", Time since last: 51017789080 ns, Reaching safepoint: 738963 ns, Cleanup: 23436 ns, At safepoint: 11142 ns, Total: 773541 ns
[2025-01-18T13:51:09.905+0000][529.680s][debug][safepoint   ] Safepoint synchronization initiated using futex wait barrier. (198 threads)
[2025-01-18T13:51:09.906+0000][529.681s][info ][safepoint   ] Safepoint "Cleanup", Time since last: 9004084579 ns, Reaching safepoint: 988373 ns, Cleanup: 28687 ns, At safepoint: 13857 ns, Total: 1030917 ns
[2025-01-18T13:51:10.907+0000][530.681s][debug][safepoint   ] Safepoint synchronization initiated using futex wait barrier. (198 threads)
[2025-01-18T13:51:10.908+0000][530.682s][info ][safepoint   ] Safepoint "Cleanup", Time since last: 1000724941 ns, Reaching safepoint: 781367 ns, Cleanup: 30860 ns, At safepoint: 9299 ns, Total: 821526 ns
[2025-01-18T13:51:38.644+0000][558.419s][debug][safepoint   ] Safepoint synchronization initiated using futex wait barrier. (198 threads)
[2025-01-18T13:51:38.644+0000][558.420s][info ][gc,start    ] GC(105) Pause Young (Normal) (G1 Evacuation Pause)
[2025-01-18T13:51:38.644+0000][558.420s][info ][gc,task     ] GC(105) Using 10 workers of 10 for evacuation
[2025-01-18T13:51:38.649+0000][558.425s][info ][gc,phases   ] GC(105)   Pre Evacuate Collection Set: 0.3ms
[2025-01-18T13:51:38.650+0000][558.425s][info ][gc,phases   ] GC(105)   Merge Heap Roots: 0.2ms
[2025-01-18T13:51:38.650+0000][558.426s][info ][gc,phases   ] GC(105)   Evacuate Collection Set: 2.7ms
[2025-01-18T13:51:38.650+0000][558.426s][info ][gc,phases   ] GC(105)   Post Evacuate Collection Set: 1.3ms
[2025-01-18T13:51:38.650+0000][558.426s][info ][gc,phases   ] GC(105)   Other: 0.5ms
[2025-01-18T13:51:38.650+0000][558.426s][info ][gc,heap     ] GC(105) Eden regions: 151->0(154)
[2025-01-18T13:51:38.651+0000][558.426s][info ][gc,heap     ] GC(105) Survivor regions: 6->6(20)
[2025-01-18T13:51:38.651+0000][558.427s][info ][gc,heap     ] GC(105) Old regions: 187->187
[2025-01-18T13:51:38.651+0000][558.427s][info ][gc,heap     ] GC(105) Archive regions: 2->2
[2025-01-18T13:51:38.651+0000][558.427s][info ][gc,heap     ] GC(105) Humongous regions: 2->2
[2025-01-18T13:51:38.651+0000][558.427s][info ][gc,metaspace] GC(105) Metaspace: 182154K(183488K)->182154K(183488K) NonClass: 159801K(160512K)->159801K(160512K) Class: 22352K(22976K)->22352K(22976K)
[2025-01-18T13:51:38.651+0000][558.427s][info ][gc          ] GC(105) Pause Young (Normal) (G1 Evacuation Pause) 346M->195M(401M) 7.304ms
[2025-01-18T13:51:38.652+0000][558.427s][info ][gc,cpu      ] GC(105) User=0.02s Sys=0.01s Real=0.01s
[2025-01-18T13:51:38.652+0000][558.428s][info ][safepoint   ] Safepoint "G1CollectForAllocation", Time since last: 27737223478 ns, Reaching safepoint: 518028 ns, Cleanup: 4930 ns, At safepoint: 7770457 ns, Total: 8293415 ns
[2025-01-18T13:51:47.655+0000][567.432s][debug][safepoint   ] Safepoint synchronization initiated using futex wait barrier. (198 threads)
[2025-01-18T13:51:47.655+0000][567.433s][info ][safepoint   ] Safepoint "Cleanup", Time since last: 9004447357 ns, Reaching safepoint: 386550 ns, Cleanup: 35019 ns, At safepoint: 13636 ns, Total: 435205 ns
[2025-01-18T13:51:50.657+0000][570.434s][debug][safepoint   ] Safepoint synchronization initiated using futex wait barrier. (198 threads)
[2025-01-18T13:51:50.657+0000][570.435s][info ][safepoint   ] Safepoint "Cleanup", Time since last: 3001393052 ns, Reaching safepoint: 795884 ns, Cleanup: 26051 ns, At safepoint: 11142 ns, Total: 833077 ns
[2025-01-18T13:52:00.660+0000][580.437s][debug][safepoint   ] Safepoint synchronization initiated using futex wait barrier. (198 threads)
[2025-01-18T13:52:00.661+0000][580.438s][info ][safepoint   ] Safepoint "Cleanup", Time since last: 10002661623 ns, Reaching safepoint: 546634 ns, Cleanup: 20170 ns, At safepoint: 4799 ns, Total: 571603 ns
[2025-01-18T13:52:05.663+0000][585.441s][debug][safepoint   ] Safepoint synchronization initiated using futex wait barrier. (197 threads)
[2025-01-18T13:52:05.664+0000][585.442s][info ][safepoint   ] Safepoint "Cleanup", Time since last: 5002533937 ns, Reaching safepoint: 910408 ns, Cleanup: 18727 ns, At safepoint: 11042 ns, Total: 940177 ns
[2025-01-18T13:52:08.666+0000][588.443s][debug][safepoint   ] Safepoint synchronization initiated using futex wait barrier. (197 threads)
[2025-01-18T13:52:08.667+0000][588.444s][info ][safepoint   ] Safepoint "Cleanup", Time since last: 3001531034 ns, Reaching safepoint: 1018169 ns, Cleanup: 11673 ns, At safepoint: 4780 ns, Total: 1034622 ns
[2025-01-18T13:52:09.667+0000][589.445s][debug][safepoint   ] Safepoint synchronization initiated using futex wait barrier. (197 threads)
[2025-01-18T13:52:09.668+0000][589.446s][info ][safepoint   ] Safepoint "Cleanup", Time since last: 1000725263 ns, Reaching safepoint: 933523 ns, Cleanup: 48696 ns, At safepoint: 10791 ns, Total: 993010 ns
[2025-01-18T13:52:11.669+0000][591.447s][debug][safepoint   ] Safepoint synchronization initiated using futex wait barrier. (197 threads)
[2025-01-18T13:52:11.670+0000][591.448s][info ][safepoint   ] Safepoint "Cleanup", Time since last: 2000927526 ns, Reaching safepoint: 1006142 ns, Cleanup: 31522 ns, At safepoint: 13526 ns, Total: 1051190 ns
[2025-01-18T13:53:04.257+0000][644.037s][debug][safepoint   ] Safepoint synchronization initiated using futex wait barrier. (198 threads)
[2025-01-18T13:53:04.258+0000][644.038s][info ][gc,start    ] GC(106) Pause Young (Concurrent Start) (Metadata GC Threshold)
[2025-01-18T13:53:04.258+0000][644.039s][info ][gc,task     ] GC(106) Using 10 workers of 10 for evacuation
[2025-01-18T13:53:04.264+0000][644.045s][info ][gc,phases   ] GC(106)   Pre Evacuate Collection Set: 0.5ms
[2025-01-18T13:53:04.265+0000][644.046s][info ][gc,phases   ] GC(106)   Merge Heap Roots: 0.2ms
[2025-01-18T13:53:04.265+0000][644.046s][info ][gc,phases   ] GC(106)   Evacuate Collection Set: 3.6ms
[2025-01-18T13:53:04.265+0000][644.046s][info ][gc,phases   ] GC(106)   Post Evacuate Collection Set: 1.5ms
[2025-01-18T13:53:04.265+0000][644.046s][info ][gc,phases   ] GC(106)   Other: 1.1ms
[2025-01-18T13:53:04.266+0000][644.046s][info ][gc,heap     ] GC(106) Eden regions: 128->0(152)
[2025-01-18T13:53:04.266+0000][644.047s][info ][gc,heap     ] GC(106) Survivor regions: 6->8(20)
[2025-01-18T13:53:04.266+0000][644.047s][info ][gc,heap     ] GC(106) Old regions: 187->187
[2025-01-18T13:53:04.266+0000][644.047s][info ][gc,heap     ] GC(106) Archive regions: 2->2
[2025-01-18T13:53:04.266+0000][644.047s][info ][gc,heap     ] GC(106) Humongous regions: 2->2
[2025-01-18T13:53:04.266+0000][644.047s][info ][gc,metaspace] GC(106) Metaspace: 182868K(184128K)->182868K(184128K) NonClass: 160438K(161088K)->160438K(161088K) Class: 22430K(23040K)->22430K(23040K)
[2025-01-18T13:53:04.267+0000][644.047s][info ][gc          ] GC(106) Pause Young (Concurrent Start) (Metadata GC Threshold) 322M->196M(401M) 9.054ms
[2025-01-18T13:53:04.267+0000][644.048s][info ][gc,cpu      ] GC(106) User=0.04s Sys=0.00s Real=0.01s
[2025-01-18T13:53:04.267+0000][644.048s][info ][gc          ] GC(107) Concurrent Mark Cycle
[2025-01-18T13:53:04.267+0000][644.048s][info ][safepoint   ] Safepoint "CollectForMetadataAllocation", Time since last: 52589708361 ns, Reaching safepoint: 683734 ns, Cleanup: 192348 ns, At safepoint: 9565890 ns, Total: 10441972 ns
[2025-01-18T13:53:04.267+0000][644.048s][info ][gc,marking  ] GC(107) Concurrent Clear Claimed Marks
[2025-01-18T13:53:04.268+0000][644.049s][info ][gc,marking  ] GC(107) Concurrent Clear Claimed Marks 0.559ms
[2025-01-18T13:53:04.268+0000][644.049s][info ][gc,marking  ] GC(107) Concurrent Scan Root Regions
[2025-01-18T13:53:04.272+0000][644.053s][info ][gc,marking  ] GC(107) Concurrent Scan Root Regions 3.518ms
[2025-01-18T13:53:04.272+0000][644.053s][info ][gc,marking  ] GC(107) Concurrent Mark
[2025-01-18T13:53:04.272+0000][644.053s][info ][gc,marking  ] GC(107) Concurrent Mark From Roots
[2025-01-18T13:53:04.273+0000][644.053s][info ][gc,task     ] GC(107) Using 3 workers of 3 for marking
[2025-01-18T13:53:04.319+0000][644.100s][debug][safepoint   ] Safepoint synchronization initiated using futex wait barrier. (199 threads)
[2025-01-18T13:53:04.319+0000][644.100s][info ][safepoint   ] Safepoint "CollectForMetadataAllocation", Time since last: 51665131 ns, Reaching safepoint: 471003 ns, Cleanup: 26482 ns, At safepoint: 84977 ns, Total: 582462 ns
[2025-01-18T13:53:04.320+0000][644.101s][debug][safepoint   ] Safepoint synchronization initiated using futex wait barrier. (199 threads)
[2025-01-18T13:53:04.320+0000][644.101s][info ][safepoint   ] Safepoint "CollectForMetadataAllocation", Time since last: 428332 ns, Reaching safepoint: 462088 ns, Cleanup: 4509 ns, At safepoint: 97101 ns, Total: 563698 ns
[2025-01-18T13:53:04.321+0000][644.102s][debug][safepoint   ] Safepoint synchronization initiated using futex wait barrier. (199 threads)
[2025-01-18T13:53:04.321+0000][644.102s][info ][safepoint   ] Safepoint "CollectForMetadataAllocation", Time since last: 552466 ns, Reaching safepoint: 433822 ns, Cleanup: 9930 ns, At safepoint: 128392 ns, Total: 572144 ns
[2025-01-18T13:53:04.365+0000][644.146s][info ][gc,marking  ] GC(107) Concurrent Mark From Roots 92.415ms
[2025-01-18T13:53:04.365+0000][644.146s][info ][gc,marking  ] GC(107) Concurrent Preclean
[2025-01-18T13:53:04.366+0000][644.146s][info ][gc,marking  ] GC(107) Concurrent Preclean 0.536ms
[2025-01-18T13:53:04.366+0000][644.147s][debug][safepoint   ] Safepoint synchronization initiated using futex wait barrier. (203 threads)
[2025-01-18T13:53:04.366+0000][644.147s][info ][gc,start    ] GC(107) Pause Remark
[2025-01-18T13:53:04.382+0000][644.163s][info ][gc          ] GC(107) Pause Remark 208M->201M(401M) 15.667ms
[2025-01-18T13:53:04.382+0000][644.163s][info ][gc,cpu      ] GC(107) User=0.12s Sys=0.01s Real=0.01s
[2025-01-18T13:53:04.383+0000][644.164s][info ][safepoint   ] Safepoint "G1PauseRemark", Time since last: 44548795 ns, Reaching safepoint: 276032 ns, Cleanup: 51091 ns, At safepoint: 17003255 ns, Total: 17330378 ns
[2025-01-18T13:53:04.384+0000][644.165s][info ][gc,marking  ] GC(107) Concurrent Mark 111.838ms
[2025-01-18T13:53:04.384+0000][644.165s][info ][gc,marking  ] GC(107) Concurrent Rebuild Remembered Sets
[2025-01-18T13:53:04.455+0000][644.236s][info ][gc,marking  ] GC(107) Concurrent Rebuild Remembered Sets 70.412ms
[2025-01-18T13:53:04.455+0000][644.236s][debug][safepoint   ] Safepoint synchronization initiated using futex wait barrier. (203 threads)
[2025-01-18T13:53:04.465+0000][644.246s][info ][gc,start    ] GC(107) Pause Cleanup
[2025-01-18T13:53:04.466+0000][644.247s][info ][gc          ] GC(107) Pause Cleanup 211M->211M(401M) 0.715ms
[2025-01-18T13:53:04.466+0000][644.247s][info ][gc,cpu      ] GC(107) User=0.00s Sys=0.00s Real=0.00s
[2025-01-18T13:53:04.467+0000][644.248s][info ][safepoint   ] Safepoint "G1PauseCleanup", Time since last: 72001677 ns, Reaching safepoint: 9980051 ns, Cleanup: 39989 ns, At safepoint: 2007836 ns, Total: 12027876 ns
[2025-01-18T13:53:04.468+0000][644.249s][info ][gc,marking  ] GC(107) Concurrent Cleanup for Next Mark
[2025-01-18T13:53:04.470+0000][644.251s][info ][gc,marking  ] GC(107) Concurrent Cleanup for Next Mark 2.145ms
[2025-01-18T13:53:04.470+0000][644.251s][info ][gc          ] GC(107) Concurrent Mark Cycle 203.290ms
[2025-01-18T13:53:05.468+0000][645.249s][debug][safepoint   ] Safepoint synchronization initiated using futex wait barrier. (203 threads)
[2025-01-18T13:53:05.469+0000][645.249s][info ][safepoint   ] Safepoint "Cleanup", Time since last: 1000545829 ns, Reaching safepoint: 530726 ns, Cleanup: 117501 ns, At safepoint: 9147 ns, Total: 657374 ns
[2025-01-18T13:53:09.470+0000][649.251s][debug][safepoint   ] Safepoint synchronization initiated using futex wait barrier. (201 threads)
[2025-01-18T13:53:09.471+0000][649.251s][info ][safepoint   ] Safepoint "Cleanup", Time since last: 4001566254 ns, Reaching safepoint: 360622 ns, Cleanup: 17184 ns, At safepoint: 23135 ns, Total: 400941 ns
[2025-01-18T13:53:10.471+0000][650.252s][debug][safepoint   ] Safepoint synchronization initiated using futex wait barrier. (201 threads)
[2025-01-18T13:53:10.471+0000][650.252s][info ][safepoint   ] Safepoint "Cleanup", Time since last: 1000373000 ns, Reaching safepoint: 494795 ns, Cleanup: 27575 ns, At safepoint: 9578 ns, Total: 531948 ns
[2025-01-18T13:53:12.471+0000][652.253s][debug][safepoint   ] Safepoint synchronization initiated using futex wait barrier. (201 threads)
[2025-01-18T13:53:12.472+0000][652.254s][info ][safepoint   ] Safepoint "Cleanup", Time since last: 2000906875 ns, Reaching safepoint: 828328 ns, Cleanup: 39779 ns, At safepoint: 27574 ns, Total: 895681 ns
[2025-01-18T13:53:20.475+0000][660.257s][debug][safepoint   ] Safepoint synchronization initiated using futex wait barrier. (201 threads)
[2025-01-18T13:53:20.476+0000][660.258s][info ][safepoint   ] Safepoint "Cleanup", Time since last: 8003395157 ns, Reaching safepoint: 884930 ns, Cleanup: 30009 ns, At safepoint: 12435 ns, Total: 927374 ns
[2025-01-18T13:53:20.801+0000][660.583s][debug][safepoint   ] Safepoint synchronization initiated using futex wait barrier. (201 threads)
[2025-01-18T13:53:20.802+0000][660.584s][info ][gc,start    ] GC(108) Pause Young (Prepare Mixed) (G1 Evacuation Pause)
[2025-01-18T13:53:20.802+0000][660.584s][info ][gc,task     ] GC(108) Using 10 workers of 10 for evacuation
[2025-01-18T13:53:20.809+0000][660.591s][info ][gc,phases   ] GC(108)   Pre Evacuate Collection Set: 0.3ms
[2025-01-18T13:53:20.809+0000][660.592s][info ][gc,phases   ] GC(108)   Merge Heap Roots: 0.2ms
[2025-01-18T13:53:20.810+0000][660.592s][info ][gc,phases   ] GC(108)   Evacuate Collection Set: 5.0ms
[2025-01-18T13:53:20.810+0000][660.592s][info ][gc,phases   ] GC(108)   Post Evacuate Collection Set: 1.4ms
[2025-01-18T13:53:20.810+0000][660.592s][info ][gc,phases   ] GC(108)   Other: 0.8ms
[2025-01-18T13:53:20.810+0000][660.593s][info ][gc,heap     ] GC(108) Eden regions: 152->0(9)
[2025-01-18T13:53:20.811+0000][660.593s][info ][gc,heap     ] GC(108) Survivor regions: 8->11(20)
[2025-01-18T13:53:20.811+0000][660.593s][info ][gc,heap     ] GC(108) Old regions: 182->182
[2025-01-18T13:53:20.811+0000][660.593s][info ][gc,heap     ] GC(108) Archive regions: 2->2
[2025-01-18T13:53:20.811+0000][660.593s][info ][gc,heap     ] GC(108) Humongous regions: 0->0
[2025-01-18T13:53:20.811+0000][660.594s][info ][gc,metaspace] GC(108) Metaspace: 183485K(184832K)->183485K(184832K) NonClass: 160974K(161664K)->160974K(161664K) Class: 22511K(23168K)->22511K(23168K)
[2025-01-18T13:53:20.812+0000][660.594s][info ][gc          ] GC(108) Pause Young (Prepare Mixed) (G1 Evacuation Pause) 341M->193M(401M) 9.985ms
[2025-01-18T13:53:20.812+0000][660.594s][info ][gc,cpu      ] GC(108) User=0.04s Sys=0.01s Real=0.01s
[2025-01-18T13:53:20.812+0000][660.594s][info ][safepoint   ] Safepoint "G1CollectForAllocation", Time since last: 324716818 ns, Reaching safepoint: 616141 ns, Cleanup: 4519 ns, At safepoint: 10482135 ns, Total: 11102795 ns
[2025-01-18T13:53:26.853+0000][666.635s][debug][safepoint   ] Safepoint synchronization initiated using futex wait barrier. (201 threads)
[2025-01-18T13:53:26.854+0000][666.636s][info ][gc,start    ] GC(109) Pause Young (Mixed) (G1 Evacuation Pause)
[2025-01-18T13:53:26.854+0000][666.636s][info ][gc,task     ] GC(109) Using 10 workers of 10 for evacuation
[2025-01-18T13:53:26.867+0000][666.649s][info ][gc,phases   ] GC(109)   Pre Evacuate Collection Set: 0.3ms
[2025-01-18T13:53:26.867+0000][666.650s][info ][gc,phases   ] GC(109)   Merge Heap Roots: 0.3ms
[2025-01-18T13:53:26.868+0000][666.650s][info ][gc,phases   ] GC(109)   Evacuate Collection Set: 11.2ms
[2025-01-18T13:53:26.868+0000][666.650s][info ][gc,phases   ] GC(109)   Post Evacuate Collection Set: 1.3ms
[2025-01-18T13:53:26.868+0000][666.650s][info ][gc,phases   ] GC(109)   Other: 0.5ms
[2025-01-18T13:53:26.868+0000][666.650s][info ][gc,heap     ] GC(109) Eden regions: 9->0(181)
[2025-01-18T13:53:26.868+0000][666.651s][info ][gc,heap     ] GC(109) Survivor regions: 11->2(3)
[2025-01-18T13:53:26.869+0000][666.651s][info ][gc,heap     ] GC(109) Old regions: 182->164
[2025-01-18T13:53:26.869+0000][666.651s][info ][gc,heap     ] GC(109) Archive regions: 2->2
[2025-01-18T13:53:26.869+0000][666.651s][info ][gc,heap     ] GC(109) Humongous regions: 0->0
[2025-01-18T13:53:26.869+0000][666.651s][info ][gc,metaspace] GC(109) Metaspace: 183485K(184832K)->183485K(184832K) NonClass: 160974K(161664K)->160974K(161664K) Class: 22511K(23168K)->22511K(23168K)
[2025-01-18T13:53:26.869+0000][666.652s][info ][gc          ] GC(109) Pause Young (Mixed) (G1 Evacuation Pause) 202M->166M(401M) 15.806ms
[2025-01-18T13:53:26.869+0000][666.652s][info ][gc,cpu      ] GC(109) User=0.11s Sys=0.00s Real=0.01s
[2025-01-18T13:53:26.870+0000][666.652s][info ][safepoint   ] Safepoint "G1CollectForAllocation", Time since last: 6040746591 ns, Reaching safepoint: 690747 ns, Cleanup: 4529 ns, At safepoint: 16312315 ns, Total: 17007591 ns
[2025-01-18T13:53:30.872+0000][670.654s][debug][safepoint   ] Safepoint synchronization initiated using futex wait barrier. (201 threads)
[2025-01-18T13:53:30.873+0000][670.655s][info ][safepoint   ] Safepoint "Cleanup", Time since last: 4002029270 ns, Reaching safepoint: 738672 ns, Cleanup: 36030 ns, At safepoint: 11703 ns, Total: 786405 ns
[2025-01-18T13:53:40.877+0000][680.659s][debug][safepoint   ] Safepoint synchronization initiated using futex wait barrier. (201 threads)
[2025-01-18T13:53:40.878+0000][680.660s][info ][safepoint   ] Safepoint "Cleanup", Time since last: 10003939330 ns, Reaching safepoint: 962105 ns, Cleanup: 11552 ns, At safepoint: 4929 ns, Total: 978586 ns
[2025-01-18T13:53:49.879+0000][689.663s][debug][safepoint   ] Safepoint synchronization initiated using futex wait barrier. (201 threads)
[2025-01-18T13:53:49.880+0000][689.664s][info ][safepoint   ] Safepoint "Cleanup", Time since last: 9003468366 ns, Reaching safepoint: 743160 ns, Cleanup: 19207 ns, At safepoint: 11022 ns, Total: 773389 ns
[2025-01-18T13:54:00.884+0000][700.668s][debug][safepoint   ] Safepoint synchronization initiated using futex wait barrier. (201 threads)
[2025-01-18T13:54:00.884+0000][700.668s][info ][safepoint   ] Safepoint "Cleanup", Time since last: 11003755432 ns, Reaching safepoint: 684364 ns, Cleanup: 53074 ns, At safepoint: 11142 ns, Total: 748580 ns
[2025-01-18T13:54:06.887+0000][706.671s][debug][safepoint   ] Safepoint synchronization initiated using futex wait barrier. (198 threads)
[2025-01-18T13:54:06.888+0000][706.672s][info ][safepoint   ] Safepoint "Cleanup", Time since last: 6002641413 ns, Reaching safepoint: 558026 ns, Cleanup: 11943 ns, At safepoint: 4569 ns, Total: 574538 ns
[2025-01-18T13:54:13.889+0000][713.675s][debug][safepoint   ] Safepoint synchronization initiated using futex wait barrier. (198 threads)
[2025-01-18T13:54:13.890+0000][713.676s][info ][safepoint   ] Safepoint "Cleanup", Time since last: 7003118949 ns, Reaching safepoint: 738280 ns, Cleanup: 12314 ns, At safepoint: 4639 ns, Total: 755233 ns
[2025-01-18T13:55:09.905+0000][769.692s][debug][safepoint   ] Safepoint synchronization initiated using futex wait barrier. (196 threads)
[2025-01-18T13:55:09.906+0000][769.693s][info ][safepoint   ] Safepoint "Cleanup", Time since last: 56016508352 ns, Reaching safepoint: 661410 ns, Cleanup: 18546 ns, At safepoint: 6042 ns, Total: 685998 ns
[2025-01-18T13:55:14.907+0000][774.695s][debug][safepoint   ] Safepoint synchronization initiated using futex wait barrier. (196 threads)
[2025-01-18T13:55:14.908+0000][774.696s][info ][safepoint   ] Safepoint "Cleanup", Time since last: 5002651045 ns, Reaching safepoint: 907008 ns, Cleanup: 11352 ns, At safepoint: 4389 ns, Total: 922749 ns
[2025-01-18T13:55:31.076+0000][790.864s][debug][safepoint   ] Safepoint synchronization initiated using futex wait barrier. (196 threads)
[2025-01-18T13:55:31.076+0000][790.865s][info ][safepoint   ] Safepoint "Cleanup", Time since last: 16167706326 ns, Reaching safepoint: 735502 ns, Cleanup: 19759 ns, At safepoint: 11041 ns, Total: 766302 ns
[2025-01-18T13:55:36.079+0000][795.867s][debug][safepoint   ] Safepoint synchronization initiated using futex wait barrier. (196 threads)
[2025-01-18T13:55:36.080+0000][795.869s][info ][safepoint   ] Safepoint "Cleanup", Time since last: 5002443416 ns, Reaching safepoint: 752144 ns, Cleanup: 20670 ns, At safepoint: 646029 ns, Total: 1418843 ns
[2025-01-18T13:55:40.082+0000][799.870s][debug][safepoint   ] Safepoint synchronization initiated using futex wait barrier. (196 threads)
[2025-01-18T13:55:40.083+0000][799.871s][info ][safepoint   ] Safepoint "Cleanup", Time since last: 4001611247 ns, Reaching safepoint: 657348 ns, Cleanup: 19508 ns, At safepoint: 10842 ns, Total: 687698 ns
[2025-01-18T13:55:44.082+0000][803.872s][debug][safepoint   ] Safepoint synchronization initiated using futex wait barrier. (196 threads)
[2025-01-18T13:55:44.083+0000][803.873s][info ][safepoint   ] Safepoint "Cleanup", Time since last: 4001427039 ns, Reaching safepoint: 598654 ns, Cleanup: 18857 ns, At safepoint: 11111 ns, Total: 628622 ns
[2025-01-18T13:55:50.086+0000][809.876s][debug][safepoint   ] Safepoint synchronization initiated using futex wait barrier. (196 threads)
[2025-01-18T13:55:50.086+0000][809.876s][info ][safepoint   ] Safepoint "Cleanup", Time since last: 6002886663 ns, Reaching safepoint: 397701 ns, Cleanup: 11813 ns, At safepoint: 4619 ns, Total: 414133 ns
[2025-01-18T13:55:51.087+0000][810.877s][debug][safepoint   ] Safepoint synchronization initiated using futex wait barrier. (196 threads)
[2025-01-18T13:55:51.087+0000][810.877s][info ][safepoint   ] Safepoint "Cleanup", Time since last: 1000488992 ns, Reaching safepoint: 296191 ns, Cleanup: 11903 ns, At safepoint: 8557 ns, Total: 316651 ns
[2025-01-18T13:55:53.088+0000][812.878s][debug][safepoint   ] Safepoint synchronization initiated using futex wait barrier. (196 threads)
[2025-01-18T13:55:53.088+0000][812.878s][info ][safepoint   ] Safepoint "Cleanup", Time since last: 2000776086 ns, Reaching safepoint: 551332 ns, Cleanup: 22564 ns, At safepoint: 11984 ns, Total: 585880 ns
[2025-01-18T13:55:53.256+0000][813.046s][debug][safepoint   ] Safepoint synchronization initiated using futex wait barrier. (196 threads)
[2025-01-18T13:55:53.256+0000][813.046s][info ][gc,start    ] GC(110) Pause Young (Concurrent Start) (G1 Evacuation Pause)
[2025-01-18T13:55:53.256+0000][813.046s][info ][gc,task     ] GC(110) Using 10 workers of 10 for evacuation
[2025-01-18T13:55:53.260+0000][813.050s][info ][gc,phases   ] GC(110)   Pre Evacuate Collection Set: 0.4ms
[2025-01-18T13:55:53.261+0000][813.051s][info ][gc,phases   ] GC(110)   Merge Heap Roots: 0.2ms
[2025-01-18T13:55:53.261+0000][813.051s][info ][gc,phases   ] GC(110)   Evacuate Collection Set: 1.8ms
[2025-01-18T13:55:53.261+0000][813.051s][info ][gc,phases   ] GC(110)   Post Evacuate Collection Set: 1.2ms
[2025-01-18T13:55:53.261+0000][813.051s][info ][gc,phases   ] GC(110)   Other: 0.7ms
[2025-01-18T13:55:53.262+0000][813.052s][info ][gc,heap     ] GC(110) Eden regions: 181->0(185)
[2025-01-18T13:55:53.262+0000][813.052s][info ][gc,heap     ] GC(110) Survivor regions: 2->1(23)
[2025-01-18T13:55:53.262+0000][813.052s][info ][gc,heap     ] GC(110) Old regions: 164->164
[2025-01-18T13:55:53.262+0000][813.052s][info ][gc,heap     ] GC(110) Archive regions: 2->2
[2025-01-18T13:55:53.262+0000][813.052s][info ][gc,heap     ] GC(110) Humongous regions: 0->0
[2025-01-18T13:55:53.263+0000][813.053s][info ][gc,metaspace] GC(110) Metaspace: 183624K(184960K)->183624K(184960K) NonClass: 161102K(161792K)->161102K(161792K) Class: 22522K(23168K)->22522K(23168K)
[2025-01-18T13:55:53.263+0000][813.053s][info ][gc          ] GC(110) Pause Young (Concurrent Start) (G1 Evacuation Pause) 347M->165M(401M) 6.678ms
[2025-01-18T13:55:53.263+0000][813.053s][info ][gc,cpu      ] GC(110) User=0.02s Sys=0.00s Real=0.00s
[2025-01-18T13:55:53.263+0000][813.053s][info ][gc          ] GC(111) Concurrent Mark Cycle
[2025-01-18T13:55:53.263+0000][813.053s][info ][gc,marking  ] GC(111) Concurrent Clear Claimed Marks
[2025-01-18T13:55:53.263+0000][813.053s][info ][safepoint   ] Safepoint "G1CollectForAllocation", Time since last: 167103903 ns, Reaching safepoint: 436387 ns, Cleanup: 4328 ns, At safepoint: 7147035 ns, Total: 7587750 ns
[2025-01-18T13:55:53.264+0000][813.054s][info ][gc,marking  ] GC(111) Concurrent Clear Claimed Marks 0.391ms
[2025-01-18T13:55:53.264+0000][813.054s][info ][gc,marking  ] GC(111) Concurrent Scan Root Regions
[2025-01-18T13:55:53.266+0000][813.056s][info ][gc,marking  ] GC(111) Concurrent Scan Root Regions 2.416ms
[2025-01-18T13:55:53.267+0000][813.057s][info ][gc,marking  ] GC(111) Concurrent Mark
[2025-01-18T13:55:53.267+0000][813.057s][info ][gc,marking  ] GC(111) Concurrent Mark From Roots
[2025-01-18T13:55:53.267+0000][813.057s][info ][gc,task     ] GC(111) Using 3 workers of 3 for marking
[2025-01-18T13:55:53.353+0000][813.143s][info ][gc,marking  ] GC(111) Concurrent Mark From Roots 86.465ms
[2025-01-18T13:55:53.354+0000][813.144s][info ][gc,marking  ] GC(111) Concurrent Preclean
[2025-01-18T13:55:53.354+0000][813.144s][info ][gc,marking  ] GC(111) Concurrent Preclean 0.562ms
[2025-01-18T13:55:53.355+0000][813.145s][debug][safepoint   ] Safepoint synchronization initiated using futex wait barrier. (196 threads)
[2025-01-18T13:55:53.355+0000][813.145s][info ][gc,start    ] GC(111) Pause Remark
[2025-01-18T13:55:53.361+0000][813.151s][info ][gc          ] GC(111) Pause Remark 167M->167M(401M) 6.252ms
[2025-01-18T13:55:53.362+0000][813.152s][info ][gc,cpu      ] GC(111) User=0.04s Sys=0.01s Real=0.00s
[2025-01-18T13:55:53.363+0000][813.153s][info ][safepoint   ] Safepoint "G1PauseRemark", Time since last: 91527572 ns, Reaching safepoint: 462908 ns, Cleanup: 50359 ns, At safepoint: 7716323 ns, Total: 8229590 ns
[2025-01-18T13:55:53.363+0000][813.153s][info ][gc,marking  ] GC(111) Concurrent Mark 96.505ms
[2025-01-18T13:55:53.363+0000][813.153s][info ][gc,marking  ] GC(111) Concurrent Rebuild Remembered Sets
[2025-01-18T13:55:53.417+0000][813.207s][info ][gc,marking  ] GC(111) Concurrent Rebuild Remembered Sets 53.730ms
[2025-01-18T13:55:53.418+0000][813.208s][debug][safepoint   ] Safepoint synchronization initiated using futex wait barrier. (196 threads)
[2025-01-18T13:55:53.418+0000][813.208s][info ][gc,start    ] GC(111) Pause Cleanup
[2025-01-18T13:55:53.419+0000][813.209s][info ][gc          ] GC(111) Pause Cleanup 167M->167M(401M) 0.720ms
[2025-01-18T13:55:53.420+0000][813.210s][info ][gc,cpu      ] GC(111) User=0.00s Sys=0.00s Real=0.00s
[2025-01-18T13:55:53.420+0000][813.210s][info ][safepoint   ] Safepoint "G1PauseCleanup", Time since last: 55015011 ns, Reaching safepoint: 513327 ns, Cleanup: 3487 ns, At safepoint: 1368566 ns, Total: 1885380 ns
[2025-01-18T13:55:53.420+0000][813.210s][info ][gc,marking  ] GC(111) Concurrent Cleanup for Next Mark
[2025-01-18T13:55:53.421+0000][813.211s][info ][gc,marking  ] GC(111) Concurrent Cleanup for Next Mark 0.997ms
[2025-01-18T13:55:53.422+0000][813.212s][info ][gc          ] GC(111) Concurrent Mark Cycle 158.473ms
[2025-01-18T13:56:01.423+0000][821.213s][debug][safepoint   ] Safepoint synchronization initiated using futex wait barrier. (196 threads)
[2025-01-18T13:56:01.424+0000][821.214s][info ][safepoint   ] Safepoint "Cleanup", Time since last: 8003251393 ns, Reaching safepoint: 731225 ns, Cleanup: 18857 ns, At safepoint: 10501 ns, Total: 760583 ns
[2025-01-18T13:56:10.428+0000][830.218s][debug][safepoint   ] Safepoint synchronization initiated using futex wait barrier. (196 threads)
[2025-01-18T13:56:10.428+0000][830.218s][info ][safepoint   ] Safepoint "Cleanup", Time since last: 9003742180 ns, Reaching safepoint: 810221 ns, Cleanup: 33666 ns, At safepoint: 10240 ns, Total: 854127 ns
[2025-01-18T13:56:11.429+0000][831.219s][debug][safepoint   ] Safepoint synchronization initiated using futex wait barrier. (196 threads)
[2025-01-18T13:56:11.430+0000][831.220s][info ][safepoint   ] Safepoint "Cleanup", Time since last: 1001005720 ns, Reaching safepoint: 524550 ns, Cleanup: 14909 ns, At safepoint: 8547 ns, Total: 548006 ns
[2025-01-18T13:56:13.430+0000][833.221s][debug][safepoint   ] Safepoint synchronization initiated using futex wait barrier. (196 threads)
[2025-01-18T13:56:13.431+0000][833.222s][info ][safepoint   ] Safepoint "Cleanup", Time since last: 2001380760 ns, Reaching safepoint: 1018809 ns, Cleanup: 23586 ns, At safepoint: 9368 ns, Total: 1051763 ns
[2025-01-18T13:57:00.147+0000][879.940s][debug][safepoint   ] Safepoint synchronization initiated using futex wait barrier. (196 threads)
[2025-01-18T13:57:00.147+0000][879.940s][info ][safepoint   ] Safepoint "Cleanup", Time since last: 46717382476 ns, Reaching safepoint: 429824 ns, Cleanup: 11993 ns, At safepoint: 4549 ns, Total: 446366 ns
[2025-01-18T13:57:10.151+0000][889.944s][debug][safepoint   ] Safepoint synchronization initiated using futex wait barrier. (196 threads)
[2025-01-18T13:57:10.152+0000][889.945s][info ][safepoint   ] Safepoint "Cleanup", Time since last: 10003959243 ns, Reaching safepoint: 790831 ns, Cleanup: 20480 ns, At safepoint: 10982 ns, Total: 822293 ns
[2025-01-18T13:57:16.153+0000][895.947s][debug][safepoint   ] Safepoint synchronization initiated using futex wait barrier. (196 threads)
[2025-01-18T13:57:16.154+0000][895.948s][info ][safepoint   ] Safepoint "Cleanup", Time since last: 6002325377 ns, Reaching safepoint: 779538 ns, Cleanup: 19248 ns, At safepoint: 10902 ns, Total: 809688 ns
[2025-01-18T13:58:10.172+0000][949.967s][debug][safepoint   ] Safepoint synchronization initiated using futex wait barrier. (196 threads)
[2025-01-18T13:58:10.173+0000][949.968s][info ][safepoint   ] Safepoint "Cleanup", Time since last: 54019227633 ns, Reaching safepoint: 965406 ns, Cleanup: 14858 ns, At safepoint: 4609 ns, Total: 984873 ns
[2025-01-18T13:58:11.173+0000][950.969s][debug][safepoint   ] Safepoint synchronization initiated using futex wait barrier. (196 threads)
[2025-01-18T13:58:11.174+0000][950.970s][info ][safepoint   ] Safepoint "Cleanup", Time since last: 1000668939 ns, Reaching safepoint: 794388 ns, Cleanup: 54827 ns, At safepoint: 27735 ns, Total: 876950 ns
[2025-01-18T13:58:17.174+0000][956.972s][debug][safepoint   ] Safepoint synchronization initiated using futex wait barrier. (196 threads)
[2025-01-18T13:58:17.175+0000][956.973s][info ][safepoint   ] Safepoint "Cleanup", Time since last: 6001789536 ns, Reaching safepoint: 764255 ns, Cleanup: 20619 ns, At safepoint: 10751 ns, Total: 795625 ns
[2025-01-18T13:58:20.177+0000][959.975s][debug][safepoint   ] Safepoint synchronization initiated using futex wait barrier. (196 threads)
[2025-01-18T13:58:20.178+0000][959.975s][info ][safepoint   ] Safepoint "Cleanup", Time since last: 3002011769 ns, Reaching safepoint: 698128 ns, Cleanup: 13226 ns, At safepoint: 4800 ns, Total: 716154 ns
[2025-01-18T13:58:21.179+0000][960.976s][debug][safepoint   ] Safepoint synchronization initiated using futex wait barrier. (196 threads)
[2025-01-18T13:58:21.179+0000][960.977s][info ][safepoint   ] Safepoint "Cleanup", Time since last: 1000691424 ns, Reaching safepoint: 631729 ns, Cleanup: 20501 ns, At safepoint: 5331 ns, Total: 657561 ns
[2025-01-18T13:58:30.182+0000][969.980s][debug][safepoint   ] Safepoint synchronization initiated using futex wait barrier. (196 threads)
[2025-01-18T13:58:30.183+0000][969.980s][info ][safepoint   ] Safepoint "Cleanup", Time since last: 9003004975 ns, Reaching safepoint: 727058 ns, Cleanup: 11552 ns, At safepoint: 4249 ns, Total: 742859 ns
[2025-01-18T13:58:30.337+0000][970.135s][debug][safepoint   ] Safepoint synchronization initiated using futex wait barrier. (196 threads)
[2025-01-18T13:58:30.338+0000][970.136s][info ][gc,start    ] GC(112) Pause Young (Prepare Mixed) (G1 Evacuation Pause)
[2025-01-18T13:58:30.339+0000][970.136s][info ][gc,task     ] GC(112) Using 10 workers of 10 for evacuation
[2025-01-18T13:58:30.343+0000][970.140s][info ][gc,phases   ] GC(112)   Pre Evacuate Collection Set: 0.4ms
[2025-01-18T13:58:30.343+0000][970.140s][info ][gc,phases   ] GC(112)   Merge Heap Roots: 0.3ms
[2025-01-18T13:58:30.343+0000][970.141s][info ][gc,phases   ] GC(112)   Evacuate Collection Set: 1.9ms
[2025-01-18T13:58:30.344+0000][970.141s][info ][gc,phases   ] GC(112)   Post Evacuate Collection Set: 1.1ms
[2025-01-18T13:58:30.344+0000][970.141s][info ][gc,phases   ] GC(112)   Other: 0.7ms
[2025-01-18T13:58:30.344+0000][970.141s][info ][gc,heap     ] GC(112) Eden regions: 185->0(19)
[2025-01-18T13:58:30.344+0000][970.142s][info ][gc,heap     ] GC(112) Survivor regions: 1->1(24)
[2025-01-18T13:58:30.344+0000][970.142s][info ][gc,heap     ] GC(112) Old regions: 164->164
[2025-01-18T13:58:30.345+0000][970.142s][info ][gc,heap     ] GC(112) Archive regions: 2->2
[2025-01-18T13:58:30.345+0000][970.142s][info ][gc,heap     ] GC(112) Humongous regions: 0->0
[2025-01-18T13:58:30.345+0000][970.142s][info ][gc,metaspace] GC(112) Metaspace: 183704K(185024K)->183704K(185024K) NonClass: 161179K(161856K)->161179K(161856K) Class: 22524K(23168K)->22524K(23168K)
[2025-01-18T13:58:30.345+0000][970.143s][info ][gc          ] GC(112) Pause Young (Prepare Mixed) (G1 Evacuation Pause) 350M->164M(401M) 6.875ms
[2025-01-18T13:58:30.345+0000][970.143s][info ][gc,cpu      ] GC(112) User=0.01s Sys=0.01s Real=0.00s
[2025-01-18T13:58:30.346+0000][970.143s][info ][safepoint   ] Safepoint "G1CollectForAllocation", Time since last: 154439934 ns, Reaching safepoint: 867927 ns, Cleanup: 7776 ns, At safepoint: 7358800 ns, Total: 8234503 ns
[2025-01-18T13:58:40.348+0000][980.146s][debug][safepoint   ] Safepoint synchronization initiated using futex wait barrier. (196 threads)
[2025-01-18T13:58:40.349+0000][980.147s][info ][safepoint   ] Safepoint "Cleanup", Time since last: 10002751079 ns, Reaching safepoint: 890182 ns, Cleanup: 46131 ns, At safepoint: 12073 ns, Total: 948386 ns
[2025-01-18T13:58:41.350+0000][981.147s][debug][safepoint   ] Safepoint synchronization initiated using futex wait barrier. (196 threads)
[2025-01-18T13:58:41.351+0000][981.149s][info ][safepoint   ] Safepoint "Cleanup", Time since last: 1000763309 ns, Reaching safepoint: 1052790 ns, Cleanup: 27594 ns, At safepoint: 33957 ns, Total: 1114341 ns
[2025-01-18T13:58:43.351+0000][983.150s][debug][safepoint   ] Safepoint synchronization initiated using futex wait barrier. (196 threads)
[2025-01-18T13:58:43.352+0000][983.151s][info ][safepoint   ] Safepoint "Cleanup", Time since last: 2001294481 ns, Reaching safepoint: 880934 ns, Cleanup: 11843 ns, At safepoint: 5331 ns, Total: 898108 ns
[2025-01-18T13:58:45.176+0000][984.975s][debug][safepoint   ] Safepoint synchronization initiated using futex wait barrier. (196 threads)
[2025-01-18T13:58:45.177+0000][984.976s][info ][gc,start    ] GC(113) Pause Young (Mixed) (G1 Evacuation Pause)
[2025-01-18T13:58:45.177+0000][984.976s][info ][gc,task     ] GC(113) Using 10 workers of 10 for evacuation
[2025-01-18T13:58:45.186+0000][984.985s][info ][gc,phases   ] GC(113)   Pre Evacuate Collection Set: 0.4ms
[2025-01-18T13:58:45.186+0000][984.985s][info ][gc,phases   ] GC(113)   Merge Heap Roots: 0.4ms
[2025-01-18T13:58:45.186+0000][984.985s][info ][gc,phases   ] GC(113)   Evacuate Collection Set: 6.3ms
[2025-01-18T13:58:45.186+0000][984.985s][info ][gc,phases   ] GC(113)   Post Evacuate Collection Set: 1.2ms
[2025-01-18T13:58:45.187+0000][984.986s][info ][gc,phases   ] GC(113)   Other: 0.8ms
[2025-01-18T13:58:45.187+0000][984.986s][info ][gc,heap     ] GC(113) Eden regions: 19->0(190)
[2025-01-18T13:58:45.187+0000][984.986s][info ][gc,heap     ] GC(113) Survivor regions: 1->1(3)
[2025-01-18T13:58:45.187+0000][984.986s][info ][gc,heap     ] GC(113) Old regions: 164->160
[2025-01-18T13:58:45.187+0000][984.986s][info ][gc,heap     ] GC(113) Archive regions: 2->2
[2025-01-18T13:58:45.188+0000][984.987s][info ][gc,heap     ] GC(113) Humongous regions: 0->0
[2025-01-18T13:58:45.188+0000][984.987s][info ][gc,metaspace] GC(113) Metaspace: 183705K(185024K)->183705K(185024K) NonClass: 161181K(161856K)->161181K(161856K) Class: 22524K(23168K)->22524K(23168K)
[2025-01-18T13:58:45.188+0000][984.987s][info ][gc          ] GC(113) Pause Young (Mixed) (G1 Evacuation Pause) 183M->161M(401M) 11.486ms
[2025-01-18T13:58:45.188+0000][984.987s][info ][gc,cpu      ] GC(113) User=0.04s Sys=0.02s Real=0.01s
[2025-01-18T13:58:45.189+0000][984.988s][info ][safepoint   ] Safepoint "G1CollectForAllocation", Time since last: 1824071028 ns, Reaching safepoint: 755721 ns, Cleanup: 9850 ns, At safepoint: 12001391 ns, Total: 12766962 ns
[2025-01-18T13:59:02.195+0000][1001.994s][debug][safepoint   ] Safepoint synchronization initiated using futex wait barrier. (196 threads)
[2025-01-18T13:59:02.196+0000][1001.995s][info ][safepoint   ] Safepoint "Cleanup", Time since last: 17006313044 ns, Reaching safepoint: 719732 ns, Cleanup: 12384 ns, At safepoint: 22294 ns, Total: 754410 ns
[2025-01-18T13:59:10.199+0000][1009.998s][debug][safepoint   ] Safepoint synchronization initiated using futex wait barrier. (196 threads)
[2025-01-18T13:59:10.200+0000][1009.999s][info ][safepoint   ] Safepoint "Cleanup", Time since last: 8003501435 ns, Reaching safepoint: 780851 ns, Cleanup: 27704 ns, At safepoint: 10882 ns, Total: 819437 ns
[2025-01-18T13:59:18.203+0000][1018.003s][debug][safepoint   ] Safepoint synchronization initiated using futex wait barrier. (196 threads)
[2025-01-18T13:59:18.204+0000][1018.004s][info ][safepoint   ] Safepoint "Cleanup", Time since last: 8003974866 ns, Reaching safepoint: 612401 ns, Cleanup: 27494 ns, At safepoint: 8306 ns, Total: 648201 ns
[2025-01-18T13:59:50.213+0000][1050.014s][debug][safepoint   ] Safepoint synchronization initiated using futex wait barrier. (196 threads)
[2025-01-18T13:59:50.214+0000][1050.015s][info ][safepoint   ] Safepoint "Cleanup", Time since last: 32010577294 ns, Reaching safepoint: 1126248 ns, Cleanup: 27193 ns, At safepoint: 6243 ns, Total: 1159684 ns
[2025-01-18T14:00:10.221+0000][1070.023s][debug][safepoint   ] Safepoint synchronization initiated using futex wait barrier. (196 threads)
[2025-01-18T14:00:10.222+0000][1070.023s][info ][safepoint   ] Safepoint "Cleanup", Time since last: 20007199484 ns, Reaching safepoint: 534345 ns, Cleanup: 33044 ns, At safepoint: 6142 ns, Total: 573531 ns
[2025-01-18T14:00:19.223+0000][1079.026s][debug][safepoint   ] Safepoint synchronization initiated using futex wait barrier. (196 threads)
[2025-01-18T14:00:19.223+0000][1079.027s][info ][safepoint   ] Safepoint "Cleanup", Time since last: 9003006698 ns, Reaching safepoint: 419358 ns, Cleanup: 15460 ns, At safepoint: 7245 ns, Total: 442063 ns
[2025-01-18T14:00:50.389+0000][1110.194s][debug][safepoint   ] Safepoint synchronization initiated using futex wait barrier. (196 threads)
[2025-01-18T14:00:50.390+0000][1110.194s][info ][safepoint   ] Safepoint "Cleanup", Time since last: 31167075973 ns, Reaching safepoint: 811281 ns, Cleanup: 15410 ns, At safepoint: 4890 ns, Total: 831581 ns
[2025-01-18T14:01:10.398+0000][1130.202s][debug][safepoint   ] Safepoint synchronization initiated using futex wait barrier. (196 threads)
[2025-01-18T14:01:10.398+0000][1130.203s][info ][safepoint   ] Safepoint "Cleanup", Time since last: 20007718492 ns, Reaching safepoint: 421587 ns, Cleanup: 50378 ns, At safepoint: 13446 ns, Total: 485411 ns
[2025-01-18T14:01:26.866+0000][1146.672s][debug][safepoint   ] Safepoint synchronization initiated using futex wait barrier. (196 threads)
[2025-01-18T14:01:26.867+0000][1146.673s][info ][gc,start    ] GC(114) Pause Young (Normal) (G1 Evacuation Pause)
[2025-01-18T14:01:26.867+0000][1146.673s][info ][gc,task     ] GC(114) Using 10 workers of 10 for evacuation
[2025-01-18T14:01:26.871+0000][1146.676s][info ][gc,phases   ] GC(114)   Pre Evacuate Collection Set: 0.3ms
[2025-01-18T14:01:26.871+0000][1146.677s][info ][gc,phases   ] GC(114)   Merge Heap Roots: 0.2ms
[2025-01-18T14:01:26.871+0000][1146.677s][info ][gc,phases   ] GC(114)   Evacuate Collection Set: 1.3ms
[2025-01-18T14:01:26.871+0000][1146.677s][info ][gc,phases   ] GC(114)   Post Evacuate Collection Set: 1.1ms
[2025-01-18T14:01:26.872+0000][1146.677s][info ][gc,phases   ] GC(114)   Other: 0.8ms
[2025-01-18T14:01:26.872+0000][1146.677s][info ][gc,heap     ] GC(114) Eden regions: 190->0(192)
[2025-01-18T14:01:26.872+0000][1146.678s][info ][gc,heap     ] GC(114) Survivor regions: 1->1(24)
[2025-01-18T14:01:26.872+0000][1146.678s][info ][gc,heap     ] GC(114) Old regions: 160->160
[2025-01-18T14:01:26.872+0000][1146.678s][info ][gc,heap     ] GC(114) Archive regions: 2->2
[2025-01-18T14:01:26.872+0000][1146.678s][info ][gc,heap     ] GC(114) Humongous regions: 0->0
[2025-01-18T14:01:26.872+0000][1146.678s][info ][gc,metaspace] GC(114) Metaspace: 183822K(185088K)->183822K(185088K) NonClass: 161296K(161920K)->161296K(161920K) Class: 22525K(23168K)->22525K(23168K)
[2025-01-18T14:01:26.873+0000][1146.678s][info ][gc          ] GC(114) Pause Young (Normal) (G1 Evacuation Pause) 351M->161M(401M) 5.578ms
[2025-01-18T14:01:26.873+0000][1146.678s][info ][gc,cpu      ] GC(114) User=0.01s Sys=0.00s Real=0.01s
[2025-01-18T14:01:26.873+0000][1146.679s][info ][safepoint   ] Safepoint "G1CollectForAllocation", Time since last: 16469392635 ns, Reaching safepoint: 602380 ns, Cleanup: 7013 ns, At safepoint: 6119701 ns, Total: 6729094 ns
[2025-01-18T14:01:59.882+0000][1179.690s][debug][safepoint   ] Safepoint synchronization initiated using futex wait barrier. (196 threads)
[2025-01-18T14:01:59.883+0000][1179.690s][info ][safepoint   ] Safepoint "Cleanup", Time since last: 33010905849 ns, Reaching safepoint: 519948 ns, Cleanup: 34568 ns, At safepoint: 11202 ns, Total: 565718 ns
[2025-01-18T14:02:07.886+0000][1187.693s][debug][safepoint   ] Safepoint synchronization initiated using futex wait barrier. (196 threads)
[2025-01-18T14:02:07.887+0000][1187.694s][info ][safepoint   ] Safepoint "Cleanup", Time since last: 8002986736 ns, Reaching safepoint: 1032071 ns, Cleanup: 19999 ns, At safepoint: 5411 ns, Total: 1057481 ns
[2025-01-18T14:02:09.888+0000][1189.696s][debug][safepoint   ] Safepoint synchronization initiated using futex wait barrier. (196 threads)
[2025-01-18T14:02:09.889+0000][1189.697s][info ][safepoint   ] Safepoint "Cleanup", Time since last: 2001169955 ns, Reaching safepoint: 998405 ns, Cleanup: 22344 ns, At safepoint: 9107 ns, Total: 1029856 ns
[2025-01-18T14:02:47.901+0000][1227.711s][debug][safepoint   ] Safepoint synchronization initiated using futex wait barrier. (196 threads)
[2025-01-18T14:02:47.902+0000][1227.712s][info ][safepoint   ] Safepoint "Cleanup", Time since last: 38014693372 ns, Reaching safepoint: 788483 ns, Cleanup: 10952 ns, At safepoint: 4759 ns, Total: 804194 ns
[2025-01-18T14:02:49.903+0000][1229.713s][debug][safepoint   ] Safepoint synchronization initiated using futex wait barrier. (196 threads)
[2025-01-18T14:02:49.904+0000][1229.714s][info ][safepoint   ] Safepoint "Cleanup", Time since last: 2001239762 ns, Reaching safepoint: 773434 ns, Cleanup: 14798 ns, At safepoint: 4429 ns, Total: 792661 ns
[2025-01-18T14:03:09.911+0000][1249.721s][debug][safepoint   ] Safepoint synchronization initiated using futex wait barrier. (196 threads)
[2025-01-18T14:03:09.911+0000][1249.721s][info ][safepoint   ] Safepoint "Cleanup", Time since last: 20006569742 ns, Reaching safepoint: 611054 ns, Cleanup: 18106 ns, At safepoint: 10390 ns, Total: 639550 ns
[2025-01-18T14:04:10.402+0000][1310.215s][debug][safepoint   ] Safepoint synchronization initiated using futex wait barrier. (196 threads)
[2025-01-18T14:04:10.403+0000][1310.215s][info ][gc,start    ] GC(115) Pause Young (Concurrent Start) (G1 Evacuation Pause)
[2025-01-18T14:04:10.403+0000][1310.215s][info ][gc,task     ] GC(115) Using 10 workers of 10 for evacuation
[2025-01-18T14:04:10.407+0000][1310.219s][info ][gc,phases   ] GC(115)   Pre Evacuate Collection Set: 0.7ms
[2025-01-18T14:04:10.407+0000][1310.220s][info ][gc,phases   ] GC(115)   Merge Heap Roots: 0.2ms
[2025-01-18T14:04:10.407+0000][1310.220s][info ][gc,phases   ] GC(115)   Evacuate Collection Set: 1.6ms
[2025-01-18T14:04:10.408+0000][1310.220s][info ][gc,phases   ] GC(115)   Post Evacuate Collection Set: 1.1ms
[2025-01-18T14:04:10.408+0000][1310.220s][info ][gc,phases   ] GC(115)   Other: 0.6ms
[2025-01-18T14:04:10.408+0000][1310.220s][info ][gc,heap     ] GC(115) Eden regions: 192->0(193)
[2025-01-18T14:04:10.408+0000][1310.221s][info ][gc,heap     ] GC(115) Survivor regions: 1->1(25)
[2025-01-18T14:04:10.408+0000][1310.221s][info ][gc,heap     ] GC(115) Old regions: 160->160
[2025-01-18T14:04:10.408+0000][1310.221s][info ][gc,heap     ] GC(115) Archive regions: 2->2
[2025-01-18T14:04:10.409+0000][1310.221s][info ][gc,heap     ] GC(115) Humongous regions: 0->0
[2025-01-18T14:04:10.409+0000][1310.221s][info ][gc,metaspace] GC(115) Metaspace: 183832K(185088K)->183832K(185088K) NonClass: 161306K(161920K)->161306K(161920K) Class: 22525K(23168K)->22525K(23168K)
[2025-01-18T14:04:10.409+0000][1310.221s][info ][gc          ] GC(115) Pause Young (Concurrent Start) (G1 Evacuation Pause) 353M->161M(401M) 6.276ms
[2025-01-18T14:04:10.409+0000][1310.222s][info ][gc,cpu      ] GC(115) User=0.01s Sys=0.00s Real=0.00s
[2025-01-18T14:04:10.409+0000][1310.222s][info ][gc          ] GC(116) Concurrent Mark Cycle
[2025-01-18T14:04:10.410+0000][1310.222s][info ][gc,marking  ] GC(116) Concurrent Clear Claimed Marks
[2025-01-18T14:04:10.409+0000][1310.222s][info ][safepoint   ] Safepoint "G1CollectForAllocation", Time since last: 60493527524 ns, Reaching safepoint: 317410 ns, Cleanup: 4269 ns, At safepoint: 6778675 ns, Total: 7100354 ns
[2025-01-18T14:04:10.410+0000][1310.223s][info ][gc,marking  ] GC(116) Concurrent Clear Claimed Marks 0.473ms
[2025-01-18T14:04:10.411+0000][1310.223s][info ][gc,marking  ] GC(116) Concurrent Scan Root Regions
[2025-01-18T14:04:10.414+0000][1310.226s][info ][gc,marking  ] GC(116) Concurrent Scan Root Regions 3.412ms
[2025-01-18T14:04:10.414+0000][1310.227s][info ][gc,marking  ] GC(116) Concurrent Mark
[2025-01-18T14:04:10.415+0000][1310.227s][info ][gc,marking  ] GC(116) Concurrent Mark From Roots
[2025-01-18T14:04:10.415+0000][1310.227s][info ][gc,task     ] GC(116) Using 3 workers of 3 for marking
[2025-01-18T14:04:10.498+0000][1310.310s][info ][gc,marking  ] GC(116) Concurrent Mark From Roots 83.121ms
[2025-01-18T14:04:10.498+0000][1310.311s][info ][gc,marking  ] GC(116) Concurrent Preclean
[2025-01-18T14:04:10.499+0000][1310.311s][info ][gc,marking  ] GC(116) Concurrent Preclean 0.868ms
[2025-01-18T14:04:10.499+0000][1310.312s][debug][safepoint   ] Safepoint synchronization initiated using futex wait barrier. (196 threads)
[2025-01-18T14:04:10.500+0000][1310.312s][info ][gc,start    ] GC(116) Pause Remark
[2025-01-18T14:04:10.506+0000][1310.318s][info ][gc          ] GC(116) Pause Remark 164M->164M(401M) 6.165ms
[2025-01-18T14:04:10.506+0000][1310.318s][info ][gc,cpu      ] GC(116) User=0.05s Sys=0.00s Real=0.01s
[2025-01-18T14:04:10.507+0000][1310.319s][info ][safepoint   ] Safepoint "G1PauseRemark", Time since last: 89855121 ns, Reaching safepoint: 209199 ns, Cleanup: 4368 ns, At safepoint: 7521338 ns, Total: 7734905 ns
[2025-01-18T14:04:10.507+0000][1310.320s][info ][gc,marking  ] GC(116) Concurrent Mark 92.988ms
[2025-01-18T14:04:10.508+0000][1310.320s][info ][gc,marking  ] GC(116) Concurrent Rebuild Remembered Sets
[2025-01-18T14:04:10.561+0000][1310.373s][info ][gc,marking  ] GC(116) Concurrent Rebuild Remembered Sets 52.943ms
[2025-01-18T14:04:10.561+0000][1310.373s][debug][safepoint   ] Safepoint synchronization initiated using futex wait barrier. (196 threads)
[2025-01-18T14:04:10.561+0000][1310.374s][info ][gc,start    ] GC(116) Pause Cleanup
[2025-01-18T14:04:10.562+0000][1310.374s][info ][gc          ] GC(116) Pause Cleanup 164M->164M(401M) 0.500ms
[2025-01-18T14:04:10.562+0000][1310.374s][info ][gc,cpu      ] GC(116) User=0.00s Sys=0.00s Real=0.01s
[2025-01-18T14:04:10.562+0000][1310.375s][info ][safepoint   ] Safepoint "G1PauseCleanup", Time since last: 53889912 ns, Reaching safepoint: 274637 ns, Cleanup: 26331 ns, At safepoint: 1042086 ns, Total: 1343054 ns
[2025-01-18T14:04:10.563+0000][1310.375s][info ][gc,marking  ] GC(116) Concurrent Cleanup for Next Mark
[2025-01-18T14:04:10.563+0000][1310.376s][info ][gc,marking  ] GC(116) Concurrent Cleanup for Next Mark 0.689ms
[2025-01-18T14:04:10.564+0000][1310.376s][info ][gc          ] GC(116) Concurrent Mark Cycle 154.242ms
[2025-01-18T14:04:40.570+0000][1340.384s][debug][safepoint   ] Safepoint synchronization initiated using futex wait barrier. (196 threads)
[2025-01-18T14:04:40.571+0000][1340.385s][info ][safepoint   ] Safepoint "Cleanup", Time since last: 30009629654 ns, Reaching safepoint: 483115 ns, Cleanup: 11453 ns, At safepoint: 23896 ns, Total: 518464 ns
[2025-01-18T14:04:45.572+0000][1345.387s][debug][safepoint   ] Safepoint synchronization initiated using futex wait barrier. (196 threads)
[2025-01-18T14:04:45.573+0000][1345.388s][info ][safepoint   ] Safepoint "Cleanup", Time since last: 5001960207 ns, Reaching safepoint: 763474 ns, Cleanup: 18426 ns, At safepoint: 10601 ns, Total: 792501 ns
[2025-01-18T14:04:49.574+0000][1349.389s][debug][safepoint   ] Safepoint synchronization initiated using futex wait barrier. (196 threads)
[2025-01-18T14:04:49.575+0000][1349.390s][info ][safepoint   ] Safepoint "Cleanup", Time since last: 4001471287 ns, Reaching safepoint: 964267 ns, Cleanup: 17304 ns, At safepoint: 7505 ns, Total: 989076 ns
[2025-01-18T14:05:24.587+0000][1384.404s][debug][safepoint   ] Safepoint synchronization initiated using futex wait barrier. (196 threads)
[2025-01-18T14:05:24.588+0000][1384.405s][info ][safepoint   ] Safepoint "Cleanup", Time since last: 35013975832 ns, Reaching safepoint: 688085 ns, Cleanup: 15019 ns, At safepoint: 7886 ns, Total: 710990 ns
[2025-01-18T14:06:41.613+0000][1461.433s][debug][safepoint   ] Safepoint synchronization initiated using futex wait barrier. (196 threads)
[2025-01-18T14:06:41.614+0000][1461.433s][info ][safepoint   ] Safepoint "Cleanup", Time since last: 77027912809 ns, Reaching safepoint: 792851 ns, Cleanup: 12134 ns, At safepoint: 4459 ns, Total: 809444 ns
[2025-01-18T14:06:54.775+0000][1474.596s][debug][safepoint   ] Safepoint synchronization initiated using futex wait barrier. (196 threads)
[2025-01-18T14:06:54.776+0000][1474.597s][info ][gc,start    ] GC(117) Pause Young (Prepare Mixed) (G1 Evacuation Pause)
[2025-01-18T14:06:54.776+0000][1474.597s][info ][gc,task     ] GC(117) Using 10 workers of 10 for evacuation
[2025-01-18T14:06:54.779+0000][1474.601s][info ][gc,phases   ] GC(117)   Pre Evacuate Collection Set: 0.3ms
[2025-01-18T14:06:54.780+0000][1474.601s][info ][gc,phases   ] GC(117)   Merge Heap Roots: 0.2ms
[2025-01-18T14:06:54.780+0000][1474.601s][info ][gc,phases   ] GC(117)   Evacuate Collection Set: 1.3ms
[2025-01-18T14:06:54.780+0000][1474.601s][info ][gc,phases   ] GC(117)   Post Evacuate Collection Set: 1.1ms
[2025-01-18T14:06:54.780+0000][1474.602s][info ][gc,phases   ] GC(117)   Other: 0.8ms
[2025-01-18T14:06:54.780+0000][1474.602s][info ][gc,heap     ] GC(117) Eden regions: 193->0(19)
[2025-01-18T14:06:54.781+0000][1474.602s][info ][gc,heap     ] GC(117) Survivor regions: 1->1(25)
[2025-01-18T14:06:54.781+0000][1474.602s][info ][gc,heap     ] GC(117) Old regions: 160->160
[2025-01-18T14:06:54.781+0000][1474.602s][info ][gc,heap     ] GC(117) Archive regions: 2->2
[2025-01-18T14:06:54.781+0000][1474.602s][info ][gc,heap     ] GC(117) Humongous regions: 0->0
[2025-01-18T14:06:54.781+0000][1474.603s][info ][gc,metaspace] GC(117) Metaspace: 183859K(185216K)->183859K(185216K) NonClass: 161333K(162048K)->161333K(162048K) Class: 22525K(23168K)->22525K(23168K)
[2025-01-18T14:06:54.781+0000][1474.603s][info ][gc          ] GC(117) Pause Young (Prepare Mixed) (G1 Evacuation Pause) 354M->161M(401M) 5.854ms
[2025-01-18T14:06:54.782+0000][1474.603s][info ][gc,cpu      ] GC(117) User=0.01s Sys=0.00s Real=0.00s
[2025-01-18T14:06:54.782+0000][1474.603s][info ][safepoint   ] Safepoint "G1CollectForAllocation", Time since last: 13162819539 ns, Reaching safepoint: 569845 ns, Cleanup: 6343 ns, At safepoint: 6433867 ns, Total: 7010055 ns
[2025-01-18T14:07:09.687+0000][1489.508s][debug][safepoint   ] Safepoint synchronization initiated using futex wait barrier. (196 threads)
[2025-01-18T14:07:09.687+0000][1489.509s][info ][gc,start    ] GC(118) Pause Young (Mixed) (G1 Evacuation Pause)
[2025-01-18T14:07:09.688+0000][1489.509s][info ][gc,task     ] GC(118) Using 10 workers of 10 for evacuation
[2025-01-18T14:07:09.696+0000][1489.517s][info ][gc,phases   ] GC(118)   Pre Evacuate Collection Set: 0.3ms
[2025-01-18T14:07:09.696+0000][1489.517s][info ][gc,phases   ] GC(118)   Merge Heap Roots: 0.3ms
[2025-01-18T14:07:09.696+0000][1489.517s][info ][gc,phases   ] GC(118)   Evacuate Collection Set: 5.7ms
[2025-01-18T14:07:09.696+0000][1489.518s][info ][gc,phases   ] GC(118)   Post Evacuate Collection Set: 1.2ms
[2025-01-18T14:07:09.697+0000][1489.518s][info ][gc,phases   ] GC(118)   Other: 0.8ms
[2025-01-18T14:07:09.697+0000][1489.518s][info ][gc,heap     ] GC(118) Eden regions: 19->0(195)
[2025-01-18T14:07:09.697+0000][1489.518s][info ][gc,heap     ] GC(118) Survivor regions: 1->1(3)
[2025-01-18T14:07:09.697+0000][1489.519s][info ][gc,heap     ] GC(118) Old regions: 160->158
[2025-01-18T14:07:09.697+0000][1489.519s][info ][gc,heap     ] GC(118) Archive regions: 2->2
[2025-01-18T14:07:09.698+0000][1489.519s][info ][gc,heap     ] GC(118) Humongous regions: 0->0
[2025-01-18T14:07:09.698+0000][1489.519s][info ][gc,metaspace] GC(118) Metaspace: 183859K(185216K)->183859K(185216K) NonClass: 161333K(162048K)->161333K(162048K) Class: 22525K(23168K)->22525K(23168K)
[2025-01-18T14:07:09.698+0000][1489.519s][info ][gc          ] GC(118) Pause Young (Mixed) (G1 Evacuation Pause) 180M->158M(401M) 10.757ms
[2025-01-18T14:07:09.698+0000][1489.520s][info ][gc,cpu      ] GC(118) User=0.05s Sys=0.00s Real=0.01s
[2025-01-18T14:07:09.699+0000][1489.520s][info ][safepoint   ] Safepoint "G1CollectForAllocation", Time since last: 14904711256 ns, Reaching safepoint: 581056 ns, Cleanup: 5210 ns, At safepoint: 11321847 ns, Total: 11908113 ns
[2025-01-18T14:07:49.825+0000][1529.649s][debug][safepoint   ] Safepoint synchronization initiated using futex wait barrier. (196 threads)
[2025-01-18T14:07:49.826+0000][1529.650s][info ][safepoint   ] Safepoint "Cleanup", Time since last: 40128961445 ns, Reaching safepoint: 581982 ns, Cleanup: 32163 ns, At safepoint: 10301 ns, Total: 624446 ns
[2025-01-18T14:08:09.833+0000][1549.657s][debug][safepoint   ] Safepoint synchronization initiated using futex wait barrier. (196 threads)
[2025-01-18T14:08:09.834+0000][1549.658s][info ][safepoint   ] Safepoint "Cleanup", Time since last: 20007586375 ns, Reaching safepoint: 577250 ns, Cleanup: 19578 ns, At safepoint: 10510 ns, Total: 607338 ns
[2025-01-18T14:09:04.852+0000][1604.678s][debug][safepoint   ] Safepoint synchronization initiated using futex wait barrier. (196 threads)
[2025-01-18T14:09:04.852+0000][1604.678s][info ][safepoint   ] Safepoint "Cleanup", Time since last: 55019957616 ns, Reaching safepoint: 785417 ns, Cleanup: 23025 ns, At safepoint: 5230 ns, Total: 813672 ns
[2025-01-18T14:09:09.855+0000][1609.681s][debug][safepoint   ] Safepoint synchronization initiated using futex wait barrier. (196 threads)
[2025-01-18T14:09:09.856+0000][1609.682s][info ][safepoint   ] Safepoint "Cleanup", Time since last: 5002796599 ns, Reaching safepoint: 934417 ns, Cleanup: 39878 ns, At safepoint: 12985 ns, Total: 987280 ns
[2025-01-18T14:09:56.005+0000][1655.834s][debug][safepoint   ] Safepoint synchronization initiated using futex wait barrier. (196 threads)
[2025-01-18T14:09:56.005+0000][1655.835s][info ][gc,start    ] GC(119) Pause Young (Concurrent Start) (G1 Evacuation Pause)
[2025-01-18T14:09:56.006+0000][1655.835s][info ][gc,task     ] GC(119) Using 10 workers of 10 for evacuation
[2025-01-18T14:09:56.009+0000][1655.838s][info ][gc,phases   ] GC(119)   Pre Evacuate Collection Set: 0.4ms
[2025-01-18T14:09:56.009+0000][1655.839s][info ][gc,phases   ] GC(119)   Merge Heap Roots: 0.2ms
[2025-01-18T14:09:56.010+0000][1655.839s][info ][gc,phases   ] GC(119)   Evacuate Collection Set: 1.6ms
[2025-01-18T14:09:56.010+0000][1655.839s][info ][gc,phases   ] GC(119)   Post Evacuate Collection Set: 1.1ms
[2025-01-18T14:09:56.010+0000][1655.839s][info ][gc,phases   ] GC(119)   Other: 0.6ms
[2025-01-18T14:09:56.010+0000][1655.839s][info ][gc,heap     ] GC(119) Eden regions: 195->0(196)
[2025-01-18T14:09:56.010+0000][1655.840s][info ][gc,heap     ] GC(119) Survivor regions: 1->1(25)
[2025-01-18T14:09:56.011+0000][1655.840s][info ][gc,heap     ] GC(119) Old regions: 158->158
[2025-01-18T14:09:56.011+0000][1655.840s][info ][gc,heap     ] GC(119) Archive regions: 2->2
[2025-01-18T14:09:56.011+0000][1655.840s][info ][gc,heap     ] GC(119) Humongous regions: 0->0
[2025-01-18T14:09:56.011+0000][1655.840s][info ][gc,metaspace] GC(119) Metaspace: 183885K(185216K)->183885K(185216K) NonClass: 161359K(162048K)->161359K(162048K) Class: 22525K(23168K)->22525K(23168K)
[2025-01-18T14:09:56.011+0000][1655.840s][info ][gc          ] GC(119) Pause Young (Concurrent Start) (G1 Evacuation Pause) 353M->158M(401M) 5.965ms
[2025-01-18T14:09:56.011+0000][1655.841s][info ][gc,cpu      ] GC(119) User=0.01s Sys=0.00s Real=0.00s
[2025-01-18T14:09:56.012+0000][1655.841s][info ][gc          ] GC(120) Concurrent Mark Cycle
[2025-01-18T14:09:56.012+0000][1655.841s][info ][gc,marking  ] GC(120) Concurrent Clear Claimed Marks
[2025-01-18T14:09:56.012+0000][1655.841s][info ][safepoint   ] Safepoint "G1CollectForAllocation", Time since last: 46151518938 ns, Reaching safepoint: 677756 ns, Cleanup: 4880 ns, At safepoint: 6517910 ns, Total: 7200546 ns
[2025-01-18T14:09:56.012+0000][1655.842s][info ][gc,marking  ] GC(120) Concurrent Clear Claimed Marks 0.450ms
[2025-01-18T14:09:56.013+0000][1655.842s][info ][gc,marking  ] GC(120) Concurrent Scan Root Regions
[2025-01-18T14:09:56.016+0000][1655.845s][info ][gc,marking  ] GC(120) Concurrent Scan Root Regions 2.843ms
[2025-01-18T14:09:56.016+0000][1655.845s][info ][gc,marking  ] GC(120) Concurrent Mark
[2025-01-18T14:09:56.016+0000][1655.845s][info ][gc,marking  ] GC(120) Concurrent Mark From Roots
[2025-01-18T14:09:56.017+0000][1655.846s][info ][gc,task     ] GC(120) Using 3 workers of 3 for marking
[2025-01-18T14:09:56.091+0000][1655.920s][info ][gc,marking  ] GC(120) Concurrent Mark From Roots 74.934ms
[2025-01-18T14:09:56.092+0000][1655.921s][info ][gc,marking  ] GC(120) Concurrent Preclean
[2025-01-18T14:09:56.092+0000][1655.922s][info ][gc,marking  ] GC(120) Concurrent Preclean 0.717ms
[2025-01-18T14:09:56.093+0000][1655.922s][debug][safepoint   ] Safepoint synchronization initiated using futex wait barrier. (196 threads)
[2025-01-18T14:09:56.093+0000][1655.922s][info ][gc,start    ] GC(120) Pause Remark
[2025-01-18T14:09:56.099+0000][1655.928s][info ][gc          ] GC(120) Pause Remark 161M->161M(401M) 5.975ms
[2025-01-18T14:09:56.099+0000][1655.928s][info ][gc,cpu      ] GC(120) User=0.04s Sys=0.00s Real=0.01s
[2025-01-18T14:09:56.100+0000][1655.929s][info ][safepoint   ] Safepoint "G1PauseRemark", Time since last: 80818927 ns, Reaching safepoint: 219429 ns, Cleanup: 10991 ns, At safepoint: 7315532 ns, Total: 7545952 ns
[2025-01-18T14:09:56.100+0000][1655.930s][info ][gc,marking  ] GC(120) Concurrent Mark 84.427ms
[2025-01-18T14:09:56.101+0000][1655.930s][info ][gc,marking  ] GC(120) Concurrent Rebuild Remembered Sets
[2025-01-18T14:09:56.152+0000][1655.981s][info ][gc,marking  ] GC(120) Concurrent Rebuild Remembered Sets 50.935ms
[2025-01-18T14:09:56.152+0000][1655.981s][debug][safepoint   ] Safepoint synchronization initiated using futex wait barrier. (196 threads)
[2025-01-18T14:09:56.152+0000][1655.982s][info ][gc,start    ] GC(120) Pause Cleanup
[2025-01-18T14:09:56.153+0000][1655.982s][info ][gc          ] GC(120) Pause Cleanup 161M->161M(401M) 0.503ms
[2025-01-18T14:09:56.153+0000][1655.982s][info ][gc,cpu      ] GC(120) User=0.00s Sys=0.00s Real=0.00s
[2025-01-18T14:09:56.153+0000][1655.983s][info ][safepoint   ] Safepoint "G1PauseCleanup", Time since last: 51849593 ns, Reaching safepoint: 277653 ns, Cleanup: 23817 ns, At safepoint: 1029053 ns, Total: 1330523 ns
[2025-01-18T14:09:56.154+0000][1655.983s][info ][gc,marking  ] GC(120) Concurrent Cleanup for Next Mark
[2025-01-18T14:09:56.154+0000][1655.983s][info ][gc,marking  ] GC(120) Concurrent Cleanup for Next Mark 0.678ms
[2025-01-18T14:09:56.155+0000][1655.984s][info ][gc          ] GC(120) Concurrent Mark Cycle 142.944ms
[2025-01-18T14:10:28.165+0000][1687.995s][debug][safepoint   ] Safepoint synchronization initiated using futex wait barrier. (196 threads)
[2025-01-18T14:10:28.165+0000][1687.995s][info ][safepoint   ] Safepoint "Cleanup", Time since last: 32011982971 ns, Reaching safepoint: 774786 ns, Cleanup: 18115 ns, At safepoint: 10841 ns, Total: 803742 ns
[2025-01-18T14:10:29.166+0000][1688.996s][debug][safepoint   ] Safepoint synchronization initiated using futex wait barrier. (196 threads)
[2025-01-18T14:10:29.167+0000][1688.997s][info ][safepoint   ] Safepoint "Cleanup", Time since last: 1000852740 ns, Reaching safepoint: 711562 ns, Cleanup: 30450 ns, At safepoint: 5460 ns, Total: 747472 ns
[2025-01-18T14:11:10.181+0000][1730.013s][debug][safepoint   ] Safepoint synchronization initiated using futex wait barrier. (196 threads)
[2025-01-18T14:11:10.182+0000][1730.013s][info ][safepoint   ] Safepoint "Cleanup", Time since last: 41015674211 ns, Reaching safepoint: 446921 ns, Cleanup: 18596 ns, At safepoint: 4980 ns, Total: 470497 ns
[2025-01-18T14:11:45.192+0000][1765.026s][debug][safepoint   ] Safepoint synchronization initiated using futex wait barrier. (196 threads)
[2025-01-18T14:11:45.193+0000][1765.027s][info ][safepoint   ] Safepoint "Cleanup", Time since last: 35013058073 ns, Reaching safepoint: 653931 ns, Cleanup: 18677 ns, At safepoint: 10791 ns, Total: 683399 ns
[2025-01-18T14:11:53.196+0000][1773.030s][debug][safepoint   ] Safepoint synchronization initiated using futex wait barrier. (198 threads)
[2025-01-18T14:11:53.197+0000][1773.031s][info ][safepoint   ] Safepoint "Cleanup", Time since last: 8003442966 ns, Reaching safepoint: 462204 ns, Cleanup: 27173 ns, At safepoint: 9138 ns, Total: 498515 ns
[2025-01-18T14:11:54.197+0000][1774.031s][debug][safepoint   ] Safepoint synchronization initiated using futex wait barrier. (198 threads)
[2025-01-18T14:11:54.197+0000][1774.031s][info ][safepoint   ] Safepoint "Cleanup", Time since last: 1000466676 ns, Reaching safepoint: 194939 ns, Cleanup: 43926 ns, At safepoint: 10781 ns, Total: 249646 ns
[2025-01-18T14:12:00.995+0000][1780.829s][debug][safepoint   ] Safepoint synchronization initiated using futex wait barrier. (198 threads)
[2025-01-18T14:12:00.996+0000][1780.830s][info ][safepoint   ] Safepoint "Cleanup", Time since last: 6797740720 ns, Reaching safepoint: 390003 ns, Cleanup: 17985 ns, At safepoint: 4579 ns, Total: 412567 ns
[2025-01-18T14:12:09.999+0000][1789.833s][debug][safepoint   ] Safepoint synchronization initiated using futex wait barrier. (198 threads)
[2025-01-18T14:12:10.000+0000][1789.834s][info ][safepoint   ] Safepoint "Cleanup", Time since last: 9003565187 ns, Reaching safepoint: 674758 ns, Cleanup: 18025 ns, At safepoint: 6784 ns, Total: 699567 ns
[2025-01-18T14:12:30.007+0000][1809.843s][debug][safepoint   ] Safepoint synchronization initiated using futex wait barrier. (198 threads)
[2025-01-18T14:12:30.008+0000][1809.843s][info ][safepoint   ] Safepoint "Cleanup", Time since last: 20008684537 ns, Reaching safepoint: 720469 ns, Cleanup: 18466 ns, At safepoint: 12184 ns, Total: 751119 ns
[2025-01-18T14:12:31.009+0000][1810.844s][debug][safepoint   ] Safepoint synchronization initiated using futex wait barrier. (198 threads)
[2025-01-18T14:12:31.009+0000][1810.845s][info ][safepoint   ] Safepoint "Cleanup", Time since last: 1000810993 ns, Reaching safepoint: 579723 ns, Cleanup: 12444 ns, At safepoint: 4659 ns, Total: 596826 ns
[2025-01-18T14:12:41.846+0000][1821.681s][debug][safepoint   ] Safepoint synchronization initiated using futex wait barrier. (195 threads)
[2025-01-18T14:12:41.846+0000][1821.682s][info ][gc,start    ] GC(121) Pause Young (Prepare Mixed) (G1 Evacuation Pause)
[2025-01-18T14:12:41.847+0000][1821.682s][info ][gc,task     ] GC(121) Using 10 workers of 10 for evacuation
[2025-01-18T14:12:41.850+0000][1821.685s][info ][gc,phases   ] GC(121)   Pre Evacuate Collection Set: 0.2ms
[2025-01-18T14:12:41.850+0000][1821.686s][info ][gc,phases   ] GC(121)   Merge Heap Roots: 0.2ms
[2025-01-18T14:12:41.850+0000][1821.686s][info ][gc,phases   ] GC(121)   Evacuate Collection Set: 1.3ms
[2025-01-18T14:12:41.851+0000][1821.686s][info ][gc,phases   ] GC(121)   Post Evacuate Collection Set: 1.1ms
[2025-01-18T14:12:41.851+0000][1821.686s][info ][gc,phases   ] GC(121)   Other: 0.7ms
[2025-01-18T14:12:41.851+0000][1821.686s][info ][gc,heap     ] GC(121) Eden regions: 196->0(18)
[2025-01-18T14:12:41.851+0000][1821.687s][info ][gc,heap     ] GC(121) Survivor regions: 1->2(25)
[2025-01-18T14:12:41.851+0000][1821.687s][info ][gc,heap     ] GC(121) Old regions: 158->158
[2025-01-18T14:12:41.852+0000][1821.687s][info ][gc,heap     ] GC(121) Archive regions: 2->2
[2025-01-18T14:12:41.852+0000][1821.687s][info ][gc,heap     ] GC(121) Humongous regions: 0->0
[2025-01-18T14:12:41.852+0000][1821.687s][info ][gc,metaspace] GC(121) Metaspace: 183941K(185280K)->183941K(185280K) NonClass: 161415K(162112K)->161415K(162112K) Class: 22526K(23168K)->22526K(23168K)
[2025-01-18T14:12:41.852+0000][1821.687s][info ][gc          ] GC(121) Pause Young (Prepare Mixed) (G1 Evacuation Pause) 354M->159M(401M) 5.722ms
[2025-01-18T14:12:41.852+0000][1821.688s][info ][gc,cpu      ] GC(121) User=0.01s Sys=0.00s Real=0.01s
[2025-01-18T14:12:41.853+0000][1821.688s][info ][safepoint   ] Safepoint "G1CollectForAllocation", Time since last: 10836433252 ns, Reaching safepoint: 550144 ns, Cleanup: 6032 ns, At safepoint: 6158778 ns, Total: 6714954 ns
[2025-01-18T14:12:56.018+0000][1835.855s][debug][safepoint   ] Safepoint synchronization initiated using futex wait barrier. (195 threads)
[2025-01-18T14:12:56.019+0000][1835.856s][info ][gc,start    ] GC(122) Pause Young (Mixed) (G1 Evacuation Pause)
[2025-01-18T14:12:56.019+0000][1835.856s][info ][gc,task     ] GC(122) Using 10 workers of 10 for evacuation
[2025-01-18T14:12:56.026+0000][1835.863s][info ][gc,phases   ] GC(122)   Pre Evacuate Collection Set: 0.3ms
[2025-01-18T14:12:56.026+0000][1835.863s][info ][gc,phases   ] GC(122)   Merge Heap Roots: 0.2ms
[2025-01-18T14:12:56.027+0000][1835.864s][info ][gc,phases   ] GC(122)   Evacuate Collection Set: 4.6ms
[2025-01-18T14:12:56.027+0000][1835.864s][info ][gc,phases   ] GC(122)   Post Evacuate Collection Set: 1.4ms
[2025-01-18T14:12:56.027+0000][1835.864s][info ][gc,phases   ] GC(122)   Other: 0.5ms
[2025-01-18T14:12:56.027+0000][1835.864s][info ][gc,heap     ] GC(122) Eden regions: 18->0(197)
[2025-01-18T14:12:56.027+0000][1835.864s][info ][gc,heap     ] GC(122) Survivor regions: 2->2(3)
[2025-01-18T14:12:56.028+0000][1835.865s][info ][gc,heap     ] GC(122) Old regions: 158->156
[2025-01-18T14:12:56.028+0000][1835.865s][info ][gc,heap     ] GC(122) Archive regions: 2->2
[2025-01-18T14:12:56.028+0000][1835.865s][info ][gc,heap     ] GC(122) Humongous regions: 0->0
[2025-01-18T14:12:56.028+0000][1835.865s][info ][gc,metaspace] GC(122) Metaspace: 183941K(185280K)->183941K(185280K) NonClass: 161415K(162112K)->161415K(162112K) Class: 22526K(23168K)->22526K(23168K)
[2025-01-18T14:12:56.028+0000][1835.865s][info ][gc          ] GC(122) Pause Young (Mixed) (G1 Evacuation Pause) 177M->157M(401M) 9.570ms
[2025-01-18T14:12:56.029+0000][1835.866s][info ][gc,cpu      ] GC(122) User=0.03s Sys=0.01s Real=0.01s
[2025-01-18T14:12:56.029+0000][1835.866s][info ][safepoint   ] Safepoint "G1CollectForAllocation", Time since last: 14167283488 ns, Reaching safepoint: 587268 ns, Cleanup: 4479 ns, At safepoint: 10043038 ns, Total: 10634785 ns
[2025-01-18T14:13:10.036+0000][1849.873s][debug][safepoint   ] Safepoint synchronization initiated using futex wait barrier. (195 threads)
[2025-01-18T14:13:10.037+0000][1849.873s][info ][safepoint   ] Safepoint "Cleanup", Time since last: 14006720103 ns, Reaching safepoint: 815318 ns, Cleanup: 87200 ns, At safepoint: 25821 ns, Total: 928339 ns
[2025-01-18T14:13:36.272+0000][1876.110s][debug][safepoint   ] Safepoint synchronization initiated using futex wait barrier. (195 threads)
[2025-01-18T14:13:36.272+0000][1876.110s][info ][safepoint   ] Safepoint "Cleanup", Time since last: 26236256609 ns, Reaching safepoint: 726873 ns, Cleanup: 19378 ns, At safepoint: 10511 ns, Total: 756762 ns
[2025-01-18T14:14:10.283+0000][1910.123s][debug][safepoint   ] Safepoint synchronization initiated using futex wait barrier. (195 threads)
[2025-01-18T14:14:10.284+0000][1910.123s][info ][safepoint   ] Safepoint "Cleanup", Time since last: 34012224043 ns, Reaching safepoint: 734169 ns, Cleanup: 18976 ns, At safepoint: 11162 ns, Total: 764307 ns
[2025-01-18T14:14:15.285+0000][1915.126s][debug][safepoint   ] Safepoint synchronization initiated using futex wait barrier. (195 threads)
[2025-01-18T14:14:15.286+0000][1915.127s][info ][safepoint   ] Safepoint "Cleanup", Time since last: 5002149890 ns, Reaching safepoint: 948394 ns, Cleanup: 19117 ns, At safepoint: 6062 ns, Total: 973573 ns
[2025-01-18T14:14:56.298+0000][1956.140s][debug][safepoint   ] Safepoint synchronization initiated using futex wait barrier. (195 threads)
[2025-01-18T14:14:56.299+0000][1956.141s][info ][safepoint   ] Safepoint "Cleanup", Time since last: 41013579139 ns, Reaching safepoint: 736890 ns, Cleanup: 20941 ns, At safepoint: 11122 ns, Total: 768953 ns
[2025-01-18T14:15:10.305+0000][1970.147s][debug][safepoint   ] Safepoint synchronization initiated using futex wait barrier. (195 threads)
[2025-01-18T14:15:10.305+0000][1970.147s][info ][safepoint   ] Safepoint "Cleanup", Time since last: 14005824348 ns, Reaching safepoint: 719786 ns, Cleanup: 12625 ns, At safepoint: 4599 ns, Total: 737010 ns
[2025-01-18T14:15:44.122+0000][2003.967s][debug][safepoint   ] Safepoint synchronization initiated using futex wait barrier. (195 threads)
[2025-01-18T14:15:44.123+0000][2003.968s][info ][gc,start    ] GC(123) Pause Young (Concurrent Start) (G1 Evacuation Pause)
[2025-01-18T14:15:44.123+0000][2003.968s][info ][gc,task     ] GC(123) Using 10 workers of 10 for evacuation
[2025-01-18T14:15:44.128+0000][2003.972s][info ][gc,phases   ] GC(123)   Pre Evacuate Collection Set: 0.4ms
[2025-01-18T14:15:44.128+0000][2003.972s][info ][gc,phases   ] GC(123)   Merge Heap Roots: 0.2ms
[2025-01-18T14:15:44.128+0000][2003.973s][info ][gc,phases   ] GC(123)   Evacuate Collection Set: 2.0ms
[2025-01-18T14:15:44.128+0000][2003.973s][info ][gc,phases   ] GC(123)   Post Evacuate Collection Set: 1.2ms
[2025-01-18T14:15:44.129+0000][2003.973s][info ][gc,phases   ] GC(123)   Other: 0.6ms
[2025-01-18T14:15:44.129+0000][2003.973s][info ][gc,heap     ] GC(123) Eden regions: 197->0(197)
[2025-01-18T14:15:44.129+0000][2003.974s][info ][gc,heap     ] GC(123) Survivor regions: 2->1(25)
[2025-01-18T14:15:44.129+0000][2003.974s][info ][gc,heap     ] GC(123) Old regions: 156->157
[2025-01-18T14:15:44.130+0000][2003.974s][info ][gc,heap     ] GC(123) Archive regions: 2->2
[2025-01-18T14:15:44.130+0000][2003.974s][info ][gc,heap     ] GC(123) Humongous regions: 0->0
[2025-01-18T14:15:44.130+0000][2003.975s][info ][gc,metaspace] GC(123) Metaspace: 183948K(185280K)->183948K(185280K) NonClass: 161422K(162112K)->161422K(162112K) Class: 22526K(23168K)->22526K(23168K)
[2025-01-18T14:15:44.130+0000][2003.975s][info ][gc          ] GC(123) Pause Young (Concurrent Start) (G1 Evacuation Pause) 354M->158M(401M) 7.094ms
[2025-01-18T14:15:44.131+0000][2003.975s][info ][gc,cpu      ] GC(123) User=0.01s Sys=0.01s Real=0.01s
[2025-01-18T14:15:44.131+0000][2003.975s][info ][gc          ] GC(124) Concurrent Mark Cycle
[2025-01-18T14:15:44.131+0000][2003.975s][info ][safepoint   ] Safepoint "G1CollectForAllocation", Time since last: 33819346916 ns, Reaching safepoint: 824835 ns, Cleanup: 8967 ns, At safepoint: 7761960 ns, Total: 8595762 ns
[2025-01-18T14:15:44.131+0000][2003.976s][info ][gc,marking  ] GC(124) Concurrent Clear Claimed Marks
[2025-01-18T14:15:44.132+0000][2003.976s][info ][gc,marking  ] GC(124) Concurrent Clear Claimed Marks 0.631ms
[2025-01-18T14:15:44.132+0000][2003.976s][info ][gc,marking  ] GC(124) Concurrent Scan Root Regions
[2025-01-18T14:15:44.134+0000][2003.979s][info ][gc,marking  ] GC(124) Concurrent Scan Root Regions 2.307ms
[2025-01-18T14:15:44.135+0000][2003.979s][info ][gc,marking  ] GC(124) Concurrent Mark
[2025-01-18T14:15:44.135+0000][2003.979s][info ][gc,marking  ] GC(124) Concurrent Mark From Roots
[2025-01-18T14:15:44.135+0000][2003.980s][info ][gc,task     ] GC(124) Using 3 workers of 3 for marking
[2025-01-18T14:15:44.204+0000][2004.048s][info ][gc,marking  ] GC(124) Concurrent Mark From Roots 68.798ms
[2025-01-18T14:15:44.204+0000][2004.049s][info ][gc,marking  ] GC(124) Concurrent Preclean
[2025-01-18T14:15:44.206+0000][2004.051s][info ][gc,marking  ] GC(124) Concurrent Preclean 2.129ms
[2025-01-18T14:15:44.207+0000][2004.051s][debug][safepoint   ] Safepoint synchronization initiated using futex wait barrier. (195 threads)
[2025-01-18T14:15:44.207+0000][2004.052s][info ][gc,start    ] GC(124) Pause Remark
[2025-01-18T14:15:44.227+0000][2004.071s][info ][gc          ] GC(124) Pause Remark 162M->162M(401M) 19.816ms
[2025-01-18T14:15:44.227+0000][2004.072s][info ][gc,cpu      ] GC(124) User=0.13s Sys=0.01s Real=0.02s
[2025-01-18T14:15:44.229+0000][2004.073s][info ][safepoint   ] Safepoint "G1PauseRemark", Time since last: 75773677 ns, Reaching safepoint: 393058 ns, Cleanup: 7184 ns, At safepoint: 21390791 ns, Total: 21791033 ns
[2025-01-18T14:15:44.229+0000][2004.073s][info ][gc,marking  ] GC(124) Concurrent Mark 94.130ms
[2025-01-18T14:15:44.229+0000][2004.074s][info ][gc,marking  ] GC(124) Concurrent Rebuild Remembered Sets
[2025-01-18T14:15:44.283+0000][2004.127s][info ][gc,marking  ] GC(124) Concurrent Rebuild Remembered Sets 53.864ms
[2025-01-18T14:15:44.283+0000][2004.128s][debug][safepoint   ] Safepoint synchronization initiated using futex wait barrier. (195 threads)
[2025-01-18T14:15:44.284+0000][2004.128s][info ][gc,start    ] GC(124) Pause Cleanup
[2025-01-18T14:15:44.284+0000][2004.129s][info ][gc          ] GC(124) Pause Cleanup 162M->162M(401M) 0.580ms
[2025-01-18T14:15:44.285+0000][2004.129s][info ][gc,cpu      ] GC(124) User=0.00s Sys=0.00s Real=0.00s
[2025-01-18T14:15:44.285+0000][2004.130s][info ][safepoint   ] Safepoint "G1PauseCleanup", Time since last: 54990805 ns, Reaching safepoint: 363220 ns, Cleanup: 13527 ns, At safepoint: 1186441 ns, Total: 1563188 ns
[2025-01-18T14:15:44.285+0000][2004.130s][info ][gc,marking  ] GC(124) Concurrent Cleanup for Next Mark
[2025-01-18T14:15:44.286+0000][2004.130s][info ][gc,marking  ] GC(124) Concurrent Cleanup for Next Mark 0.642ms
[2025-01-18T14:15:44.286+0000][2004.131s][info ][gc          ] GC(124) Concurrent Mark Cycle 155.511ms
[2025-01-18T14:15:50.288+0000][2010.132s][debug][safepoint   ] Safepoint synchronization initiated using futex wait barrier. (195 threads)
[2025-01-18T14:15:50.288+0000][2010.133s][info ][safepoint   ] Safepoint "Cleanup", Time since last: 6002535721 ns, Reaching safepoint: 635740 ns, Cleanup: 16772 ns, At safepoint: 8968 ns, Total: 661480 ns
[2025-01-18T14:16:00.292+0000][2020.137s][debug][safepoint   ] Safepoint synchronization initiated using futex wait barrier. (195 threads)
[2025-01-18T14:16:00.293+0000][2020.138s][info ][safepoint   ] Safepoint "Cleanup", Time since last: 10004074375 ns, Reaching safepoint: 863961 ns, Cleanup: 18697 ns, At safepoint: 10721 ns, Total: 893379 ns
[2025-01-18T14:16:10.298+0000][2030.142s][debug][safepoint   ] Safepoint synchronization initiated using futex wait barrier. (195 threads)
[2025-01-18T14:16:10.298+0000][2030.143s][info ][safepoint   ] Safepoint "Cleanup", Time since last: 10004500341 ns, Reaching safepoint: 639650 ns, Cleanup: 12394 ns, At safepoint: 6843 ns, Total: 658887 ns
[2025-01-18T14:16:35.526+0000][2055.372s][debug][safepoint   ] Safepoint synchronization initiated using futex wait barrier. (195 threads)
[2025-01-18T14:16:35.527+0000][2055.373s][info ][safepoint   ] Safepoint "Cleanup", Time since last: 25229463338 ns, Reaching safepoint: 849052 ns, Cleanup: 62512 ns, At safepoint: 17905 ns, Total: 929469 ns
[2025-01-18T14:17:36.611+0000][2116.459s][debug][safepoint   ] Safepoint synchronization initiated using futex wait barrier. (195 threads)
[2025-01-18T14:17:36.612+0000][2116.461s][info ][safepoint   ] Safepoint "Cleanup", Time since last: 61086086081 ns, Reaching safepoint: 732010 ns, Cleanup: 26181 ns, At safepoint: 420300 ns, Total: 1178491 ns
[2025-01-18T14:18:32.286+0000][2172.137s][debug][safepoint   ] Safepoint synchronization initiated using futex wait barrier. (195 threads)
[2025-01-18T14:18:32.286+0000][2172.137s][info ][gc,start    ] GC(125) Pause Young (Prepare Mixed) (G1 Evacuation Pause)
[2025-01-18T14:18:32.286+0000][2172.137s][info ][gc,task     ] GC(125) Using 10 workers of 10 for evacuation
[2025-01-18T14:18:32.290+0000][2172.141s][info ][gc,phases   ] GC(125)   Pre Evacuate Collection Set: 0.2ms
[2025-01-18T14:18:32.291+0000][2172.141s][info ][gc,phases   ] GC(125)   Merge Heap Roots: 0.2ms
[2025-01-18T14:18:32.291+0000][2172.142s][info ][gc,phases   ] GC(125)   Evacuate Collection Set: 1.9ms
[2025-01-18T14:18:32.291+0000][2172.142s][info ][gc,phases   ] GC(125)   Post Evacuate Collection Set: 1.1ms
[2025-01-18T14:18:32.291+0000][2172.142s][info ][gc,phases   ] GC(125)   Other: 0.5ms
[2025-01-18T14:18:32.291+0000][2172.142s][info ][gc,heap     ] GC(125) Eden regions: 197->0(19)
[2025-01-18T14:18:32.292+0000][2172.142s][info ][gc,heap     ] GC(125) Survivor regions: 1->1(25)
[2025-01-18T14:18:32.292+0000][2172.143s][info ][gc,heap     ] GC(125) Old regions: 157->157
[2025-01-18T14:18:32.292+0000][2172.143s][info ][gc,heap     ] GC(125) Archive regions: 2->2
[2025-01-18T14:18:32.292+0000][2172.143s][info ][gc,heap     ] GC(125) Humongous regions: 0->0
[2025-01-18T14:18:32.292+0000][2172.143s][info ][gc,metaspace] GC(125) Metaspace: 182911K(185280K)->182911K(185280K) NonClass: 160595K(162112K)->160595K(162112K) Class: 22316K(23168K)->22316K(23168K)
[2025-01-18T14:18:32.293+0000][2172.143s][info ][gc          ] GC(125) Pause Young (Prepare Mixed) (G1 Evacuation Pause) 355M->158M(401M) 6.282ms
[2025-01-18T14:18:32.293+0000][2172.143s][info ][gc,cpu      ] GC(125) User=0.01s Sys=0.00s Real=0.00s
[2025-01-18T14:18:32.293+0000][2172.144s][info ][safepoint   ] Safepoint "G1CollectForAllocation", Time since last: 55676029640 ns, Reaching safepoint: 386507 ns, Cleanup: 4790 ns, At safepoint: 6736369 ns, Total: 7127666 ns
[2025-01-18T14:18:47.243+0000][2187.096s][debug][safepoint   ] Safepoint synchronization initiated using futex wait barrier. (195 threads)
[2025-01-18T14:18:47.244+0000][2187.096s][info ][gc,start    ] GC(126) Pause Young (Mixed) (G1 Evacuation Pause)
[2025-01-18T14:18:47.244+0000][2187.097s][info ][gc,task     ] GC(126) Using 10 workers of 10 for evacuation
[2025-01-18T14:18:47.256+0000][2187.108s][info ][gc,phases   ] GC(126)   Pre Evacuate Collection Set: 0.2ms
[2025-01-18T14:18:47.256+0000][2187.108s][info ][gc,phases   ] GC(126)   Merge Heap Roots: 0.4ms
[2025-01-18T14:18:47.256+0000][2187.109s][info ][gc,phases   ] GC(126)   Evacuate Collection Set: 9.3ms
[2025-01-18T14:18:47.257+0000][2187.109s][info ][gc,phases   ] GC(126)   Post Evacuate Collection Set: 1.4ms
[2025-01-18T14:18:47.257+0000][2187.109s][info ][gc,phases   ] GC(126)   Other: 0.5ms
[2025-01-18T14:18:47.257+0000][2187.109s][info ][gc,heap     ] GC(126) Eden regions: 19->0(207)
[2025-01-18T14:18:47.257+0000][2187.109s][info ][gc,heap     ] GC(126) Survivor regions: 1->1(3)
[2025-01-18T14:18:47.257+0000][2187.110s][info ][gc,heap     ] GC(126) Old regions: 157->148
[2025-01-18T14:18:47.258+0000][2187.110s][info ][gc,heap     ] GC(126) Archive regions: 2->2
[2025-01-18T14:18:47.258+0000][2187.110s][info ][gc,heap     ] GC(126) Humongous regions: 0->0
[2025-01-18T14:18:47.258+0000][2187.110s][info ][gc,metaspace] GC(126) Metaspace: 182920K(185280K)->182920K(185280K) NonClass: 160604K(162112K)->160604K(162112K) Class: 22316K(23168K)->22316K(23168K)
[2025-01-18T14:18:47.258+0000][2187.110s][info ][gc          ] GC(126) Pause Young (Mixed) (G1 Evacuation Pause) 177M->149M(401M) 14.073ms
[2025-01-18T14:18:47.258+0000][2187.111s][info ][gc,cpu      ] GC(126) User=0.09s Sys=0.00s Real=0.01s
[2025-01-18T14:18:47.259+0000][2187.111s][info ][safepoint   ] Safepoint "G1CollectForAllocation", Time since last: 14951943170 ns, Reaching safepoint: 684569 ns, Cleanup: 27534 ns, At safepoint: 14564747 ns, Total: 15276850 ns
[2025-01-18T14:19:10.267+0000][2210.119s][debug][safepoint   ] Safepoint synchronization initiated using futex wait barrier. (195 threads)
[2025-01-18T14:19:10.268+0000][2210.120s][info ][safepoint   ] Safepoint "Cleanup", Time since last: 23008538065 ns, Reaching safepoint: 731388 ns, Cleanup: 12083 ns, At safepoint: 4269 ns, Total: 747740 ns
[2025-01-18T14:19:40.279+0000][2240.132s][debug][safepoint   ] Safepoint synchronization initiated using futex wait barrier. (195 threads)
[2025-01-18T14:19:40.279+0000][2240.132s][info ][safepoint   ] Safepoint "Cleanup", Time since last: 30011435370 ns, Reaching safepoint: 584440 ns, Cleanup: 13366 ns, At safepoint: 5391 ns, Total: 603197 ns
[2025-01-18T14:20:39.299+0000][2299.155s][debug][safepoint   ] Safepoint synchronization initiated using futex wait barrier. (195 threads)
[2025-01-18T14:20:39.300+0000][2299.156s][info ][safepoint   ] Safepoint "Cleanup", Time since last: 59022654617 ns, Reaching safepoint: 722681 ns, Cleanup: 11282 ns, At safepoint: 4829 ns, Total: 738792 ns
[2025-01-18T14:21:10.312+0000][2330.169s][debug][safepoint   ] Safepoint synchronization initiated using futex wait barrier. (195 threads)
[2025-01-18T14:21:10.313+0000][2330.169s][info ][safepoint   ] Safepoint "Cleanup", Time since last: 31012952161 ns, Reaching safepoint: 786113 ns, Cleanup: 18667 ns, At safepoint: 5160 ns, Total: 809940 ns
[2025-01-18T14:21:40.323+0000][2360.181s][debug][safepoint   ] Safepoint synchronization initiated using futex wait barrier. (195 threads)
[2025-01-18T14:21:40.324+0000][2360.182s][info ][safepoint   ] Safepoint "Cleanup", Time since last: 30011626580 ns, Reaching safepoint: 609728 ns, Cleanup: 15380 ns, At safepoint: 8367 ns, Total: 633475 ns
[2025-01-18T14:21:44.045+0000][2363.904s][debug][safepoint   ] Safepoint synchronization initiated using futex wait barrier. (195 threads)
[2025-01-18T14:21:44.045+0000][2363.905s][info ][gc,start    ] GC(127) Pause Young (Concurrent Start) (G1 Evacuation Pause)
[2025-01-18T14:21:44.046+0000][2363.905s][info ][gc,task     ] GC(127) Using 10 workers of 10 for evacuation
[2025-01-18T14:21:44.051+0000][2363.910s][info ][gc,phases   ] GC(127)   Pre Evacuate Collection Set: 0.5ms
[2025-01-18T14:21:44.051+0000][2363.911s][info ][gc,phases   ] GC(127)   Merge Heap Roots: 0.3ms
[2025-01-18T14:21:44.052+0000][2363.911s][info ][gc,phases   ] GC(127)   Evacuate Collection Set: 2.1ms
[2025-01-18T14:21:44.052+0000][2363.911s][info ][gc,phases   ] GC(127)   Post Evacuate Collection Set: 1.7ms
[2025-01-18T14:21:44.052+0000][2363.911s][info ][gc,phases   ] GC(127)   Other: 1.2ms
[2025-01-18T14:21:44.052+0000][2363.912s][info ][gc,heap     ] GC(127) Eden regions: 207->0(206)
[2025-01-18T14:21:44.053+0000][2363.912s][info ][gc,heap     ] GC(127) Survivor regions: 1->1(26)
[2025-01-18T14:21:44.053+0000][2363.912s][info ][gc,heap     ] GC(127) Old regions: 148->149
[2025-01-18T14:21:44.053+0000][2363.912s][info ][gc,heap     ] GC(127) Archive regions: 2->2
[2025-01-18T14:21:44.053+0000][2363.912s][info ][gc,heap     ] GC(127) Humongous regions: 0->0
[2025-01-18T14:21:44.053+0000][2363.913s][info ][gc,metaspace] GC(127) Metaspace: 182942K(185280K)->182942K(185280K) NonClass: 160626K(162112K)->160626K(162112K) Class: 22316K(23168K)->22316K(23168K)
[2025-01-18T14:21:44.054+0000][2363.913s][info ][gc          ] GC(127) Pause Young (Concurrent Start) (G1 Evacuation Pause) 356M->150M(401M) 8.270ms
[2025-01-18T14:21:44.054+0000][2363.913s][info ][gc,cpu      ] GC(127) User=0.01s Sys=0.01s Real=0.00s
[2025-01-18T14:21:44.054+0000][2363.913s][info ][gc          ] GC(128) Concurrent Mark Cycle
[2025-01-18T14:21:44.054+0000][2363.914s][info ][gc,marking  ] GC(128) Concurrent Clear Claimed Marks
[2025-01-18T14:21:44.054+0000][2363.914s][info ][safepoint   ] Safepoint "G1CollectForAllocation", Time since last: 3722276173 ns, Reaching safepoint: 706861 ns, Cleanup: 8537 ns, At safepoint: 8889756 ns, Total: 9605154 ns
[2025-01-18T14:21:44.055+0000][2363.914s][info ][gc,marking  ] GC(128) Concurrent Clear Claimed Marks 0.326ms
[2025-01-18T14:21:44.055+0000][2363.915s][info ][gc,marking  ] GC(128) Concurrent Scan Root Regions
[2025-01-18T14:21:44.058+0000][2363.917s][info ][gc,marking  ] GC(128) Concurrent Scan Root Regions 2.530ms
[2025-01-18T14:21:44.058+0000][2363.917s][info ][gc,marking  ] GC(128) Concurrent Mark
[2025-01-18T14:21:44.058+0000][2363.918s][info ][gc,marking  ] GC(128) Concurrent Mark From Roots
[2025-01-18T14:21:44.059+0000][2363.918s][info ][gc,task     ] GC(128) Using 3 workers of 3 for marking
[2025-01-18T14:21:44.126+0000][2363.986s][info ][gc,marking  ] GC(128) Concurrent Mark From Roots 67.978ms
[2025-01-18T14:21:44.127+0000][2363.986s][info ][gc,marking  ] GC(128) Concurrent Preclean
[2025-01-18T14:21:44.128+0000][2363.987s][info ][gc,marking  ] GC(128) Concurrent Preclean 0.794ms
[2025-01-18T14:21:44.128+0000][2363.987s][debug][safepoint   ] Safepoint synchronization initiated using futex wait barrier. (195 threads)
[2025-01-18T14:21:44.128+0000][2363.988s][info ][gc,start    ] GC(128) Pause Remark
[2025-01-18T14:21:44.136+0000][2363.995s][info ][gc          ] GC(128) Pause Remark 154M->154M(401M) 7.078ms
[2025-01-18T14:21:44.136+0000][2363.995s][info ][gc,cpu      ] GC(128) User=0.04s Sys=0.01s Real=0.01s
[2025-01-18T14:21:44.136+0000][2363.996s][info ][safepoint   ] Safepoint "G1PauseRemark", Time since last: 73825318 ns, Reaching safepoint: 329633 ns, Cleanup: 46701 ns, At safepoint: 7792870 ns, Total: 8169204 ns
[2025-01-18T14:21:44.137+0000][2363.996s][info ][gc,marking  ] GC(128) Concurrent Mark 78.397ms
[2025-01-18T14:21:44.137+0000][2363.996s][info ][gc,marking  ] GC(128) Concurrent Rebuild Remembered Sets
[2025-01-18T14:21:44.188+0000][2364.048s][info ][gc,marking  ] GC(128) Concurrent Rebuild Remembered Sets 51.648ms
[2025-01-18T14:21:44.189+0000][2364.048s][debug][safepoint   ] Safepoint synchronization initiated using futex wait barrier. (195 threads)
[2025-01-18T14:21:44.189+0000][2364.048s][info ][gc,start    ] GC(128) Pause Cleanup
[2025-01-18T14:21:44.190+0000][2364.049s][info ][gc          ] GC(128) Pause Cleanup 154M->154M(401M) 0.858ms
[2025-01-18T14:21:44.190+0000][2364.050s][info ][gc,cpu      ] GC(128) User=0.00s Sys=0.00s Real=0.00s
[2025-01-18T14:21:44.190+0000][2364.050s][info ][safepoint   ] Safepoint "G1PauseCleanup", Time since last: 52623042 ns, Reaching safepoint: 278303 ns, Cleanup: 4489 ns, At safepoint: 1364053 ns, Total: 1646845 ns
[2025-01-18T14:21:44.191+0000][2364.050s][info ][gc,marking  ] GC(128) Concurrent Cleanup for Next Mark
[2025-01-18T14:21:44.191+0000][2364.051s][info ][gc,marking  ] GC(128) Concurrent Cleanup for Next Mark 0.717ms
[2025-01-18T14:21:44.192+0000][2364.051s][info ][gc          ] GC(128) Concurrent Mark Cycle 137.647ms
[2025-01-18T14:21:49.193+0000][2369.052s][debug][safepoint   ] Safepoint synchronization initiated using futex wait barrier. (196 threads)
[2025-01-18T14:21:49.193+0000][2369.053s][info ][safepoint   ] Safepoint "Cleanup", Time since last: 5002219576 ns, Reaching safepoint: 702239 ns, Cleanup: 25530 ns, At safepoint: 12725 ns, Total: 740494 ns
[2025-01-18T14:22:00.197+0000][2380.057s][debug][safepoint   ] Safepoint synchronization initiated using futex wait barrier. (196 threads)
[2025-01-18T14:22:00.198+0000][2380.057s][info ][safepoint   ] Safepoint "Cleanup", Time since last: 11003859380 ns, Reaching safepoint: 335592 ns, Cleanup: 7043 ns, At safepoint: 4780 ns, Total: 347415 ns
[2025-01-18T14:22:05.200+0000][2385.059s][debug][safepoint   ] Safepoint synchronization initiated using futex wait barrier. (196 threads)
[2025-01-18T14:22:05.200+0000][2385.060s][info ][safepoint   ] Safepoint "Cleanup", Time since last: 5002177587 ns, Reaching safepoint: 463147 ns, Cleanup: 15259 ns, At safepoint: 8587 ns, Total: 486993 ns
[2025-01-18T14:22:41.047+0000][2420.907s][debug][safepoint   ] Safepoint synchronization initiated using futex wait barrier. (196 threads)
[2025-01-18T14:22:41.048+0000][2420.908s][info ][safepoint   ] Safepoint "Cleanup", Time since last: 35847642927 ns, Reaching safepoint: 690990 ns, Cleanup: 22083 ns, At safepoint: 9358 ns, Total: 722431 ns
[2025-01-18T14:23:10.058+0000][2449.919s][debug][safepoint   ] Safepoint synchronization initiated using futex wait barrier. (196 threads)
[2025-01-18T14:23:10.058+0000][2449.920s][info ][safepoint   ] Safepoint "Cleanup", Time since last: 29011463499 ns, Reaching safepoint: 851962 ns, Cleanup: 20611 ns, At safepoint: 4779 ns, Total: 877352 ns
[2025-01-18T14:24:40.483+0000][2540.348s][debug][safepoint   ] Safepoint synchronization initiated using futex wait barrier. (196 threads)
[2025-01-18T14:24:40.483+0000][2540.349s][info ][gc,start    ] GC(129) Pause Young (Prepare Mixed) (G1 Evacuation Pause)
[2025-01-18T14:24:40.484+0000][2540.349s][info ][gc,task     ] GC(129) Using 10 workers of 10 for evacuation
[2025-01-18T14:24:40.487+0000][2540.352s][info ][gc,phases   ] GC(129)   Pre Evacuate Collection Set: 0.2ms
[2025-01-18T14:24:40.487+0000][2540.353s][info ][gc,phases   ] GC(129)   Merge Heap Roots: 0.2ms
[2025-01-18T14:24:40.487+0000][2540.353s][info ][gc,phases   ] GC(129)   Evacuate Collection Set: 1.2ms
[2025-01-18T14:24:40.488+0000][2540.353s][info ][gc,phases   ] GC(129)   Post Evacuate Collection Set: 1.2ms
[2025-01-18T14:24:40.488+0000][2540.353s][info ][gc,phases   ] GC(129)   Other: 0.5ms
[2025-01-18T14:24:40.488+0000][2540.353s][info ][gc,heap     ] GC(129) Eden regions: 206->0(19)
[2025-01-18T14:24:40.488+0000][2540.354s][info ][gc,heap     ] GC(129) Survivor regions: 1->1(26)
[2025-01-18T14:24:40.488+0000][2540.354s][info ][gc,heap     ] GC(129) Old regions: 149->149
[2025-01-18T14:24:40.489+0000][2540.354s][info ][gc,heap     ] GC(129) Archive regions: 2->2
[2025-01-18T14:24:40.489+0000][2540.354s][info ][gc,heap     ] GC(129) Humongous regions: 0->0
[2025-01-18T14:24:40.489+0000][2540.354s][info ][gc,metaspace] GC(129) Metaspace: 182978K(185280K)->182978K(185280K) NonClass: 160662K(162112K)->160662K(162112K) Class: 22316K(23168K)->22316K(23168K)
[2025-01-18T14:24:40.489+0000][2540.355s][info ][gc          ] GC(129) Pause Young (Prepare Mixed) (G1 Evacuation Pause) 356M->150M(401M) 5.630ms
[2025-01-18T14:24:40.489+0000][2540.355s][info ][gc,cpu      ] GC(129) User=0.01s Sys=0.00s Real=0.01s
[2025-01-18T14:24:40.490+0000][2540.356s][info ][safepoint   ] Safepoint "G1CollectForAllocation", Time since last: 90428052279 ns, Reaching safepoint: 479543 ns, Cleanup: 5460 ns, At safepoint: 6734260 ns, Total: 7219263 ns
[2025-01-18T14:24:41.491+0000][2541.356s][debug][safepoint   ] Safepoint synchronization initiated using futex wait barrier. (196 threads)
[2025-01-18T14:24:41.491+0000][2541.356s][info ][safepoint   ] Safepoint "Cleanup", Time since last: 1000382419 ns, Reaching safepoint: 376873 ns, Cleanup: 58263 ns, At safepoint: 18977 ns, Total: 454113 ns
[2025-01-18T14:24:55.418+0000][2555.285s][debug][safepoint   ] Safepoint synchronization initiated using futex wait barrier. (196 threads)
[2025-01-18T14:24:55.419+0000][2555.286s][info ][gc,start    ] GC(130) Pause Young (Mixed) (G1 Evacuation Pause)
[2025-01-18T14:24:55.419+0000][2555.286s][info ][gc,task     ] GC(130) Using 10 workers of 10 for evacuation
[2025-01-18T14:24:55.426+0000][2555.293s][info ][gc,phases   ] GC(130)   Pre Evacuate Collection Set: 0.3ms
[2025-01-18T14:24:55.426+0000][2555.293s][info ][gc,phases   ] GC(130)   Merge Heap Roots: 0.2ms
[2025-01-18T14:24:55.427+0000][2555.293s][info ][gc,phases   ] GC(130)   Evacuate Collection Set: 4.7ms
[2025-01-18T14:24:55.427+0000][2555.293s][info ][gc,phases   ] GC(130)   Post Evacuate Collection Set: 1.3ms
[2025-01-18T14:24:55.427+0000][2555.294s][info ][gc,phases   ] GC(130)   Other: 0.6ms
[2025-01-18T14:24:55.427+0000][2555.294s][info ][gc,heap     ] GC(130) Eden regions: 19->0(208)
[2025-01-18T14:24:55.427+0000][2555.294s][info ][gc,heap     ] GC(130) Survivor regions: 1->1(3)
[2025-01-18T14:24:55.427+0000][2555.294s][info ][gc,heap     ] GC(130) Old regions: 149->147
[2025-01-18T14:24:55.428+0000][2555.294s][info ][gc,heap     ] GC(130) Archive regions: 2->2
[2025-01-18T14:24:55.428+0000][2555.294s][info ][gc,heap     ] GC(130) Humongous regions: 0->0
[2025-01-18T14:24:55.428+0000][2555.295s][info ][gc,metaspace] GC(130) Metaspace: 182981K(185280K)->182981K(185280K) NonClass: 160665K(162112K)->160665K(162112K) Class: 22316K(23168K)->22316K(23168K)
[2025-01-18T14:24:55.428+0000][2555.295s][info ][gc          ] GC(130) Pause Young (Mixed) (G1 Evacuation Pause) 169M->148M(401M) 9.229ms
[2025-01-18T14:24:55.428+0000][2555.295s][info ][gc,cpu      ] GC(130) User=0.03s Sys=0.01s Real=0.01s
[2025-01-18T14:24:55.429+0000][2555.295s][info ][safepoint   ] Safepoint "G1CollectForAllocation", Time since last: 13928481810 ns, Reaching safepoint: 637313 ns, Cleanup: 6132 ns, At safepoint: 9658275 ns, Total: 10301720 ns
[2025-01-18T14:25:10.435+0000][2570.301s][debug][safepoint   ] Safepoint synchronization initiated using futex wait barrier. (196 threads)
[2025-01-18T14:25:10.436+0000][2570.302s][info ][safepoint   ] Safepoint "Cleanup", Time since last: 15006102820 ns, Reaching safepoint: 818189 ns, Cleanup: 35650 ns, At safepoint: 61410 ns, Total: 915249 ns
[2025-01-18T14:25:30.440+0000][2590.309s][debug][safepoint   ] Safepoint synchronization initiated using futex wait barrier. (196 threads)
[2025-01-18T14:25:30.441+0000][2590.309s][info ][safepoint   ] Safepoint "Cleanup", Time since last: 20006465038 ns, Reaching safepoint: 729688 ns, Cleanup: 10400 ns, At safepoint: 4770 ns, Total: 744858 ns
[2025-01-18T14:25:40.444+0000][2600.313s][debug][safepoint   ] Safepoint synchronization initiated using futex wait barrier. (196 threads)
[2025-01-18T14:25:40.445+0000][2600.313s][info ][safepoint   ] Safepoint "Cleanup", Time since last: 10003621670 ns, Reaching safepoint: 406707 ns, Cleanup: 9007 ns, At safepoint: 4259 ns, Total: 419973 ns
[2025-01-18T14:26:45.467+0000][2665.339s][debug][safepoint   ] Safepoint synchronization initiated using futex wait barrier. (196 threads)
[2025-01-18T14:26:45.468+0000][2665.340s][info ][safepoint   ] Safepoint "Cleanup", Time since last: 65025925419 ns, Reaching safepoint: 892910 ns, Cleanup: 19879 ns, At safepoint: 5541 ns, Total: 918330 ns
[2025-01-18T14:27:10.478+0000][2690.350s][debug][safepoint   ] Safepoint synchronization initiated using futex wait barrier. (196 threads)
[2025-01-18T14:27:10.478+0000][2690.350s][info ][safepoint   ] Safepoint "Cleanup", Time since last: 25009640333 ns, Reaching safepoint: 412155 ns, Cleanup: 12013 ns, At safepoint: 4699 ns, Total: 428867 ns
[2025-01-18T14:27:49.491+0000][2729.366s][debug][safepoint   ] Safepoint synchronization initiated using futex wait barrier. (196 threads)
[2025-01-18T14:27:49.492+0000][2729.366s][info ][safepoint   ] Safepoint "Cleanup", Time since last: 39015209673 ns, Reaching safepoint: 483154 ns, Cleanup: 15159 ns, At safepoint: 8807 ns, Total: 507120 ns
[2025-01-18T14:27:53.158+0000][2733.032s][debug][safepoint   ] Safepoint synchronization initiated using futex wait barrier. (196 threads)
[2025-01-18T14:27:53.158+0000][2733.033s][info ][gc,start    ] GC(131) Pause Young (Concurrent Start) (G1 Evacuation Pause)
[2025-01-18T14:27:53.159+0000][2733.033s][info ][gc,task     ] GC(131) Using 10 workers of 10 for evacuation
[2025-01-18T14:27:53.162+0000][2733.037s][info ][gc,phases   ] GC(131)   Pre Evacuate Collection Set: 0.3ms
[2025-01-18T14:27:53.163+0000][2733.037s][info ][gc,phases   ] GC(131)   Merge Heap Roots: 0.2ms
[2025-01-18T14:27:53.163+0000][2733.037s][info ][gc,phases   ] GC(131)   Evacuate Collection Set: 1.6ms
[2025-01-18T14:27:53.163+0000][2733.037s][info ][gc,phases   ] GC(131)   Post Evacuate Collection Set: 1.1ms
[2025-01-18T14:27:53.163+0000][2733.037s][info ][gc,phases   ] GC(131)   Other: 0.7ms
[2025-01-18T14:27:53.163+0000][2733.038s][info ][gc,heap     ] GC(131) Eden regions: 208->0(209)
[2025-01-18T14:27:53.164+0000][2733.038s][info ][gc,heap     ] GC(131) Survivor regions: 1->1(27)
[2025-01-18T14:27:53.164+0000][2733.038s][info ][gc,heap     ] GC(131) Old regions: 147->147
[2025-01-18T14:27:53.164+0000][2733.038s][info ][gc,heap     ] GC(131) Archive regions: 2->2
[2025-01-18T14:27:53.164+0000][2733.038s][info ][gc,heap     ] GC(131) Humongous regions: 0->0
[2025-01-18T14:27:53.164+0000][2733.039s][info ][gc,metaspace] GC(131) Metaspace: 183029K(185344K)->183029K(185344K) NonClass: 160713K(162176K)->160713K(162176K) Class: 22316K(23168K)->22316K(23168K)
[2025-01-18T14:27:53.165+0000][2733.039s][info ][gc          ] GC(131) Pause Young (Concurrent Start) (G1 Evacuation Pause) 356M->148M(401M) 6.022ms
[2025-01-18T14:27:53.165+0000][2733.039s][info ][gc,cpu      ] GC(131) User=0.02s Sys=0.00s Real=0.01s
[2025-01-18T14:27:53.165+0000][2733.039s][info ][gc          ] GC(132) Concurrent Mark Cycle
[2025-01-18T14:27:53.165+0000][2733.039s][info ][safepoint   ] Safepoint "G1CollectForAllocation", Time since last: 3665804539 ns, Reaching safepoint: 688374 ns, Cleanup: 8206 ns, At safepoint: 6534698 ns, Total: 7231278 ns
[2025-01-18T14:27:53.165+0000][2733.039s][info ][gc,marking  ] GC(132) Concurrent Clear Claimed Marks
[2025-01-18T14:27:53.166+0000][2733.040s][info ][gc,marking  ] GC(132) Concurrent Clear Claimed Marks 0.604ms
[2025-01-18T14:27:53.166+0000][2733.040s][info ][gc,marking  ] GC(132) Concurrent Scan Root Regions
[2025-01-18T14:27:53.169+0000][2733.043s][info ][gc,marking  ] GC(132) Concurrent Scan Root Regions 2.848ms
[2025-01-18T14:27:53.169+0000][2733.043s][info ][gc,marking  ] GC(132) Concurrent Mark
[2025-01-18T14:27:53.170+0000][2733.044s][info ][gc,marking  ] GC(132) Concurrent Mark From Roots
[2025-01-18T14:27:53.170+0000][2733.044s][info ][gc,task     ] GC(132) Using 3 workers of 3 for marking
[2025-01-18T14:27:53.237+0000][2733.111s][info ][gc,marking  ] GC(132) Concurrent Mark From Roots 67.438ms
[2025-01-18T14:27:53.237+0000][2733.112s][info ][gc,marking  ] GC(132) Concurrent Preclean
[2025-01-18T14:27:53.238+0000][2733.113s][info ][gc,marking  ] GC(132) Concurrent Preclean 0.868ms
[2025-01-18T14:27:53.239+0000][2733.113s][debug][safepoint   ] Safepoint synchronization initiated using futex wait barrier. (196 threads)
[2025-01-18T14:27:53.239+0000][2733.113s][info ][gc,start    ] GC(132) Pause Remark
[2025-01-18T14:27:53.254+0000][2733.128s][info ][gc          ] GC(132) Pause Remark 152M->152M(401M) 14.676ms
[2025-01-18T14:27:53.254+0000][2733.128s][info ][gc,cpu      ] GC(132) User=0.12s Sys=0.00s Real=0.02s
[2025-01-18T14:27:53.254+0000][2733.128s][info ][safepoint   ] Safepoint "G1PauseRemark", Time since last: 73762682 ns, Reaching safepoint: 225059 ns, Cleanup: 26331 ns, At safepoint: 15301815 ns, Total: 15553205 ns
[2025-01-18T14:27:53.255+0000][2733.129s][info ][gc,marking  ] GC(132) Concurrent Mark 85.343ms
[2025-01-18T14:27:53.255+0000][2733.129s][info ][gc,marking  ] GC(132) Concurrent Rebuild Remembered Sets
[2025-01-18T14:27:53.304+0000][2733.178s][info ][gc,marking  ] GC(132) Concurrent Rebuild Remembered Sets 48.720ms
[2025-01-18T14:27:53.304+0000][2733.178s][debug][safepoint   ] Safepoint synchronization initiated using futex wait barrier. (196 threads)
[2025-01-18T14:27:53.305+0000][2733.179s][info ][gc,start    ] GC(132) Pause Cleanup
[2025-01-18T14:27:53.306+0000][2733.180s][info ][gc          ] GC(132) Pause Cleanup 152M->152M(401M) 1.053ms
[2025-01-18T14:27:53.306+0000][2733.180s][info ][gc,cpu      ] GC(132) User=0.00s Sys=0.00s Real=0.00s
[2025-01-18T14:27:53.307+0000][2733.181s][info ][safepoint   ] Safepoint "G1PauseCleanup", Time since last: 49862541 ns, Reaching safepoint: 535625 ns, Cleanup: 7495 ns, At safepoint: 1856304 ns, Total: 2399424 ns
[2025-01-18T14:27:53.307+0000][2733.181s][info ][gc,marking  ] GC(132) Concurrent Cleanup for Next Mark
[2025-01-18T14:27:53.308+0000][2733.182s][info ][gc,marking  ] GC(132) Concurrent Cleanup for Next Mark 0.879ms
[2025-01-18T14:27:53.308+0000][2733.182s][info ][gc          ] GC(132) Concurrent Mark Cycle 143.307ms
[2025-01-18T14:28:10.311+0000][2750.185s][debug][safepoint   ] Safepoint synchronization initiated using futex wait barrier. (196 threads)
[2025-01-18T14:28:10.311+0000][2750.185s][info ][safepoint   ] Safepoint "Cleanup", Time since last: 17004024188 ns, Reaching safepoint: 579481 ns, Cleanup: 24799 ns, At safepoint: 39557 ns, Total: 643837 ns
[2025-01-18T14:28:47.317+0000][2787.194s][debug][safepoint   ] Safepoint synchronization initiated using futex wait barrier. (196 threads)
[2025-01-18T14:28:47.317+0000][2787.194s][info ][safepoint   ] Safepoint "Cleanup", Time since last: 37008279675 ns, Reaching safepoint: 497543 ns, Cleanup: 15350 ns, At safepoint: 6072 ns, Total: 518965 ns
[2025-01-18T14:30:48.741+0000][2908.623s][debug][safepoint   ] Safepoint synchronization initiated using futex wait barrier. (196 threads)
[2025-01-18T14:30:48.743+0000][2908.625s][info ][safepoint   ] Safepoint "Cleanup", Time since last: 121428548096 ns, Reaching safepoint: 902742 ns, Cleanup: 17273 ns, At safepoint: 866792 ns, Total: 1786807 ns
[2025-01-18T14:30:51.715+0000][2911.597s][debug][safepoint   ] Safepoint synchronization initiated using futex wait barrier. (196 threads)
[2025-01-18T14:30:51.716+0000][2911.598s][info ][gc,start    ] GC(133) Pause Young (Prepare Mixed) (G1 Evacuation Pause)
[2025-01-18T14:30:51.716+0000][2911.598s][info ][gc,task     ] GC(133) Using 10 workers of 10 for evacuation
[2025-01-18T14:30:51.719+0000][2911.601s][info ][gc,phases   ] GC(133)   Pre Evacuate Collection Set: 0.3ms
[2025-01-18T14:30:51.719+0000][2911.601s][info ][gc,phases   ] GC(133)   Merge Heap Roots: 0.2ms
[2025-01-18T14:30:51.719+0000][2911.601s][info ][gc,phases   ] GC(133)   Evacuate Collection Set: 1.2ms
[2025-01-18T14:30:51.720+0000][2911.602s][info ][gc,phases   ] GC(133)   Post Evacuate Collection Set: 1.1ms
[2025-01-18T14:30:51.720+0000][2911.602s][info ][gc,phases   ] GC(133)   Other: 0.5ms
[2025-01-18T14:30:51.720+0000][2911.602s][info ][gc,heap     ] GC(133) Eden regions: 209->0(19)
[2025-01-18T14:30:51.720+0000][2911.602s][info ][gc,heap     ] GC(133) Survivor regions: 1->1(27)
[2025-01-18T14:30:51.721+0000][2911.602s][info ][gc,heap     ] GC(133) Old regions: 147->147
[2025-01-18T14:30:51.721+0000][2911.603s][info ][gc,heap     ] GC(133) Archive regions: 2->2
[2025-01-18T14:30:51.721+0000][2911.603s][info ][gc,heap     ] GC(133) Humongous regions: 0->0
[2025-01-18T14:30:51.721+0000][2911.603s][info ][gc,metaspace] GC(133) Metaspace: 182998K(185344K)->182998K(185344K) NonClass: 160689K(162176K)->160689K(162176K) Class: 22308K(23168K)->22308K(23168K)
[2025-01-18T14:30:51.721+0000][2911.603s][info ][gc          ] GC(133) Pause Young (Prepare Mixed) (G1 Evacuation Pause) 357M->148M(401M) 5.640ms
[2025-01-18T14:30:51.721+0000][2911.603s][info ][gc,cpu      ] GC(133) User=0.01s Sys=0.00s Real=0.00s
[2025-01-18T14:30:51.722+0000][2911.604s][info ][safepoint   ] Safepoint "G1CollectForAllocation", Time since last: 2972383457 ns, Reaching safepoint: 605261 ns, Cleanup: 3968 ns, At safepoint: 6080599 ns, Total: 6689828 ns
[2025-01-18T14:31:06.748+0000][2926.630s][debug][safepoint   ] Safepoint synchronization initiated using futex wait barrier. (196 threads)
[2025-01-18T14:31:06.749+0000][2926.631s][info ][gc,start    ] GC(134) Pause Young (Mixed) (G1 Evacuation Pause)
[2025-01-18T14:31:06.749+0000][2926.631s][info ][gc,task     ] GC(134) Using 10 workers of 10 for evacuation
[2025-01-18T14:31:06.756+0000][2926.638s][info ][gc,phases   ] GC(134)   Pre Evacuate Collection Set: 0.3ms
[2025-01-18T14:31:06.756+0000][2926.638s][info ][gc,phases   ] GC(134)   Merge Heap Roots: 0.4ms
[2025-01-18T14:31:06.756+0000][2926.638s][info ][gc,phases   ] GC(134)   Evacuate Collection Set: 5.0ms
[2025-01-18T14:31:06.757+0000][2926.639s][info ][gc,phases   ] GC(134)   Post Evacuate Collection Set: 1.1ms
[2025-01-18T14:31:06.757+0000][2926.639s][info ][gc,phases   ] GC(134)   Other: 0.5ms
[2025-01-18T14:31:06.757+0000][2926.639s][info ][gc,heap     ] GC(134) Eden regions: 19->0(211)
[2025-01-18T14:31:06.757+0000][2926.639s][info ][gc,heap     ] GC(134) Survivor regions: 1->1(3)
[2025-01-18T14:31:06.758+0000][2926.639s][info ][gc,heap     ] GC(134) Old regions: 147->145
[2025-01-18T14:31:06.758+0000][2926.640s][info ][gc,heap     ] GC(134) Archive regions: 2->2
[2025-01-18T14:31:06.758+0000][2926.640s][info ][gc,heap     ] GC(134) Humongous regions: 0->0
[2025-01-18T14:31:06.758+0000][2926.640s][info ][gc,metaspace] GC(134) Metaspace: 182998K(185344K)->182998K(185344K) NonClass: 160689K(162176K)->160689K(162176K) Class: 22308K(23168K)->22308K(23168K)
[2025-01-18T14:31:06.758+0000][2926.640s][info ][gc          ] GC(134) Pause Young (Mixed) (G1 Evacuation Pause) 167M->145M(401M) 9.740ms
[2025-01-18T14:31:06.759+0000][2926.640s][info ][gc,cpu      ] GC(134) User=0.05s Sys=0.00s Real=0.01s
[2025-01-18T14:31:06.759+0000][2926.641s][info ][safepoint   ] Safepoint "G1CollectForAllocation", Time since last: 15026344940 ns, Reaching safepoint: 547870 ns, Cleanup: 4459 ns, At safepoint: 10262324 ns, Total: 10814653 ns
[2025-01-18T14:33:40.931+0000][3080.819s][debug][safepoint   ] Safepoint synchronization initiated using futex wait barrier. (196 threads)
[2025-01-18T14:33:40.932+0000][3080.819s][info ][safepoint   ] Safepoint "Cleanup", Time since last: 154177892470 ns, Reaching safepoint: 725656 ns, Cleanup: 11141 ns, At safepoint: 4449 ns, Total: 741246 ns
[2025-01-18T14:34:00.939+0000][3100.828s][debug][safepoint   ] Safepoint synchronization initiated using futex wait barrier. (196 threads)
[2025-01-18T14:34:00.940+0000][3100.829s][info ][safepoint   ] Safepoint "Cleanup", Time since last: 20008866793 ns, Reaching safepoint: 556856 ns, Cleanup: 12394 ns, At safepoint: 4559 ns, Total: 573809 ns
[2025-01-18T14:34:06.824+0000][3106.713s][debug][safepoint   ] Safepoint synchronization initiated using futex wait barrier. (196 threads)
[2025-01-18T14:34:06.824+0000][3106.713s][info ][gc,start    ] GC(135) Pause Young (Concurrent Start) (G1 Evacuation Pause)
[2025-01-18T14:34:06.824+0000][3106.714s][info ][gc,task     ] GC(135) Using 10 workers of 10 for evacuation
[2025-01-18T14:34:06.828+0000][3106.717s][info ][gc,phases   ] GC(135)   Pre Evacuate Collection Set: 0.3ms
[2025-01-18T14:34:06.828+0000][3106.718s][info ][gc,phases   ] GC(135)   Merge Heap Roots: 0.3ms
[2025-01-18T14:34:06.829+0000][3106.718s][info ][gc,phases   ] GC(135)   Evacuate Collection Set: 1.7ms
[2025-01-18T14:34:06.829+0000][3106.718s][info ][gc,phases   ] GC(135)   Post Evacuate Collection Set: 1.1ms
[2025-01-18T14:34:06.829+0000][3106.718s][info ][gc,phases   ] GC(135)   Other: 0.7ms
[2025-01-18T14:34:06.829+0000][3106.719s][info ][gc,heap     ] GC(135) Eden regions: 211->0(211)
[2025-01-18T14:34:06.830+0000][3106.719s][info ][gc,heap     ] GC(135) Survivor regions: 1->1(27)
[2025-01-18T14:34:06.830+0000][3106.719s][info ][gc,heap     ] GC(135) Old regions: 145->145
[2025-01-18T14:34:06.830+0000][3106.719s][info ][gc,heap     ] GC(135) Archive regions: 2->2
[2025-01-18T14:34:06.830+0000][3106.719s][info ][gc,heap     ] GC(135) Humongous regions: 0->0
[2025-01-18T14:34:06.830+0000][3106.720s][info ][gc,metaspace] GC(135) Metaspace: 182999K(185344K)->182999K(185344K) NonClass: 160690K(162176K)->160690K(162176K) Class: 22308K(23168K)->22308K(23168K)
[2025-01-18T14:34:06.831+0000][3106.720s][info ][gc          ] GC(135) Pause Young (Concurrent Start) (G1 Evacuation Pause) 356M->145M(401M) 6.434ms
[2025-01-18T14:34:06.831+0000][3106.720s][info ][gc,cpu      ] GC(135) User=0.00s Sys=0.02s Real=0.01s
[2025-01-18T14:34:06.831+0000][3106.720s][info ][gc          ] GC(136) Concurrent Mark Cycle
[2025-01-18T14:34:06.831+0000][3106.720s][info ][safepoint   ] Safepoint "G1CollectForAllocation", Time since last: 5883959399 ns, Reaching safepoint: 513582 ns, Cleanup: 6212 ns, At safepoint: 6920062 ns, Total: 7439856 ns
[2025-01-18T14:34:06.831+0000][3106.721s][info ][gc,marking  ] GC(136) Concurrent Clear Claimed Marks
[2025-01-18T14:34:06.832+0000][3106.721s][info ][gc,marking  ] GC(136) Concurrent Clear Claimed Marks 0.687ms
[2025-01-18T14:34:06.832+0000][3106.722s][info ][gc,marking  ] GC(136) Concurrent Scan Root Regions
[2025-01-18T14:34:06.834+0000][3106.724s][info ][gc,marking  ] GC(136) Concurrent Scan Root Regions 1.954ms
[2025-01-18T14:34:06.835+0000][3106.724s][info ][gc,marking  ] GC(136) Concurrent Mark
[2025-01-18T14:34:06.835+0000][3106.724s][info ][gc,marking  ] GC(136) Concurrent Mark From Roots
[2025-01-18T14:34:06.835+0000][3106.724s][info ][gc,task     ] GC(136) Using 3 workers of 3 for marking
[2025-01-18T14:34:06.901+0000][3106.790s][info ][gc,marking  ] GC(136) Concurrent Mark From Roots 66.463ms
[2025-01-18T14:34:06.902+0000][3106.791s][info ][gc,marking  ] GC(136) Concurrent Preclean
[2025-01-18T14:34:06.903+0000][3106.792s][info ][gc,marking  ] GC(136) Concurrent Preclean 0.799ms
[2025-01-18T14:34:06.903+0000][3106.792s][debug][safepoint   ] Safepoint synchronization initiated using futex wait barrier. (196 threads)
[2025-01-18T14:34:06.903+0000][3106.793s][info ][gc,start    ] GC(136) Pause Remark
[2025-01-18T14:34:06.910+0000][3106.799s][info ][gc          ] GC(136) Pause Remark 149M->149M(401M) 6.448ms
[2025-01-18T14:34:06.910+0000][3106.799s][info ][gc,cpu      ] GC(136) User=0.04s Sys=0.00s Real=0.01s
[2025-01-18T14:34:06.910+0000][3106.800s][info ][safepoint   ] Safepoint "G1PauseRemark", Time since last: 71894388 ns, Reaching safepoint: 338531 ns, Cleanup: 38886 ns, At safepoint: 7053752 ns, Total: 7431169 ns
[2025-01-18T14:34:06.911+0000][3106.800s][info ][gc,marking  ] GC(136) Concurrent Mark 76.025ms
[2025-01-18T14:34:06.911+0000][3106.800s][info ][gc,marking  ] GC(136) Concurrent Rebuild Remembered Sets
[2025-01-18T14:34:06.961+0000][3106.850s][info ][gc,marking  ] GC(136) Concurrent Rebuild Remembered Sets 49.810ms
[2025-01-18T14:34:06.961+0000][3106.850s][debug][safepoint   ] Safepoint synchronization initiated using futex wait barrier. (196 threads)
[2025-01-18T14:34:06.962+0000][3106.851s][info ][gc,start    ] GC(136) Pause Cleanup
[2025-01-18T14:34:06.962+0000][3106.851s][info ][gc          ] GC(136) Pause Cleanup 149M->149M(401M) 0.593ms
[2025-01-18T14:34:06.962+0000][3106.852s][info ][gc,cpu      ] GC(136) User=0.00s Sys=0.00s Real=0.00s
[2025-01-18T14:34:06.963+0000][3106.852s][info ][safepoint   ] Safepoint "G1PauseCleanup", Time since last: 50836150 ns, Reaching safepoint: 275067 ns, Cleanup: 5330 ns, At safepoint: 1235070 ns, Total: 1515467 ns
[2025-01-18T14:34:06.963+0000][3106.852s][info ][gc,marking  ] GC(136) Concurrent Cleanup for Next Mark
[2025-01-18T14:34:06.964+0000][3106.853s][info ][gc,marking  ] GC(136) Concurrent Cleanup for Next Mark 0.639ms
[2025-01-18T14:34:06.964+0000][3106.853s][info ][gc          ] GC(136) Concurrent Mark Cycle 132.871ms
[2025-01-18T14:35:00.090+0000][3159.981s][debug][safepoint   ] Safepoint synchronization initiated using futex wait barrier. (196 threads)
[2025-01-18T14:35:00.091+0000][3159.982s][info ][safepoint   ] Safepoint "Cleanup", Time since last: 53129316571 ns, Reaching safepoint: 628125 ns, Cleanup: 14608 ns, At safepoint: 8417 ns, Total: 651150 ns
[2025-01-18T14:35:42.102+0000][3201.996s][debug][safepoint   ] Safepoint synchronization initiated using futex wait barrier. (196 threads)
[2025-01-18T14:35:42.103+0000][3201.996s][info ][safepoint   ] Safepoint "Cleanup", Time since last: 42014078973 ns, Reaching safepoint: 259290 ns, Cleanup: 14378 ns, At safepoint: 4559 ns, Total: 278227 ns
[2025-01-18T14:35:50.112+0000][3210.005s][debug][safepoint   ] Safepoint synchronization initiated using futex wait barrier. (196 threads)
[2025-01-18T14:35:50.112+0000][3210.006s][info ][safepoint   ] Safepoint "Cleanup", Time since last: 8009120901 ns, Reaching safepoint: 710234 ns, Cleanup: 20169 ns, At safepoint: 7685 ns, Total: 738088 ns
[2025-01-18T14:37:06.488+0000][3286.384s][debug][safepoint   ] Safepoint synchronization initiated using futex wait barrier. (196 threads)
[2025-01-18T14:37:06.489+0000][3286.385s][info ][gc,start    ] GC(137) Pause Young (Prepare Mixed) (G1 Evacuation Pause)
[2025-01-18T14:37:06.490+0000][3286.385s][info ][gc,task     ] GC(137) Using 10 workers of 10 for evacuation
[2025-01-18T14:37:06.493+0000][3286.389s][info ][gc,phases   ] GC(137)   Pre Evacuate Collection Set: 0.3ms
[2025-01-18T14:37:06.493+0000][3286.389s][info ][gc,phases   ] GC(137)   Merge Heap Roots: 0.2ms
[2025-01-18T14:37:06.494+0000][3286.390s][info ][gc,phases   ] GC(137)   Evacuate Collection Set: 1.3ms
[2025-01-18T14:37:06.494+0000][3286.390s][info ][gc,phases   ] GC(137)   Post Evacuate Collection Set: 1.3ms
[2025-01-18T14:37:06.494+0000][3286.390s][info ][gc,phases   ] GC(137)   Other: 0.8ms
[2025-01-18T14:37:06.494+0000][3286.390s][info ][gc,heap     ] GC(137) Eden regions: 211->0(19)
[2025-01-18T14:37:06.494+0000][3286.390s][info ][gc,heap     ] GC(137) Survivor regions: 1->1(27)
[2025-01-18T14:37:06.495+0000][3286.390s][info ][gc,heap     ] GC(137) Old regions: 145->145
[2025-01-18T14:37:06.495+0000][3286.391s][info ][gc,heap     ] GC(137) Archive regions: 2->2
[2025-01-18T14:37:06.495+0000][3286.391s][info ][gc,heap     ] GC(137) Humongous regions: 0->0
[2025-01-18T14:37:06.495+0000][3286.391s][info ][gc,metaspace] GC(137) Metaspace: 183009K(185344K)->183009K(185344K) NonClass: 160701K(162176K)->160701K(162176K) Class: 22308K(23168K)->22308K(23168K)
[2025-01-18T14:37:06.495+0000][3286.391s][info ][gc          ] GC(137) Pause Young (Prepare Mixed) (G1 Evacuation Pause) 356M->145M(401M) 6.280ms
[2025-01-18T14:37:06.496+0000][3286.391s][info ][gc,cpu      ] GC(137) User=0.01s Sys=0.00s Real=0.00s
[2025-01-18T14:37:06.496+0000][3286.392s][info ][safepoint   ] Safepoint "G1CollectForAllocation", Time since last: 76378162828 ns, Reaching safepoint: 630390 ns, Cleanup: 12234 ns, At safepoint: 6823791 ns, Total: 7466415 ns
[2025-01-18T14:37:21.386+0000][3301.283s][debug][safepoint   ] Safepoint synchronization initiated using futex wait barrier. (196 threads)
[2025-01-18T14:37:21.387+0000][3301.284s][info ][gc,start    ] GC(138) Pause Young (Mixed) (G1 Evacuation Pause)
[2025-01-18T14:37:21.388+0000][3301.285s][info ][gc,task     ] GC(138) Using 10 workers of 10 for evacuation
[2025-01-18T14:37:21.395+0000][3301.292s][info ][gc,phases   ] GC(138)   Pre Evacuate Collection Set: 0.2ms
[2025-01-18T14:37:21.396+0000][3301.293s][info ][gc,phases   ] GC(138)   Merge Heap Roots: 0.3ms
[2025-01-18T14:37:21.396+0000][3301.293s][info ][gc,phases   ] GC(138)   Evacuate Collection Set: 5.7ms
[2025-01-18T14:37:21.396+0000][3301.293s][info ][gc,phases   ] GC(138)   Post Evacuate Collection Set: 1.1ms
[2025-01-18T14:37:21.396+0000][3301.293s][info ][gc,phases   ] GC(138)   Other: 0.8ms
[2025-01-18T14:37:21.396+0000][3301.294s][info ][gc,heap     ] GC(138) Eden regions: 19->0(214)
[2025-01-18T14:37:21.397+0000][3301.294s][info ][gc,heap     ] GC(138) Survivor regions: 1->1(3)
[2025-01-18T14:37:21.397+0000][3301.294s][info ][gc,heap     ] GC(138) Old regions: 145->142
[2025-01-18T14:37:21.397+0000][3301.294s][info ][gc,heap     ] GC(138) Archive regions: 2->2
[2025-01-18T14:37:21.397+0000][3301.294s][info ][gc,heap     ] GC(138) Humongous regions: 0->0
[2025-01-18T14:37:21.397+0000][3301.294s][info ][gc,metaspace] GC(138) Metaspace: 183010K(185344K)->183010K(185344K) NonClass: 160701K(162176K)->160701K(162176K) Class: 22308K(23168K)->22308K(23168K)
[2025-01-18T14:37:21.398+0000][3301.295s][info ][gc          ] GC(138) Pause Young (Mixed) (G1 Evacuation Pause) 164M->142M(401M) 10.366ms
[2025-01-18T14:37:21.398+0000][3301.295s][info ][gc,cpu      ] GC(138) User=0.04s Sys=0.02s Real=0.02s
[2025-01-18T14:37:21.398+0000][3301.295s][info ][safepoint   ] Safepoint "G1CollectForAllocation", Time since last: 14891754885 ns, Reaching safepoint: 623236 ns, Cleanup: 60498 ns, At safepoint: 11024297 ns, Total: 11708031 ns
[2025-01-18T14:38:10.411+0000][3350.309s][debug][safepoint   ] Safepoint synchronization initiated using futex wait barrier. (196 threads)
[2025-01-18T14:38:10.411+0000][3350.310s][info ][safepoint   ] Safepoint "Cleanup", Time since last: 49013914573 ns, Reaching safepoint: 519885 ns, Cleanup: 12183 ns, At safepoint: 24628 ns, Total: 556696 ns
[2025-01-18T14:38:50.419+0000][3390.319s][debug][safepoint   ] Safepoint synchronization initiated using futex wait barrier. (196 threads)
[2025-01-18T14:38:50.420+0000][3390.320s][info ][safepoint   ] Safepoint "Cleanup", Time since last: 40009653388 ns, Reaching safepoint: 683373 ns, Cleanup: 66180 ns, At safepoint: 21792 ns, Total: 771345 ns
[2025-01-18T14:39:24.487+0000][3424.389s][debug][safepoint   ] Safepoint synchronization initiated using futex wait barrier. (196 threads)
[2025-01-18T14:39:24.487+0000][3424.389s][info ][safepoint   ] Safepoint "Cleanup", Time since last: 34068438227 ns, Reaching safepoint: 440840 ns, Cleanup: 19458 ns, At safepoint: 40749 ns, Total: 501047 ns
[2025-01-18T14:39:25.488+0000][3425.389s][debug][safepoint   ] Safepoint synchronization initiated using futex wait barrier. (196 threads)
[2025-01-18T14:39:25.488+0000][3425.390s][info ][safepoint   ] Safepoint "Cleanup", Time since last: 1000374225 ns, Reaching safepoint: 359882 ns, Cleanup: 12104 ns, At safepoint: 4568 ns, Total: 376554 ns
[2025-01-18T14:40:23.188+0000][3483.092s][debug][safepoint   ] Safepoint synchronization initiated using futex wait barrier. (196 threads)
[2025-01-18T14:40:23.189+0000][3483.093s][info ][gc,start    ] GC(139) Pause Young (Concurrent Start) (G1 Evacuation Pause)
[2025-01-18T14:40:23.189+0000][3483.093s][info ][gc,task     ] GC(139) Using 10 workers of 10 for evacuation
[2025-01-18T14:40:23.193+0000][3483.097s][info ][gc,phases   ] GC(139)   Pre Evacuate Collection Set: 0.3ms
[2025-01-18T14:40:23.193+0000][3483.097s][info ][gc,phases   ] GC(139)   Merge Heap Roots: 0.2ms
[2025-01-18T14:40:23.194+0000][3483.097s][info ][gc,phases   ] GC(139)   Evacuate Collection Set: 2.0ms
[2025-01-18T14:40:23.194+0000][3483.098s][info ][gc,phases   ] GC(139)   Post Evacuate Collection Set: 1.1ms
[2025-01-18T14:40:23.194+0000][3483.098s][info ][gc,phases   ] GC(139)   Other: 0.6ms
[2025-01-18T14:40:23.194+0000][3483.098s][info ][gc,heap     ] GC(139) Eden regions: 214->0(214)
[2025-01-18T14:40:23.194+0000][3483.098s][info ][gc,heap     ] GC(139) Survivor regions: 1->1(27)
[2025-01-18T14:40:23.195+0000][3483.098s][info ][gc,heap     ] GC(139) Old regions: 142->142
[2025-01-18T14:40:23.195+0000][3483.099s][info ][gc,heap     ] GC(139) Archive regions: 2->2
[2025-01-18T14:40:23.195+0000][3483.099s][info ][gc,heap     ] GC(139) Humongous regions: 0->0
[2025-01-18T14:40:23.195+0000][3483.099s][info ][gc,metaspace] GC(139) Metaspace: 183037K(185344K)->183037K(185344K) NonClass: 160728K(162176K)->160728K(162176K) Class: 22309K(23168K)->22309K(23168K)
[2025-01-18T14:40:23.196+0000][3483.099s][info ][gc          ] GC(139) Pause Young (Concurrent Start) (G1 Evacuation Pause) 356M->142M(401M) 6.814ms
[2025-01-18T14:40:23.196+0000][3483.100s][info ][gc,cpu      ] GC(139) User=0.02s Sys=0.00s Real=0.01s
[2025-01-18T14:40:23.196+0000][3483.100s][info ][gc          ] GC(140) Concurrent Mark Cycle
[2025-01-18T14:40:23.196+0000][3483.100s][info ][safepoint   ] Safepoint "G1CollectForAllocation", Time since last: 57702033416 ns, Reaching safepoint: 728961 ns, Cleanup: 7465 ns, At safepoint: 7678854 ns, Total: 8415280 ns
[2025-01-18T14:40:23.197+0000][3483.101s][info ][gc,marking  ] GC(140) Concurrent Clear Claimed Marks
[2025-01-18T14:40:23.197+0000][3483.101s][info ][gc,marking  ] GC(140) Concurrent Clear Claimed Marks 0.633ms
[2025-01-18T14:40:23.198+0000][3483.101s][info ][gc,marking  ] GC(140) Concurrent Scan Root Regions
[2025-01-18T14:40:23.200+0000][3483.104s][info ][gc,marking  ] GC(140) Concurrent Scan Root Regions 2.480ms
[2025-01-18T14:40:23.200+0000][3483.104s][info ][gc,marking  ] GC(140) Concurrent Mark
[2025-01-18T14:40:23.201+0000][3483.104s][info ][gc,marking  ] GC(140) Concurrent Mark From Roots
[2025-01-18T14:40:23.201+0000][3483.105s][info ][gc,task     ] GC(140) Using 3 workers of 3 for marking
[2025-01-18T14:40:23.274+0000][3483.178s][info ][gc,marking  ] GC(140) Concurrent Mark From Roots 73.867ms
[2025-01-18T14:40:23.275+0000][3483.179s][info ][gc,marking  ] GC(140) Concurrent Preclean
[2025-01-18T14:40:23.276+0000][3483.179s][info ][gc,marking  ] GC(140) Concurrent Preclean 0.720ms
[2025-01-18T14:40:23.276+0000][3483.180s][debug][safepoint   ] Safepoint synchronization initiated using futex wait barrier. (196 threads)
[2025-01-18T14:40:23.276+0000][3483.180s][info ][gc,start    ] GC(140) Pause Remark
[2025-01-18T14:40:23.284+0000][3483.188s][info ][gc          ] GC(140) Pause Remark 146M->146M(401M) 7.617ms
[2025-01-18T14:40:23.284+0000][3483.188s][info ][gc,cpu      ] GC(140) User=0.05s Sys=0.00s Real=0.01s
[2025-01-18T14:40:23.285+0000][3483.188s][info ][safepoint   ] Safepoint "G1PauseRemark", Time since last: 79468300 ns, Reaching safepoint: 267041 ns, Cleanup: 10400 ns, At safepoint: 8391273 ns, Total: 8668714 ns
[2025-01-18T14:40:23.285+0000][3483.189s][info ][gc,marking  ] GC(140) Concurrent Mark 84.505ms
[2025-01-18T14:40:23.285+0000][3483.189s][info ][gc,marking  ] GC(140) Concurrent Rebuild Remembered Sets
[2025-01-18T14:40:23.338+0000][3483.241s][info ][gc,marking  ] GC(140) Concurrent Rebuild Remembered Sets 52.393ms
[2025-01-18T14:40:23.338+0000][3483.242s][debug][safepoint   ] Safepoint synchronization initiated using futex wait barrier. (196 threads)
[2025-01-18T14:40:23.338+0000][3483.242s][info ][gc,start    ] GC(140) Pause Cleanup
[2025-01-18T14:40:23.339+0000][3483.243s][info ][gc          ] GC(140) Pause Cleanup 146M->146M(401M) 0.568ms
[2025-01-18T14:40:23.339+0000][3483.243s][info ][gc,cpu      ] GC(140) User=0.00s Sys=0.00s Real=0.00s
[2025-01-18T14:40:23.340+0000][3483.244s][info ][safepoint   ] Safepoint "G1PauseCleanup", Time since last: 53361552 ns, Reaching safepoint: 303922 ns, Cleanup: 25810 ns, At safepoint: 1998959 ns, Total: 2328691 ns
[2025-01-18T14:40:23.341+0000][3483.244s][info ][gc,marking  ] GC(140) Concurrent Cleanup for Next Mark
[2025-01-18T14:40:23.341+0000][3483.245s][info ][gc,marking  ] GC(140) Concurrent Cleanup for Next Mark 0.717ms
[2025-01-18T14:40:23.342+0000][3483.245s][info ][gc          ] GC(140) Concurrent Mark Cycle 145.224ms
[2025-01-18T14:41:14.473+0000][3534.379s][debug][safepoint   ] Safepoint synchronization initiated using futex wait barrier. (198 threads)
[2025-01-18T14:41:14.473+0000][3534.380s][info ][safepoint   ] Safepoint "Cleanup", Time since last: 51135344245 ns, Reaching safepoint: 538412 ns, Cleanup: 29187 ns, At safepoint: 11182 ns, Total: 578781 ns
[2025-01-18T14:41:20.475+0000][3540.381s][debug][safepoint   ] Safepoint synchronization initiated using futex wait barrier. (198 threads)
[2025-01-18T14:41:20.475+0000][3540.382s][info ][safepoint   ] Safepoint "Cleanup", Time since last: 6001138454 ns, Reaching safepoint: 711146 ns, Cleanup: 19579 ns, At safepoint: 12344 ns, Total: 743069 ns
[2025-01-18T14:42:09.535+0000][3589.442s][debug][safepoint   ] Safepoint synchronization initiated using futex wait barrier. (197 threads)
[2025-01-18T14:42:09.535+0000][3589.443s][info ][safepoint   ] Safepoint "Cleanup", Time since last: 49060337495 ns, Reaching safepoint: 475959 ns, Cleanup: 11803 ns, At safepoint: 4709 ns, Total: 492471 ns
[2025-01-18T14:42:10.536+0000][3590.443s][debug][safepoint   ] Safepoint synchronization initiated using futex wait barrier. (197 threads)
[2025-01-18T14:42:10.537+0000][3590.444s][info ][safepoint   ] Safepoint "Cleanup", Time since last: 1000676824 ns, Reaching safepoint: 724881 ns, Cleanup: 24327 ns, At safepoint: 10721 ns, Total: 759929 ns
[2025-01-18T14:42:49.591+0000][3629.501s][debug][safepoint   ] Safepoint synchronization initiated using futex wait barrier. (195 threads)
[2025-01-18T14:42:49.591+0000][3629.501s][info ][safepoint   ] Safepoint "Cleanup", Time since last: 39056748326 ns, Reaching safepoint: 300235 ns, Cleanup: 11883 ns, At safepoint: 4669 ns, Total: 316787 ns
[2025-01-18T14:43:02.595+0000][3642.505s][debug][safepoint   ] Safepoint synchronization initiated using futex wait barrier. (195 threads)
[2025-01-18T14:43:02.595+0000][3642.506s][info ][safepoint   ] Safepoint "Cleanup", Time since last: 13003975266 ns, Reaching safepoint: 411915 ns, Cleanup: 33526 ns, At safepoint: 5120 ns, Total: 450561 ns
[2025-01-18T14:43:23.247+0000][3663.158s][debug][safepoint   ] Safepoint synchronization initiated using futex wait barrier. (195 threads)
[2025-01-18T14:43:23.248+0000][3663.159s][info ][gc,start    ] GC(141) Pause Young (Prepare Mixed) (G1 Evacuation Pause)
[2025-01-18T14:43:23.248+0000][3663.159s][info ][gc,task     ] GC(141) Using 10 workers of 10 for evacuation
[2025-01-18T14:43:23.253+0000][3663.164s][info ][gc,phases   ] GC(141)   Pre Evacuate Collection Set: 0.5ms
[2025-01-18T14:43:23.253+0000][3663.164s][info ][gc,phases   ] GC(141)   Merge Heap Roots: 0.2ms
[2025-01-18T14:43:23.253+0000][3663.165s][info ][gc,phases   ] GC(141)   Evacuate Collection Set: 2.0ms
[2025-01-18T14:43:23.254+0000][3663.165s][info ][gc,phases   ] GC(141)   Post Evacuate Collection Set: 1.5ms
[2025-01-18T14:43:23.254+0000][3663.165s][info ][gc,phases   ] GC(141)   Other: 0.9ms
[2025-01-18T14:43:23.254+0000][3663.166s][info ][gc,heap     ] GC(141) Eden regions: 214->0(18)
[2025-01-18T14:43:23.254+0000][3663.166s][info ][gc,heap     ] GC(141) Survivor regions: 1->2(27)
[2025-01-18T14:43:23.255+0000][3663.166s][info ][gc,heap     ] GC(141) Old regions: 142->142
[2025-01-18T14:43:23.255+0000][3663.166s][info ][gc,heap     ] GC(141) Archive regions: 2->2
[2025-01-18T14:43:23.255+0000][3663.166s][info ][gc,heap     ] GC(141) Humongous regions: 0->0
[2025-01-18T14:43:23.255+0000][3663.167s][info ][gc,metaspace] GC(141) Metaspace: 183081K(185344K)->183081K(185344K) NonClass: 160769K(162176K)->160769K(162176K) Class: 22312K(23168K)->22312K(23168K)
[2025-01-18T14:43:23.255+0000][3663.167s][info ][gc          ] GC(141) Pause Young (Prepare Mixed) (G1 Evacuation Pause) 356M->143M(401M) 7.736ms
[2025-01-18T14:43:23.256+0000][3663.167s][info ][gc,cpu      ] GC(141) User=0.02s Sys=0.01s Real=0.01s
[2025-01-18T14:43:23.256+0000][3663.167s][info ][safepoint   ] Safepoint "G1CollectForAllocation", Time since last: 20652571372 ns, Reaching safepoint: 776776 ns, Cleanup: 14769 ns, At safepoint: 8324795 ns, Total: 9116340 ns
[2025-01-18T14:43:37.401+0000][3677.312s][debug][safepoint   ] Safepoint synchronization initiated using futex wait barrier. (195 threads)
[2025-01-18T14:43:37.402+0000][3677.313s][info ][gc,start    ] GC(142) Pause Young (Mixed) (G1 Evacuation Pause)
[2025-01-18T14:43:37.402+0000][3677.314s][info ][gc,task     ] GC(142) Using 10 workers of 10 for evacuation
[2025-01-18T14:43:37.420+0000][3677.331s][info ][gc,phases   ] GC(142)   Pre Evacuate Collection Set: 0.7ms
[2025-01-18T14:43:37.420+0000][3677.332s][info ][gc,phases   ] GC(142)   Merge Heap Roots: 0.6ms
[2025-01-18T14:43:37.421+0000][3677.332s][info ][gc,phases   ] GC(142)   Evacuate Collection Set: 12.6ms
[2025-01-18T14:43:37.422+0000][3677.333s][info ][gc,phases   ] GC(142)   Post Evacuate Collection Set: 2.7ms
[2025-01-18T14:43:37.422+0000][3677.334s][info ][gc,phases   ] GC(142)   Other: 1.5ms
[2025-01-18T14:43:37.423+0000][3677.334s][info ][gc,heap     ] GC(142) Eden regions: 18->0(214)
[2025-01-18T14:43:37.423+0000][3677.335s][info ][gc,heap     ] GC(142) Survivor regions: 2->2(3)
[2025-01-18T14:43:37.424+0000][3677.335s][info ][gc,heap     ] GC(142) Old regions: 142->140
[2025-01-18T14:43:37.424+0000][3677.336s][info ][gc,heap     ] GC(142) Archive regions: 2->2
[2025-01-18T14:43:37.425+0000][3677.336s][info ][gc,heap     ] GC(142) Humongous regions: 0->0
[2025-01-18T14:43:37.425+0000][3677.337s][info ][gc,metaspace] GC(142) Metaspace: 183081K(185344K)->183081K(185344K) NonClass: 160769K(162176K)->160769K(162176K) Class: 22312K(23168K)->22312K(23168K)
[2025-01-18T14:43:37.426+0000][3677.338s][info ][gc          ] GC(142) Pause Young (Mixed) (G1 Evacuation Pause) 161M->141M(401M) 24.303ms
[2025-01-18T14:43:37.427+0000][3677.338s][info ][gc,cpu      ] GC(142) User=0.12s Sys=0.00s Real=0.03s
[2025-01-18T14:43:37.430+0000][3677.341s][info ][safepoint   ] Safepoint "G1CollectForAllocation", Time since last: 14145028571 ns, Reaching safepoint: 741487 ns, Cleanup: 59296 ns, At safepoint: 28346382 ns, Total: 29147165 ns
[2025-01-18T14:44:02.436+0000][3702.349s][debug][safepoint   ] Safepoint synchronization initiated using futex wait barrier. (195 threads)
[2025-01-18T14:44:02.437+0000][3702.349s][info ][safepoint   ] Safepoint "Cleanup", Time since last: 25007457658 ns, Reaching safepoint: 332799 ns, Cleanup: 13466 ns, At safepoint: 4790 ns, Total: 351055 ns
[2025-01-18T14:44:16.439+0000][3716.353s][debug][safepoint   ] Safepoint synchronization initiated using futex wait barrier. (195 threads)
[2025-01-18T14:44:16.439+0000][3716.353s][info ][safepoint   ] Safepoint "Cleanup", Time since last: 14003538195 ns, Reaching safepoint: 452252 ns, Cleanup: 15430 ns, At safepoint: 6342 ns, Total: 474024 ns
[2025-01-18T14:44:50.732+0000][3750.647s][debug][safepoint   ] Safepoint synchronization initiated using futex wait barrier. (195 threads)
[2025-01-18T14:44:50.733+0000][3750.648s][info ][safepoint   ] Safepoint "Cleanup", Time since last: 34293918969 ns, Reaching safepoint: 465231 ns, Cleanup: 12224 ns, At safepoint: 4619 ns, Total: 482074 ns
[2025-01-18T14:46:09.800+0000][3829.717s][debug][safepoint   ] Safepoint synchronization initiated using futex wait barrier. (195 threads)
[2025-01-18T14:46:09.800+0000][3829.717s][info ][safepoint   ] Safepoint "Cleanup", Time since last: 79069095985 ns, Reaching safepoint: 463283 ns, Cleanup: 11493 ns, At safepoint: 5430 ns, Total: 480206 ns
[2025-01-18T14:46:39.402+0000][3859.320s][debug][safepoint   ] Safepoint synchronization initiated using futex wait barrier. (195 threads)
[2025-01-18T14:46:39.403+0000][3859.321s][info ][gc,start    ] GC(143) Pause Young (Concurrent Start) (G1 Evacuation Pause)
[2025-01-18T14:46:39.403+0000][3859.321s][info ][gc,task     ] GC(143) Using 10 workers of 10 for evacuation
[2025-01-18T14:46:39.407+0000][3859.325s][info ][gc,phases   ] GC(143)   Pre Evacuate Collection Set: 0.4ms
[2025-01-18T14:46:39.407+0000][3859.325s][info ][gc,phases   ] GC(143)   Merge Heap Roots: 0.2ms
[2025-01-18T14:46:39.407+0000][3859.326s][info ][gc,phases   ] GC(143)   Evacuate Collection Set: 1.6ms
[2025-01-18T14:46:39.408+0000][3859.326s][info ][gc,phases   ] GC(143)   Post Evacuate Collection Set: 1.2ms
[2025-01-18T14:46:39.408+0000][3859.326s][info ][gc,phases   ] GC(143)   Other: 0.8ms
[2025-01-18T14:46:39.408+0000][3859.326s][info ][gc,heap     ] GC(143) Eden regions: 214->0(214)
[2025-01-18T14:46:39.408+0000][3859.326s][info ][gc,heap     ] GC(143) Survivor regions: 2->2(27)
[2025-01-18T14:46:39.408+0000][3859.327s][info ][gc,heap     ] GC(143) Old regions: 140->140
[2025-01-18T14:46:39.408+0000][3859.327s][info ][gc,heap     ] GC(143) Archive regions: 2->2
[2025-01-18T14:46:39.408+0000][3859.327s][info ][gc,heap     ] GC(143) Humongous regions: 0->0
[2025-01-18T14:46:39.409+0000][3859.327s][info ][gc,metaspace] GC(143) Metaspace: 183101K(185344K)->183101K(185344K) NonClass: 160789K(162176K)->160789K(162176K) Class: 22312K(23168K)->22312K(23168K)
[2025-01-18T14:46:39.409+0000][3859.327s][info ][gc          ] GC(143) Pause Young (Concurrent Start) (G1 Evacuation Pause) 355M->142M(401M) 6.007ms
[2025-01-18T14:46:39.409+0000][3859.327s][info ][gc,cpu      ] GC(143) User=0.02s Sys=0.00s Real=0.01s
[2025-01-18T14:46:39.409+0000][3859.328s][info ][gc          ] GC(144) Concurrent Mark Cycle
[2025-01-18T14:46:39.409+0000][3859.328s][info ][gc,marking  ] GC(144) Concurrent Clear Claimed Marks
[2025-01-18T14:46:39.409+0000][3859.328s][info ][safepoint   ] Safepoint "G1CollectForAllocation", Time since last: 29603097977 ns, Reaching safepoint: 534791 ns, Cleanup: 9228 ns, At safepoint: 6647121 ns, Total: 7191140 ns
[2025-01-18T14:46:39.410+0000][3859.328s][info ][gc,marking  ] GC(144) Concurrent Clear Claimed Marks 0.369ms
[2025-01-18T14:46:39.410+0000][3859.329s][info ][gc,marking  ] GC(144) Concurrent Scan Root Regions
[2025-01-18T14:46:39.412+0000][3859.331s][info ][gc,marking  ] GC(144) Concurrent Scan Root Regions 1.982ms
[2025-01-18T14:46:39.413+0000][3859.331s][info ][gc,marking  ] GC(144) Concurrent Mark
[2025-01-18T14:46:39.413+0000][3859.331s][info ][gc,marking  ] GC(144) Concurrent Mark From Roots
[2025-01-18T14:46:39.413+0000][3859.331s][info ][gc,task     ] GC(144) Using 3 workers of 3 for marking
[2025-01-18T14:46:39.485+0000][3859.403s][info ][gc,marking  ] GC(144) Concurrent Mark From Roots 72.023ms
[2025-01-18T14:46:39.486+0000][3859.404s][info ][gc,marking  ] GC(144) Concurrent Preclean
[2025-01-18T14:46:39.486+0000][3859.405s][info ][gc,marking  ] GC(144) Concurrent Preclean 0.854ms
[2025-01-18T14:46:39.487+0000][3859.405s][debug][safepoint   ] Safepoint synchronization initiated using futex wait barrier. (195 threads)
[2025-01-18T14:46:39.487+0000][3859.405s][info ][gc,start    ] GC(144) Pause Remark
[2025-01-18T14:46:39.495+0000][3859.414s][info ][gc          ] GC(144) Pause Remark 146M->146M(401M) 8.343ms
[2025-01-18T14:46:39.496+0000][3859.414s][info ][gc,cpu      ] GC(144) User=0.06s Sys=0.00s Real=0.00s
[2025-01-18T14:46:39.496+0000][3859.415s][info ][safepoint   ] Safepoint "G1PauseRemark", Time since last: 77531147 ns, Reaching safepoint: 237773 ns, Cleanup: 24648 ns, At safepoint: 9234137 ns, Total: 9496558 ns
[2025-01-18T14:46:39.497+0000][3859.415s][info ][gc,marking  ] GC(144) Concurrent Mark 83.921ms
[2025-01-18T14:46:39.497+0000][3859.415s][info ][gc,marking  ] GC(144) Concurrent Rebuild Remembered Sets
[2025-01-18T14:46:39.555+0000][3859.473s][info ][gc,marking  ] GC(144) Concurrent Rebuild Remembered Sets 57.977ms
[2025-01-18T14:46:39.555+0000][3859.474s][debug][safepoint   ] Safepoint synchronization initiated using futex wait barrier. (195 threads)
[2025-01-18T14:46:39.556+0000][3859.474s][info ][gc,start    ] GC(144) Pause Cleanup
[2025-01-18T14:46:39.556+0000][3859.474s][info ][gc          ] GC(144) Pause Cleanup 146M->146M(401M) 0.503ms
[2025-01-18T14:46:39.556+0000][3859.475s][info ][gc,cpu      ] GC(144) User=0.00s Sys=0.00s Real=0.01s
[2025-01-18T14:46:39.557+0000][3859.475s][info ][safepoint   ] Safepoint "G1PauseCleanup", Time since last: 59006733 ns, Reaching safepoint: 240107 ns, Cleanup: 3627 ns, At safepoint: 1019275 ns, Total: 1263009 ns
[2025-01-18T14:46:39.557+0000][3859.475s][info ][gc,marking  ] GC(144) Concurrent Cleanup for Next Mark
[2025-01-18T14:46:39.558+0000][3859.476s][info ][gc,marking  ] GC(144) Concurrent Cleanup for Next Mark 0.833ms
[2025-01-18T14:46:39.558+0000][3859.476s][info ][gc          ] GC(144) Concurrent Mark Cycle 148.863ms
[2025-01-18T14:46:49.558+0000][3869.478s][debug][safepoint   ] Safepoint synchronization initiated using futex wait barrier. (195 threads)
[2025-01-18T14:46:49.559+0000][3869.478s][info ][safepoint   ] Safepoint "Cleanup", Time since last: 10002660222 ns, Reaching safepoint: 750478 ns, Cleanup: 20820 ns, At safepoint: 10761 ns, Total: 782059 ns
[2025-01-18T14:47:05.562+0000][3885.481s][debug][safepoint   ] Safepoint synchronization initiated using futex wait barrier. (195 threads)
[2025-01-18T14:47:05.562+0000][3885.482s][info ][safepoint   ] Safepoint "Cleanup", Time since last: 16003097073 ns, Reaching safepoint: 369741 ns, Cleanup: 18326 ns, At safepoint: 4970 ns, Total: 393037 ns
[2025-01-18T14:47:09.563+0000][3889.483s][debug][safepoint   ] Safepoint synchronization initiated using futex wait barrier. (195 threads)
[2025-01-18T14:47:09.564+0000][3889.483s][info ][safepoint   ] Safepoint "Cleanup", Time since last: 4000734193 ns, Reaching safepoint: 312307 ns, Cleanup: 22805 ns, At safepoint: 392473 ns, Total: 727585 ns
[2025-01-18T14:48:09.923+0000][3949.845s][debug][safepoint   ] Safepoint synchronization initiated using futex wait barrier. (195 threads)
[2025-01-18T14:48:09.923+0000][3949.845s][info ][safepoint   ] Safepoint "Cleanup", Time since last: 60361492772 ns, Reaching safepoint: 594690 ns, Cleanup: 11231 ns, At safepoint: 4609 ns, Total: 610530 ns
[2025-01-18T14:49:41.238+0000][4041.163s][debug][safepoint   ] Safepoint synchronization initiated using futex wait barrier. (195 threads)
[2025-01-18T14:49:41.239+0000][4041.164s][info ][gc,start    ] GC(145) Pause Young (Prepare Mixed) (G1 Evacuation Pause)
[2025-01-18T14:49:41.239+0000][4041.164s][info ][gc,task     ] GC(145) Using 10 workers of 10 for evacuation
[2025-01-18T14:49:41.243+0000][4041.167s][info ][gc,phases   ] GC(145)   Pre Evacuate Collection Set: 0.3ms
[2025-01-18T14:49:41.243+0000][4041.168s][info ][gc,phases   ] GC(145)   Merge Heap Roots: 0.2ms
[2025-01-18T14:49:41.243+0000][4041.168s][info ][gc,phases   ] GC(145)   Evacuate Collection Set: 1.4ms
[2025-01-18T14:49:41.243+0000][4041.168s][info ][gc,phases   ] GC(145)   Post Evacuate Collection Set: 1.3ms
[2025-01-18T14:49:41.244+0000][4041.168s][info ][gc,phases   ] GC(145)   Other: 0.6ms
[2025-01-18T14:49:41.244+0000][4041.168s][info ][gc,heap     ] GC(145) Eden regions: 214->0(18)
[2025-01-18T14:49:41.244+0000][4041.169s][info ][gc,heap     ] GC(145) Survivor regions: 2->2(27)
[2025-01-18T14:49:41.244+0000][4041.169s][info ][gc,heap     ] GC(145) Old regions: 140->141
[2025-01-18T14:49:41.244+0000][4041.169s][info ][gc,heap     ] GC(145) Archive regions: 2->2
[2025-01-18T14:49:41.244+0000][4041.169s][info ][gc,heap     ] GC(145) Humongous regions: 0->0
[2025-01-18T14:49:41.244+0000][4041.169s][info ][gc,metaspace] GC(145) Metaspace: 183126K(185344K)->183126K(185344K) NonClass: 160814K(162176K)->160814K(162176K) Class: 22312K(23168K)->22312K(23168K)
[2025-01-18T14:49:41.245+0000][4041.169s][info ][gc          ] GC(145) Pause Young (Prepare Mixed) (G1 Evacuation Pause) 356M->142M(401M) 5.771ms
[2025-01-18T14:49:41.245+0000][4041.170s][info ][gc,cpu      ] GC(145) User=0.00s Sys=0.01s Real=0.01s
[2025-01-18T14:49:41.245+0000][4041.170s][info ][safepoint   ] Safepoint "G1CollectForAllocation", Time since last: 91317599179 ns, Reaching safepoint: 559891 ns, Cleanup: 9729 ns, At safepoint: 6210926 ns, Total: 6780546 ns
[2025-01-18T14:49:55.368+0000][4055.294s][debug][safepoint   ] Safepoint synchronization initiated using futex wait barrier. (195 threads)
[2025-01-18T14:49:55.369+0000][4055.295s][info ][gc,start    ] GC(146) Pause Young (Mixed) (G1 Evacuation Pause)
[2025-01-18T14:49:55.369+0000][4055.295s][info ][gc,task     ] GC(146) Using 10 workers of 10 for evacuation
[2025-01-18T14:49:55.377+0000][4055.303s][info ][gc,phases   ] GC(146)   Pre Evacuate Collection Set: 0.4ms
[2025-01-18T14:49:55.377+0000][4055.303s][info ][gc,phases   ] GC(146)   Merge Heap Roots: 0.2ms
[2025-01-18T14:49:55.377+0000][4055.303s][info ][gc,phases   ] GC(146)   Evacuate Collection Set: 5.1ms
[2025-01-18T14:49:55.378+0000][4055.304s][info ][gc,phases   ] GC(146)   Post Evacuate Collection Set: 1.3ms
[2025-01-18T14:49:55.378+0000][4055.304s][info ][gc,phases   ] GC(146)   Other: 0.7ms
[2025-01-18T14:49:55.378+0000][4055.304s][info ][gc,heap     ] GC(146) Eden regions: 18->0(215)
[2025-01-18T14:49:55.378+0000][4055.304s][info ][gc,heap     ] GC(146) Survivor regions: 2->2(3)
[2025-01-18T14:49:55.379+0000][4055.305s][info ][gc,heap     ] GC(146) Old regions: 141->139
[2025-01-18T14:49:55.379+0000][4055.305s][info ][gc,heap     ] GC(146) Archive regions: 2->2
[2025-01-18T14:49:55.379+0000][4055.305s][info ][gc,heap     ] GC(146) Humongous regions: 0->0
[2025-01-18T14:49:55.379+0000][4055.306s][info ][gc,metaspace] GC(146) Metaspace: 183126K(185344K)->183126K(185344K) NonClass: 160814K(162176K)->160814K(162176K) Class: 22312K(23168K)->22312K(23168K)
[2025-01-18T14:49:55.380+0000][4055.306s][info ][gc          ] GC(146) Pause Young (Mixed) (G1 Evacuation Pause) 160M->140M(401M) 10.695ms
[2025-01-18T14:49:55.380+0000][4055.306s][info ][gc,cpu      ] GC(146) User=0.04s Sys=0.01s Real=0.01s
[2025-01-18T14:49:55.380+0000][4055.306s][info ][safepoint   ] Safepoint "G1CollectForAllocation", Time since last: 14124485143 ns, Reaching safepoint: 831421 ns, Cleanup: 27905 ns, At safepoint: 11325429 ns, Total: 12184755 ns
[2025-01-18T14:50:10.385+0000][4070.311s][debug][safepoint   ] Safepoint synchronization initiated using futex wait barrier. (195 threads)
[2025-01-18T14:50:10.386+0000][4070.312s][info ][safepoint   ] Safepoint "Cleanup", Time since last: 15004966563 ns, Reaching safepoint: 703139 ns, Cleanup: 20881 ns, At safepoint: 11472 ns, Total: 735492 ns
[2025-01-18T14:51:09.400+0000][4129.328s][debug][safepoint   ] Safepoint synchronization initiated using futex wait barrier. (195 threads)
[2025-01-18T14:51:09.401+0000][4129.329s][info ][safepoint   ] Safepoint "Cleanup", Time since last: 59016339181 ns, Reaching safepoint: 418319 ns, Cleanup: 14248 ns, At safepoint: 5030 ns, Total: 437597 ns
[2025-01-18T14:51:16.401+0000][4136.330s][debug][safepoint   ] Safepoint synchronization initiated using futex wait barrier. (195 threads)
[2025-01-18T14:51:16.401+0000][4136.330s][info ][safepoint   ] Safepoint "Cleanup", Time since last: 7001172874 ns, Reaching safepoint: 347935 ns, Cleanup: 14168 ns, At safepoint: 8416 ns, Total: 370519 ns
[2025-01-18T14:52:31.175+0000][4211.106s][debug][safepoint   ] Safepoint synchronization initiated using futex wait barrier. (195 threads)
[2025-01-18T14:52:31.176+0000][4211.107s][info ][safepoint   ] Safepoint "Cleanup", Time since last: 74775392624 ns, Reaching safepoint: 913449 ns, Cleanup: 30520 ns, At safepoint: 12784 ns, Total: 956753 ns
[2025-01-18T14:52:58.309+0000][4238.241s][debug][safepoint   ] Safepoint synchronization initiated using futex wait barrier. (195 threads)
[2025-01-18T14:52:58.309+0000][4238.241s][info ][gc,start    ] GC(147) Pause Young (Concurrent Start) (G1 Evacuation Pause)
[2025-01-18T14:52:58.309+0000][4238.242s][info ][gc,task     ] GC(147) Using 10 workers of 10 for evacuation
[2025-01-18T14:52:58.314+0000][4238.246s][info ][gc,phases   ] GC(147)   Pre Evacuate Collection Set: 0.5ms
[2025-01-18T14:52:58.314+0000][4238.246s][info ][gc,phases   ] GC(147)   Merge Heap Roots: 0.3ms
[2025-01-18T14:52:58.314+0000][4238.246s][info ][gc,phases   ] GC(147)   Evacuate Collection Set: 1.7ms
[2025-01-18T14:52:58.314+0000][4238.247s][info ][gc,phases   ] GC(147)   Post Evacuate Collection Set: 1.3ms
[2025-01-18T14:52:58.315+0000][4238.247s][info ][gc,phases   ] GC(147)   Other: 0.7ms
[2025-01-18T14:52:58.315+0000][4238.247s][info ][gc,heap     ] GC(147) Eden regions: 215->0(215)
[2025-01-18T14:52:58.315+0000][4238.247s][info ][gc,heap     ] GC(147) Survivor regions: 2->2(28)
[2025-01-18T14:52:58.315+0000][4238.247s][info ][gc,heap     ] GC(147) Old regions: 139->139
[2025-01-18T14:52:58.315+0000][4238.247s][info ][gc,heap     ] GC(147) Archive regions: 2->2
[2025-01-18T14:52:58.315+0000][4238.248s][info ][gc,heap     ] GC(147) Humongous regions: 0->0
[2025-01-18T14:52:58.316+0000][4238.248s][info ][gc,metaspace] GC(147) Metaspace: 183129K(185344K)->183129K(185344K) NonClass: 160816K(162176K)->160816K(162176K) Class: 22312K(23168K)->22312K(23168K)
[2025-01-18T14:52:58.316+0000][4238.248s][info ][gc          ] GC(147) Pause Young (Concurrent Start) (G1 Evacuation Pause) 355M->140M(401M) 6.539ms
[2025-01-18T14:52:58.316+0000][4238.248s][info ][gc,cpu      ] GC(147) User=0.01s Sys=0.01s Real=0.01s
[2025-01-18T14:52:58.316+0000][4238.248s][info ][gc          ] GC(148) Concurrent Mark Cycle
[2025-01-18T14:52:58.316+0000][4238.249s][info ][gc,marking  ] GC(148) Concurrent Clear Claimed Marks
[2025-01-18T14:52:58.317+0000][4238.249s][info ][gc,marking  ] GC(148) Concurrent Clear Claimed Marks 0.290ms
[2025-01-18T14:52:58.317+0000][4238.249s][info ][gc,marking  ] GC(148) Concurrent Scan Root Regions
[2025-01-18T14:52:58.317+0000][4238.249s][info ][safepoint   ] Safepoint "G1CollectForAllocation", Time since last: 27134233638 ns, Reaching safepoint: 384980 ns, Cleanup: 9829 ns, At safepoint: 7496854 ns, Total: 7891663 ns
[2025-01-18T14:52:58.319+0000][4238.251s][info ][gc,marking  ] GC(148) Concurrent Scan Root Regions 2.389ms
[2025-01-18T14:52:58.320+0000][4238.252s][info ][gc,marking  ] GC(148) Concurrent Mark
[2025-01-18T14:52:58.320+0000][4238.252s][info ][gc,marking  ] GC(148) Concurrent Mark From Roots
[2025-01-18T14:52:58.320+0000][4238.252s][info ][gc,task     ] GC(148) Using 3 workers of 3 for marking
[2025-01-18T14:52:58.398+0000][4238.331s][info ][gc,marking  ] GC(148) Concurrent Mark From Roots 78.611ms
[2025-01-18T14:52:58.399+0000][4238.331s][info ][gc,marking  ] GC(148) Concurrent Preclean
[2025-01-18T14:52:58.399+0000][4238.331s][info ][gc,marking  ] GC(148) Concurrent Preclean 0.505ms
[2025-01-18T14:52:58.400+0000][4238.332s][debug][safepoint   ] Safepoint synchronization initiated using futex wait barrier. (195 threads)
[2025-01-18T14:52:58.400+0000][4238.332s][info ][gc,start    ] GC(148) Pause Remark
[2025-01-18T14:52:58.407+0000][4238.339s][info ][gc          ] GC(148) Pause Remark 144M->144M(401M) 6.767ms
[2025-01-18T14:52:58.407+0000][4238.339s][info ][gc,cpu      ] GC(148) User=0.04s Sys=0.00s Real=0.01s
[2025-01-18T14:52:58.407+0000][4238.340s][info ][safepoint   ] Safepoint "G1PauseRemark", Time since last: 82810023 ns, Reaching safepoint: 264295 ns, Cleanup: 26091 ns, At safepoint: 7633199 ns, Total: 7923585 ns
[2025-01-18T14:52:58.408+0000][4238.340s][info ][gc,marking  ] GC(148) Concurrent Mark 88.281ms
[2025-01-18T14:52:58.408+0000][4238.340s][info ][gc,marking  ] GC(148) Concurrent Rebuild Remembered Sets
[2025-01-18T14:52:58.458+0000][4238.390s][info ][gc,marking  ] GC(148) Concurrent Rebuild Remembered Sets 49.642ms
[2025-01-18T14:52:58.458+0000][4238.390s][debug][safepoint   ] Safepoint synchronization initiated using futex wait barrier. (195 threads)
[2025-01-18T14:52:58.459+0000][4238.391s][info ][gc,start    ] GC(148) Pause Cleanup
[2025-01-18T14:52:58.459+0000][4238.391s][info ][gc          ] GC(148) Pause Cleanup 144M->144M(401M) 0.622ms
[2025-01-18T14:52:58.460+0000][4238.392s][info ][gc,cpu      ] GC(148) User=0.00s Sys=0.00s Real=0.00s
[2025-01-18T14:52:58.460+0000][4238.392s][info ][safepoint   ] Safepoint "G1PauseCleanup", Time since last: 50721086 ns, Reaching safepoint: 309282 ns, Cleanup: 4408 ns, At safepoint: 1627699 ns, Total: 1941389 ns
[2025-01-18T14:52:58.461+0000][4238.393s][info ][gc,marking  ] GC(148) Concurrent Cleanup for Next Mark
[2025-01-18T14:52:58.462+0000][4238.394s][info ][gc,marking  ] GC(148) Concurrent Cleanup for Next Mark 1.135ms
[2025-01-18T14:52:58.462+0000][4238.395s][info ][gc          ] GC(148) Concurrent Mark Cycle 146.162ms
[2025-01-18T14:53:50.470+0000][4290.405s][debug][safepoint   ] Safepoint synchronization initiated using futex wait barrier. (195 threads)
[2025-01-18T14:53:50.471+0000][4290.405s][info ][safepoint   ] Safepoint "Cleanup", Time since last: 52012545358 ns, Reaching safepoint: 440327 ns, Cleanup: 14859 ns, At safepoint: 5891 ns, Total: 461077 ns
[2025-01-18T14:54:12.478+0000][4312.417s][debug][safepoint   ] Safepoint synchronization initiated using futex wait barrier. (195 threads)
[2025-01-18T14:54:12.479+0000][4312.418s][info ][safepoint   ] Safepoint "Cleanup", Time since last: 22012023106 ns, Reaching safepoint: 494051 ns, Cleanup: 24969 ns, At safepoint: 9157 ns, Total: 528177 ns
[2025-01-18T14:54:16.480+0000][4316.420s][debug][safepoint   ] Safepoint synchronization initiated using futex wait barrier. (195 threads)
[2025-01-18T14:54:16.481+0000][4316.420s][info ][safepoint   ] Safepoint "Cleanup", Time since last: 4001725825 ns, Reaching safepoint: 662469 ns, Cleanup: 17504 ns, At safepoint: 4439 ns, Total: 684412 ns
[2025-01-18T14:56:00.952+0000][4420.897s][debug][safepoint   ] Safepoint synchronization initiated using futex wait barrier. (195 threads)
[2025-01-18T14:56:00.953+0000][4420.898s][info ][gc,start    ] GC(149) Pause Young (Prepare Mixed) (G1 Evacuation Pause)
[2025-01-18T14:56:00.953+0000][4420.898s][info ][gc,task     ] GC(149) Using 10 workers of 10 for evacuation
[2025-01-18T14:56:00.957+0000][4420.902s][info ][gc,phases   ] GC(149)   Pre Evacuate Collection Set: 0.4ms
[2025-01-18T14:56:00.957+0000][4420.902s][info ][gc,phases   ] GC(149)   Merge Heap Roots: 0.3ms
[2025-01-18T14:56:00.957+0000][4420.902s][info ][gc,phases   ] GC(149)   Evacuate Collection Set: 1.4ms
[2025-01-18T14:56:00.958+0000][4420.903s][info ][gc,phases   ] GC(149)   Post Evacuate Collection Set: 1.5ms
[2025-01-18T14:56:00.958+0000][4420.903s][info ][gc,phases   ] GC(149)   Other: 0.7ms
[2025-01-18T14:56:00.958+0000][4420.903s][info ][gc,heap     ] GC(149) Eden regions: 215->0(18)
[2025-01-18T14:56:00.958+0000][4420.903s][info ][gc,heap     ] GC(149) Survivor regions: 2->2(28)
[2025-01-18T14:56:00.958+0000][4420.903s][info ][gc,heap     ] GC(149) Old regions: 139->139
[2025-01-18T14:56:00.959+0000][4420.904s][info ][gc,heap     ] GC(149) Archive regions: 2->2
[2025-01-18T14:56:00.959+0000][4420.904s][info ][gc,heap     ] GC(149) Humongous regions: 0->0
[2025-01-18T14:56:00.959+0000][4420.904s][info ][gc,metaspace] GC(149) Metaspace: 183133K(185344K)->183133K(185344K) NonClass: 160821K(162176K)->160821K(162176K) Class: 22312K(23168K)->22312K(23168K)
[2025-01-18T14:56:00.959+0000][4420.904s][info ][gc          ] GC(149) Pause Young (Prepare Mixed) (G1 Evacuation Pause) 355M->140M(401M) 6.216ms
[2025-01-18T14:56:00.959+0000][4420.904s][info ][gc,cpu      ] GC(149) User=0.01s Sys=0.01s Real=0.01s
[2025-01-18T14:56:00.960+0000][4420.905s][info ][safepoint   ] Safepoint "G1CollectForAllocation", Time since last: 104477053228 ns, Reaching safepoint: 496957 ns, Cleanup: 9058 ns, At safepoint: 6966861 ns, Total: 7472876 ns
[2025-01-18T14:56:09.962+0000][4429.907s][debug][safepoint   ] Safepoint synchronization initiated using futex wait barrier. (195 threads)
[2025-01-18T14:56:09.963+0000][4429.908s][info ][safepoint   ] Safepoint "Cleanup", Time since last: 9002557533 ns, Reaching safepoint: 386214 ns, Cleanup: 33767 ns, At safepoint: 9489 ns, Total: 429470 ns
[2025-01-18T14:56:14.870+0000][4434.817s][debug][safepoint   ] Safepoint synchronization initiated using futex wait barrier. (195 threads)
[2025-01-18T14:56:14.871+0000][4434.818s][info ][gc,start    ] GC(150) Pause Young (Mixed) (G1 Evacuation Pause)
[2025-01-18T14:56:14.871+0000][4434.818s][info ][gc,task     ] GC(150) Using 10 workers of 10 for evacuation
[2025-01-18T14:56:14.877+0000][4434.824s][info ][gc,phases   ] GC(150)   Pre Evacuate Collection Set: 0.3ms
[2025-01-18T14:56:14.877+0000][4434.824s][info ][gc,phases   ] GC(150)   Merge Heap Roots: 0.3ms
[2025-01-18T14:56:14.878+0000][4434.825s][info ][gc,phases   ] GC(150)   Evacuate Collection Set: 4.0ms
[2025-01-18T14:56:14.878+0000][4434.825s][info ][gc,phases   ] GC(150)   Post Evacuate Collection Set: 1.1ms
[2025-01-18T14:56:14.878+0000][4434.825s][info ][gc,phases   ] GC(150)   Other: 0.6ms
[2025-01-18T14:56:14.878+0000][4434.825s][info ][gc,heap     ] GC(150) Eden regions: 18->0(216)
[2025-01-18T14:56:14.878+0000][4434.826s][info ][gc,heap     ] GC(150) Survivor regions: 2->2(3)
[2025-01-18T14:56:14.879+0000][4434.826s][info ][gc,heap     ] GC(150) Old regions: 139->138
[2025-01-18T14:56:14.879+0000][4434.826s][info ][gc,heap     ] GC(150) Archive regions: 2->2
[2025-01-18T14:56:14.879+0000][4434.826s][info ][gc,heap     ] GC(150) Humongous regions: 0->0
[2025-01-18T14:56:14.879+0000][4434.827s][info ][gc,metaspace] GC(150) Metaspace: 183137K(185344K)->183137K(185344K) NonClass: 160824K(162176K)->160824K(162176K) Class: 22312K(23168K)->22312K(23168K)
[2025-01-18T14:56:14.880+0000][4434.827s][info ][gc          ] GC(150) Pause Young (Mixed) (G1 Evacuation Pause) 158M->139M(401M) 9.012ms
[2025-01-18T14:56:14.880+0000][4434.827s][info ][gc,cpu      ] GC(150) User=0.02s Sys=0.01s Real=0.01s
[2025-01-18T14:56:14.880+0000][4434.827s][info ][safepoint   ] Safepoint "G1CollectForAllocation", Time since last: 4909581833 ns, Reaching safepoint: 405409 ns, Cleanup: 12375 ns, At safepoint: 9654976 ns, Total: 10072760 ns
[2025-01-18T14:57:09.890+0000][4489.840s][debug][safepoint   ] Safepoint synchronization initiated using futex wait barrier. (195 threads)
[2025-01-18T14:57:09.891+0000][4489.840s][info ][safepoint   ] Safepoint "Cleanup", Time since last: 55012424687 ns, Reaching safepoint: 407005 ns, Cleanup: 13617 ns, At safepoint: 6192 ns, Total: 426814 ns
[2025-01-18T14:57:10.891+0000][4490.841s][debug][safepoint   ] Safepoint synchronization initiated using futex wait barrier. (195 threads)
[2025-01-18T14:57:10.892+0000][4490.841s][info ][safepoint   ] Safepoint "Cleanup", Time since last: 1000395589 ns, Reaching safepoint: 525620 ns, Cleanup: 34499 ns, At safepoint: 11553 ns, Total: 571672 ns
[2025-01-18T14:59:09.563+0000][4609.521s][debug][safepoint   ] Safepoint synchronization initiated using futex wait barrier. (195 threads)
[2025-01-18T14:59:09.564+0000][4609.521s][info ][safepoint   ] Safepoint "Cleanup", Time since last: 118679566937 ns, Reaching safepoint: 584547 ns, Cleanup: 38165 ns, At safepoint: 12084 ns, Total: 634796 ns
[2025-01-18T14:59:17.565+0000][4617.524s][debug][safepoint   ] Safepoint synchronization initiated using futex wait barrier. (195 threads)
[2025-01-18T14:59:17.566+0000][4617.524s][info ][safepoint   ] Safepoint "Cleanup", Time since last: 8002147982 ns, Reaching safepoint: 656125 ns, Cleanup: 39668 ns, At safepoint: 60841 ns, Total: 756634 ns
[2025-01-18T14:59:18.716+0000][4618.675s][debug][safepoint   ] Safepoint synchronization initiated using futex wait barrier. (195 threads)
[2025-01-18T14:59:18.716+0000][4618.675s][info ][gc,start    ] GC(151) Pause Young (Concurrent Start) (G1 Evacuation Pause)
[2025-01-18T14:59:18.717+0000][4618.675s][info ][gc,task     ] GC(151) Using 10 workers of 10 for evacuation
[2025-01-18T14:59:18.721+0000][4618.680s][info ][gc,phases   ] GC(151)   Pre Evacuate Collection Set: 0.4ms
[2025-01-18T14:59:18.722+0000][4618.681s][info ][gc,phases   ] GC(151)   Merge Heap Roots: 0.2ms
[2025-01-18T14:59:18.722+0000][4618.681s][info ][gc,phases   ] GC(151)   Evacuate Collection Set: 2.3ms
[2025-01-18T14:59:18.722+0000][4618.681s][info ][gc,phases   ] GC(151)   Post Evacuate Collection Set: 1.4ms
[2025-01-18T14:59:18.722+0000][4618.681s][info ][gc,phases   ] GC(151)   Other: 0.7ms
[2025-01-18T14:59:18.723+0000][4618.681s][info ][gc,heap     ] GC(151) Eden regions: 216->0(216)
[2025-01-18T14:59:18.723+0000][4618.682s][info ][gc,heap     ] GC(151) Survivor regions: 2->2(28)
[2025-01-18T14:59:18.723+0000][4618.682s][info ][gc,heap     ] GC(151) Old regions: 138->138
[2025-01-18T14:59:18.723+0000][4618.682s][info ][gc,heap     ] GC(151) Archive regions: 2->2
[2025-01-18T14:59:18.723+0000][4618.682s][info ][gc,heap     ] GC(151) Humongous regions: 0->0
[2025-01-18T14:59:18.723+0000][4618.682s][info ][gc,metaspace] GC(151) Metaspace: 183141K(185344K)->183141K(185344K) NonClass: 160828K(162176K)->160828K(162176K) Class: 22312K(23168K)->22312K(23168K)
[2025-01-18T14:59:18.724+0000][4618.682s][info ][gc          ] GC(151) Pause Young (Concurrent Start) (G1 Evacuation Pause) 355M->139M(401M) 7.310ms
[2025-01-18T14:59:18.724+0000][4618.683s][info ][gc,cpu      ] GC(151) User=0.01s Sys=0.00s Real=0.00s
[2025-01-18T14:59:18.724+0000][4618.683s][info ][gc          ] GC(152) Concurrent Mark Cycle
[2025-01-18T14:59:18.724+0000][4618.683s][info ][gc,marking  ] GC(152) Concurrent Clear Claimed Marks
[2025-01-18T14:59:18.724+0000][4618.683s][info ][safepoint   ] Safepoint "G1CollectForAllocation", Time since last: 1150304586 ns, Reaching safepoint: 411185 ns, Cleanup: 5271 ns, At safepoint: 7895231 ns, Total: 8311687 ns
[2025-01-18T14:59:18.725+0000][4618.684s][info ][gc,marking  ] GC(152) Concurrent Clear Claimed Marks 0.434ms
[2025-01-18T14:59:18.725+0000][4618.684s][info ][gc,marking  ] GC(152) Concurrent Scan Root Regions
[2025-01-18T14:59:18.728+0000][4618.687s][info ][gc,marking  ] GC(152) Concurrent Scan Root Regions 2.400ms
[2025-01-18T14:59:18.728+0000][4618.687s][info ][gc,marking  ] GC(152) Concurrent Mark
[2025-01-18T14:59:18.728+0000][4618.687s][info ][gc,marking  ] GC(152) Concurrent Mark From Roots
[2025-01-18T14:59:18.728+0000][4618.687s][info ][gc,task     ] GC(152) Using 3 workers of 3 for marking
[2025-01-18T14:59:18.809+0000][4618.768s][info ][gc,marking  ] GC(152) Concurrent Mark From Roots 81.045ms
[2025-01-18T14:59:18.810+0000][4618.769s][info ][gc,marking  ] GC(152) Concurrent Preclean
[2025-01-18T14:59:18.810+0000][4618.769s][info ][gc,marking  ] GC(152) Concurrent Preclean 0.719ms
[2025-01-18T14:59:18.811+0000][4618.770s][debug][safepoint   ] Safepoint synchronization initiated using futex wait barrier. (195 threads)
[2025-01-18T14:59:18.811+0000][4618.770s][info ][gc,start    ] GC(152) Pause Remark
[2025-01-18T14:59:18.820+0000][4618.779s][info ][gc          ] GC(152) Pause Remark 143M->143M(401M) 9.143ms
[2025-01-18T14:59:18.821+0000][4618.780s][info ][gc,cpu      ] GC(152) User=0.06s Sys=0.00s Real=0.01s
[2025-01-18T14:59:18.822+0000][4618.781s][info ][safepoint   ] Safepoint "G1PauseRemark", Time since last: 86664551 ns, Reaching safepoint: 307188 ns, Cleanup: 30931 ns, At safepoint: 10550194 ns, Total: 10888313 ns
[2025-01-18T14:59:18.822+0000][4618.781s][info ][gc,marking  ] GC(152) Concurrent Mark 94.088ms
[2025-01-18T14:59:18.823+0000][4618.781s][info ][gc,marking  ] GC(152) Concurrent Rebuild Remembered Sets
[2025-01-18T14:59:18.889+0000][4618.848s][info ][gc,marking  ] GC(152) Concurrent Rebuild Remembered Sets 66.259ms
[2025-01-18T14:59:18.890+0000][4618.848s][debug][safepoint   ] Safepoint synchronization initiated using futex wait barrier. (195 threads)
[2025-01-18T14:59:18.890+0000][4618.849s][info ][gc,start    ] GC(152) Pause Cleanup
[2025-01-18T14:59:18.891+0000][4618.850s][info ][gc          ] GC(152) Pause Cleanup 143M->143M(401M) 0.796ms
[2025-01-18T14:59:18.891+0000][4618.850s][info ][gc,cpu      ] GC(152) User=0.00s Sys=0.00s Real=0.00s
[2025-01-18T14:59:18.892+0000][4618.850s][info ][safepoint   ] Safepoint "G1PauseCleanup", Time since last: 67846767 ns, Reaching safepoint: 397325 ns, Cleanup: 11343 ns, At safepoint: 1581568 ns, Total: 1990236 ns
[2025-01-18T14:59:18.892+0000][4618.851s][info ][gc,marking  ] GC(152) Concurrent Cleanup for Next Mark
[2025-01-18T14:59:18.893+0000][4618.852s][info ][gc,marking  ] GC(152) Concurrent Cleanup for Next Mark 0.850ms
[2025-01-18T14:59:18.893+0000][4618.852s][info ][gc          ] GC(152) Concurrent Mark Cycle 169.152ms
[2025-01-18T14:59:49.678+0000][4649.640s][debug][safepoint   ] Safepoint synchronization initiated using futex wait barrier. (195 threads)
[2025-01-18T14:59:49.679+0000][4649.640s][info ][safepoint   ] Safepoint "Cleanup", Time since last: 30789188981 ns, Reaching safepoint: 571688 ns, Cleanup: 11793 ns, At safepoint: 4619 ns, Total: 588100 ns
[2025-01-18T15:01:19.748+0000][4739.715s][debug][safepoint   ] Safepoint synchronization initiated using futex wait barrier. (195 threads)
[2025-01-18T15:01:19.749+0000][4739.716s][info ][safepoint   ] Safepoint "Cleanup", Time since last: 90074720944 ns, Reaching safepoint: 751355 ns, Cleanup: 11473 ns, At safepoint: 4458 ns, Total: 767286 ns
[2025-01-18T15:01:26.751+0000][4746.718s][debug][safepoint   ] Safepoint synchronization initiated using futex wait barrier. (195 threads)
[2025-01-18T15:01:26.751+0000][4746.718s][info ][safepoint   ] Safepoint "Cleanup", Time since last: 7002077348 ns, Reaching safepoint: 494057 ns, Cleanup: 19759 ns, At safepoint: 5581 ns, Total: 519397 ns
[2025-01-18T15:02:09.762+0000][4789.731s][debug][safepoint   ] Safepoint synchronization initiated using futex wait barrier. (195 threads)
[2025-01-18T15:02:09.763+0000][4789.731s][info ][safepoint   ] Safepoint "Cleanup", Time since last: 43012402934 ns, Reaching safepoint: 602285 ns, Cleanup: 21903 ns, At safepoint: 7595 ns, Total: 631783 ns
[2025-01-18T15:02:20.764+0000][4800.735s][debug][safepoint   ] Safepoint synchronization initiated using futex wait barrier. (195 threads)
[2025-01-18T15:02:20.765+0000][4800.736s][info ][safepoint   ] Safepoint "Cleanup", Time since last: 11003564804 ns, Reaching safepoint: 797677 ns, Cleanup: 13838 ns, At safepoint: 4419 ns, Total: 815934 ns
[2025-01-18T15:02:22.462+0000][4802.432s][debug][safepoint   ] Safepoint synchronization initiated using futex wait barrier. (195 threads)
[2025-01-18T15:02:22.462+0000][4802.433s][info ][gc,start    ] GC(153) Pause Young (Prepare Mixed) (G1 Evacuation Pause)
[2025-01-18T15:02:22.462+0000][4802.433s][info ][gc,task     ] GC(153) Using 10 workers of 10 for evacuation
[2025-01-18T15:02:22.465+0000][4802.436s][info ][gc,phases   ] GC(153)   Pre Evacuate Collection Set: 0.2ms
[2025-01-18T15:02:22.466+0000][4802.436s][info ][gc,phases   ] GC(153)   Merge Heap Roots: 0.2ms
[2025-01-18T15:02:22.466+0000][4802.436s][info ][gc,phases   ] GC(153)   Evacuate Collection Set: 1.2ms
[2025-01-18T15:02:22.466+0000][4802.437s][info ][gc,phases   ] GC(153)   Post Evacuate Collection Set: 1.1ms
[2025-01-18T15:02:22.466+0000][4802.437s][info ][gc,phases   ] GC(153)   Other: 0.6ms
[2025-01-18T15:02:22.466+0000][4802.437s][info ][gc,heap     ] GC(153) Eden regions: 216->0(19)
[2025-01-18T15:02:22.467+0000][4802.437s][info ][gc,heap     ] GC(153) Survivor regions: 2->1(28)
[2025-01-18T15:02:22.467+0000][4802.437s][info ][gc,heap     ] GC(153) Old regions: 138->138
[2025-01-18T15:02:22.467+0000][4802.438s][info ][gc,heap     ] GC(153) Archive regions: 2->2
[2025-01-18T15:02:22.467+0000][4802.438s][info ][gc,heap     ] GC(153) Humongous regions: 0->0
[2025-01-18T15:02:22.467+0000][4802.438s][info ][gc,metaspace] GC(153) Metaspace: 183153K(185344K)->183153K(185344K) NonClass: 160841K(162176K)->160841K(162176K) Class: 22312K(23168K)->22312K(23168K)
[2025-01-18T15:02:22.468+0000][4802.438s][info ][gc          ] GC(153) Pause Young (Prepare Mixed) (G1 Evacuation Pause) 355M->139M(401M) 5.568ms
[2025-01-18T15:02:22.468+0000][4802.438s][info ][gc,cpu      ] GC(153) User=0.00s Sys=0.01s Real=0.01s
[2025-01-18T15:02:22.468+0000][4802.439s][info ][safepoint   ] Safepoint "G1CollectForAllocation", Time since last: 1696425312 ns, Reaching safepoint: 441102 ns, Cleanup: 4709 ns, At safepoint: 6088310 ns, Total: 6534121 ns
[2025-01-18T15:02:23.469+0000][4803.439s][debug][safepoint   ] Safepoint synchronization initiated using futex wait barrier. (195 threads)
[2025-01-18T15:02:23.470+0000][4803.440s][info ][safepoint   ] Safepoint "Cleanup", Time since last: 1000662132 ns, Reaching safepoint: 836815 ns, Cleanup: 106270 ns, At safepoint: 26532 ns, Total: 969617 ns
[2025-01-18T15:02:37.467+0000][4817.437s][debug][safepoint   ] Safepoint synchronization initiated using futex wait barrier. (195 threads)
[2025-01-18T15:02:37.468+0000][4817.438s][info ][gc,start    ] GC(154) Pause Young (Mixed) (G1 Evacuation Pause)
[2025-01-18T15:02:37.468+0000][4817.438s][info ][gc,task     ] GC(154) Using 10 workers of 10 for evacuation
[2025-01-18T15:02:37.474+0000][4817.444s][info ][gc,phases   ] GC(154)   Pre Evacuate Collection Set: 0.2ms
[2025-01-18T15:02:37.474+0000][4817.445s][info ][gc,phases   ] GC(154)   Merge Heap Roots: 0.2ms
[2025-01-18T15:02:37.474+0000][4817.445s][info ][gc,phases   ] GC(154)   Evacuate Collection Set: 3.8ms
[2025-01-18T15:02:37.474+0000][4817.445s][info ][gc,phases   ] GC(154)   Post Evacuate Collection Set: 1.2ms
[2025-01-18T15:02:37.475+0000][4817.445s][info ][gc,phases   ] GC(154)   Other: 0.6ms
[2025-01-18T15:02:37.475+0000][4817.445s][info ][gc,heap     ] GC(154) Eden regions: 19->0(218)
[2025-01-18T15:02:37.475+0000][4817.446s][info ][gc,heap     ] GC(154) Survivor regions: 1->1(3)
[2025-01-18T15:02:37.475+0000][4817.446s][info ][gc,heap     ] GC(154) Old regions: 138->138
[2025-01-18T15:02:37.476+0000][4817.446s][info ][gc,heap     ] GC(154) Archive regions: 2->2
[2025-01-18T15:02:37.476+0000][4817.446s][info ][gc,heap     ] GC(154) Humongous regions: 0->0
[2025-01-18T15:02:37.476+0000][4817.446s][info ][gc,metaspace] GC(154) Metaspace: 183153K(185344K)->183153K(185344K) NonClass: 160841K(162176K)->160841K(162176K) Class: 22312K(23168K)->22312K(23168K)
[2025-01-18T15:02:37.476+0000][4817.447s][info ][gc          ] GC(154) Pause Young (Mixed) (G1 Evacuation Pause) 158M->138M(401M) 8.540ms
[2025-01-18T15:02:37.476+0000][4817.447s][info ][gc,cpu      ] GC(154) User=0.02s Sys=0.01s Real=0.01s
[2025-01-18T15:02:37.477+0000][4817.447s][info ][safepoint   ] Safepoint "G1CollectForAllocation", Time since last: 13997132382 ns, Reaching safepoint: 714844 ns, Cleanup: 7023 ns, At safepoint: 9140343 ns, Total: 9862210 ns
[2025-01-18T15:03:09.481+0000][4849.454s][debug][safepoint   ] Safepoint synchronization initiated using futex wait barrier. (195 threads)
[2025-01-18T15:03:09.482+0000][4849.455s][info ][safepoint   ] Safepoint "Cleanup", Time since last: 32007077276 ns, Reaching safepoint: 678300 ns, Cleanup: 23547 ns, At safepoint: 9729 ns, Total: 711576 ns
[2025-01-18T15:03:10.483+0000][4850.456s][debug][safepoint   ] Safepoint synchronization initiated using futex wait barrier. (195 threads)
[2025-01-18T15:03:10.483+0000][4850.456s][info ][safepoint   ] Safepoint "Cleanup", Time since last: 1000609516 ns, Reaching safepoint: 720784 ns, Cleanup: 12706 ns, At safepoint: 4509 ns, Total: 737999 ns
[2025-01-18T15:05:23.513+0000][4983.494s][debug][safepoint   ] Safepoint synchronization initiated using futex wait barrier. (195 threads)
[2025-01-18T15:05:23.514+0000][4983.495s][info ][safepoint   ] Safepoint "Cleanup", Time since last: 133037390945 ns, Reaching safepoint: 889954 ns, Cleanup: 41602 ns, At safepoint: 18557 ns, Total: 950113 ns
[2025-01-18T15:05:42.696+0000][5002.679s][debug][safepoint   ] Safepoint synchronization initiated using futex wait barrier. (195 threads)
[2025-01-18T15:05:42.697+0000][5002.680s][info ][gc,start    ] GC(155) Pause Young (Concurrent Start) (G1 Evacuation Pause)
[2025-01-18T15:05:42.697+0000][5002.680s][info ][gc,task     ] GC(155) Using 10 workers of 10 for evacuation
[2025-01-18T15:05:42.701+0000][5002.684s][info ][gc,phases   ] GC(155)   Pre Evacuate Collection Set: 0.5ms
[2025-01-18T15:05:42.701+0000][5002.684s][info ][gc,phases   ] GC(155)   Merge Heap Roots: 0.2ms
[2025-01-18T15:05:42.701+0000][5002.684s][info ][gc,phases   ] GC(155)   Evacuate Collection Set: 1.6ms
[2025-01-18T15:05:42.702+0000][5002.685s][info ][gc,phases   ] GC(155)   Post Evacuate Collection Set: 1.2ms
[2025-01-18T15:05:42.702+0000][5002.685s][info ][gc,phases   ] GC(155)   Other: 0.8ms
[2025-01-18T15:05:42.702+0000][5002.685s][info ][gc,heap     ] GC(155) Eden regions: 218->0(218)
[2025-01-18T15:05:42.702+0000][5002.685s][info ][gc,heap     ] GC(155) Survivor regions: 1->1(28)
[2025-01-18T15:05:42.702+0000][5002.685s][info ][gc,heap     ] GC(155) Old regions: 138->138
[2025-01-18T15:05:42.702+0000][5002.686s][info ][gc,heap     ] GC(155) Archive regions: 2->2
[2025-01-18T15:05:42.703+0000][5002.686s][info ][gc,heap     ] GC(155) Humongous regions: 0->0
[2025-01-18T15:05:42.703+0000][5002.686s][info ][gc,metaspace] GC(155) Metaspace: 183162K(185344K)->183162K(185344K) NonClass: 160849K(162176K)->160849K(162176K) Class: 22312K(23168K)->22312K(23168K)
[2025-01-18T15:05:42.703+0000][5002.686s][info ][gc          ] GC(155) Pause Young (Concurrent Start) (G1 Evacuation Pause) 356M->138M(401M) 6.252ms
[2025-01-18T15:05:42.703+0000][5002.686s][info ][gc,cpu      ] GC(155) User=0.01s Sys=0.00s Real=0.01s
[2025-01-18T15:05:42.703+0000][5002.686s][info ][gc          ] GC(156) Concurrent Mark Cycle
[2025-01-18T15:05:42.704+0000][5002.687s][info ][gc,marking  ] GC(156) Concurrent Clear Claimed Marks
[2025-01-18T15:05:42.703+0000][5002.686s][info ][safepoint   ] Safepoint "G1CollectForAllocation", Time since last: 19184338594 ns, Reaching safepoint: 621409 ns, Cleanup: 9148 ns, At safepoint: 6736963 ns, Total: 7367520 ns
[2025-01-18T15:05:42.704+0000][5002.687s][info ][gc,marking  ] GC(156) Concurrent Clear Claimed Marks 0.295ms
[2025-01-18T15:05:42.704+0000][5002.687s][info ][gc,marking  ] GC(156) Concurrent Scan Root Regions
[2025-01-18T15:05:42.706+0000][5002.689s][info ][gc,marking  ] GC(156) Concurrent Scan Root Regions 2.305ms
[2025-01-18T15:05:42.707+0000][5002.690s][info ][gc,marking  ] GC(156) Concurrent Mark
[2025-01-18T15:05:42.707+0000][5002.690s][info ][gc,marking  ] GC(156) Concurrent Mark From Roots
[2025-01-18T15:05:42.707+0000][5002.690s][info ][gc,task     ] GC(156) Using 3 workers of 3 for marking
[2025-01-18T15:05:42.781+0000][5002.764s][info ][gc,marking  ] GC(156) Concurrent Mark From Roots 74.376ms
[2025-01-18T15:05:42.781+0000][5002.765s][info ][gc,marking  ] GC(156) Concurrent Preclean
[2025-01-18T15:05:42.782+0000][5002.765s][info ][gc,marking  ] GC(156) Concurrent Preclean 0.810ms
[2025-01-18T15:05:42.783+0000][5002.766s][debug][safepoint   ] Safepoint synchronization initiated using futex wait barrier. (195 threads)
[2025-01-18T15:05:42.783+0000][5002.766s][info ][gc,start    ] GC(156) Pause Remark
[2025-01-18T15:05:42.790+0000][5002.773s][info ][gc          ] GC(156) Pause Remark 142M->142M(401M) 6.737ms
[2025-01-18T15:05:42.790+0000][5002.773s][info ][gc,cpu      ] GC(156) User=0.05s Sys=0.00s Real=0.00s
[2025-01-18T15:05:42.790+0000][5002.773s][info ][safepoint   ] Safepoint "G1PauseRemark", Time since last: 79260868 ns, Reaching safepoint: 312704 ns, Cleanup: 33365 ns, At safepoint: 7320756 ns, Total: 7666825 ns
[2025-01-18T15:05:42.791+0000][5002.774s][info ][gc,marking  ] GC(156) Concurrent Mark 83.960ms
[2025-01-18T15:05:42.791+0000][5002.774s][info ][gc,marking  ] GC(156) Concurrent Rebuild Remembered Sets
[2025-01-18T15:05:42.842+0000][5002.825s][info ][gc,marking  ] GC(156) Concurrent Rebuild Remembered Sets 51.627ms
[2025-01-18T15:05:42.843+0000][5002.826s][debug][safepoint   ] Safepoint synchronization initiated using futex wait barrier. (195 threads)
[2025-01-18T15:05:42.843+0000][5002.826s][info ][gc,start    ] GC(156) Pause Cleanup
[2025-01-18T15:05:42.844+0000][5002.827s][info ][gc          ] GC(156) Pause Cleanup 142M->142M(401M) 0.499ms
[2025-01-18T15:05:42.844+0000][5002.827s][info ][gc,cpu      ] GC(156) User=0.00s Sys=0.00s Real=0.00s
[2025-01-18T15:05:42.844+0000][5002.827s][info ][safepoint   ] Safepoint "G1PauseCleanup", Time since last: 52527830 ns, Reaching safepoint: 273607 ns, Cleanup: 4278 ns, At safepoint: 1023669 ns, Total: 1301554 ns
[2025-01-18T15:05:42.844+0000][5002.827s][info ][gc,marking  ] GC(156) Concurrent Cleanup for Next Mark
[2025-01-18T15:05:42.845+0000][5002.828s][info ][gc,marking  ] GC(156) Concurrent Cleanup for Next Mark 0.632ms
[2025-01-18T15:05:42.845+0000][5002.828s][info ][gc          ] GC(156) Concurrent Mark Cycle 142.041ms
[2025-01-18T15:07:09.863+0000][5089.850s][debug][safepoint   ] Safepoint synchronization initiated using futex wait barrier. (195 threads)
[2025-01-18T15:07:09.864+0000][5089.851s][info ][safepoint   ] Safepoint "Cleanup", Time since last: 87023046961 ns, Reaching safepoint: 407734 ns, Cleanup: 18286 ns, At safepoint: 4889 ns, Total: 430909 ns
[2025-01-18T15:07:25.866+0000][5105.855s][debug][safepoint   ] Safepoint synchronization initiated using futex wait barrier. (195 threads)
[2025-01-18T15:07:25.867+0000][5105.855s][info ][safepoint   ] Safepoint "Cleanup", Time since last: 16003980803 ns, Reaching safepoint: 726752 ns, Cleanup: 11903 ns, At safepoint: 4599 ns, Total: 743254 ns
[2025-01-18T15:08:26.881+0000][5166.873s][debug][safepoint   ] Safepoint synchronization initiated using futex wait barrier. (195 threads)
[2025-01-18T15:08:26.882+0000][5166.873s][info ][safepoint   ] Safepoint "Cleanup", Time since last: 61017384731 ns, Reaching safepoint: 691248 ns, Cleanup: 17365 ns, At safepoint: 4529 ns, Total: 713142 ns
[2025-01-18T15:08:46.886+0000][5186.879s][debug][safepoint   ] Safepoint synchronization initiated using futex wait barrier. (195 threads)
[2025-01-18T15:08:46.887+0000][5186.880s][info ][safepoint   ] Safepoint "Cleanup", Time since last: 20005664080 ns, Reaching safepoint: 571904 ns, Cleanup: 11743 ns, At safepoint: 4950 ns, Total: 588597 ns
[2025-01-18T15:08:47.887+0000][5187.880s][debug][safepoint   ] Safepoint synchronization initiated using futex wait barrier. (195 threads)
[2025-01-18T15:08:47.888+0000][5187.881s][info ][safepoint   ] Safepoint "Cleanup", Time since last: 1000460838 ns, Reaching safepoint: 614508 ns, Cleanup: 26532 ns, At safepoint: 11473 ns, Total: 652513 ns
[2025-01-18T15:08:48.315+0000][5188.308s][debug][safepoint   ] Safepoint synchronization initiated using futex wait barrier. (195 threads)
[2025-01-18T15:08:48.315+0000][5188.309s][info ][gc,start    ] GC(157) Pause Young (Prepare Mixed) (G1 Evacuation Pause)
[2025-01-18T15:08:48.316+0000][5188.309s][info ][gc,task     ] GC(157) Using 10 workers of 10 for evacuation
[2025-01-18T15:08:48.320+0000][5188.313s][info ][gc,phases   ] GC(157)   Pre Evacuate Collection Set: 0.5ms
[2025-01-18T15:08:48.320+0000][5188.313s][info ][gc,phases   ] GC(157)   Merge Heap Roots: 0.2ms
[2025-01-18T15:08:48.320+0000][5188.314s][info ][gc,phases   ] GC(157)   Evacuate Collection Set: 1.3ms
[2025-01-18T15:08:48.321+0000][5188.314s][info ][gc,phases   ] GC(157)   Post Evacuate Collection Set: 1.2ms
[2025-01-18T15:08:48.321+0000][5188.314s][info ][gc,phases   ] GC(157)   Other: 1.1ms
[2025-01-18T15:08:48.321+0000][5188.314s][info ][gc,heap     ] GC(157) Eden regions: 218->0(19)
[2025-01-18T15:08:48.321+0000][5188.314s][info ][gc,heap     ] GC(157) Survivor regions: 1->1(28)
[2025-01-18T15:08:48.322+0000][5188.315s][info ][gc,heap     ] GC(157) Old regions: 138->138
[2025-01-18T15:08:48.322+0000][5188.315s][info ][gc,heap     ] GC(157) Archive regions: 2->2
[2025-01-18T15:08:48.322+0000][5188.315s][info ][gc,heap     ] GC(157) Humongous regions: 0->0
[2025-01-18T15:08:48.322+0000][5188.315s][info ][gc,metaspace] GC(157) Metaspace: 183188K(185344K)->183188K(185344K) NonClass: 160875K(162176K)->160875K(162176K) Class: 22312K(23168K)->22312K(23168K)
[2025-01-18T15:08:48.322+0000][5188.315s][info ][gc          ] GC(157) Pause Young (Prepare Mixed) (G1 Evacuation Pause) 356M->138M(401M) 6.928ms
[2025-01-18T15:08:48.323+0000][5188.316s][info ][gc,cpu      ] GC(157) User=0.01s Sys=0.00s Real=0.01s
[2025-01-18T15:08:48.323+0000][5188.316s][info ][safepoint   ] Safepoint "G1CollectForAllocation", Time since last: 427132524 ns, Reaching safepoint: 526896 ns, Cleanup: 7715 ns, At safepoint: 7728239 ns, Total: 8262850 ns
[2025-01-18T15:09:03.245+0000][5203.238s][debug][safepoint   ] Safepoint synchronization initiated using futex wait barrier. (195 threads)
[2025-01-18T15:09:03.246+0000][5203.239s][info ][gc,start    ] GC(158) Pause Young (Mixed) (G1 Evacuation Pause)
[2025-01-18T15:09:03.246+0000][5203.239s][info ][gc,task     ] GC(158) Using 10 workers of 10 for evacuation
[2025-01-18T15:09:03.254+0000][5203.247s][info ][gc,phases   ] GC(158)   Pre Evacuate Collection Set: 0.3ms
[2025-01-18T15:09:03.254+0000][5203.248s][info ][gc,phases   ] GC(158)   Merge Heap Roots: 0.4ms
[2025-01-18T15:09:03.255+0000][5203.248s][info ][gc,phases   ] GC(158)   Evacuate Collection Set: 5.5ms
[2025-01-18T15:09:03.255+0000][5203.248s][info ][gc,phases   ] GC(158)   Post Evacuate Collection Set: 1.1ms
[2025-01-18T15:09:03.255+0000][5203.248s][info ][gc,phases   ] GC(158)   Other: 0.7ms
[2025-01-18T15:09:03.255+0000][5203.248s][info ][gc,heap     ] GC(158) Eden regions: 19->0(219)
[2025-01-18T15:09:03.256+0000][5203.249s][info ][gc,heap     ] GC(158) Survivor regions: 1->1(3)
[2025-01-18T15:09:03.256+0000][5203.249s][info ][gc,heap     ] GC(158) Old regions: 138->137
[2025-01-18T15:09:03.256+0000][5203.249s][info ][gc,heap     ] GC(158) Archive regions: 2->2
[2025-01-18T15:09:03.256+0000][5203.249s][info ][gc,heap     ] GC(158) Humongous regions: 0->0
[2025-01-18T15:09:03.256+0000][5203.249s][info ][gc,metaspace] GC(158) Metaspace: 183198K(185344K)->183198K(185344K) NonClass: 160885K(162176K)->160885K(162176K) Class: 22312K(23168K)->22312K(23168K)
[2025-01-18T15:09:03.257+0000][5203.250s][info ][gc          ] GC(158) Pause Young (Mixed) (G1 Evacuation Pause) 157M->137M(401M) 10.431ms
[2025-01-18T15:09:03.257+0000][5203.250s][info ][gc,cpu      ] GC(158) User=0.05s Sys=0.00s Real=0.01s
[2025-01-18T15:09:03.257+0000][5203.250s][info ][safepoint   ] Safepoint "G1CollectForAllocation", Time since last: 14922084751 ns, Reaching safepoint: 694025 ns, Cleanup: 62072 ns, At safepoint: 11041754 ns, Total: 11797851 ns
[2025-01-18T15:09:10.259+0000][5210.252s][debug][safepoint   ] Safepoint synchronization initiated using futex wait barrier. (195 threads)
[2025-01-18T15:09:10.260+0000][5210.253s][info ][safepoint   ] Safepoint "Cleanup", Time since last: 7001927181 ns, Reaching safepoint: 585022 ns, Cleanup: 23547 ns, At safepoint: 12604 ns, Total: 621173 ns
[2025-01-18T15:09:27.295+0000][5227.289s][debug][safepoint   ] Safepoint synchronization initiated using futex wait barrier. (195 threads)
[2025-01-18T15:09:27.296+0000][5227.290s][info ][safepoint   ] Safepoint "Cleanup", Time since last: 17036464164 ns, Reaching safepoint: 759612 ns, Cleanup: 23296 ns, At safepoint: 12575 ns, Total: 795483 ns
[2025-01-18T15:09:50.301+0000][5250.297s][debug][safepoint   ] Safepoint synchronization initiated using futex wait barrier. (195 threads)
[2025-01-18T15:09:50.301+0000][5250.297s][info ][safepoint   ] Safepoint "Cleanup", Time since last: 23006933068 ns, Reaching safepoint: 377484 ns, Cleanup: 21092 ns, At safepoint: 12524 ns, Total: 411100 ns
[2025-01-18T15:10:47.305+0000][5307.310s][debug][safepoint   ] Safepoint synchronization initiated using futex wait barrier. (197 threads)
[2025-01-18T15:10:47.306+0000][5307.310s][info ][safepoint   ] Safepoint "Cleanup", Time since last: 57012305546 ns, Reaching safepoint: 725204 ns, Cleanup: 11153 ns, At safepoint: 4439 ns, Total: 740796 ns
[2025-01-18T15:11:29.313+0000][5349.318s][debug][safepoint   ] Safepoint synchronization initiated using futex wait barrier. (195 threads)
[2025-01-18T15:11:29.313+0000][5349.319s][info ][safepoint   ] Safepoint "Cleanup", Time since last: 42007791600 ns, Reaching safepoint: 490936 ns, Cleanup: 11934 ns, At safepoint: 4549 ns, Total: 507419 ns
[2025-01-18T15:11:50.316+0000][5370.322s][debug][safepoint   ] Safepoint synchronization initiated using futex wait barrier. (197 threads)
[2025-01-18T15:11:50.317+0000][5370.323s][info ][safepoint   ] Safepoint "Cleanup", Time since last: 21003750697 ns, Reaching safepoint: 645043 ns, Cleanup: 20932 ns, At safepoint: 11293 ns, Total: 677268 ns
[2025-01-18T15:12:07.421+0000][5387.427s][debug][safepoint   ] Safepoint synchronization initiated using futex wait barrier. (195 threads)
[2025-01-18T15:12:07.422+0000][5387.428s][info ][gc,start    ] GC(159) Pause Young (Concurrent Start) (G1 Evacuation Pause)
[2025-01-18T15:12:07.422+0000][5387.428s][info ][gc,task     ] GC(159) Using 10 workers of 10 for evacuation
[2025-01-18T15:12:07.426+0000][5387.432s][info ][gc,phases   ] GC(159)   Pre Evacuate Collection Set: 0.3ms
[2025-01-18T15:12:07.426+0000][5387.432s][info ][gc,phases   ] GC(159)   Merge Heap Roots: 0.2ms
[2025-01-18T15:12:07.426+0000][5387.432s][info ][gc,phases   ] GC(159)   Evacuate Collection Set: 1.5ms
[2025-01-18T15:12:07.426+0000][5387.432s][info ][gc,phases   ] GC(159)   Post Evacuate Collection Set: 1.1ms
[2025-01-18T15:12:07.427+0000][5387.432s][info ][gc,phases   ] GC(159)   Other: 0.6ms
[2025-01-18T15:12:07.427+0000][5387.433s][info ][gc,heap     ] GC(159) Eden regions: 219->0(218)
[2025-01-18T15:12:07.427+0000][5387.433s][info ][gc,heap     ] GC(159) Survivor regions: 1->1(28)
[2025-01-18T15:12:07.427+0000][5387.433s][info ][gc,heap     ] GC(159) Old regions: 137->137
[2025-01-18T15:12:07.427+0000][5387.433s][info ][gc,heap     ] GC(159) Archive regions: 2->2
[2025-01-18T15:12:07.427+0000][5387.433s][info ][gc,heap     ] GC(159) Humongous regions: 0->0
[2025-01-18T15:12:07.428+0000][5387.434s][info ][gc,metaspace] GC(159) Metaspace: 183218K(185408K)->183218K(185408K) NonClass: 160905K(162240K)->160905K(162240K) Class: 22312K(23168K)->22312K(23168K)
[2025-01-18T15:12:07.428+0000][5387.434s][info ][gc          ] GC(159) Pause Young (Concurrent Start) (G1 Evacuation Pause) 356M->138M(401M) 6.040ms
[2025-01-18T15:12:07.428+0000][5387.434s][info ][gc,cpu      ] GC(159) User=0.01s Sys=0.00s Real=0.00s
[2025-01-18T15:12:07.428+0000][5387.434s][info ][gc          ] GC(160) Concurrent Mark Cycle
[2025-01-18T15:12:07.428+0000][5387.434s][info ][safepoint   ] Safepoint "G1CollectForAllocation", Time since last: 17104129859 ns, Reaching safepoint: 518152 ns, Cleanup: 4618 ns, At safepoint: 6479344 ns, Total: 7002114 ns
[2025-01-18T15:12:07.428+0000][5387.434s][info ][gc,marking  ] GC(160) Concurrent Clear Claimed Marks
[2025-01-18T15:12:07.429+0000][5387.435s][info ][gc,marking  ] GC(160) Concurrent Clear Claimed Marks 0.565ms
[2025-01-18T15:12:07.429+0000][5387.435s][info ][gc,marking  ] GC(160) Concurrent Scan Root Regions
[2025-01-18T15:12:07.431+0000][5387.437s][info ][gc,marking  ] GC(160) Concurrent Scan Root Regions 2.201ms
[2025-01-18T15:12:07.432+0000][5387.438s][info ][gc,marking  ] GC(160) Concurrent Mark
[2025-01-18T15:12:07.432+0000][5387.438s][info ][gc,marking  ] GC(160) Concurrent Mark From Roots
[2025-01-18T15:12:07.432+0000][5387.438s][info ][gc,task     ] GC(160) Using 3 workers of 3 for marking
[2025-01-18T15:12:07.509+0000][5387.514s][info ][gc,marking  ] GC(160) Concurrent Mark From Roots 76.699ms
[2025-01-18T15:12:07.509+0000][5387.515s][info ][gc,marking  ] GC(160) Concurrent Preclean
[2025-01-18T15:12:07.510+0000][5387.516s][info ][gc,marking  ] GC(160) Concurrent Preclean 0.831ms
[2025-01-18T15:12:07.511+0000][5387.516s][debug][safepoint   ] Safepoint synchronization initiated using futex wait barrier. (195 threads)
[2025-01-18T15:12:07.511+0000][5387.517s][info ][gc,start    ] GC(160) Pause Remark
[2025-01-18T15:12:07.517+0000][5387.523s][info ][gc          ] GC(160) Pause Remark 142M->142M(401M) 6.455ms
[2025-01-18T15:12:07.518+0000][5387.523s][info ][gc,cpu      ] GC(160) User=0.04s Sys=0.01s Real=0.00s
[2025-01-18T15:12:07.518+0000][5387.524s][info ][safepoint   ] Safepoint "G1PauseRemark", Time since last: 82251415 ns, Reaching safepoint: 245437 ns, Cleanup: 4078 ns, At safepoint: 7057349 ns, Total: 7306864 ns
[2025-01-18T15:12:07.518+0000][5387.524s][info ][gc,marking  ] GC(160) Concurrent Mark 86.436ms
[2025-01-18T15:12:07.518+0000][5387.524s][info ][gc,marking  ] GC(160) Concurrent Rebuild Remembered Sets
[2025-01-18T15:12:07.570+0000][5387.576s][info ][gc,marking  ] GC(160) Concurrent Rebuild Remembered Sets 51.788ms
[2025-01-18T15:12:07.571+0000][5387.576s][debug][safepoint   ] Safepoint synchronization initiated using futex wait barrier. (195 threads)
[2025-01-18T15:12:07.571+0000][5387.577s][info ][gc,start    ] GC(160) Pause Cleanup
[2025-01-18T15:12:07.571+0000][5387.577s][info ][gc          ] GC(160) Pause Cleanup 142M->142M(401M) 0.497ms
[2025-01-18T15:12:07.572+0000][5387.578s][info ][gc,cpu      ] GC(160) User=0.01s Sys=0.00s Real=0.00s
[2025-01-18T15:12:07.572+0000][5387.578s][info ][safepoint   ] Safepoint "G1PauseCleanup", Time since last: 52751814 ns, Reaching safepoint: 273544 ns, Cleanup: 27652 ns, At safepoint: 1007748 ns, Total: 1308944 ns
[2025-01-18T15:12:07.572+0000][5387.578s][info ][gc,marking  ] GC(160) Concurrent Cleanup for Next Mark
[2025-01-18T15:12:07.573+0000][5387.579s][info ][gc,marking  ] GC(160) Concurrent Cleanup for Next Mark 0.769ms
[2025-01-18T15:12:07.573+0000][5387.579s][info ][gc          ] GC(160) Concurrent Mark Cycle 145.094ms
[2025-01-18T15:12:30.577+0000][5410.584s][debug][safepoint   ] Safepoint synchronization initiated using futex wait barrier. (195 threads)
[2025-01-18T15:12:30.578+0000][5410.584s][info ][safepoint   ] Safepoint "Cleanup", Time since last: 23006026976 ns, Reaching safepoint: 642812 ns, Cleanup: 11131 ns, At safepoint: 4549 ns, Total: 658492 ns
[2025-01-18T15:12:38.580+0000][5418.587s][debug][safepoint   ] Safepoint synchronization initiated using futex wait barrier. (195 threads)
[2025-01-18T15:12:38.581+0000][5418.588s][info ][safepoint   ] Safepoint "Cleanup", Time since last: 8002607015 ns, Reaching safepoint: 892495 ns, Cleanup: 24407 ns, At safepoint: 14618 ns, Total: 931520 ns
[2025-01-18T15:13:09.589+0000][5449.597s][debug][safepoint   ] Safepoint synchronization initiated using futex wait barrier. (195 threads)
[2025-01-18T15:13:09.589+0000][5449.597s][info ][safepoint   ] Safepoint "Cleanup", Time since last: 31008513127 ns, Reaching safepoint: 431301 ns, Cleanup: 11322 ns, At safepoint: 4909 ns, Total: 447532 ns
[2025-01-18T15:13:49.529+0000][5489.540s][debug][safepoint   ] Safepoint synchronization initiated using futex wait barrier. (195 threads)
[2025-01-18T15:13:49.529+0000][5489.540s][info ][safepoint   ] Safepoint "Cleanup", Time since last: 39942578685 ns, Reaching safepoint: 536367 ns, Cleanup: 14498 ns, At safepoint: 10771 ns, Total: 561636 ns
[2025-01-18T15:14:09.536+0000][5509.546s][debug][safepoint   ] Safepoint synchronization initiated using futex wait barrier. (195 threads)
[2025-01-18T15:14:09.536+0000][5509.547s][info ][safepoint   ] Safepoint "Cleanup", Time since last: 20006146050 ns, Reaching safepoint: 416352 ns, Cleanup: 10431 ns, At safepoint: 4418 ns, Total: 431201 ns
[2025-01-18T15:15:12.611+0000][5572.625s][debug][safepoint   ] Safepoint synchronization initiated using futex wait barrier. (195 threads)
[2025-01-18T15:15:12.611+0000][5572.626s][info ][gc,start    ] GC(161) Pause Young (Prepare Mixed) (G1 Evacuation Pause)
[2025-01-18T15:15:12.611+0000][5572.626s][info ][gc,task     ] GC(161) Using 10 workers of 10 for evacuation
[2025-01-18T15:15:12.615+0000][5572.629s][info ][gc,phases   ] GC(161)   Pre Evacuate Collection Set: 0.2ms
[2025-01-18T15:15:12.615+0000][5572.629s][info ][gc,phases   ] GC(161)   Merge Heap Roots: 0.2ms
[2025-01-18T15:15:12.615+0000][5572.630s][info ][gc,phases   ] GC(161)   Evacuate Collection Set: 1.3ms
[2025-01-18T15:15:12.615+0000][5572.630s][info ][gc,phases   ] GC(161)   Post Evacuate Collection Set: 1.1ms
[2025-01-18T15:15:12.615+0000][5572.630s][info ][gc,phases   ] GC(161)   Other: 0.6ms
[2025-01-18T15:15:12.616+0000][5572.630s][info ][gc,heap     ] GC(161) Eden regions: 218->0(19)
[2025-01-18T15:15:12.616+0000][5572.630s][info ][gc,heap     ] GC(161) Survivor regions: 1->1(28)
[2025-01-18T15:15:12.616+0000][5572.631s][info ][gc,heap     ] GC(161) Old regions: 137->137
[2025-01-18T15:15:12.616+0000][5572.631s][info ][gc,heap     ] GC(161) Archive regions: 2->2
[2025-01-18T15:15:12.616+0000][5572.631s][info ][gc,heap     ] GC(161) Humongous regions: 0->0
[2025-01-18T15:15:12.617+0000][5572.631s][info ][gc,metaspace] GC(161) Metaspace: 183219K(185408K)->183219K(185408K) NonClass: 160906K(162240K)->160906K(162240K) Class: 22313K(23168K)->22313K(23168K)
[2025-01-18T15:15:12.617+0000][5572.631s][info ][gc          ] GC(161) Pause Young (Prepare Mixed) (G1 Evacuation Pause) 356M->138M(401M) 5.648ms
[2025-01-18T15:15:12.617+0000][5572.631s][info ][gc,cpu      ] GC(161) User=0.01s Sys=0.00s Real=0.00s
[2025-01-18T15:15:12.617+0000][5572.632s][info ][safepoint   ] Safepoint "G1CollectForAllocation", Time since last: 63078463369 ns, Reaching safepoint: 461261 ns, Cleanup: 4448 ns, At safepoint: 6082006 ns, Total: 6547715 ns
[2025-01-18T15:15:27.570+0000][5587.584s][debug][safepoint   ] Safepoint synchronization initiated using futex wait barrier. (195 threads)
[2025-01-18T15:15:27.570+0000][5587.585s][info ][gc,start    ] GC(162) Pause Young (Mixed) (G1 Evacuation Pause)
[2025-01-18T15:15:27.570+0000][5587.585s][info ][gc,task     ] GC(162) Using 10 workers of 10 for evacuation
[2025-01-18T15:15:27.578+0000][5587.592s][info ][gc,phases   ] GC(162)   Pre Evacuate Collection Set: 0.6ms
[2025-01-18T15:15:27.578+0000][5587.592s][info ][gc,phases   ] GC(162)   Merge Heap Roots: 0.3ms
[2025-01-18T15:15:27.578+0000][5587.593s][info ][gc,phases   ] GC(162)   Evacuate Collection Set: 4.7ms
[2025-01-18T15:15:27.578+0000][5587.593s][info ][gc,phases   ] GC(162)   Post Evacuate Collection Set: 1.2ms
[2025-01-18T15:15:27.578+0000][5587.593s][info ][gc,phases   ] GC(162)   Other: 0.7ms
[2025-01-18T15:15:27.579+0000][5587.593s][info ][gc,heap     ] GC(162) Eden regions: 19->0(220)
[2025-01-18T15:15:27.579+0000][5587.594s][info ][gc,heap     ] GC(162) Survivor regions: 1->1(3)
[2025-01-18T15:15:27.579+0000][5587.594s][info ][gc,heap     ] GC(162) Old regions: 137->136
[2025-01-18T15:15:27.579+0000][5587.594s][info ][gc,heap     ] GC(162) Archive regions: 2->2
[2025-01-18T15:15:27.579+0000][5587.594s][info ][gc,heap     ] GC(162) Humongous regions: 0->0
[2025-01-18T15:15:27.580+0000][5587.594s][info ][gc,metaspace] GC(162) Metaspace: 183219K(185408K)->183219K(185408K) NonClass: 160906K(162240K)->160906K(162240K) Class: 22313K(23168K)->22313K(23168K)
[2025-01-18T15:15:27.580+0000][5587.594s][info ][gc          ] GC(162) Pause Young (Mixed) (G1 Evacuation Pause) 157M->137M(401M) 9.816ms
[2025-01-18T15:15:27.580+0000][5587.595s][info ][gc,cpu      ] GC(162) User=0.03s Sys=0.02s Real=0.01s
[2025-01-18T15:15:27.581+0000][5587.595s][info ][safepoint   ] Safepoint "G1CollectForAllocation", Time since last: 14952489529 ns, Reaching safepoint: 318297 ns, Cleanup: 24499 ns, At safepoint: 10602515 ns, Total: 10945311 ns
[2025-01-18T15:15:33.583+0000][5593.597s][debug][safepoint   ] Safepoint synchronization initiated using futex wait barrier. (195 threads)
[2025-01-18T15:15:33.584+0000][5593.598s][info ][safepoint   ] Safepoint "Cleanup", Time since last: 6002183121 ns, Reaching safepoint: 797880 ns, Cleanup: 132064 ns, At safepoint: 26991 ns, Total: 956935 ns
[2025-01-18T15:15:49.588+0000][5609.603s][debug][safepoint   ] Safepoint synchronization initiated using futex wait barrier. (195 threads)
[2025-01-18T15:15:49.589+0000][5609.604s][info ][safepoint   ] Safepoint "Cleanup", Time since last: 16004696764 ns, Reaching safepoint: 693961 ns, Cleanup: 19737 ns, At safepoint: 10861 ns, Total: 724559 ns
[2025-01-18T15:18:34.273+0000][5774.295s][debug][safepoint   ] Safepoint synchronization initiated using futex wait barrier. (195 threads)
[2025-01-18T15:18:34.273+0000][5774.295s][info ][gc,start    ] GC(163) Pause Young (Concurrent Start) (G1 Evacuation Pause)
[2025-01-18T15:18:34.274+0000][5774.295s][info ][gc,task     ] GC(163) Using 10 workers of 10 for evacuation
[2025-01-18T15:18:34.281+0000][5774.303s][info ][gc,phases   ] GC(163)   Pre Evacuate Collection Set: 0.6ms
[2025-01-18T15:18:34.282+0000][5774.304s][info ][gc,phases   ] GC(163)   Merge Heap Roots: 0.4ms
[2025-01-18T15:18:34.282+0000][5774.304s][info ][gc,phases   ] GC(163)   Evacuate Collection Set: 2.3ms
[2025-01-18T15:18:34.282+0000][5774.304s][info ][gc,phases   ] GC(163)   Post Evacuate Collection Set: 3.7ms
[2025-01-18T15:18:34.283+0000][5774.304s][info ][gc,phases   ] GC(163)   Other: 1.0ms
[2025-01-18T15:18:34.283+0000][5774.305s][info ][gc,heap     ] GC(163) Eden regions: 220->0(220)
[2025-01-18T15:18:34.283+0000][5774.305s][info ][gc,heap     ] GC(163) Survivor regions: 1->1(28)
[2025-01-18T15:18:34.283+0000][5774.305s][info ][gc,heap     ] GC(163) Old regions: 136->136
[2025-01-18T15:18:34.283+0000][5774.305s][info ][gc,heap     ] GC(163) Archive regions: 2->2
[2025-01-18T15:18:34.284+0000][5774.305s][info ][gc,heap     ] GC(163) Humongous regions: 0->0
[2025-01-18T15:18:34.284+0000][5774.306s][info ][gc,metaspace] GC(163) Metaspace: 183221K(185408K)->183221K(185408K) NonClass: 160907K(162240K)->160907K(162240K) Class: 22313K(23168K)->22313K(23168K)
[2025-01-18T15:18:34.284+0000][5774.306s][info ][gc          ] GC(163) Pause Young (Concurrent Start) (G1 Evacuation Pause) 357M->137M(401M) 10.683ms
[2025-01-18T15:18:34.284+0000][5774.306s][info ][gc,cpu      ] GC(163) User=0.01s Sys=0.01s Real=0.01s
[2025-01-18T15:18:34.285+0000][5774.306s][info ][gc          ] GC(164) Concurrent Mark Cycle
[2025-01-18T15:18:34.285+0000][5774.306s][info ][safepoint   ] Safepoint "G1CollectForAllocation", Time since last: 164690920560 ns, Reaching safepoint: 455756 ns, Cleanup: 15962 ns, At safepoint: 11373046 ns, Total: 11844764 ns
[2025-01-18T15:18:34.285+0000][5774.307s][info ][gc,marking  ] GC(164) Concurrent Clear Claimed Marks
[2025-01-18T15:18:34.286+0000][5774.307s][info ][gc,marking  ] GC(164) Concurrent Clear Claimed Marks 0.746ms
[2025-01-18T15:18:34.286+0000][5774.308s][info ][gc,marking  ] GC(164) Concurrent Scan Root Regions
[2025-01-18T15:18:34.292+0000][5774.314s][info ][gc,marking  ] GC(164) Concurrent Scan Root Regions 6.010ms
[2025-01-18T15:18:34.293+0000][5774.314s][info ][gc,marking  ] GC(164) Concurrent Mark
[2025-01-18T15:18:34.293+0000][5774.315s][info ][gc,marking  ] GC(164) Concurrent Mark From Roots
[2025-01-18T15:18:34.293+0000][5774.315s][info ][gc,task     ] GC(164) Using 3 workers of 3 for marking
[2025-01-18T15:18:34.394+0000][5774.415s][info ][gc,marking  ] GC(164) Concurrent Mark From Roots 100.666ms
[2025-01-18T15:18:34.394+0000][5774.416s][info ][gc,marking  ] GC(164) Concurrent Preclean
[2025-01-18T15:18:34.396+0000][5774.417s][info ][gc,marking  ] GC(164) Concurrent Preclean 1.410ms
[2025-01-18T15:18:34.396+0000][5774.418s][debug][safepoint   ] Safepoint synchronization initiated using futex wait barrier. (195 threads)
[2025-01-18T15:18:34.396+0000][5774.418s][info ][gc,start    ] GC(164) Pause Remark
[2025-01-18T15:18:34.403+0000][5774.425s][info ][gc          ] GC(164) Pause Remark 141M->141M(401M) 6.647ms
[2025-01-18T15:18:34.403+0000][5774.425s][info ][gc,cpu      ] GC(164) User=0.04s Sys=0.00s Real=0.01s
[2025-01-18T15:18:34.404+0000][5774.425s][info ][safepoint   ] Safepoint "G1PauseRemark", Time since last: 111378223 ns, Reaching safepoint: 239668 ns, Cleanup: 53866 ns, At safepoint: 7311011 ns, Total: 7604545 ns
[2025-01-18T15:18:34.404+0000][5774.426s][info ][gc,marking  ] GC(164) Concurrent Mark 111.372ms
[2025-01-18T15:18:34.404+0000][5774.426s][info ][gc,marking  ] GC(164) Concurrent Rebuild Remembered Sets
[2025-01-18T15:18:34.467+0000][5774.488s][info ][gc,marking  ] GC(164) Concurrent Rebuild Remembered Sets 62.496ms
[2025-01-18T15:18:34.468+0000][5774.489s][debug][safepoint   ] Safepoint synchronization initiated using futex wait barrier. (195 threads)
[2025-01-18T15:18:34.468+0000][5774.490s][info ][gc,start    ] GC(164) Pause Cleanup
[2025-01-18T15:18:34.469+0000][5774.491s][info ][gc          ] GC(164) Pause Cleanup 141M->141M(401M) 0.964ms
[2025-01-18T15:18:34.470+0000][5774.492s][info ][gc,cpu      ] GC(164) User=0.00s Sys=0.00s Real=0.00s
[2025-01-18T15:18:34.471+0000][5774.493s][info ][safepoint   ] Safepoint "G1PauseCleanup", Time since last: 63969818 ns, Reaching safepoint: 647182 ns, Cleanup: 31362 ns, At safepoint: 3076381 ns, Total: 3754925 ns
[2025-01-18T15:18:34.473+0000][5774.494s][info ][gc,marking  ] GC(164) Concurrent Cleanup for Next Mark
[2025-01-18T15:18:34.475+0000][5774.497s][info ][gc,marking  ] GC(164) Concurrent Cleanup for Next Mark 2.381ms
[2025-01-18T15:18:34.476+0000][5774.498s][info ][gc          ] GC(164) Concurrent Mark Cycle 191.319ms
[2025-01-18T15:18:36.473+0000][5776.494s][debug][safepoint   ] Safepoint synchronization initiated using futex wait barrier. (195 threads)
[2025-01-18T15:18:36.473+0000][5776.495s][info ][safepoint   ] Safepoint "Cleanup", Time since last: 2001118172 ns, Reaching safepoint: 312885 ns, Cleanup: 14759 ns, At safepoint: 5681 ns, Total: 333325 ns
[2025-01-18T15:18:49.474+0000][5789.498s][debug][safepoint   ] Safepoint synchronization initiated using futex wait barrier. (195 threads)
[2025-01-18T15:18:49.475+0000][5789.499s][info ][safepoint   ] Safepoint "Cleanup", Time since last: 13003119048 ns, Reaching safepoint: 725038 ns, Cleanup: 66300 ns, At safepoint: 29408 ns, Total: 820746 ns
[2025-01-18T15:21:41.010+0000][5961.041s][debug][safepoint   ] Safepoint synchronization initiated using futex wait barrier. (195 threads)
[2025-01-18T15:21:41.011+0000][5961.042s][info ][gc,start    ] GC(165) Pause Young (Prepare Mixed) (G1 Evacuation Pause)
[2025-01-18T15:21:41.012+0000][5961.043s][info ][gc,task     ] GC(165) Using 10 workers of 10 for evacuation
[2025-01-18T15:21:41.016+0000][5961.047s][info ][gc,phases   ] GC(165)   Pre Evacuate Collection Set: 0.6ms
[2025-01-18T15:21:41.016+0000][5961.047s][info ][gc,phases   ] GC(165)   Merge Heap Roots: 0.3ms
[2025-01-18T15:21:41.016+0000][5961.047s][info ][gc,phases   ] GC(165)   Evacuate Collection Set: 1.4ms
[2025-01-18T15:21:41.017+0000][5961.047s][info ][gc,phases   ] GC(165)   Post Evacuate Collection Set: 1.2ms
[2025-01-18T15:21:41.017+0000][5961.048s][info ][gc,phases   ] GC(165)   Other: 1.0ms
[2025-01-18T15:21:41.017+0000][5961.048s][info ][gc,heap     ] GC(165) Eden regions: 220->0(19)
[2025-01-18T15:21:41.017+0000][5961.048s][info ][gc,heap     ] GC(165) Survivor regions: 1->1(28)
[2025-01-18T15:21:41.018+0000][5961.048s][info ][gc,heap     ] GC(165) Old regions: 136->136
[2025-01-18T15:21:41.018+0000][5961.049s][info ][gc,heap     ] GC(165) Archive regions: 2->2
[2025-01-18T15:21:41.018+0000][5961.049s][info ][gc,heap     ] GC(165) Humongous regions: 0->0
[2025-01-18T15:21:41.018+0000][5961.049s][info ][gc,metaspace] GC(165) Metaspace: 183234K(185408K)->183234K(185408K) NonClass: 160921K(162240K)->160921K(162240K) Class: 22313K(23168K)->22313K(23168K)
[2025-01-18T15:21:41.018+0000][5961.049s][info ][gc          ] GC(165) Pause Young (Prepare Mixed) (G1 Evacuation Pause) 357M->136M(401M) 6.994ms
[2025-01-18T15:21:41.019+0000][5961.049s][info ][gc,cpu      ] GC(165) User=0.02s Sys=0.00s Real=0.01s
[2025-01-18T15:21:41.019+0000][5961.050s][info ][safepoint   ] Safepoint "G1CollectForAllocation", Time since last: 171542105420 ns, Reaching safepoint: 1428819 ns, Cleanup: 9879 ns, At safepoint: 7631599 ns, Total: 9070297 ns
[2025-01-18T15:21:55.963+0000][5975.995s][debug][safepoint   ] Safepoint synchronization initiated using futex wait barrier. (195 threads)
[2025-01-18T15:21:55.963+0000][5975.995s][info ][gc,start    ] GC(166) Pause Young (Mixed) (G1 Evacuation Pause)
[2025-01-18T15:21:55.963+0000][5975.995s][info ][gc,task     ] GC(166) Using 10 workers of 10 for evacuation
[2025-01-18T15:21:55.969+0000][5976.002s][info ][gc,phases   ] GC(166)   Pre Evacuate Collection Set: 0.3ms
[2025-01-18T15:21:55.970+0000][5976.002s][info ][gc,phases   ] GC(166)   Merge Heap Roots: 0.2ms
[2025-01-18T15:21:55.970+0000][5976.002s][info ][gc,phases   ] GC(166)   Evacuate Collection Set: 3.9ms
[2025-01-18T15:21:55.970+0000][5976.002s][info ][gc,phases   ] GC(166)   Post Evacuate Collection Set: 1.6ms
[2025-01-18T15:21:55.970+0000][5976.003s][info ][gc,phases   ] GC(166)   Other: 0.5ms
[2025-01-18T15:21:55.971+0000][5976.003s][info ][gc,heap     ] GC(166) Eden regions: 19->0(221)
[2025-01-18T15:21:55.971+0000][5976.003s][info ][gc,heap     ] GC(166) Survivor regions: 1->1(3)
[2025-01-18T15:21:55.971+0000][5976.004s][info ][gc,heap     ] GC(166) Old regions: 136->135
[2025-01-18T15:21:55.971+0000][5976.004s][info ][gc,heap     ] GC(166) Archive regions: 2->2
[2025-01-18T15:21:55.972+0000][5976.004s][info ][gc,heap     ] GC(166) Humongous regions: 0->0
[2025-01-18T15:21:55.972+0000][5976.004s][info ][gc,metaspace] GC(166) Metaspace: 183236K(185408K)->183236K(185408K) NonClass: 160922K(162240K)->160922K(162240K) Class: 22313K(23168K)->22313K(23168K)
[2025-01-18T15:21:55.973+0000][5976.005s][info ][gc          ] GC(166) Pause Young (Mixed) (G1 Evacuation Pause) 155M->136M(401M) 9.482ms
[2025-01-18T15:21:55.973+0000][5976.005s][info ][gc,cpu      ] GC(166) User=0.03s Sys=0.01s Real=0.01s
[2025-01-18T15:21:55.973+0000][5976.006s][info ][safepoint   ] Safepoint "G1CollectForAllocation", Time since last: 14945206129 ns, Reaching safepoint: 299867 ns, Cleanup: 24338 ns, At safepoint: 10235793 ns, Total: 10559998 ns
[2025-01-18T15:22:09.976+0000][5990.009s][debug][safepoint   ] Safepoint synchronization initiated using futex wait barrier. (195 threads)
[2025-01-18T15:22:09.977+0000][5990.010s][info ][safepoint   ] Safepoint "Cleanup", Time since last: 14003206090 ns, Reaching safepoint: 818256 ns, Cleanup: 16522 ns, At safepoint: 4389 ns, Total: 839167 ns
