[2025-01-18T12:06:28.909+0000][0.030s][info][gc] Using G1
[2025-01-18T12:06:28.916+0000][0.037s][info][gc,init] Version: 17.0.13+11-Debian-2deb12u1 (release)
[2025-01-18T12:06:28.920+0000][0.041s][info][gc,init] CPUs: 12 total, 12 available
[2025-01-18T12:06:28.921+0000][0.042s][info][gc,init] Memory: 7627M
[2025-01-18T12:06:28.921+0000][0.042s][info][gc,init] Large Page Support: Disabled
[2025-01-18T12:06:28.921+0000][0.042s][info][gc,init] NUMA Support: Disabled
[2025-01-18T12:06:28.922+0000][0.043s][info][gc,init] Compressed Oops: Enabled (32-bit)
[2025-01-18T12:06:28.923+0000][0.043s][info][gc,init] Heap Region Size: 1M
[2025-01-18T12:06:28.923+0000][0.044s][info][gc,init] Heap Min Capacity: 8M
[2025-01-18T12:06:28.927+0000][0.048s][info][gc,init] Heap Initial Capacity: 120M
[2025-01-18T12:06:28.928+0000][0.049s][info][gc,init] Heap Max Capacity: 1908M
[2025-01-18T12:06:28.929+0000][0.050s][info][gc,init] Pre-touch: Disabled
[2025-01-18T12:06:28.930+0000][0.051s][info][gc,init] Parallel Workers: 10
[2025-01-18T12:06:28.931+0000][0.052s][info][gc,init] Concurrent Workers: 3
[2025-01-18T12:06:28.932+0000][0.053s][info][gc,init] Concurrent Refinement Workers: 10
[2025-01-18T12:06:28.932+0000][0.053s][info][gc,init] Periodic GC: Disabled
[2025-01-18T12:06:28.943+0000][0.064s][info][gc,metaspace] CDS archive(s) mapped at: [0x00007f77eb000000-0x00007f77ebbc9000-0x00007f77ebbc9000), size 12357632, SharedBaseAddress: 0x00007f77eb000000, ArchiveRelocationMode: 1.
[2025-01-18T12:06:28.943+0000][0.064s][info][gc,metaspace] Compressed class space mapped at: 0x00007f77ec000000-0x00007f782c000000, reserved size: 1073741824
[2025-01-18T12:06:28.944+0000][0.065s][info][gc,metaspace] Narrow klass base: 0x00007f77eb000000, Narrow klass shift: 0, Narrow klass range: 0x100000000
[2025-01-18T12:06:28.952+0000][0.073s][info][cds,heap    ] initialize_from_archived_subgraph java.lang.Module$ArchivedData 0x00007f77eb183388 (early)
[2025-01-18T12:06:28.954+0000][0.074s][info][cds,heap    ] initialize_from_archived_subgraph java.util.ImmutableCollections 0x00007f77eb070cd8 (early)
[2025-01-18T12:06:28.956+0000][0.077s][info][cds,heap    ] initialize_from_archived_subgraph java.lang.Integer$IntegerCache 0x00007f77eb036060 (early)
[2025-01-18T12:06:28.960+0000][0.081s][info][cds,heap    ] initialize_from_archived_subgraph java.lang.module.Configuration 0x00007f77eb171308 (early)
[2025-01-18T12:06:28.960+0000][0.081s][info][cds,heap    ] initialize_from_archived_subgraph java.lang.ModuleLayer 0x00007f77eb145c58 (early)
[2025-01-18T12:06:28.961+0000][0.082s][info][cds,heap    ] initialize_from_archived_subgraph jdk.internal.loader.ArchivedClassLoaders 0x00007f77eb1a79f0 (early)
[2025-01-18T12:06:28.961+0000][0.082s][info][cds,heap    ] initialize_from_archived_subgraph jdk.internal.module.ArchivedBootLayer 0x00007f77eb177f48 (early)
[2025-01-18T12:06:28.964+0000][0.084s][info][cds,heap    ] initialize_from_archived_subgraph sun.util.locale.BaseLocale 0x00007f77eb26bb10
[2025-01-18T12:06:28.974+0000][0.095s][info][cds,heap    ] initialize_from_archived_subgraph java.util.jar.Attributes$Name 0x00007f77eb199468
[2025-01-18T12:06:29.015+0000][0.136s][info][cds,heap    ] initialize_from_archived_subgraph java.lang.Long$LongCache 0x00007f77eb01f998
[2025-01-18T12:06:29.103+0000][0.223s][info][cds,heap    ] initialize_from_archived_subgraph java.lang.Character$CharacterCache 0x00007f77eb0393e8
[2025-01-18T12:06:29.713+0000][0.834s][debug][safepoint   ] Safepoint synchronization initiated using futex wait barrier. (14 threads)
[2025-01-18T12:06:29.714+0000][0.835s][info ][safepoint   ] Safepoint "ICBufferFull", Time since last: 761174581 ns, Reaching safepoint: 504683 ns, Cleanup: 171257 ns, At safepoint: 5691 ns, Total: 681631 ns
[2025-01-18T12:06:29.736+0000][0.857s][debug][safepoint   ] Safepoint synchronization initiated using futex wait barrier. (14 threads)
[2025-01-18T12:06:29.736+0000][0.857s][info ][gc,start    ] GC(0) Pause Young (Normal) (G1 Evacuation Pause)
[2025-01-18T12:06:29.737+0000][0.858s][info ][gc,task     ] GC(0) Using 2 workers of 10 for evacuation
[2025-01-18T12:06:29.750+0000][0.871s][info ][gc,phases   ] GC(0)   Pre Evacuate Collection Set: 0.1ms
[2025-01-18T12:06:29.750+0000][0.871s][info ][gc,phases   ] GC(0)   Merge Heap Roots: 0.1ms
[2025-01-18T12:06:29.750+0000][0.871s][info ][gc,phases   ] GC(0)   Evacuate Collection Set: 9.8ms
[2025-01-18T12:06:29.750+0000][0.871s][info ][gc,phases   ] GC(0)   Post Evacuate Collection Set: 2.1ms
[2025-01-18T12:06:29.751+0000][0.871s][info ][gc,phases   ] GC(0)   Other: 1.1ms
[2025-01-18T12:06:29.751+0000][0.872s][info ][gc,heap     ] GC(0) Eden regions: 56->0(58)
[2025-01-18T12:06:29.751+0000][0.872s][info ][gc,heap     ] GC(0) Survivor regions: 0->7(7)
[2025-01-18T12:06:29.751+0000][0.872s][info ][gc,heap     ] GC(0) Old regions: 0->2
[2025-01-18T12:06:29.751+0000][0.872s][info ][gc,heap     ] GC(0) Archive regions: 2->2
[2025-01-18T12:06:29.752+0000][0.872s][info ][gc,heap     ] GC(0) Humongous regions: 0->0
[2025-01-18T12:06:29.752+0000][0.873s][info ][gc,metaspace] GC(0) Metaspace: 2485K(2688K)->2485K(2688K) NonClass: 2249K(2368K)->2249K(2368K) Class: 236K(320K)->236K(320K)
[2025-01-18T12:06:29.752+0000][0.873s][info ][gc          ] GC(0) Pause Young (Normal) (G1 Evacuation Pause) 56M->9M(122M) 15.621ms
[2025-01-18T12:06:29.752+0000][0.873s][info ][gc,cpu      ] GC(0) User=0.01s Sys=0.03s Real=0.02s
[2025-01-18T12:06:29.752+0000][0.873s][info ][safepoint   ] Safepoint "G1CollectForAllocation", Time since last: 22167975 ns, Reaching safepoint: 516967 ns, Cleanup: 21903 ns, At safepoint: 16140225 ns, Total: 16679095 ns
[2025-01-18T12:06:30.386+0000][1.506s][debug][safepoint   ] Safepoint synchronization initiated using futex wait barrier. (14 threads)
[2025-01-18T12:06:30.386+0000][1.507s][info ][gc,start    ] GC(1) Pause Young (Normal) (G1 Evacuation Pause)
[2025-01-18T12:06:30.386+0000][1.507s][info ][gc,task     ] GC(1) Using 2 workers of 10 for evacuation
[2025-01-18T12:06:30.399+0000][1.520s][info ][gc,phases   ] GC(1)   Pre Evacuate Collection Set: 0.2ms
[2025-01-18T12:06:30.400+0000][1.521s][info ][gc,phases   ] GC(1)   Merge Heap Roots: 0.1ms
[2025-01-18T12:06:30.400+0000][1.521s][info ][gc,phases   ] GC(1)   Evacuate Collection Set: 10.0ms
[2025-01-18T12:06:30.400+0000][1.521s][info ][gc,phases   ] GC(1)   Post Evacuate Collection Set: 2.1ms
[2025-01-18T12:06:30.400+0000][1.521s][info ][gc,phases   ] GC(1)   Other: 0.6ms
[2025-01-18T12:06:30.400+0000][1.521s][info ][gc,heap     ] GC(1) Eden regions: 58->0(68)
[2025-01-18T12:06:30.401+0000][1.522s][info ][gc,heap     ] GC(1) Survivor regions: 7->2(9)
[2025-01-18T12:06:30.401+0000][1.522s][info ][gc,heap     ] GC(1) Old regions: 2->9
[2025-01-18T12:06:30.401+0000][1.522s][info ][gc,heap     ] GC(1) Archive regions: 2->2
[2025-01-18T12:06:30.401+0000][1.522s][info ][gc,heap     ] GC(1) Humongous regions: 0->0
[2025-01-18T12:06:30.402+0000][1.523s][info ][gc,metaspace] GC(1) Metaspace: 4802K(4992K)->4802K(4992K) NonClass: 4239K(4352K)->4239K(4352K) Class: 562K(640K)->562K(640K)
[2025-01-18T12:06:30.402+0000][1.523s][info ][gc          ] GC(1) Pause Young (Normal) (G1 Evacuation Pause) 67M->11M(122M) 15.737ms
[2025-01-18T12:06:30.402+0000][1.523s][info ][gc,cpu      ] GC(1) User=0.05s Sys=0.02s Real=0.02s
[2025-01-18T12:06:30.403+0000][1.523s][info ][safepoint   ] Safepoint "G1CollectForAllocation", Time since last: 633113809 ns, Reaching safepoint: 534942 ns, Cleanup: 74427 ns, At safepoint: 16365538 ns, Total: 16974907 ns
[2025-01-18T12:06:31.194+0000][2.315s][debug][safepoint   ] Safepoint synchronization initiated using futex wait barrier. (15 threads)
[2025-01-18T12:06:31.194+0000][2.315s][info ][gc,start    ] GC(2) Pause Young (Normal) (G1 Evacuation Pause)
[2025-01-18T12:06:31.195+0000][2.316s][info ][gc,task     ] GC(2) Using 2 workers of 10 for evacuation
[2025-01-18T12:06:31.201+0000][2.322s][info ][gc,phases   ] GC(2)   Pre Evacuate Collection Set: 0.1ms
[2025-01-18T12:06:31.201+0000][2.322s][info ][gc,phases   ] GC(2)   Merge Heap Roots: 0.1ms
[2025-01-18T12:06:31.202+0000][2.323s][info ][gc,phases   ] GC(2)   Evacuate Collection Set: 4.9ms
[2025-01-18T12:06:31.202+0000][2.323s][info ][gc,phases   ] GC(2)   Post Evacuate Collection Set: 1.0ms
[2025-01-18T12:06:31.202+0000][2.323s][info ][gc,phases   ] GC(2)   Other: 0.6ms
[2025-01-18T12:06:31.202+0000][2.323s][info ][gc,heap     ] GC(2) Eden regions: 68->0(68)
[2025-01-18T12:06:31.202+0000][2.323s][info ][gc,heap     ] GC(2) Survivor regions: 2->4(9)
[2025-01-18T12:06:31.203+0000][2.324s][info ][gc,heap     ] GC(2) Old regions: 9->9
[2025-01-18T12:06:31.203+0000][2.324s][info ][gc,heap     ] GC(2) Archive regions: 2->2
[2025-01-18T12:06:31.203+0000][2.324s][info ][gc,heap     ] GC(2) Humongous regions: 0->0
[2025-01-18T12:06:31.203+0000][2.324s][info ][gc,metaspace] GC(2) Metaspace: 7955K(8192K)->7955K(8192K) NonClass: 6955K(7040K)->6955K(7040K) Class: 1000K(1152K)->1000K(1152K)
[2025-01-18T12:06:31.203+0000][2.324s][info ][gc          ] GC(2) Pause Young (Normal) (G1 Evacuation Pause) 79M->13M(122M) 9.089ms
[2025-01-18T12:06:31.204+0000][2.324s][info ][gc,cpu      ] GC(2) User=0.00s Sys=0.02s Real=0.01s
[2025-01-18T12:06:31.204+0000][2.325s][info ][safepoint   ] Safepoint "G1CollectForAllocation", Time since last: 791052165 ns, Reaching safepoint: 423083 ns, Cleanup: 273818 ns, At safepoint: 9505783 ns, Total: 10202684 ns
[2025-01-18T12:06:31.713+0000][2.834s][debug][safepoint   ] Safepoint synchronization initiated using futex wait barrier. (15 threads)
[2025-01-18T12:06:31.714+0000][2.834s][info ][gc,start    ] GC(3) Pause Young (Normal) (G1 Evacuation Pause)
[2025-01-18T12:06:31.714+0000][2.835s][info ][gc,task     ] GC(3) Using 2 workers of 10 for evacuation
[2025-01-18T12:06:31.724+0000][2.845s][info ][gc,phases   ] GC(3)   Pre Evacuate Collection Set: 0.2ms
[2025-01-18T12:06:31.724+0000][2.845s][info ][gc,phases   ] GC(3)   Merge Heap Roots: 0.1ms
[2025-01-18T12:06:31.725+0000][2.846s][info ][gc,phases   ] GC(3)   Evacuate Collection Set: 8.1ms
[2025-01-18T12:06:31.725+0000][2.846s][info ][gc,phases   ] GC(3)   Post Evacuate Collection Set: 1.4ms
[2025-01-18T12:06:31.725+0000][2.846s][info ][gc,phases   ] GC(3)   Other: 0.7ms
[2025-01-18T12:06:31.725+0000][2.846s][info ][gc,heap     ] GC(3) Eden regions: 68->0(67)
[2025-01-18T12:06:31.725+0000][2.846s][info ][gc,heap     ] GC(3) Survivor regions: 4->5(9)
[2025-01-18T12:06:31.726+0000][2.847s][info ][gc,heap     ] GC(3) Old regions: 9->9
[2025-01-18T12:06:31.726+0000][2.847s][info ][gc,heap     ] GC(3) Archive regions: 2->2
[2025-01-18T12:06:31.726+0000][2.847s][info ][gc,heap     ] GC(3) Humongous regions: 0->0
[2025-01-18T12:06:31.726+0000][2.847s][info ][gc,metaspace] GC(3) Metaspace: 10894K(11200K)->10894K(11200K) NonClass: 9473K(9600K)->9473K(9600K) Class: 1421K(1600K)->1421K(1600K)
[2025-01-18T12:06:31.726+0000][2.847s][info ][gc          ] GC(3) Pause Young (Normal) (G1 Evacuation Pause) 81M->14M(122M) 12.754ms
[2025-01-18T12:06:31.727+0000][2.847s][info ][gc,cpu      ] GC(3) User=0.03s Sys=0.01s Real=0.01s
[2025-01-18T12:06:31.727+0000][2.848s][info ][safepoint   ] Safepoint "G1CollectForAllocation", Time since last: 509398930 ns, Reaching safepoint: 252627 ns, Cleanup: 111589 ns, At safepoint: 13186381 ns, Total: 13550597 ns
[2025-01-18T12:06:31.968+0000][3.089s][debug][safepoint   ] Safepoint synchronization initiated using futex wait barrier. (15 threads)
[2025-01-18T12:06:31.969+0000][3.090s][info ][safepoint   ] Safepoint "ICBufferFull", Time since last: 241597791 ns, Reaching safepoint: 411740 ns, Cleanup: 185665 ns, At safepoint: 7625 ns, Total: 605030 ns
[2025-01-18T12:06:31.969+0000][3.090s][debug][safepoint   ] Safepoint synchronization initiated using futex wait barrier. (15 threads)
[2025-01-18T12:06:31.970+0000][3.091s][info ][safepoint   ] Safepoint "ICBufferFull", Time since last: 404376 ns, Reaching safepoint: 321312 ns, Cleanup: 17565 ns, At safepoint: 23245 ns, Total: 362122 ns
[2025-01-18T12:06:32.271+0000][3.392s][debug][safepoint   ] Safepoint synchronization initiated using futex wait barrier. (16 threads)
[2025-01-18T12:06:32.272+0000][3.393s][info ][gc,start    ] GC(4) Pause Young (Normal) (G1 Evacuation Pause)
[2025-01-18T12:06:32.272+0000][3.393s][info ][gc,task     ] GC(4) Using 4 workers of 10 for evacuation
[2025-01-18T12:06:32.281+0000][3.402s][info ][gc,phases   ] GC(4)   Pre Evacuate Collection Set: 0.2ms
[2025-01-18T12:06:32.282+0000][3.403s][info ][gc,phases   ] GC(4)   Merge Heap Roots: 0.1ms
[2025-01-18T12:06:32.282+0000][3.403s][info ][gc,phases   ] GC(4)   Evacuate Collection Set: 6.6ms
[2025-01-18T12:06:32.282+0000][3.403s][info ][gc,phases   ] GC(4)   Post Evacuate Collection Set: 1.4ms
[2025-01-18T12:06:32.283+0000][3.403s][info ][gc,phases   ] GC(4)   Other: 0.8ms
[2025-01-18T12:06:32.283+0000][3.404s][info ][gc,heap     ] GC(4) Eden regions: 67->0(65)
[2025-01-18T12:06:32.283+0000][3.404s][info ][gc,heap     ] GC(4) Survivor regions: 5->7(9)
[2025-01-18T12:06:32.283+0000][3.404s][info ][gc,heap     ] GC(4) Old regions: 9->9
[2025-01-18T12:06:32.283+0000][3.404s][info ][gc,heap     ] GC(4) Archive regions: 2->2
[2025-01-18T12:06:32.284+0000][3.405s][info ][gc,heap     ] GC(4) Humongous regions: 0->0
[2025-01-18T12:06:32.284+0000][3.405s][info ][gc,metaspace] GC(4) Metaspace: 13058K(13376K)->13058K(13376K) NonClass: 11374K(11584K)->11374K(11584K) Class: 1684K(1792K)->1684K(1792K)
[2025-01-18T12:06:32.284+0000][3.405s][info ][gc          ] GC(4) Pause Young (Normal) (G1 Evacuation Pause) 81M->16M(122M) 12.158ms
[2025-01-18T12:06:32.284+0000][3.405s][info ][gc,cpu      ] GC(4) User=0.01s Sys=0.03s Real=0.01s
[2025-01-18T12:06:32.285+0000][3.405s][info ][safepoint   ] Safepoint "G1CollectForAllocation", Time since last: 301419989 ns, Reaching safepoint: 621295 ns, Cleanup: 182780 ns, At safepoint: 12640818 ns, Total: 13444893 ns
[2025-01-18T12:06:32.506+0000][3.627s][debug][safepoint   ] Safepoint synchronization initiated using futex wait barrier. (16 threads)
[2025-01-18T12:06:32.507+0000][3.628s][info ][gc,start    ] GC(5) Pause Young (Normal) (G1 Evacuation Pause)
[2025-01-18T12:06:32.507+0000][3.628s][info ][gc,task     ] GC(5) Using 4 workers of 10 for evacuation
[2025-01-18T12:06:32.517+0000][3.638s][info ][gc,phases   ] GC(5)   Pre Evacuate Collection Set: 0.2ms
[2025-01-18T12:06:32.517+0000][3.638s][info ][gc,phases   ] GC(5)   Merge Heap Roots: 0.3ms
[2025-01-18T12:06:32.517+0000][3.638s][info ][gc,phases   ] GC(5)   Evacuate Collection Set: 7.4ms
[2025-01-18T12:06:32.517+0000][3.638s][info ][gc,phases   ] GC(5)   Post Evacuate Collection Set: 1.2ms
[2025-01-18T12:06:32.518+0000][3.638s][info ][gc,phases   ] GC(5)   Other: 0.6ms
[2025-01-18T12:06:32.518+0000][3.639s][info ][gc,heap     ] GC(5) Eden regions: 65->0(84)
[2025-01-18T12:06:32.518+0000][3.639s][info ][gc,heap     ] GC(5) Survivor regions: 7->4(9)
[2025-01-18T12:06:32.518+0000][3.639s][info ][gc,heap     ] GC(5) Old regions: 9->12
[2025-01-18T12:06:32.518+0000][3.639s][info ][gc,heap     ] GC(5) Archive regions: 2->2
[2025-01-18T12:06:32.518+0000][3.639s][info ][gc,heap     ] GC(5) Humongous regions: 0->0
[2025-01-18T12:06:32.519+0000][3.640s][info ][gc,metaspace] GC(5) Metaspace: 15172K(15488K)->15172K(15488K) NonClass: 13187K(13312K)->13187K(13312K) Class: 1985K(2176K)->1985K(2176K)
[2025-01-18T12:06:32.519+0000][3.640s][info ][gc          ] GC(5) Pause Young (Normal) (G1 Evacuation Pause) 81M->16M(147M) 11.619ms
[2025-01-18T12:06:32.519+0000][3.640s][info ][gc,cpu      ] GC(5) User=0.06s Sys=0.00s Real=0.02s
[2025-01-18T12:06:32.519+0000][3.640s][info ][safepoint   ] Safepoint "G1CollectForAllocation", Time since last: 221869153 ns, Reaching safepoint: 614482 ns, Cleanup: 55399 ns, At safepoint: 12074115 ns, Total: 12743996 ns
[2025-01-18T12:06:32.634+0000][3.755s][info ][cds,heap    ] initialize_from_archived_subgraph java.lang.Byte$ByteCache 0x00007f77eb0395f8
[2025-01-18T12:06:32.634+0000][3.755s][info ][cds,heap    ] initialize_from_archived_subgraph java.lang.Short$ShortCache 0x00007f77eb03fce8
[2025-01-18T12:06:32.771+0000][3.892s][debug][safepoint   ] Safepoint synchronization initiated using futex wait barrier. (16 threads)
[2025-01-18T12:06:32.772+0000][3.893s][info ][gc,start    ] GC(6) Pause Young (Normal) (G1 Evacuation Pause)
[2025-01-18T12:06:32.772+0000][3.893s][info ][gc,task     ] GC(6) Using 4 workers of 10 for evacuation
[2025-01-18T12:06:32.777+0000][3.898s][info ][gc,phases   ] GC(6)   Pre Evacuate Collection Set: 0.1ms
[2025-01-18T12:06:32.778+0000][3.899s][info ][gc,phases   ] GC(6)   Merge Heap Roots: 0.1ms
[2025-01-18T12:06:32.778+0000][3.899s][info ][gc,phases   ] GC(6)   Evacuate Collection Set: 3.7ms
[2025-01-18T12:06:32.778+0000][3.899s][info ][gc,phases   ] GC(6)   Post Evacuate Collection Set: 1.1ms
[2025-01-18T12:06:32.778+0000][3.899s][info ][gc,phases   ] GC(6)   Other: 0.5ms
[2025-01-18T12:06:32.778+0000][3.899s][info ][gc,heap     ] GC(6) Eden regions: 84->0(81)
[2025-01-18T12:06:32.778+0000][3.899s][info ][gc,heap     ] GC(6) Survivor regions: 4->7(11)
[2025-01-18T12:06:32.779+0000][3.900s][info ][gc,heap     ] GC(6) Old regions: 12->12
[2025-01-18T12:06:32.779+0000][3.900s][info ][gc,heap     ] GC(6) Archive regions: 2->2
[2025-01-18T12:06:32.779+0000][3.900s][info ][gc,heap     ] GC(6) Humongous regions: 0->0
[2025-01-18T12:06:32.779+0000][3.900s][info ][gc,metaspace] GC(6) Metaspace: 17102K(17408K)->17102K(17408K) NonClass: 14774K(14976K)->14774K(14976K) Class: 2327K(2432K)->2327K(2432K)
[2025-01-18T12:06:32.779+0000][3.900s][info ][gc          ] GC(6) Pause Young (Normal) (G1 Evacuation Pause) 100M->18M(147M) 7.636ms
[2025-01-18T12:06:32.780+0000][3.901s][info ][gc,cpu      ] GC(6) User=0.03s Sys=0.00s Real=0.01s
[2025-01-18T12:06:32.780+0000][3.901s][info ][safepoint   ] Safepoint "G1CollectForAllocation", Time since last: 251934611 ns, Reaching safepoint: 497900 ns, Cleanup: 86370 ns, At safepoint: 8198935 ns, Total: 8783205 ns
[2025-01-18T12:06:33.138+0000][4.259s][debug][safepoint   ] Safepoint synchronization initiated using futex wait barrier. (16 threads)
[2025-01-18T12:06:33.138+0000][4.259s][info ][gc,start    ] GC(7) Pause Young (Concurrent Start) (Metadata GC Threshold)
[2025-01-18T12:06:33.139+0000][4.260s][info ][gc,task     ] GC(7) Using 4 workers of 10 for evacuation
[2025-01-18T12:06:33.147+0000][4.268s][info ][gc,phases   ] GC(7)   Pre Evacuate Collection Set: 0.2ms
[2025-01-18T12:06:33.147+0000][4.268s][info ][gc,phases   ] GC(7)   Merge Heap Roots: 0.1ms
[2025-01-18T12:06:33.147+0000][4.268s][info ][gc,phases   ] GC(7)   Evacuate Collection Set: 6.2ms
[2025-01-18T12:06:33.147+0000][4.268s][info ][gc,phases   ] GC(7)   Post Evacuate Collection Set: 1.1ms
[2025-01-18T12:06:33.147+0000][4.268s][info ][gc,phases   ] GC(7)   Other: 0.7ms
[2025-01-18T12:06:33.148+0000][4.269s][info ][gc,heap     ] GC(7) Eden regions: 77->0(80)
[2025-01-18T12:06:33.148+0000][4.269s][info ][gc,heap     ] GC(7) Survivor regions: 7->8(11)
[2025-01-18T12:06:33.148+0000][4.269s][info ][gc,heap     ] GC(7) Old regions: 12->13
[2025-01-18T12:06:33.148+0000][4.269s][info ][gc,heap     ] GC(7) Archive regions: 2->2
[2025-01-18T12:06:33.148+0000][4.269s][info ][gc,heap     ] GC(7) Humongous regions: 0->0
[2025-01-18T12:06:33.149+0000][4.269s][info ][gc,metaspace] GC(7) Metaspace: 21197K(21504K)->21197K(21504K) NonClass: 18431K(18560K)->18431K(18560K) Class: 2765K(2944K)->2765K(2944K)
[2025-01-18T12:06:33.149+0000][4.270s][info ][gc          ] GC(7) Pause Young (Concurrent Start) (Metadata GC Threshold) 95M->21M(147M) 10.449ms
[2025-01-18T12:06:33.149+0000][4.270s][info ][gc,cpu      ] GC(7) User=0.04s Sys=0.00s Real=0.01s
[2025-01-18T12:06:33.150+0000][4.270s][info ][gc          ] GC(8) Concurrent Mark Cycle
[2025-01-18T12:06:33.150+0000][4.271s][info ][gc,marking  ] GC(8) Concurrent Clear Claimed Marks
[2025-01-18T12:06:33.150+0000][4.271s][info ][safepoint   ] Safepoint "CollectForMetadataAllocation", Time since last: 357864915 ns, Reaching safepoint: 514823 ns, Cleanup: 93474 ns, At safepoint: 11218312 ns, Total: 11826609 ns
[2025-01-18T12:06:33.150+0000][4.271s][info ][gc,marking  ] GC(8) Concurrent Clear Claimed Marks 0.397ms
[2025-01-18T12:06:33.151+0000][4.272s][info ][gc,marking  ] GC(8) Concurrent Scan Root Regions
[2025-01-18T12:06:33.151+0000][4.272s][debug][safepoint   ] Safepoint synchronization initiated using futex wait barrier. (16 threads)
[2025-01-18T12:06:33.152+0000][4.273s][info ][safepoint   ] Safepoint "CollectForMetadataAllocation", Time since last: 1181555 ns, Reaching safepoint: 1018504 ns, Cleanup: 8657 ns, At safepoint: 78494 ns, Total: 1105655 ns
[2025-01-18T12:06:33.155+0000][4.276s][info ][gc,marking  ] GC(8) Concurrent Scan Root Regions 3.950ms
[2025-01-18T12:06:33.156+0000][4.276s][info ][gc,marking  ] GC(8) Concurrent Mark
[2025-01-18T12:06:33.156+0000][4.277s][info ][gc,marking  ] GC(8) Concurrent Mark From Roots
[2025-01-18T12:06:33.156+0000][4.277s][info ][gc,task     ] GC(8) Using 3 workers of 3 for marking
[2025-01-18T12:06:33.164+0000][4.285s][info ][gc,marking  ] GC(8) Concurrent Mark From Roots 7.787ms
[2025-01-18T12:06:33.164+0000][4.285s][info ][gc,marking  ] GC(8) Concurrent Preclean
[2025-01-18T12:06:33.165+0000][4.286s][info ][gc,marking  ] GC(8) Concurrent Preclean 0.600ms
[2025-01-18T12:06:33.166+0000][4.287s][debug][safepoint   ] Safepoint synchronization initiated using futex wait barrier. (16 threads)
[2025-01-18T12:06:33.166+0000][4.287s][info ][gc,start    ] GC(8) Pause Remark
[2025-01-18T12:06:33.171+0000][4.292s][info ][gc          ] GC(8) Pause Remark 24M->24M(90M) 4.402ms
[2025-01-18T12:06:33.171+0000][4.292s][info ][gc,cpu      ] GC(8) User=0.05s Sys=0.00s Real=0.01s
[2025-01-18T12:06:33.171+0000][4.292s][info ][safepoint   ] Safepoint "G1PauseRemark", Time since last: 13721082 ns, Reaching safepoint: 618794 ns, Cleanup: 6934 ns, At safepoint: 5137130 ns, Total: 5762858 ns
[2025-01-18T12:06:33.172+0000][4.293s][info ][gc,marking  ] GC(8) Concurrent Mark 16.140ms
[2025-01-18T12:06:33.172+0000][4.293s][info ][gc,marking  ] GC(8) Concurrent Rebuild Remembered Sets
[2025-01-18T12:06:33.177+0000][4.298s][info ][gc,marking  ] GC(8) Concurrent Rebuild Remembered Sets 5.081ms
[2025-01-18T12:06:33.178+0000][4.298s][debug][safepoint   ] Safepoint synchronization initiated using futex wait barrier. (16 threads)
[2025-01-18T12:06:33.178+0000][4.299s][debug][safepoint   ] ... found polling page loop exception at pc = 0x00007f7855242456, stub =0x00007f7854af5400
[2025-01-18T12:06:33.178+0000][4.299s][info ][gc,start    ] GC(8) Pause Cleanup
[2025-01-18T12:06:33.178+0000][4.299s][info ][gc          ] GC(8) Pause Cleanup 25M->25M(90M) 0.327ms
[2025-01-18T12:06:33.179+0000][4.300s][info ][gc,cpu      ] GC(8) User=0.00s Sys=0.00s Real=0.00s
[2025-01-18T12:06:33.179+0000][4.300s][info ][safepoint   ] Safepoint "G1PauseCleanup", Time since last: 6176182 ns, Reaching safepoint: 595762 ns, Cleanup: 5811 ns, At safepoint: 761790 ns, Total: 1363363 ns
[2025-01-18T12:06:33.179+0000][4.300s][info ][gc,marking  ] GC(8) Concurrent Cleanup for Next Mark
[2025-01-18T12:06:33.180+0000][4.301s][info ][gc,marking  ] GC(8) Concurrent Cleanup for Next Mark 0.844ms
[2025-01-18T12:06:33.180+0000][4.301s][info ][gc          ] GC(8) Concurrent Mark Cycle 30.968ms
[2025-01-18T12:06:33.426+0000][4.547s][debug][safepoint   ] Safepoint synchronization initiated using futex wait barrier. (16 threads)
[2025-01-18T12:06:33.426+0000][4.547s][info ][gc,start    ] GC(9) Pause Young (Normal) (G1 Preventive Collection)
[2025-01-18T12:06:33.426+0000][4.547s][info ][gc,task     ] GC(9) Using 4 workers of 10 for evacuation
[2025-01-18T12:06:33.437+0000][4.558s][info ][gc,phases   ] GC(9)   Pre Evacuate Collection Set: 0.1ms
[2025-01-18T12:06:33.437+0000][4.558s][info ][gc,phases   ] GC(9)   Merge Heap Roots: 0.1ms
[2025-01-18T12:06:33.438+0000][4.558s][info ][gc,phases   ] GC(9)   Evacuate Collection Set: 8.5ms
[2025-01-18T12:06:33.438+0000][4.559s][info ][gc,phases   ] GC(9)   Post Evacuate Collection Set: 1.3ms
[2025-01-18T12:06:33.438+0000][4.559s][info ][gc,phases   ] GC(9)   Other: 0.6ms
[2025-01-18T12:06:33.438+0000][4.559s][info ][gc,heap     ] GC(9) Eden regions: 56->0(46)
[2025-01-18T12:06:33.438+0000][4.559s][info ][gc,heap     ] GC(9) Survivor regions: 8->8(11)
[2025-01-18T12:06:33.438+0000][4.559s][info ][gc,heap     ] GC(9) Old regions: 13->16
[2025-01-18T12:06:33.439+0000][4.559s][info ][gc,heap     ] GC(9) Archive regions: 2->2
[2025-01-18T12:06:33.439+0000][4.560s][info ][gc,heap     ] GC(9) Humongous regions: 0->0
[2025-01-18T12:06:33.439+0000][4.560s][info ][gc,metaspace] GC(9) Metaspace: 23384K(23808K)->23384K(23808K) NonClass: 20329K(20544K)->20329K(20544K) Class: 3054K(3264K)->3054K(3264K)
[2025-01-18T12:06:33.439+0000][4.560s][info ][gc          ] GC(9) Pause Young (Normal) (G1 Preventive Collection) 77M->23M(90M) 12.793ms
[2025-01-18T12:06:33.439+0000][4.560s][info ][gc,cpu      ] GC(9) User=0.08s Sys=0.00s Real=0.02s
[2025-01-18T12:06:33.439+0000][4.560s][info ][safepoint   ] Safepoint "G1CollectForAllocation", Time since last: 246690362 ns, Reaching safepoint: 493541 ns, Cleanup: 85388 ns, At safepoint: 13321078 ns, Total: 13900007 ns
[2025-01-18T12:06:33.668+0000][4.789s][debug][safepoint   ] Safepoint synchronization initiated using futex wait barrier. (15 threads)
[2025-01-18T12:06:33.669+0000][4.790s][info ][gc,start    ] GC(10) Pause Young (Normal) (G1 Evacuation Pause)
[2025-01-18T12:06:33.669+0000][4.790s][info ][gc,task     ] GC(10) Using 3 workers of 10 for evacuation
[2025-01-18T12:06:33.678+0000][4.799s][info ][gc,phases   ] GC(10)   Pre Evacuate Collection Set: 0.2ms
[2025-01-18T12:06:33.679+0000][4.800s][info ][gc,phases   ] GC(10)   Merge Heap Roots: 0.1ms
[2025-01-18T12:06:33.679+0000][4.800s][info ][gc,phases   ] GC(10)   Evacuate Collection Set: 7.5ms
[2025-01-18T12:06:33.679+0000][4.800s][info ][gc,phases   ] GC(10)   Post Evacuate Collection Set: 1.4ms
[2025-01-18T12:06:33.680+0000][4.800s][info ][gc,phases   ] GC(10)   Other: 0.5ms
[2025-01-18T12:06:33.680+0000][4.801s][info ][gc,heap     ] GC(10) Eden regions: 46->0(60)
[2025-01-18T12:06:33.680+0000][4.801s][info ][gc,heap     ] GC(10) Survivor regions: 8->7(7)
[2025-01-18T12:06:33.680+0000][4.801s][info ][gc,heap     ] GC(10) Old regions: 16->21
[2025-01-18T12:06:33.680+0000][4.801s][info ][gc,heap     ] GC(10) Archive regions: 2->2
[2025-01-18T12:06:33.680+0000][4.801s][info ][gc,heap     ] GC(10) Humongous regions: 0->0
[2025-01-18T12:06:33.680+0000][4.801s][info ][gc,metaspace] GC(10) Metaspace: 24509K(24896K)->24509K(24896K) NonClass: 21324K(21504K)->21324K(21504K) Class: 3185K(3392K)->3185K(3392K)
[2025-01-18T12:06:33.681+0000][4.802s][info ][gc          ] GC(10) Pause Young (Normal) (G1 Evacuation Pause) 69M->26M(113M) 11.875ms
[2025-01-18T12:06:33.681+0000][4.802s][info ][gc,cpu      ] GC(10) User=0.03s Sys=0.01s Real=0.01s
[2025-01-18T12:06:33.681+0000][4.802s][info ][safepoint   ] Safepoint "G1CollectForAllocation", Time since last: 228777788 ns, Reaching safepoint: 400632 ns, Cleanup: 70128 ns, At safepoint: 12300349 ns, Total: 12771109 ns
[2025-01-18T12:06:33.852+0000][4.973s][debug][safepoint   ] Safepoint synchronization initiated using futex wait barrier. (15 threads)
[2025-01-18T12:06:33.853+0000][4.973s][info ][gc,start    ] GC(11) Pause Young (Normal) (G1 Evacuation Pause)
[2025-01-18T12:06:33.853+0000][4.974s][info ][gc,task     ] GC(11) Using 2 workers of 10 for evacuation
[2025-01-18T12:06:33.870+0000][4.991s][info ][gc,phases   ] GC(11)   Pre Evacuate Collection Set: 0.2ms
[2025-01-18T12:06:33.870+0000][4.991s][info ][gc,phases   ] GC(11)   Merge Heap Roots: 0.1ms
[2025-01-18T12:06:33.870+0000][4.991s][info ][gc,phases   ] GC(11)   Evacuate Collection Set: 15.1ms
[2025-01-18T12:06:33.871+0000][4.991s][info ][gc,phases   ] GC(11)   Post Evacuate Collection Set: 1.3ms
[2025-01-18T12:06:33.871+0000][4.992s][info ][gc,phases   ] GC(11)   Other: 0.5ms
[2025-01-18T12:06:33.871+0000][4.992s][info ][gc,heap     ] GC(11) Eden regions: 60->0(53)
[2025-01-18T12:06:33.871+0000][4.992s][info ][gc,heap     ] GC(11) Survivor regions: 7->9(9)
[2025-01-18T12:06:33.871+0000][4.992s][info ][gc,heap     ] GC(11) Old regions: 21->25
[2025-01-18T12:06:33.871+0000][4.992s][info ][gc,heap     ] GC(11) Archive regions: 2->2
[2025-01-18T12:06:33.871+0000][4.992s][info ][gc,heap     ] GC(11) Humongous regions: 0->0
[2025-01-18T12:06:33.872+0000][4.993s][info ][gc,metaspace] GC(11) Metaspace: 24540K(24896K)->24540K(24896K) NonClass: 21346K(21504K)->21346K(21504K) Class: 3193K(3392K)->3193K(3392K)
[2025-01-18T12:06:33.872+0000][4.993s][info ][gc          ] GC(11) Pause Young (Normal) (G1 Evacuation Pause) 86M->34M(113M) 19.259ms
[2025-01-18T12:06:33.872+0000][4.993s][info ][gc,cpu      ] GC(11) User=0.07s Sys=0.00s Real=0.02s
[2025-01-18T12:06:33.872+0000][4.993s][info ][safepoint   ] Safepoint "G1CollectForAllocation", Time since last: 171104092 ns, Reaching safepoint: 371834 ns, Cleanup: 13176 ns, At safepoint: 19687524 ns, Total: 20072534 ns
[2025-01-18T12:06:34.070+0000][5.191s][debug][safepoint   ] Safepoint synchronization initiated using futex wait barrier. (15 threads)
[2025-01-18T12:06:34.071+0000][5.192s][info ][gc,start    ] GC(12) Pause Young (Normal) (G1 Evacuation Pause)
[2025-01-18T12:06:34.071+0000][5.192s][info ][gc,task     ] GC(12) Using 2 workers of 10 for evacuation
[2025-01-18T12:06:34.090+0000][5.210s][info ][gc,phases   ] GC(12)   Pre Evacuate Collection Set: 0.1ms
[2025-01-18T12:06:34.090+0000][5.211s][info ][gc,phases   ] GC(12)   Merge Heap Roots: 0.1ms
[2025-01-18T12:06:34.090+0000][5.211s][info ][gc,phases   ] GC(12)   Evacuate Collection Set: 15.8ms
[2025-01-18T12:06:34.090+0000][5.211s][info ][gc,phases   ] GC(12)   Post Evacuate Collection Set: 2.1ms
[2025-01-18T12:06:34.091+0000][5.211s][info ][gc,phases   ] GC(12)   Other: 0.5ms
[2025-01-18T12:06:34.091+0000][5.212s][info ][gc,heap     ] GC(12) Eden regions: 53->0(46)
[2025-01-18T12:06:34.091+0000][5.212s][info ][gc,heap     ] GC(12) Survivor regions: 9->7(8)
[2025-01-18T12:06:34.091+0000][5.212s][info ][gc,heap     ] GC(12) Old regions: 25->34
[2025-01-18T12:06:34.091+0000][5.212s][info ][gc,heap     ] GC(12) Archive regions: 2->2
[2025-01-18T12:06:34.091+0000][5.212s][info ][gc,heap     ] GC(12) Humongous regions: 0->0
[2025-01-18T12:06:34.091+0000][5.212s][info ][gc,metaspace] GC(12) Metaspace: 24609K(24960K)->24609K(24960K) NonClass: 21408K(21568K)->21408K(21568K) Class: 3200K(3392K)->3200K(3392K)
[2025-01-18T12:06:34.092+0000][5.213s][info ][gc          ] GC(12) Pause Young (Normal) (G1 Evacuation Pause) 87M->40M(113M) 20.733ms
[2025-01-18T12:06:34.092+0000][5.213s][info ][gc,cpu      ] GC(12) User=0.06s Sys=0.01s Real=0.02s
[2025-01-18T12:06:34.092+0000][5.213s][info ][safepoint   ] Safepoint "G1CollectForAllocation", Time since last: 198260614 ns, Reaching safepoint: 364687 ns, Cleanup: 47834 ns, At safepoint: 21241875 ns, Total: 21654396 ns
[2025-01-18T12:06:34.370+0000][5.491s][debug][safepoint   ] Safepoint synchronization initiated using futex wait barrier. (15 threads)
[2025-01-18T12:06:34.371+0000][5.492s][info ][gc,start    ] GC(13) Pause Young (Normal) (G1 Evacuation Pause)
[2025-01-18T12:06:34.371+0000][5.492s][info ][gc,task     ] GC(13) Using 2 workers of 10 for evacuation
[2025-01-18T12:06:34.382+0000][5.503s][info ][gc,phases   ] GC(13)   Pre Evacuate Collection Set: 0.1ms
[2025-01-18T12:06:34.382+0000][5.503s][info ][gc,phases   ] GC(13)   Merge Heap Roots: 0.1ms
[2025-01-18T12:06:34.382+0000][5.503s][info ][gc,phases   ] GC(13)   Evacuate Collection Set: 8.9ms
[2025-01-18T12:06:34.382+0000][5.503s][info ][gc,phases   ] GC(13)   Post Evacuate Collection Set: 1.4ms
[2025-01-18T12:06:34.383+0000][5.503s][info ][gc,phases   ] GC(13)   Other: 0.5ms
[2025-01-18T12:06:34.383+0000][5.504s][info ][gc,heap     ] GC(13) Eden regions: 46->0(43)
[2025-01-18T12:06:34.383+0000][5.504s][info ][gc,heap     ] GC(13) Survivor regions: 7->5(7)
[2025-01-18T12:06:34.383+0000][5.504s][info ][gc,heap     ] GC(13) Old regions: 34->40
[2025-01-18T12:06:34.383+0000][5.504s][info ][gc,heap     ] GC(13) Archive regions: 2->2
[2025-01-18T12:06:34.383+0000][5.504s][info ][gc,heap     ] GC(13) Humongous regions: 0->0
[2025-01-18T12:06:34.383+0000][5.504s][info ][gc,metaspace] GC(13) Metaspace: 24803K(25152K)->24803K(25152K) NonClass: 21566K(21760K)->21566K(21760K) Class: 3237K(3392K)->3237K(3392K)
[2025-01-18T12:06:34.384+0000][5.505s][info ][gc          ] GC(13) Pause Young (Normal) (G1 Evacuation Pause) 86M->44M(113M) 13.066ms
[2025-01-18T12:06:34.384+0000][5.505s][info ][gc,cpu      ] GC(13) User=0.05s Sys=0.01s Real=0.01s
[2025-01-18T12:06:34.384+0000][5.505s][info ][safepoint   ] Safepoint "G1CollectForAllocation", Time since last: 278075637 ns, Reaching safepoint: 335834 ns, Cleanup: 63124 ns, At safepoint: 13664072 ns, Total: 14063030 ns
[2025-01-18T12:06:34.593+0000][5.714s][debug][safepoint   ] Safepoint synchronization initiated using futex wait barrier. (15 threads)
[2025-01-18T12:06:34.594+0000][5.714s][info ][gc,start    ] GC(14) Pause Young (Normal) (G1 Evacuation Pause)
[2025-01-18T12:06:34.594+0000][5.715s][info ][gc,task     ] GC(14) Using 2 workers of 10 for evacuation
[2025-01-18T12:06:34.608+0000][5.729s][info ][gc,phases   ] GC(14)   Pre Evacuate Collection Set: 0.1ms
[2025-01-18T12:06:34.609+0000][5.730s][info ][gc,phases   ] GC(14)   Merge Heap Roots: 0.1ms
[2025-01-18T12:06:34.609+0000][5.730s][info ][gc,phases   ] GC(14)   Evacuate Collection Set: 11.0ms
[2025-01-18T12:06:34.609+0000][5.730s][info ][gc,phases   ] GC(14)   Post Evacuate Collection Set: 3.1ms
[2025-01-18T12:06:34.609+0000][5.730s][info ][gc,phases   ] GC(14)   Other: 0.4ms
[2025-01-18T12:06:34.609+0000][5.730s][info ][gc,heap     ] GC(14) Eden regions: 43->0(97)
[2025-01-18T12:06:34.610+0000][5.730s][info ][gc,heap     ] GC(14) Survivor regions: 5->4(6)
[2025-01-18T12:06:34.610+0000][5.731s][info ][gc,heap     ] GC(14) Old regions: 40->45
[2025-01-18T12:06:34.610+0000][5.731s][info ][gc,heap     ] GC(14) Archive regions: 2->2
[2025-01-18T12:06:34.610+0000][5.731s][info ][gc,heap     ] GC(14) Humongous regions: 0->0
[2025-01-18T12:06:34.610+0000][5.731s][info ][gc,metaspace] GC(14) Metaspace: 25040K(25408K)->25040K(25408K) NonClass: 21777K(21952K)->21777K(21952K) Class: 3262K(3456K)->3262K(3456K)
[2025-01-18T12:06:34.610+0000][5.731s][info ][gc          ] GC(14) Pause Young (Normal) (G1 Evacuation Pause) 87M->48M(189M) 16.745ms
[2025-01-18T12:06:34.610+0000][5.731s][info ][gc,cpu      ] GC(14) User=0.05s Sys=0.02s Real=0.02s
[2025-01-18T12:06:34.611+0000][5.732s][info ][safepoint   ] Safepoint "G1CollectForAllocation", Time since last: 208622572 ns, Reaching safepoint: 505978 ns, Cleanup: 122711 ns, At safepoint: 17173287 ns, Total: 17801976 ns
[2025-01-18T12:06:35.032+0000][6.153s][debug][safepoint   ] Safepoint synchronization initiated using futex wait barrier. (15 threads)
[2025-01-18T12:06:35.033+0000][6.154s][info ][safepoint   ] Safepoint "ICBufferFull", Time since last: 421747593 ns, Reaching safepoint: 398895 ns, Cleanup: 212588 ns, At safepoint: 24769 ns, Total: 636252 ns
[2025-01-18T12:06:35.501+0000][6.621s][debug][safepoint   ] Safepoint synchronization initiated using futex wait barrier. (15 threads)
[2025-01-18T12:06:35.501+0000][6.622s][info ][gc,start    ] GC(15) Pause Young (Normal) (G1 Evacuation Pause)
[2025-01-18T12:06:35.501+0000][6.622s][info ][gc,task     ] GC(15) Using 4 workers of 10 for evacuation
[2025-01-18T12:06:35.511+0000][6.631s][info ][gc,phases   ] GC(15)   Pre Evacuate Collection Set: 0.2ms
[2025-01-18T12:06:35.511+0000][6.632s][info ][gc,phases   ] GC(15)   Merge Heap Roots: 0.2ms
[2025-01-18T12:06:35.511+0000][6.632s][info ][gc,phases   ] GC(15)   Evacuate Collection Set: 6.6ms
[2025-01-18T12:06:35.511+0000][6.632s][info ][gc,phases   ] GC(15)   Post Evacuate Collection Set: 1.5ms
[2025-01-18T12:06:35.512+0000][6.633s][info ][gc,phases   ] GC(15)   Other: 0.9ms
[2025-01-18T12:06:35.512+0000][6.633s][info ][gc,heap     ] GC(15) Eden regions: 97->0(95)
[2025-01-18T12:06:35.512+0000][6.633s][info ][gc,heap     ] GC(15) Survivor regions: 4->8(13)
[2025-01-18T12:06:35.513+0000][6.633s][info ][gc,heap     ] GC(15) Old regions: 45->45
[2025-01-18T12:06:35.513+0000][6.634s][info ][gc,heap     ] GC(15) Archive regions: 2->2
[2025-01-18T12:06:35.513+0000][6.634s][info ][gc,heap     ] GC(15) Humongous regions: 0->0
[2025-01-18T12:06:35.513+0000][6.634s][info ][gc,metaspace] GC(15) Metaspace: 25193K(25600K)->25193K(25600K) NonClass: 21928K(22144K)->21928K(22144K) Class: 3265K(3456K)->3265K(3456K)
[2025-01-18T12:06:35.514+0000][6.634s][info ][gc          ] GC(15) Pause Young (Normal) (G1 Evacuation Pause) 145M->52M(189M) 12.455ms
[2025-01-18T12:06:35.514+0000][6.635s][info ][gc,cpu      ] GC(15) User=0.04s Sys=0.00s Real=0.01s
[2025-01-18T12:06:35.514+0000][6.635s][info ][safepoint   ] Safepoint "G1CollectForAllocation", Time since last: 467416633 ns, Reaching safepoint: 406477 ns, Cleanup: 133633 ns, At safepoint: 13227947 ns, Total: 13768057 ns
[2025-01-18T12:06:36.000+0000][7.121s][debug][safepoint   ] Safepoint synchronization initiated using futex wait barrier. (16 threads)
[2025-01-18T12:06:36.001+0000][7.122s][info ][gc,start    ] GC(16) Pause Young (Normal) (G1 Evacuation Pause)
[2025-01-18T12:06:36.001+0000][7.122s][info ][gc,task     ] GC(16) Using 4 workers of 10 for evacuation
[2025-01-18T12:06:36.009+0000][7.130s][info ][gc,phases   ] GC(16)   Pre Evacuate Collection Set: 0.1ms
[2025-01-18T12:06:36.010+0000][7.131s][info ][gc,phases   ] GC(16)   Merge Heap Roots: 0.1ms
[2025-01-18T12:06:36.010+0000][7.131s][info ][gc,phases   ] GC(16)   Evacuate Collection Set: 6.4ms
[2025-01-18T12:06:36.010+0000][7.131s][info ][gc,phases   ] GC(16)   Post Evacuate Collection Set: 1.5ms
[2025-01-18T12:06:36.010+0000][7.131s][info ][gc,phases   ] GC(16)   Other: 0.6ms
[2025-01-18T12:06:36.010+0000][7.131s][info ][gc,heap     ] GC(16) Eden regions: 95->0(95)
[2025-01-18T12:06:36.011+0000][7.131s][info ][gc,heap     ] GC(16) Survivor regions: 8->8(13)
[2025-01-18T12:06:36.011+0000][7.132s][info ][gc,heap     ] GC(16) Old regions: 45->48
[2025-01-18T12:06:36.011+0000][7.132s][info ][gc,heap     ] GC(16) Archive regions: 2->2
[2025-01-18T12:06:36.011+0000][7.132s][info ][gc,heap     ] GC(16) Humongous regions: 0->0
[2025-01-18T12:06:36.011+0000][7.132s][info ][gc,metaspace] GC(16) Metaspace: 25709K(26048K)->25709K(26048K) NonClass: 22401K(22592K)->22401K(22592K) Class: 3307K(3456K)->3307K(3456K)
[2025-01-18T12:06:36.011+0000][7.132s][info ][gc          ] GC(16) Pause Young (Normal) (G1 Evacuation Pause) 147M->55M(189M) 10.768ms
[2025-01-18T12:06:36.012+0000][7.132s][info ][gc,cpu      ] GC(16) User=0.04s Sys=0.01s Real=0.01s
[2025-01-18T12:06:36.012+0000][7.133s][info ][safepoint   ] Safepoint "G1CollectForAllocation", Time since last: 485567464 ns, Reaching safepoint: 654317 ns, Cleanup: 103343 ns, At safepoint: 11203814 ns, Total: 11961474 ns
[2025-01-18T12:06:36.288+0000][7.409s][debug][safepoint   ] Safepoint synchronization initiated using futex wait barrier. (16 threads)
[2025-01-18T12:06:36.288+0000][7.409s][info ][gc,start    ] GC(17) Pause Young (Normal) (G1 Evacuation Pause)
[2025-01-18T12:06:36.288+0000][7.409s][info ][gc,task     ] GC(17) Using 4 workers of 10 for evacuation
[2025-01-18T12:06:36.296+0000][7.417s][info ][gc,phases   ] GC(17)   Pre Evacuate Collection Set: 0.1ms
[2025-01-18T12:06:36.296+0000][7.417s][info ][gc,phases   ] GC(17)   Merge Heap Roots: 0.2ms
[2025-01-18T12:06:36.297+0000][7.417s][info ][gc,phases   ] GC(17)   Evacuate Collection Set: 5.2ms
[2025-01-18T12:06:36.297+0000][7.418s][info ][gc,phases   ] GC(17)   Post Evacuate Collection Set: 1.6ms
[2025-01-18T12:06:36.297+0000][7.418s][info ][gc,phases   ] GC(17)   Other: 0.5ms
[2025-01-18T12:06:36.297+0000][7.418s][info ][gc,heap     ] GC(17) Eden regions: 95->0(97)
[2025-01-18T12:06:36.297+0000][7.418s][info ][gc,heap     ] GC(17) Survivor regions: 8->4(13)
[2025-01-18T12:06:36.298+0000][7.419s][info ][gc,heap     ] GC(17) Old regions: 48->53
[2025-01-18T12:06:36.298+0000][7.419s][info ][gc,heap     ] GC(17) Archive regions: 2->2
[2025-01-18T12:06:36.298+0000][7.419s][info ][gc,heap     ] GC(17) Humongous regions: 0->0
[2025-01-18T12:06:36.298+0000][7.419s][info ][gc,metaspace] GC(17) Metaspace: 26887K(27264K)->26887K(27264K) NonClass: 23484K(23680K)->23484K(23680K) Class: 3402K(3584K)->3402K(3584K)
[2025-01-18T12:06:36.298+0000][7.419s][info ][gc          ] GC(17) Pause Young (Normal) (G1 Evacuation Pause) 150M->56M(189M) 10.255ms
[2025-01-18T12:06:36.299+0000][7.420s][info ][gc,cpu      ] GC(17) User=0.05s Sys=0.00s Real=0.01s
[2025-01-18T12:06:36.299+0000][7.420s][info ][safepoint   ] Safepoint "G1CollectForAllocation", Time since last: 275984582 ns, Reaching safepoint: 396059 ns, Cleanup: 17966 ns, At safepoint: 10728913 ns, Total: 11142938 ns
[2025-01-18T12:06:37.175+0000][8.296s][debug][safepoint   ] Safepoint synchronization initiated using futex wait barrier. (14 threads)
[2025-01-18T12:06:37.175+0000][8.296s][info ][gc,start    ] GC(18) Pause Young (Normal) (G1 Evacuation Pause)
[2025-01-18T12:06:37.176+0000][8.297s][info ][gc,task     ] GC(18) Using 4 workers of 10 for evacuation
[2025-01-18T12:06:37.182+0000][8.303s][info ][gc,phases   ] GC(18)   Pre Evacuate Collection Set: 0.2ms
[2025-01-18T12:06:37.183+0000][8.304s][info ][gc,phases   ] GC(18)   Merge Heap Roots: 0.3ms
[2025-01-18T12:06:37.183+0000][8.304s][info ][gc,phases   ] GC(18)   Evacuate Collection Set: 4.7ms
[2025-01-18T12:06:37.183+0000][8.304s][info ][gc,phases   ] GC(18)   Post Evacuate Collection Set: 1.1ms
[2025-01-18T12:06:37.183+0000][8.304s][info ][gc,phases   ] GC(18)   Other: 0.9ms
[2025-01-18T12:06:37.184+0000][8.304s][info ][gc,heap     ] GC(18) Eden regions: 97->0(97)
[2025-01-18T12:06:37.184+0000][8.305s][info ][gc,heap     ] GC(18) Survivor regions: 4->6(13)
[2025-01-18T12:06:37.184+0000][8.305s][info ][gc,heap     ] GC(18) Old regions: 53->53
[2025-01-18T12:06:37.184+0000][8.305s][info ][gc,heap     ] GC(18) Archive regions: 2->2
[2025-01-18T12:06:37.185+0000][8.305s][info ][gc,heap     ] GC(18) Humongous regions: 0->0
[2025-01-18T12:06:37.185+0000][8.306s][info ][gc,metaspace] GC(18) Metaspace: 30820K(31232K)->30820K(31232K) NonClass: 26967K(27200K)->26967K(27200K) Class: 3853K(4032K)->3853K(4032K)
[2025-01-18T12:06:37.185+0000][8.306s][info ][gc          ] GC(18) Pause Young (Normal) (G1 Evacuation Pause) 153M->58M(189M) 9.593ms
[2025-01-18T12:06:37.185+0000][8.306s][info ][gc,cpu      ] GC(18) User=0.04s Sys=0.00s Real=0.01s
[2025-01-18T12:06:37.186+0000][8.307s][info ][safepoint   ] Safepoint "G1CollectForAllocation", Time since last: 875783582 ns, Reaching safepoint: 479223 ns, Cleanup: 136809 ns, At safepoint: 10270449 ns, Total: 10886481 ns
[2025-01-18T12:06:37.904+0000][9.025s][debug][safepoint   ] Safepoint synchronization initiated using futex wait barrier. (14 threads)
[2025-01-18T12:06:37.905+0000][9.026s][info ][gc,start    ] GC(19) Pause Young (Normal) (G1 Evacuation Pause)
[2025-01-18T12:06:37.905+0000][9.026s][info ][gc,task     ] GC(19) Using 4 workers of 10 for evacuation
[2025-01-18T12:06:37.912+0000][9.033s][info ][gc,phases   ] GC(19)   Pre Evacuate Collection Set: 0.2ms
[2025-01-18T12:06:37.913+0000][9.034s][info ][gc,phases   ] GC(19)   Merge Heap Roots: 0.2ms
[2025-01-18T12:06:37.913+0000][9.034s][info ][gc,phases   ] GC(19)   Evacuate Collection Set: 4.7ms
[2025-01-18T12:06:37.913+0000][9.034s][info ][gc,phases   ] GC(19)   Post Evacuate Collection Set: 1.4ms
[2025-01-18T12:06:37.913+0000][9.034s][info ][gc,phases   ] GC(19)   Other: 0.9ms
[2025-01-18T12:06:37.914+0000][9.035s][info ][gc,heap     ] GC(19) Eden regions: 97->0(98)
[2025-01-18T12:06:37.914+0000][9.035s][info ][gc,heap     ] GC(19) Survivor regions: 6->7(13)
[2025-01-18T12:06:37.914+0000][9.035s][info ][gc,heap     ] GC(19) Old regions: 53->53
[2025-01-18T12:06:37.914+0000][9.035s][info ][gc,heap     ] GC(19) Archive regions: 2->2
[2025-01-18T12:06:37.914+0000][9.035s][info ][gc,heap     ] GC(19) Humongous regions: 0->0
[2025-01-18T12:06:37.915+0000][9.036s][info ][gc,metaspace] GC(19) Metaspace: 33921K(34304K)->33921K(34304K) NonClass: 29725K(29952K)->29725K(29952K) Class: 4196K(4352K)->4196K(4352K)
[2025-01-18T12:06:37.915+0000][9.036s][info ][gc          ] GC(19) Pause Young (Normal) (G1 Evacuation Pause) 155M->59M(189M) 10.046ms
[2025-01-18T12:06:37.915+0000][9.036s][info ][gc,cpu      ] GC(19) User=0.05s Sys=0.00s Real=0.01s
[2025-01-18T12:06:37.916+0000][9.036s][info ][safepoint   ] Safepoint "G1CollectForAllocation", Time since last: 718534113 ns, Reaching safepoint: 459547 ns, Cleanup: 179463 ns, At safepoint: 10770159 ns, Total: 11409169 ns
[2025-01-18T12:06:38.615+0000][9.736s][debug][safepoint   ] Safepoint synchronization initiated using futex wait barrier. (15 threads)
[2025-01-18T12:06:38.615+0000][9.736s][info ][gc,start    ] GC(20) Pause Young (Normal) (G1 Evacuation Pause)
[2025-01-18T12:06:38.616+0000][9.737s][info ][gc,task     ] GC(20) Using 4 workers of 10 for evacuation
[2025-01-18T12:06:38.623+0000][9.743s][info ][gc,phases   ] GC(20)   Pre Evacuate Collection Set: 0.1ms
[2025-01-18T12:06:38.623+0000][9.744s][info ][gc,phases   ] GC(20)   Merge Heap Roots: 0.1ms
[2025-01-18T12:06:38.623+0000][9.744s][info ][gc,phases   ] GC(20)   Evacuate Collection Set: 5.1ms
[2025-01-18T12:06:38.623+0000][9.744s][info ][gc,phases   ] GC(20)   Post Evacuate Collection Set: 1.2ms
[2025-01-18T12:06:38.624+0000][9.745s][info ][gc,phases   ] GC(20)   Other: 0.6ms
[2025-01-18T12:06:38.624+0000][9.745s][info ][gc,heap     ] GC(20) Eden regions: 98->0(99)
[2025-01-18T12:06:38.624+0000][9.745s][info ][gc,heap     ] GC(20) Survivor regions: 7->7(14)
[2025-01-18T12:06:38.624+0000][9.745s][info ][gc,heap     ] GC(20) Old regions: 53->53
[2025-01-18T12:06:38.625+0000][9.746s][info ][gc,heap     ] GC(20) Archive regions: 2->2
[2025-01-18T12:06:38.625+0000][9.746s][info ][gc,heap     ] GC(20) Humongous regions: 0->0
[2025-01-18T12:06:38.625+0000][9.746s][info ][gc,metaspace] GC(20) Metaspace: 34792K(35200K)->34792K(35200K) NonClass: 30467K(30656K)->30467K(30656K) Class: 4324K(4544K)->4324K(4544K)
[2025-01-18T12:06:38.625+0000][9.746s][info ][gc          ] GC(20) Pause Young (Normal) (G1 Evacuation Pause) 157M->59M(189M) 9.828ms
[2025-01-18T12:06:38.626+0000][9.746s][info ][gc,cpu      ] GC(20) User=0.05s Sys=0.00s Real=0.01s
[2025-01-18T12:06:38.626+0000][9.747s][info ][safepoint   ] Safepoint "G1CollectForAllocation", Time since last: 699294889 ns, Reaching safepoint: 433382 ns, Cleanup: 177179 ns, At safepoint: 10362419 ns, Total: 10972980 ns
[2025-01-18T12:06:39.023+0000][10.144s][debug][safepoint   ] Safepoint synchronization initiated using futex wait barrier. (15 threads)
[2025-01-18T12:06:39.024+0000][10.145s][info ][gc,start    ] GC(21) Pause Young (Concurrent Start) (Metadata GC Threshold)
[2025-01-18T12:06:39.025+0000][10.146s][info ][gc,task     ] GC(21) Using 4 workers of 10 for evacuation
[2025-01-18T12:06:39.032+0000][10.153s][info ][gc,phases   ] GC(21)   Pre Evacuate Collection Set: 0.2ms
[2025-01-18T12:06:39.033+0000][10.153s][info ][gc,phases   ] GC(21)   Merge Heap Roots: 0.2ms
[2025-01-18T12:06:39.033+0000][10.154s][info ][gc,phases   ] GC(21)   Evacuate Collection Set: 5.3ms
[2025-01-18T12:06:39.033+0000][10.154s][info ][gc,phases   ] GC(21)   Post Evacuate Collection Set: 1.3ms
[2025-01-18T12:06:39.033+0000][10.154s][info ][gc,phases   ] GC(21)   Other: 1.0ms
[2025-01-18T12:06:39.034+0000][10.154s][info ][gc,heap     ] GC(21) Eden regions: 55->0(99)
[2025-01-18T12:06:39.034+0000][10.155s][info ][gc,heap     ] GC(21) Survivor regions: 7->8(14)
[2025-01-18T12:06:39.034+0000][10.155s][info ][gc,heap     ] GC(21) Old regions: 53->53
[2025-01-18T12:06:39.034+0000][10.155s][info ][gc,heap     ] GC(21) Archive regions: 2->2
[2025-01-18T12:06:39.034+0000][10.155s][info ][gc,heap     ] GC(21) Humongous regions: 0->0
[2025-01-18T12:06:39.034+0000][10.155s][info ][gc,metaspace] GC(21) Metaspace: 35817K(36160K)->35817K(36160K) NonClass: 31372K(31552K)->31372K(31552K) Class: 4444K(4608K)->4444K(4608K)
[2025-01-18T12:06:39.035+0000][10.156s][info ][gc          ] GC(21) Pause Young (Concurrent Start) (Metadata GC Threshold) 114M->59M(189M) 10.492ms
[2025-01-18T12:06:39.035+0000][10.156s][info ][gc,cpu      ] GC(21) User=0.06s Sys=0.00s Real=0.01s
[2025-01-18T12:06:39.035+0000][10.156s][info ][gc          ] GC(22) Concurrent Mark Cycle
[2025-01-18T12:06:39.035+0000][10.156s][info ][safepoint   ] Safepoint "CollectForMetadataAllocation", Time since last: 397486136 ns, Reaching safepoint: 547678 ns, Cleanup: 281474 ns, At safepoint: 10965926 ns, Total: 11795078 ns
[2025-01-18T12:06:39.035+0000][10.156s][info ][gc,marking  ] GC(22) Concurrent Clear Claimed Marks
[2025-01-18T12:06:39.036+0000][10.157s][info ][gc,marking  ] GC(22) Concurrent Clear Claimed Marks 0.693ms
[2025-01-18T12:06:39.036+0000][10.157s][info ][gc,marking  ] GC(22) Concurrent Scan Root Regions
[2025-01-18T12:06:39.040+0000][10.160s][info ][gc,marking  ] GC(22) Concurrent Scan Root Regions 3.042ms
[2025-01-18T12:06:39.040+0000][10.161s][info ][gc,marking  ] GC(22) Concurrent Mark
[2025-01-18T12:06:39.040+0000][10.161s][info ][gc,marking  ] GC(22) Concurrent Mark From Roots
[2025-01-18T12:06:39.040+0000][10.161s][info ][gc,task     ] GC(22) Using 3 workers of 3 for marking
[2025-01-18T12:06:39.073+0000][10.194s][info ][gc,marking  ] GC(22) Concurrent Mark From Roots 33.227ms
[2025-01-18T12:06:39.074+0000][10.195s][info ][gc,marking  ] GC(22) Concurrent Preclean
[2025-01-18T12:06:39.075+0000][10.195s][info ][gc,marking  ] GC(22) Concurrent Preclean 0.521ms
[2025-01-18T12:06:39.075+0000][10.196s][debug][safepoint   ] Safepoint synchronization initiated using futex wait barrier. (15 threads)
[2025-01-18T12:06:39.076+0000][10.196s][info ][gc,start    ] GC(22) Pause Remark
[2025-01-18T12:06:39.081+0000][10.201s][info ][gc          ] GC(22) Pause Remark 62M->62M(189M) 5.053ms
[2025-01-18T12:06:39.081+0000][10.202s][info ][gc,cpu      ] GC(22) User=0.05s Sys=0.00s Real=0.01s
[2025-01-18T12:06:39.081+0000][10.202s][info ][safepoint   ] Safepoint "G1PauseRemark", Time since last: 39908514 ns, Reaching safepoint: 479243 ns, Cleanup: 19999 ns, At safepoint: 5864840 ns, Total: 6364082 ns
[2025-01-18T12:06:39.082+0000][10.203s][info ][gc,marking  ] GC(22) Concurrent Mark 41.742ms
[2025-01-18T12:06:39.082+0000][10.203s][info ][gc,marking  ] GC(22) Concurrent Rebuild Remembered Sets
[2025-01-18T12:06:39.100+0000][10.221s][info ][gc,marking  ] GC(22) Concurrent Rebuild Remembered Sets 18.301ms
[2025-01-18T12:06:39.101+0000][10.222s][debug][safepoint   ] Safepoint synchronization initiated using futex wait barrier. (15 threads)
[2025-01-18T12:06:39.101+0000][10.222s][info ][gc,start    ] GC(22) Pause Cleanup
[2025-01-18T12:06:39.102+0000][10.223s][info ][gc          ] GC(22) Pause Cleanup 63M->63M(189M) 0.491ms
[2025-01-18T12:06:39.102+0000][10.223s][info ][gc,cpu      ] GC(22) User=0.00s Sys=0.00s Real=0.00s
[2025-01-18T12:06:39.102+0000][10.223s][info ][safepoint   ] Safepoint "G1PauseCleanup", Time since last: 19660507 ns, Reaching safepoint: 380917 ns, Cleanup: 18216 ns, At safepoint: 1056839 ns, Total: 1455972 ns
[2025-01-18T12:06:39.103+0000][10.224s][info ][gc,marking  ] GC(22) Concurrent Cleanup for Next Mark
[2025-01-18T12:06:39.104+0000][10.225s][info ][gc,marking  ] GC(22) Concurrent Cleanup for Next Mark 1.116ms
[2025-01-18T12:06:39.104+0000][10.225s][info ][gc          ] GC(22) Concurrent Mark Cycle 69.478ms
[2025-01-18T12:06:39.825+0000][10.946s][debug][safepoint   ] Safepoint synchronization initiated using futex wait barrier. (15 threads)
[2025-01-18T12:06:39.826+0000][10.947s][info ][gc,start    ] GC(23) Pause Young (Prepare Mixed) (G1 Evacuation Pause)
[2025-01-18T12:06:39.826+0000][10.947s][info ][gc,task     ] GC(23) Using 4 workers of 10 for evacuation
[2025-01-18T12:06:39.836+0000][10.957s][info ][gc,phases   ] GC(23)   Pre Evacuate Collection Set: 0.1ms
[2025-01-18T12:06:39.836+0000][10.957s][info ][gc,phases   ] GC(23)   Merge Heap Roots: 0.2ms
[2025-01-18T12:06:39.837+0000][10.958s][info ][gc,phases   ] GC(23)   Evacuate Collection Set: 7.7ms
[2025-01-18T12:06:39.837+0000][10.958s][info ][gc,phases   ] GC(23)   Post Evacuate Collection Set: 1.3ms
[2025-01-18T12:06:39.837+0000][10.958s][info ][gc,phases   ] GC(23)   Other: 0.8ms
[2025-01-18T12:06:39.837+0000][10.958s][info ][gc,heap     ] GC(23) Eden regions: 99->0(1)
[2025-01-18T12:06:39.838+0000][10.959s][info ][gc,heap     ] GC(23) Survivor regions: 8->8(14)
[2025-01-18T12:06:39.838+0000][10.959s][info ][gc,heap     ] GC(23) Old regions: 53->53
[2025-01-18T12:06:39.838+0000][10.959s][info ][gc,heap     ] GC(23) Archive regions: 2->2
[2025-01-18T12:06:39.838+0000][10.959s][info ][gc,heap     ] GC(23) Humongous regions: 0->0
[2025-01-18T12:06:39.839+0000][10.960s][info ][gc,metaspace] GC(23) Metaspace: 38440K(38784K)->38440K(38784K) NonClass: 33566K(33728K)->33566K(33728K) Class: 4873K(5056K)->4873K(5056K)
[2025-01-18T12:06:39.839+0000][10.960s][info ][gc          ] GC(23) Pause Young (Prepare Mixed) (G1 Evacuation Pause) 158M->60M(189M) 13.150ms
[2025-01-18T12:06:39.839+0000][10.960s][info ][gc,cpu      ] GC(23) User=0.07s Sys=0.00s Real=0.02s
[2025-01-18T12:06:39.840+0000][10.961s][info ][safepoint   ] Safepoint "G1CollectForAllocation", Time since last: 722812485 ns, Reaching safepoint: 390529 ns, Cleanup: 77372 ns, At safepoint: 14152155 ns, Total: 14620056 ns
[2025-01-18T12:06:39.846+0000][10.967s][debug][safepoint   ] Safepoint synchronization initiated using futex wait barrier. (15 threads)
[2025-01-18T12:06:39.847+0000][10.968s][info ][gc,start    ] GC(24) Pause Young (Mixed) (G1 Evacuation Pause)
[2025-01-18T12:06:39.847+0000][10.968s][info ][gc,task     ] GC(24) Using 4 workers of 10 for evacuation
[2025-01-18T12:06:39.857+0000][10.978s][info ][gc,phases   ] GC(24)   Pre Evacuate Collection Set: 0.1ms
[2025-01-18T12:06:39.858+0000][10.979s][info ][gc,phases   ] GC(24)   Merge Heap Roots: 0.2ms
[2025-01-18T12:06:39.858+0000][10.979s][info ][gc,phases   ] GC(24)   Evacuate Collection Set: 8.0ms
[2025-01-18T12:06:39.859+0000][10.979s][info ][gc,phases   ] GC(24)   Post Evacuate Collection Set: 1.4ms
[2025-01-18T12:06:39.859+0000][10.980s][info ][gc,phases   ] GC(24)   Other: 0.8ms
[2025-01-18T12:06:39.859+0000][10.980s][info ][gc,heap     ] GC(24) Eden regions: 1->0(102)
[2025-01-18T12:06:39.860+0000][10.981s][info ][gc,heap     ] GC(24) Survivor regions: 8->2(2)
[2025-01-18T12:06:39.860+0000][10.981s][info ][gc,heap     ] GC(24) Old regions: 53->57
[2025-01-18T12:06:39.860+0000][10.981s][info ][gc,heap     ] GC(24) Archive regions: 2->2
[2025-01-18T12:06:39.860+0000][10.981s][info ][gc,heap     ] GC(24) Humongous regions: 0->0
[2025-01-18T12:06:39.861+0000][10.982s][info ][gc,metaspace] GC(24) Metaspace: 38462K(38848K)->38462K(38848K) NonClass: 33587K(33792K)->33587K(33792K) Class: 4874K(5056K)->4874K(5056K)
[2025-01-18T12:06:39.861+0000][10.982s][info ][gc          ] GC(24) Pause Young (Mixed) (G1 Evacuation Pause) 61M->59M(189M) 14.232ms
[2025-01-18T12:06:39.861+0000][10.982s][info ][gc,cpu      ] GC(24) User=0.09s Sys=0.00s Real=0.02s
[2025-01-18T12:06:39.862+0000][10.983s][info ][safepoint   ] Safepoint "G1CollectForAllocation", Time since last: 6412117 ns, Reaching safepoint: 458652 ns, Cleanup: 6904 ns, At safepoint: 14891574 ns, Total: 15357130 ns
[2025-01-18T12:06:40.724+0000][11.845s][debug][safepoint   ] Safepoint synchronization initiated using futex wait barrier. (15 threads)
[2025-01-18T12:06:40.725+0000][11.846s][info ][gc,start    ] GC(25) Pause Young (Normal) (G1 Evacuation Pause)
[2025-01-18T12:06:40.725+0000][11.846s][info ][gc,task     ] GC(25) Using 4 workers of 10 for evacuation
[2025-01-18T12:06:40.731+0000][11.852s][info ][gc,phases   ] GC(25)   Pre Evacuate Collection Set: 0.1ms
[2025-01-18T12:06:40.732+0000][11.853s][info ][gc,phases   ] GC(25)   Merge Heap Roots: 0.2ms
[2025-01-18T12:06:40.732+0000][11.853s][info ][gc,phases   ] GC(25)   Evacuate Collection Set: 2.8ms
[2025-01-18T12:06:40.732+0000][11.853s][info ][gc,phases   ] GC(25)   Post Evacuate Collection Set: 2.5ms
[2025-01-18T12:06:40.732+0000][11.853s][info ][gc,phases   ] GC(25)   Other: 0.7ms
[2025-01-18T12:06:40.732+0000][11.853s][info ][gc,heap     ] GC(25) Eden regions: 102->0(231)
[2025-01-18T12:06:40.733+0000][11.853s][info ][gc,heap     ] GC(25) Survivor regions: 2->3(13)
[2025-01-18T12:06:40.733+0000][11.854s][info ][gc,heap     ] GC(25) Old regions: 57->57
[2025-01-18T12:06:40.733+0000][11.854s][info ][gc,heap     ] GC(25) Archive regions: 2->2
[2025-01-18T12:06:40.734+0000][11.855s][info ][gc,heap     ] GC(25) Humongous regions: 0->0
[2025-01-18T12:06:40.734+0000][11.855s][info ][gc,metaspace] GC(25) Metaspace: 40482K(40896K)->40482K(40896K) NonClass: 35374K(35584K)->35374K(35584K) Class: 5107K(5312K)->5107K(5312K)
[2025-01-18T12:06:40.734+0000][11.855s][info ][gc          ] GC(25) Pause Young (Normal) (G1 Evacuation Pause) 161M->60M(391M) 8.937ms
[2025-01-18T12:06:40.734+0000][11.855s][info ][gc,cpu      ] GC(25) User=0.04s Sys=0.00s Real=0.01s
[2025-01-18T12:06:40.734+0000][11.855s][info ][safepoint   ] Safepoint "G1CollectForAllocation", Time since last: 862626243 ns, Reaching safepoint: 465986 ns, Cleanup: 173271 ns, At safepoint: 9373760 ns, Total: 10013017 ns
[2025-01-18T12:06:41.738+0000][12.861s][debug][safepoint   ] Safepoint synchronization initiated using futex wait barrier. (15 threads)
[2025-01-18T12:06:41.739+0000][12.861s][info ][safepoint   ] Safepoint "ICBufferFull", Time since last: 1005290224 ns, Reaching safepoint: 395809 ns, Cleanup: 150837 ns, At safepoint: 22734 ns, Total: 569380 ns
[2025-01-18T12:06:41.778+0000][12.900s][debug][safepoint   ] ... found polling page loop exception at pc = 0x00007f78552390ff, stub =0x00007f7854af5400
[2025-01-18T12:06:42.522+0000][13.644s][debug][safepoint   ] Safepoint synchronization initiated using futex wait barrier. (16 threads)
[2025-01-18T12:06:42.522+0000][13.645s][info ][gc,start    ] GC(26) Pause Young (Normal) (G1 Evacuation Pause)
[2025-01-18T12:06:42.523+0000][13.645s][info ][gc,task     ] GC(26) Using 9 workers of 10 for evacuation
[2025-01-18T12:06:42.529+0000][13.651s][info ][gc,phases   ] GC(26)   Pre Evacuate Collection Set: 0.3ms
[2025-01-18T12:06:42.529+0000][13.652s][info ][gc,phases   ] GC(26)   Merge Heap Roots: 0.2ms
[2025-01-18T12:06:42.530+0000][13.652s][info ][gc,phases   ] GC(26)   Evacuate Collection Set: 4.1ms
[2025-01-18T12:06:42.530+0000][13.652s][info ][gc,phases   ] GC(26)   Post Evacuate Collection Set: 1.2ms
[2025-01-18T12:06:42.530+0000][13.652s][info ][gc,phases   ] GC(26)   Other: 0.8ms
[2025-01-18T12:06:42.530+0000][13.653s][info ][gc,heap     ] GC(26) Eden regions: 231->0(227)
[2025-01-18T12:06:42.530+0000][13.653s][info ][gc,heap     ] GC(26) Survivor regions: 3->7(30)
[2025-01-18T12:06:42.531+0000][13.653s][info ][gc,heap     ] GC(26) Old regions: 57->57
[2025-01-18T12:06:42.531+0000][13.653s][info ][gc,heap     ] GC(26) Archive regions: 2->2
[2025-01-18T12:06:42.531+0000][13.653s][info ][gc,heap     ] GC(26) Humongous regions: 0->0
[2025-01-18T12:06:42.531+0000][13.653s][info ][gc,metaspace] GC(26) Metaspace: 45653K(46016K)->45653K(46016K) NonClass: 39792K(40000K)->39792K(40000K) Class: 5861K(6016K)->5861K(6016K)
[2025-01-18T12:06:42.531+0000][13.654s][info ][gc          ] GC(26) Pause Young (Normal) (G1 Evacuation Pause) 291M->64M(391M) 8.767ms
[2025-01-18T12:06:42.531+0000][13.654s][info ][gc,cpu      ] GC(26) User=0.06s Sys=0.00s Real=0.01s
[2025-01-18T12:06:42.532+0000][13.654s][info ][safepoint   ] Safepoint "G1CollectForAllocation", Time since last: 782949462 ns, Reaching safepoint: 469954 ns, Cleanup: 210554 ns, At safepoint: 9258456 ns, Total: 9938964 ns
[2025-01-18T12:06:43.570+0000][14.692s][debug][safepoint   ] Safepoint synchronization initiated using futex wait barrier. (16 threads)
[2025-01-18T12:06:43.571+0000][14.693s][info ][safepoint   ] Safepoint "ICBufferFull", Time since last: 1038417117 ns, Reaching safepoint: 515645 ns, Cleanup: 244591 ns, At safepoint: 9559 ns, Total: 769795 ns
[2025-01-18T12:06:44.770+0000][15.892s][debug][safepoint   ] Safepoint synchronization initiated using futex wait barrier. (18 threads)
[2025-01-18T12:06:44.771+0000][15.893s][info ][safepoint   ] Safepoint "Cleanup", Time since last: 1199314079 ns, Reaching safepoint: 445576 ns, Cleanup: 29428 ns, At safepoint: 19969 ns, Total: 494973 ns
[2025-01-18T12:06:44.963+0000][16.085s][debug][safepoint   ] Safepoint synchronization initiated using futex wait barrier. (18 threads)
[2025-01-18T12:06:44.964+0000][16.086s][info ][safepoint   ] Safepoint "ICBufferFull", Time since last: 192220248 ns, Reaching safepoint: 486216 ns, Cleanup: 138062 ns, At safepoint: 40840 ns, Total: 665118 ns
[2025-01-18T12:06:45.373+0000][16.496s][debug][safepoint   ] Safepoint synchronization initiated using futex wait barrier. (18 threads)
[2025-01-18T12:06:45.374+0000][16.496s][info ][gc,start    ] GC(27) Pause Young (Normal) (G1 Evacuation Pause)
[2025-01-18T12:06:45.374+0000][16.496s][info ][gc,task     ] GC(27) Using 9 workers of 10 for evacuation
[2025-01-18T12:06:45.383+0000][16.505s][info ][gc,phases   ] GC(27)   Pre Evacuate Collection Set: 0.2ms
[2025-01-18T12:06:45.383+0000][16.505s][info ][gc,phases   ] GC(27)   Merge Heap Roots: 0.2ms
[2025-01-18T12:06:45.383+0000][16.506s][info ][gc,phases   ] GC(27)   Evacuate Collection Set: 6.0ms
[2025-01-18T12:06:45.384+0000][16.506s][info ][gc,phases   ] GC(27)   Post Evacuate Collection Set: 1.7ms
[2025-01-18T12:06:45.384+0000][16.506s][info ][gc,phases   ] GC(27)   Other: 0.8ms
[2025-01-18T12:06:45.384+0000][16.506s][info ][gc,heap     ] GC(27) Eden regions: 227->0(223)
[2025-01-18T12:06:45.384+0000][16.506s][info ][gc,heap     ] GC(27) Survivor regions: 7->11(30)
[2025-01-18T12:06:45.384+0000][16.507s][info ][gc,heap     ] GC(27) Old regions: 57->57
[2025-01-18T12:06:45.384+0000][16.507s][info ][gc,heap     ] GC(27) Archive regions: 2->2
[2025-01-18T12:06:45.385+0000][16.507s][info ][gc,heap     ] GC(27) Humongous regions: 0->0
[2025-01-18T12:06:45.385+0000][16.507s][info ][gc,metaspace] GC(27) Metaspace: 55453K(55872K)->55453K(55872K) NonClass: 48434K(48640K)->48434K(48640K) Class: 7018K(7232K)->7018K(7232K)
[2025-01-18T12:06:45.385+0000][16.507s][info ][gc          ] GC(27) Pause Young (Normal) (G1 Evacuation Pause) 291M->68M(391M) 11.095ms
[2025-01-18T12:06:45.385+0000][16.507s][info ][gc,cpu      ] GC(27) User=0.09s Sys=0.00s Real=0.01s
[2025-01-18T12:06:45.385+0000][16.508s][info ][safepoint   ] Safepoint "G1CollectForAllocation", Time since last: 409775648 ns, Reaching safepoint: 455877 ns, Cleanup: 79997 ns, At safepoint: 11447609 ns, Total: 11983483 ns
[2025-01-18T12:06:46.100+0000][17.222s][debug][safepoint   ] Safepoint synchronization initiated using futex wait barrier. (18 threads)
[2025-01-18T12:06:46.101+0000][17.223s][info ][gc,start    ] GC(28) Pause Young (Concurrent Start) (Metadata GC Threshold)
[2025-01-18T12:06:46.101+0000][17.223s][info ][gc,task     ] GC(28) Using 9 workers of 10 for evacuation
[2025-01-18T12:06:46.108+0000][17.230s][info ][gc,phases   ] GC(28)   Pre Evacuate Collection Set: 0.3ms
[2025-01-18T12:06:46.108+0000][17.231s][info ][gc,phases   ] GC(28)   Merge Heap Roots: 0.2ms
[2025-01-18T12:06:46.109+0000][17.231s][info ][gc,phases   ] GC(28)   Evacuate Collection Set: 5.1ms
[2025-01-18T12:06:46.109+0000][17.231s][info ][gc,phases   ] GC(28)   Post Evacuate Collection Set: 1.3ms
[2025-01-18T12:06:46.109+0000][17.231s][info ][gc,phases   ] GC(28)   Other: 0.6ms
[2025-01-18T12:06:46.109+0000][17.232s][info ][gc,heap     ] GC(28) Eden regions: 137->0(221)
[2025-01-18T12:06:46.110+0000][17.232s][info ][gc,heap     ] GC(28) Survivor regions: 11->13(30)
[2025-01-18T12:06:46.110+0000][17.232s][info ][gc,heap     ] GC(28) Old regions: 57->57
[2025-01-18T12:06:46.110+0000][17.232s][info ][gc,heap     ] GC(28) Archive regions: 2->2
[2025-01-18T12:06:46.110+0000][17.232s][info ][gc,heap     ] GC(28) Humongous regions: 0->0
[2025-01-18T12:06:46.110+0000][17.233s][info ][gc,metaspace] GC(28) Metaspace: 60265K(60736K)->60265K(60736K) NonClass: 52574K(52800K)->52574K(52800K) Class: 7691K(7936K)->7691K(7936K)
[2025-01-18T12:06:46.110+0000][17.233s][info ][gc          ] GC(28) Pause Young (Concurrent Start) (Metadata GC Threshold) 205M->69M(391M) 9.778ms
[2025-01-18T12:06:46.111+0000][17.233s][info ][gc,cpu      ] GC(28) User=0.04s Sys=0.01s Real=0.01s
[2025-01-18T12:06:46.111+0000][17.233s][info ][gc          ] GC(29) Concurrent Mark Cycle
[2025-01-18T12:06:46.111+0000][17.233s][info ][gc,marking  ] GC(29) Concurrent Clear Claimed Marks
[2025-01-18T12:06:46.111+0000][17.233s][info ][safepoint   ] Safepoint "CollectForMetadataAllocation", Time since last: 714810982 ns, Reaching safepoint: 440417 ns, Cleanup: 39888 ns, At safepoint: 10191759 ns, Total: 10672064 ns
[2025-01-18T12:06:46.111+0000][17.234s][info ][gc,marking  ] GC(29) Concurrent Clear Claimed Marks 0.237ms
[2025-01-18T12:06:46.112+0000][17.234s][info ][gc,marking  ] GC(29) Concurrent Scan Root Regions
[2025-01-18T12:06:46.116+0000][17.238s][info ][gc,marking  ] GC(29) Concurrent Scan Root Regions 4.348ms
[2025-01-18T12:06:46.116+0000][17.239s][info ][gc,marking  ] GC(29) Concurrent Mark
[2025-01-18T12:06:46.117+0000][17.239s][info ][gc,marking  ] GC(29) Concurrent Mark From Roots
[2025-01-18T12:06:46.117+0000][17.239s][info ][gc,task     ] GC(29) Using 3 workers of 3 for marking
[2025-01-18T12:06:46.137+0000][17.259s][debug][safepoint   ] Safepoint synchronization initiated using futex wait barrier. (19 threads)
[2025-01-18T12:06:46.137+0000][17.260s][info ][safepoint   ] Safepoint "CollectForMetadataAllocation", Time since last: 25949117 ns, Reaching safepoint: 549220 ns, Cleanup: 10070 ns, At safepoint: 91700 ns, Total: 650990 ns
[2025-01-18T12:06:46.141+0000][17.264s][info ][gc,marking  ] GC(29) Concurrent Mark From Roots 24.584ms
[2025-01-18T12:06:46.142+0000][17.264s][info ][gc,marking  ] GC(29) Concurrent Preclean
[2025-01-18T12:06:46.142+0000][17.264s][info ][gc,marking  ] GC(29) Concurrent Preclean 0.382ms
[2025-01-18T12:06:46.142+0000][17.265s][debug][safepoint   ] Safepoint synchronization initiated using futex wait barrier. (19 threads)
[2025-01-18T12:06:46.142+0000][17.265s][info ][gc,start    ] GC(29) Pause Remark
[2025-01-18T12:06:46.146+0000][17.269s][info ][gc          ] GC(29) Pause Remark 73M->73M(254M) 3.713ms
[2025-01-18T12:06:46.147+0000][17.269s][info ][gc,cpu      ] GC(29) User=0.02s Sys=0.00s Real=0.01s
[2025-01-18T12:06:46.147+0000][17.269s][info ][safepoint   ] Safepoint "G1PauseRemark", Time since last: 4828599 ns, Reaching safepoint: 240092 ns, Cleanup: 8206 ns, At safepoint: 4451166 ns, Total: 4699464 ns
[2025-01-18T12:06:46.147+0000][17.269s][info ][gc,marking  ] GC(29) Concurrent Mark 30.835ms
[2025-01-18T12:06:46.147+0000][17.270s][info ][gc,marking  ] GC(29) Concurrent Rebuild Remembered Sets
[2025-01-18T12:06:46.165+0000][17.288s][info ][gc,marking  ] GC(29) Concurrent Rebuild Remembered Sets 17.868ms
[2025-01-18T12:06:46.166+0000][17.288s][debug][safepoint   ] Safepoint synchronization initiated using futex wait barrier. (19 threads)
[2025-01-18T12:06:46.166+0000][17.288s][debug][safepoint   ] ... found polling page loop exception at pc = 0x00007f78550f0f4b, stub =0x00007f7854af5400
[2025-01-18T12:06:46.166+0000][17.289s][info ][gc,start    ] GC(29) Pause Cleanup
[2025-01-18T12:06:46.167+0000][17.289s][info ][gc          ] GC(29) Pause Cleanup 78M->78M(254M) 0.622ms
[2025-01-18T12:06:46.167+0000][17.290s][info ][gc,cpu      ] GC(29) User=0.00s Sys=0.00s Real=0.01s
[2025-01-18T12:06:46.168+0000][17.290s][info ][safepoint   ] Safepoint "G1PauseCleanup", Time since last: 18805134 ns, Reaching safepoint: 679657 ns, Cleanup: 5130 ns, At safepoint: 1113440 ns, Total: 1798227 ns
[2025-01-18T12:06:46.168+0000][17.290s][info ][gc,marking  ] GC(29) Concurrent Cleanup for Next Mark
[2025-01-18T12:06:46.170+0000][17.293s][info ][gc,marking  ] GC(29) Concurrent Cleanup for Next Mark 2.526ms
[2025-01-18T12:06:46.171+0000][17.293s][info ][gc          ] GC(29) Concurrent Mark Cycle 59.940ms
[2025-01-18T12:06:46.804+0000][17.926s][debug][safepoint   ] Safepoint synchronization initiated using futex wait barrier. (21 threads)
[2025-01-18T12:06:46.807+0000][17.929s][info ][gc,start    ] GC(30) Pause Young (Prepare Mixed) (G1 Evacuation Pause)
[2025-01-18T12:06:46.807+0000][17.929s][info ][gc,task     ] GC(30) Using 7 workers of 10 for evacuation
[2025-01-18T12:06:46.814+0000][17.937s][info ][gc,phases   ] GC(30)   Pre Evacuate Collection Set: 0.1ms
[2025-01-18T12:06:46.815+0000][17.937s][info ][gc,phases   ] GC(30)   Merge Heap Roots: 0.1ms
[2025-01-18T12:06:46.815+0000][17.938s][info ][gc,phases   ] GC(30)   Evacuate Collection Set: 5.4ms
[2025-01-18T12:06:46.815+0000][17.938s][info ][gc,phases   ] GC(30)   Post Evacuate Collection Set: 1.5ms
[2025-01-18T12:06:46.816+0000][17.938s][info ][gc,phases   ] GC(30)   Other: 0.7ms
[2025-01-18T12:06:46.816+0000][17.938s][info ][gc,heap     ] GC(30) Eden regions: 139->0(1)
[2025-01-18T12:06:46.816+0000][17.938s][info ][gc,heap     ] GC(30) Survivor regions: 13->12(19)
[2025-01-18T12:06:46.816+0000][17.939s][info ][gc,heap     ] GC(30) Old regions: 57->59
[2025-01-18T12:06:46.816+0000][17.939s][info ][gc,heap     ] GC(30) Archive regions: 2->2
[2025-01-18T12:06:46.817+0000][17.939s][info ][gc,heap     ] GC(30) Humongous regions: 0->0
[2025-01-18T12:06:46.817+0000][17.939s][info ][gc,metaspace] GC(30) Metaspace: 63512K(63936K)->63512K(63936K) NonClass: 55408K(55616K)->55408K(55616K) Class: 8103K(8320K)->8103K(8320K)
[2025-01-18T12:06:46.817+0000][17.939s][info ][gc          ] GC(30) Pause Young (Prepare Mixed) (G1 Evacuation Pause) 208M->70M(254M) 10.433ms
[2025-01-18T12:06:46.817+0000][17.940s][info ][gc,cpu      ] GC(30) User=0.04s Sys=0.00s Real=0.01s
[2025-01-18T12:06:46.817+0000][17.940s][info ][safepoint   ] Safepoint "G1CollectForAllocation", Time since last: 636317202 ns, Reaching safepoint: 698484 ns, Cleanup: 2032237 ns, At safepoint: 10833481 ns, Total: 13564202 ns
[2025-01-18T12:06:46.821+0000][17.944s][debug][safepoint   ] Safepoint synchronization initiated using futex wait barrier. (21 threads)
[2025-01-18T12:06:46.822+0000][17.944s][info ][gc,start    ] GC(31) Pause Young (Mixed) (G1 Evacuation Pause)
[2025-01-18T12:06:46.822+0000][17.944s][info ][gc,task     ] GC(31) Using 6 workers of 10 for evacuation
[2025-01-18T12:06:46.831+0000][17.953s][info ][gc,phases   ] GC(31)   Pre Evacuate Collection Set: 0.2ms
[2025-01-18T12:06:46.831+0000][17.953s][info ][gc,phases   ] GC(31)   Merge Heap Roots: 0.2ms
[2025-01-18T12:06:46.831+0000][17.953s][info ][gc,phases   ] GC(31)   Evacuate Collection Set: 6.8ms
[2025-01-18T12:06:46.831+0000][17.954s][info ][gc,phases   ] GC(31)   Post Evacuate Collection Set: 1.1ms
[2025-01-18T12:06:46.831+0000][17.954s][info ][gc,phases   ] GC(31)   Other: 0.7ms
[2025-01-18T12:06:46.832+0000][17.954s][info ][gc,heap     ] GC(31) Eden regions: 1->0(147)
[2025-01-18T12:06:46.832+0000][17.954s][info ][gc,heap     ] GC(31) Survivor regions: 12->2(2)
[2025-01-18T12:06:46.832+0000][17.954s][info ][gc,heap     ] GC(31) Old regions: 59->68
[2025-01-18T12:06:46.832+0000][17.954s][info ][gc,heap     ] GC(31) Archive regions: 2->2
[2025-01-18T12:06:46.832+0000][17.955s][info ][gc,heap     ] GC(31) Humongous regions: 0->0
[2025-01-18T12:06:46.832+0000][17.955s][info ][gc,metaspace] GC(31) Metaspace: 63528K(63936K)->63528K(63936K) NonClass: 55422K(55616K)->55422K(55616K) Class: 8106K(8320K)->8106K(8320K)
[2025-01-18T12:06:46.833+0000][17.955s][info ][gc          ] GC(31) Pause Young (Mixed) (G1 Evacuation Pause) 71M->69M(254M) 11.030ms
[2025-01-18T12:06:46.833+0000][17.955s][info ][gc,cpu      ] GC(31) User=0.04s Sys=0.00s Real=0.01s
[2025-01-18T12:06:46.833+0000][17.955s][info ][safepoint   ] Safepoint "G1CollectForAllocation", Time since last: 3838752 ns, Reaching safepoint: 356432 ns, Cleanup: 4639 ns, At safepoint: 11431428 ns, Total: 11792499 ns
[2025-01-18T12:06:47.326+0000][18.449s][debug][safepoint   ] Safepoint synchronization initiated using futex wait barrier. (20 threads)
[2025-01-18T12:06:47.327+0000][18.449s][info ][gc,start    ] GC(32) Pause Young (Concurrent Start) (G1 Evacuation Pause)
[2025-01-18T12:06:47.327+0000][18.449s][info ][gc,task     ] GC(32) Using 6 workers of 10 for evacuation
[2025-01-18T12:06:47.331+0000][18.454s][info ][gc,phases   ] GC(32)   Pre Evacuate Collection Set: 0.2ms
[2025-01-18T12:06:47.332+0000][18.454s][info ][gc,phases   ] GC(32)   Merge Heap Roots: 0.1ms
[2025-01-18T12:06:47.332+0000][18.454s][info ][gc,phases   ] GC(32)   Evacuate Collection Set: 2.5ms
[2025-01-18T12:06:47.332+0000][18.455s][info ][gc,phases   ] GC(32)   Post Evacuate Collection Set: 1.2ms
[2025-01-18T12:06:47.332+0000][18.455s][info ][gc,phases   ] GC(32)   Other: 0.5ms
[2025-01-18T12:06:47.333+0000][18.455s][info ][gc,heap     ] GC(32) Eden regions: 147->0(148)
[2025-01-18T12:06:47.333+0000][18.455s][info ][gc,heap     ] GC(32) Survivor regions: 2->2(19)
[2025-01-18T12:06:47.333+0000][18.455s][info ][gc,heap     ] GC(32) Old regions: 68->68
[2025-01-18T12:06:47.333+0000][18.456s][info ][gc,heap     ] GC(32) Archive regions: 2->2
[2025-01-18T12:06:47.333+0000][18.456s][info ][gc,heap     ] GC(32) Humongous regions: 0->0
[2025-01-18T12:06:47.334+0000][18.456s][info ][gc,metaspace] GC(32) Metaspace: 67592K(68096K)->67592K(68096K) NonClass: 58887K(59136K)->58887K(59136K) Class: 8705K(8960K)->8705K(8960K)
[2025-01-18T12:06:47.334+0000][18.456s][info ][gc          ] GC(32) Pause Young (Concurrent Start) (G1 Evacuation Pause) 216M->69M(254M) 6.893ms
[2025-01-18T12:06:47.334+0000][18.456s][info ][gc,cpu      ] GC(32) User=0.02s Sys=0.00s Real=0.00s
[2025-01-18T12:06:47.334+0000][18.457s][info ][gc          ] GC(33) Concurrent Mark Cycle
[2025-01-18T12:06:47.334+0000][18.457s][info ][safepoint   ] Safepoint "G1CollectForAllocation", Time since last: 493439387 ns, Reaching safepoint: 394335 ns, Cleanup: 72844 ns, At safepoint: 7443061 ns, Total: 7910240 ns
[2025-01-18T12:06:47.335+0000][18.457s][info ][gc,marking  ] GC(33) Concurrent Clear Claimed Marks
[2025-01-18T12:06:47.336+0000][18.458s][info ][gc,marking  ] GC(33) Concurrent Clear Claimed Marks 1.126ms
[2025-01-18T12:06:47.336+0000][18.458s][info ][gc,marking  ] GC(33) Concurrent Scan Root Regions
[2025-01-18T12:06:47.338+0000][18.460s][info ][gc,marking  ] GC(33) Concurrent Scan Root Regions 1.794ms
[2025-01-18T12:06:47.339+0000][18.461s][info ][gc,marking  ] GC(33) Concurrent Mark
[2025-01-18T12:06:47.339+0000][18.461s][info ][gc,marking  ] GC(33) Concurrent Mark From Roots
[2025-01-18T12:06:47.339+0000][18.461s][info ][gc,task     ] GC(33) Using 3 workers of 3 for marking
[2025-01-18T12:06:47.376+0000][18.498s][info ][gc,marking  ] GC(33) Concurrent Mark From Roots 36.810ms
[2025-01-18T12:06:47.376+0000][18.498s][info ][gc,marking  ] GC(33) Concurrent Preclean
[2025-01-18T12:06:47.376+0000][18.499s][info ][gc,marking  ] GC(33) Concurrent Preclean 0.445ms
[2025-01-18T12:06:47.377+0000][18.499s][debug][safepoint   ] Safepoint synchronization initiated using futex wait barrier. (20 threads)
[2025-01-18T12:06:47.377+0000][18.499s][info ][gc,start    ] GC(33) Pause Remark
[2025-01-18T12:06:47.381+0000][18.503s][info ][gc          ] GC(33) Pause Remark 75M->75M(254M) 3.998ms
[2025-01-18T12:06:47.381+0000][18.504s][info ][gc,cpu      ] GC(33) User=0.02s Sys=0.00s Real=0.00s
[2025-01-18T12:06:47.382+0000][18.504s][info ][safepoint   ] Safepoint "G1PauseRemark", Time since last: 42371061 ns, Reaching safepoint: 238018 ns, Cleanup: 33396 ns, At safepoint: 4669676 ns, Total: 4941090 ns
[2025-01-18T12:06:47.382+0000][18.504s][info ][gc,marking  ] GC(33) Concurrent Mark 43.444ms
[2025-01-18T12:06:47.382+0000][18.505s][info ][gc,marking  ] GC(33) Concurrent Rebuild Remembered Sets
[2025-01-18T12:06:47.403+0000][18.525s][info ][gc,marking  ] GC(33) Concurrent Rebuild Remembered Sets 20.205ms
[2025-01-18T12:06:47.403+0000][18.526s][debug][safepoint   ] Safepoint synchronization initiated using futex wait barrier. (20 threads)
[2025-01-18T12:06:47.404+0000][18.526s][info ][gc,start    ] GC(33) Pause Cleanup
[2025-01-18T12:06:47.404+0000][18.527s][info ][gc          ] GC(33) Pause Cleanup 78M->78M(254M) 0.585ms
[2025-01-18T12:06:47.405+0000][18.527s][info ][gc,cpu      ] GC(33) User=0.00s Sys=0.00s Real=0.00s
[2025-01-18T12:06:47.405+0000][18.527s][info ][safepoint   ] Safepoint "G1PauseCleanup", Time since last: 21565424 ns, Reaching safepoint: 481266 ns, Cleanup: 20160 ns, At safepoint: 1146505 ns, Total: 1647931 ns
[2025-01-18T12:06:47.405+0000][18.527s][info ][gc,marking  ] GC(33) Concurrent Cleanup for Next Mark
[2025-01-18T12:06:47.406+0000][18.528s][info ][gc,marking  ] GC(33) Concurrent Cleanup for Next Mark 0.644ms
[2025-01-18T12:06:47.406+0000][18.528s][info ][gc          ] GC(33) Concurrent Mark Cycle 71.887ms
[2025-01-18T12:06:47.861+0000][18.984s][debug][safepoint   ] Safepoint synchronization initiated using futex wait barrier. (20 threads)
[2025-01-18T12:06:47.862+0000][18.984s][info ][safepoint   ] Safepoint "ICBufferFull", Time since last: 456448160 ns, Reaching safepoint: 459323 ns, Cleanup: 207609 ns, At safepoint: 45479 ns, Total: 712411 ns
[2025-01-18T12:06:48.055+0000][19.178s][debug][safepoint   ] Safepoint synchronization initiated using futex wait barrier. (20 threads)
[2025-01-18T12:06:48.056+0000][19.179s][info ][gc,start    ] GC(34) Pause Young (Prepare Mixed) (G1 Evacuation Pause)
[2025-01-18T12:06:48.057+0000][19.179s][info ][gc,task     ] GC(34) Using 6 workers of 10 for evacuation
[2025-01-18T12:06:48.062+0000][19.185s][info ][gc,phases   ] GC(34)   Pre Evacuate Collection Set: 0.3ms
[2025-01-18T12:06:48.063+0000][19.185s][info ][gc,phases   ] GC(34)   Merge Heap Roots: 0.3ms
[2025-01-18T12:06:48.063+0000][19.185s][info ][gc,phases   ] GC(34)   Evacuate Collection Set: 3.4ms
[2025-01-18T12:06:48.063+0000][19.185s][info ][gc,phases   ] GC(34)   Post Evacuate Collection Set: 1.2ms
[2025-01-18T12:06:48.063+0000][19.186s][info ][gc,phases   ] GC(34)   Other: 1.0ms
[2025-01-18T12:06:48.064+0000][19.186s][info ][gc,heap     ] GC(34) Eden regions: 148->0(7)
[2025-01-18T12:06:48.064+0000][19.186s][info ][gc,heap     ] GC(34) Survivor regions: 2->5(19)
[2025-01-18T12:06:48.064+0000][19.186s][info ][gc,heap     ] GC(34) Old regions: 68->68
[2025-01-18T12:06:48.064+0000][19.187s][info ][gc,heap     ] GC(34) Archive regions: 2->2
[2025-01-18T12:06:48.065+0000][19.187s][info ][gc,heap     ] GC(34) Humongous regions: 0->0
[2025-01-18T12:06:48.065+0000][19.187s][info ][gc,metaspace] GC(34) Metaspace: 71013K(71488K)->71013K(71488K) NonClass: 61903K(62144K)->61903K(62144K) Class: 9109K(9344K)->9109K(9344K)
[2025-01-18T12:06:48.065+0000][19.187s][info ][gc          ] GC(34) Pause Young (Prepare Mixed) (G1 Evacuation Pause) 217M->73M(254M) 8.751ms
[2025-01-18T12:06:48.065+0000][19.188s][info ][gc,cpu      ] GC(34) User=0.03s Sys=0.00s Real=0.01s
[2025-01-18T12:06:48.065+0000][19.188s][info ][safepoint   ] Safepoint "G1CollectForAllocation", Time since last: 193430150 ns, Reaching safepoint: 707001 ns, Cleanup: 27694 ns, At safepoint: 9245137 ns, Total: 9979832 ns
[2025-01-18T12:06:48.089+0000][19.211s][debug][safepoint   ] Safepoint synchronization initiated using futex wait barrier. (20 threads)
[2025-01-18T12:06:48.089+0000][19.211s][info ][gc,start    ] GC(35) Pause Young (Mixed) (G1 Evacuation Pause)
[2025-01-18T12:06:48.090+0000][19.212s][info ][gc,task     ] GC(35) Using 6 workers of 10 for evacuation
[2025-01-18T12:06:48.096+0000][19.218s][info ][gc,phases   ] GC(35)   Pre Evacuate Collection Set: 0.1ms
[2025-01-18T12:06:48.097+0000][19.219s][info ][gc,phases   ] GC(35)   Merge Heap Roots: 0.2ms
[2025-01-18T12:06:48.097+0000][19.219s][info ][gc,phases   ] GC(35)   Evacuate Collection Set: 4.6ms
[2025-01-18T12:06:48.097+0000][19.219s][info ][gc,phases   ] GC(35)   Post Evacuate Collection Set: 1.0ms
[2025-01-18T12:06:48.097+0000][19.220s][info ][gc,phases   ] GC(35)   Other: 1.1ms
[2025-01-18T12:06:48.098+0000][19.220s][info ][gc,heap     ] GC(35) Eden regions: 7->0(144)
[2025-01-18T12:06:48.098+0000][19.220s][info ][gc,heap     ] GC(35) Survivor regions: 5->1(2)
[2025-01-18T12:06:48.098+0000][19.220s][info ][gc,heap     ] GC(35) Old regions: 68->72
[2025-01-18T12:06:48.098+0000][19.221s][info ][gc,heap     ] GC(35) Archive regions: 2->2
[2025-01-18T12:06:48.099+0000][19.221s][info ][gc,heap     ] GC(35) Humongous regions: 0->0
[2025-01-18T12:06:48.099+0000][19.221s][info ][gc,metaspace] GC(35) Metaspace: 71175K(71616K)->71175K(71616K) NonClass: 62041K(62272K)->62041K(62272K) Class: 9133K(9344K)->9133K(9344K)
[2025-01-18T12:06:48.099+0000][19.221s][info ][gc          ] GC(35) Pause Young (Mixed) (G1 Evacuation Pause) 80M->72M(254M) 9.933ms
[2025-01-18T12:06:48.099+0000][19.222s][info ][gc,cpu      ] GC(35) User=0.03s Sys=0.00s Real=0.01s
[2025-01-18T12:06:48.100+0000][19.222s][info ][safepoint   ] Safepoint "G1CollectForAllocation", Time since last: 23071194 ns, Reaching safepoint: 576434 ns, Cleanup: 23065 ns, At safepoint: 10492170 ns, Total: 11091669 ns
[2025-01-18T12:06:48.274+0000][19.396s][debug][safepoint   ] Safepoint synchronization initiated using futex wait barrier. (20 threads)
[2025-01-18T12:06:48.274+0000][19.397s][info ][safepoint   ] Safepoint "ICBufferFull", Time since last: 173958846 ns, Reaching safepoint: 487499 ns, Cleanup: 114195 ns, At safepoint: 3106 ns, Total: 604800 ns
[2025-01-18T12:06:48.829+0000][19.951s][debug][safepoint   ] Safepoint synchronization initiated using futex wait barrier. (20 threads)
[2025-01-18T12:06:48.829+0000][19.952s][info ][gc,start    ] GC(36) Pause Young (Normal) (G1 Evacuation Pause)
[2025-01-18T12:06:48.830+0000][19.952s][info ][gc,task     ] GC(36) Using 6 workers of 10 for evacuation
[2025-01-18T12:06:48.834+0000][19.956s][info ][gc,phases   ] GC(36)   Pre Evacuate Collection Set: 0.2ms
[2025-01-18T12:06:48.834+0000][19.957s][info ][gc,phases   ] GC(36)   Merge Heap Roots: 0.2ms
[2025-01-18T12:06:48.835+0000][19.957s][info ][gc,phases   ] GC(36)   Evacuate Collection Set: 2.3ms
[2025-01-18T12:06:48.835+0000][19.957s][info ][gc,phases   ] GC(36)   Post Evacuate Collection Set: 1.1ms
[2025-01-18T12:06:48.835+0000][19.957s][info ][gc,phases   ] GC(36)   Other: 0.8ms
[2025-01-18T12:06:48.835+0000][19.958s][info ][gc,heap     ] GC(36) Eden regions: 144->0(144)
[2025-01-18T12:06:48.835+0000][19.958s][info ][gc,heap     ] GC(36) Survivor regions: 1->2(19)
[2025-01-18T12:06:48.836+0000][19.958s][info ][gc,heap     ] GC(36) Old regions: 72->72
[2025-01-18T12:06:48.836+0000][19.958s][info ][gc,heap     ] GC(36) Archive regions: 2->2
[2025-01-18T12:06:48.836+0000][19.958s][info ][gc,heap     ] GC(36) Humongous regions: 0->0
[2025-01-18T12:06:48.836+0000][19.958s][info ][gc,metaspace] GC(36) Metaspace: 76485K(76992K)->76485K(76992K) NonClass: 66568K(66816K)->66568K(66816K) Class: 9916K(10176K)->9916K(10176K)
[2025-01-18T12:06:48.836+0000][19.959s][info ][gc          ] GC(36) Pause Young (Normal) (G1 Evacuation Pause) 216M->73M(254M) 6.966ms
[2025-01-18T12:06:48.837+0000][19.959s][info ][gc,cpu      ] GC(36) User=0.02s Sys=0.00s Real=0.00s
[2025-01-18T12:06:48.837+0000][19.959s][info ][safepoint   ] Safepoint "G1CollectForAllocation", Time since last: 554502696 ns, Reaching safepoint: 496174 ns, Cleanup: 122471 ns, At safepoint: 7704281 ns, Total: 8322926 ns
[2025-01-18T12:06:49.386+0000][20.508s][debug][safepoint   ] Safepoint synchronization initiated using futex wait barrier. (19 threads)
[2025-01-18T12:06:49.386+0000][20.509s][info ][safepoint   ] Safepoint "ICBufferFull", Time since last: 548603378 ns, Reaching safepoint: 400338 ns, Cleanup: 138924 ns, At safepoint: 25770 ns, Total: 565032 ns
[2025-01-18T12:06:49.459+0000][20.581s][debug][safepoint   ] Safepoint synchronization initiated using futex wait barrier. (20 threads)
[2025-01-18T12:06:49.459+0000][20.581s][info ][safepoint   ] Safepoint "ICBufferFull", Time since last: 72505381 ns, Reaching safepoint: 326453 ns, Cleanup: 116158 ns, At safepoint: 22765 ns, Total: 465376 ns
[2025-01-18T12:06:49.521+0000][20.643s][debug][safepoint   ] Safepoint synchronization initiated using futex wait barrier. (20 threads)
[2025-01-18T12:06:49.521+0000][20.644s][info ][gc,start    ] GC(37) Pause Young (Normal) (G1 Evacuation Pause)
[2025-01-18T12:06:49.522+0000][20.644s][info ][gc,task     ] GC(37) Using 6 workers of 10 for evacuation
[2025-01-18T12:06:49.525+0000][20.648s][info ][gc,phases   ] GC(37)   Pre Evacuate Collection Set: 0.1ms
[2025-01-18T12:06:49.525+0000][20.648s][info ][gc,phases   ] GC(37)   Merge Heap Roots: 0.1ms
[2025-01-18T12:06:49.526+0000][20.648s][info ][gc,phases   ] GC(37)   Evacuate Collection Set: 1.9ms
[2025-01-18T12:06:49.526+0000][20.648s][info ][gc,phases   ] GC(37)   Post Evacuate Collection Set: 1.2ms
[2025-01-18T12:06:49.526+0000][20.648s][info ][gc,phases   ] GC(37)   Other: 0.5ms
[2025-01-18T12:06:49.526+0000][20.648s][info ][gc,heap     ] GC(37) Eden regions: 144->0(144)
[2025-01-18T12:06:49.526+0000][20.649s][info ][gc,heap     ] GC(37) Survivor regions: 2->3(19)
[2025-01-18T12:06:49.526+0000][20.649s][info ][gc,heap     ] GC(37) Old regions: 72->72
[2025-01-18T12:06:49.526+0000][20.649s][info ][gc,heap     ] GC(37) Archive regions: 2->2
[2025-01-18T12:06:49.527+0000][20.649s][info ][gc,heap     ] GC(37) Humongous regions: 0->0
[2025-01-18T12:06:49.527+0000][20.649s][info ][gc,metaspace] GC(37) Metaspace: 79294K(79744K)->79294K(79744K) NonClass: 68893K(69120K)->68893K(69120K) Class: 10401K(10624K)->10401K(10624K)
[2025-01-18T12:06:49.527+0000][20.649s][info ][gc          ] GC(37) Pause Young (Normal) (G1 Evacuation Pause) 217M->74M(254M) 5.624ms
[2025-01-18T12:06:49.527+0000][20.649s][info ][gc,cpu      ] GC(37) User=0.01s Sys=0.00s Real=0.01s
[2025-01-18T12:06:49.527+0000][20.650s][info ][safepoint   ] Safepoint "G1CollectForAllocation", Time since last: 61763713 ns, Reaching safepoint: 327935 ns, Cleanup: 99396 ns, At safepoint: 5972723 ns, Total: 6400054 ns
[2025-01-18T12:06:49.572+0000][20.694s][debug][safepoint   ] Safepoint synchronization initiated using futex wait barrier. (20 threads)
[2025-01-18T12:06:49.572+0000][20.695s][info ][safepoint   ] Safepoint "ICBufferFull", Time since last: 44241663 ns, Reaching safepoint: 431759 ns, Cleanup: 213941 ns, At safepoint: 46582 ns, Total: 692282 ns
[2025-01-18T12:06:49.680+0000][20.802s][debug][safepoint   ] Safepoint synchronization initiated using futex wait barrier. (20 threads)
[2025-01-18T12:06:49.680+0000][20.803s][info ][safepoint   ] Safepoint "ICBufferFull", Time since last: 107439205 ns, Reaching safepoint: 579871 ns, Cleanup: 102131 ns, At safepoint: 23066 ns, Total: 705068 ns
[2025-01-18T12:06:49.823+0000][20.946s][debug][safepoint   ] Safepoint synchronization initiated using futex wait barrier. (21 threads)
[2025-01-18T12:06:49.824+0000][20.946s][info ][safepoint   ] Safepoint "ICBufferFull", Time since last: 142840300 ns, Reaching safepoint: 570974 ns, Cleanup: 109165 ns, At safepoint: 23205 ns, Total: 703344 ns
[2025-01-18T12:06:50.249+0000][21.371s][debug][safepoint   ] Safepoint synchronization initiated using futex wait barrier. (21 threads)
[2025-01-18T12:06:50.249+0000][21.371s][info ][safepoint   ] Safepoint "ICBufferFull", Time since last: 424774560 ns, Reaching safepoint: 297386 ns, Cleanup: 109305 ns, At safepoint: 3086 ns, Total: 409777 ns
[2025-01-18T12:06:50.353+0000][21.475s][debug][safepoint   ] Safepoint synchronization initiated using futex wait barrier. (21 threads)
[2025-01-18T12:06:50.353+0000][21.476s][info ][gc,start    ] GC(38) Pause Young (Normal) (G1 Evacuation Pause)
[2025-01-18T12:06:50.354+0000][21.476s][info ][gc,task     ] GC(38) Using 6 workers of 10 for evacuation
[2025-01-18T12:06:50.359+0000][21.482s][info ][gc,phases   ] GC(38)   Pre Evacuate Collection Set: 0.2ms
[2025-01-18T12:06:50.360+0000][21.482s][info ][gc,phases   ] GC(38)   Merge Heap Roots: 0.2ms
[2025-01-18T12:06:50.360+0000][21.482s][info ][gc,phases   ] GC(38)   Evacuate Collection Set: 3.5ms
[2025-01-18T12:06:50.360+0000][21.482s][info ][gc,phases   ] GC(38)   Post Evacuate Collection Set: 1.2ms
[2025-01-18T12:06:50.360+0000][21.483s][info ][gc,phases   ] GC(38)   Other: 0.7ms
[2025-01-18T12:06:50.360+0000][21.483s][info ][gc,heap     ] GC(38) Eden regions: 144->0(140)
[2025-01-18T12:06:50.361+0000][21.483s][info ][gc,heap     ] GC(38) Survivor regions: 3->6(19)
[2025-01-18T12:06:50.361+0000][21.483s][info ][gc,heap     ] GC(38) Old regions: 72->72
[2025-01-18T12:06:50.361+0000][21.483s][info ][gc,heap     ] GC(38) Archive regions: 2->2
[2025-01-18T12:06:50.361+0000][21.484s][info ][gc,heap     ] GC(38) Humongous regions: 0->0
[2025-01-18T12:06:50.361+0000][21.484s][info ][gc,metaspace] GC(38) Metaspace: 83082K(83584K)->83082K(83584K) NonClass: 72174K(72448K)->72174K(72448K) Class: 10908K(11136K)->10908K(11136K)
[2025-01-18T12:06:50.362+0000][21.484s][info ][gc          ] GC(38) Pause Young (Normal) (G1 Evacuation Pause) 218M->77M(254M) 8.123ms
[2025-01-18T12:06:50.362+0000][21.484s][info ][gc,cpu      ] GC(38) User=0.03s Sys=0.00s Real=0.01s
[2025-01-18T12:06:50.362+0000][21.484s][info ][safepoint   ] Safepoint "G1CollectForAllocation", Time since last: 103636042 ns, Reaching safepoint: 600542 ns, Cleanup: 72012 ns, At safepoint: 8532200 ns, Total: 9204754 ns
[2025-01-18T12:06:50.817+0000][21.939s][debug][safepoint   ] Safepoint synchronization initiated using futex wait barrier. (21 threads)
[2025-01-18T12:06:50.818+0000][21.940s][info ][safepoint   ] Safepoint "ICBufferFull", Time since last: 454887529 ns, Reaching safepoint: 750707 ns, Cleanup: 302465 ns, At safepoint: 177149 ns, Total: 1230321 ns
[2025-01-18T12:06:50.944+0000][22.066s][debug][safepoint   ] Safepoint synchronization initiated using futex wait barrier. (21 threads)
[2025-01-18T12:06:50.944+0000][22.066s][info ][gc,start    ] GC(39) Pause Young (Normal) (G1 Evacuation Pause)
[2025-01-18T12:06:50.944+0000][22.067s][info ][gc,task     ] GC(39) Using 6 workers of 10 for evacuation
[2025-01-18T12:06:50.952+0000][22.075s][info ][gc,phases   ] GC(39)   Pre Evacuate Collection Set: 0.2ms
[2025-01-18T12:06:50.953+0000][22.075s][info ][gc,phases   ] GC(39)   Merge Heap Roots: 0.1ms
[2025-01-18T12:06:50.953+0000][22.075s][info ][gc,phases   ] GC(39)   Evacuate Collection Set: 5.3ms
[2025-01-18T12:06:50.953+0000][22.075s][info ][gc,phases   ] GC(39)   Post Evacuate Collection Set: 1.8ms
[2025-01-18T12:06:50.953+0000][22.076s][info ][gc,phases   ] GC(39)   Other: 0.7ms
[2025-01-18T12:06:50.954+0000][22.076s][info ][gc,heap     ] GC(39) Eden regions: 140->0(138)
[2025-01-18T12:06:50.954+0000][22.076s][info ][gc,heap     ] GC(39) Survivor regions: 6->8(19)
[2025-01-18T12:06:50.954+0000][22.076s][info ][gc,heap     ] GC(39) Old regions: 72->72
[2025-01-18T12:06:50.954+0000][22.076s][info ][gc,heap     ] GC(39) Archive regions: 2->2
[2025-01-18T12:06:50.954+0000][22.077s][info ][gc,heap     ] GC(39) Humongous regions: 0->0
[2025-01-18T12:06:50.955+0000][22.077s][info ][gc,metaspace] GC(39) Metaspace: 84787K(85312K)->84787K(85312K) NonClass: 73736K(73984K)->73736K(73984K) Class: 11051K(11328K)->11051K(11328K)
[2025-01-18T12:06:50.955+0000][22.077s][info ][gc          ] GC(39) Pause Young (Normal) (G1 Evacuation Pause) 217M->79M(254M) 10.538ms
[2025-01-18T12:06:50.955+0000][22.077s][info ][gc,cpu      ] GC(39) User=0.06s Sys=0.00s Real=0.01s
[2025-01-18T12:06:50.955+0000][22.077s][info ][safepoint   ] Safepoint "G1CollectForAllocation", Time since last: 125548583 ns, Reaching safepoint: 405508 ns, Cleanup: 80619 ns, At safepoint: 10954426 ns, Total: 11440553 ns
[2025-01-18T12:06:51.683+0000][22.806s][debug][safepoint   ] Safepoint synchronization initiated using futex wait barrier. (21 threads)
[2025-01-18T12:06:51.684+0000][22.806s][info ][safepoint   ] Safepoint "ICBufferFull", Time since last: 728206497 ns, Reaching safepoint: 483489 ns, Cleanup: 112682 ns, At safepoint: 27193 ns, Total: 623364 ns
[2025-01-18T12:06:51.684+0000][22.807s][debug][safepoint   ] Safepoint synchronization initiated using futex wait barrier. (21 threads)
[2025-01-18T12:06:51.685+0000][22.807s][info ][safepoint   ] Safepoint "ICBufferFull", Time since last: 404316 ns, Reaching safepoint: 375830 ns, Cleanup: 8396 ns, At safepoint: 39808 ns, Total: 424034 ns
[2025-01-18T12:06:51.960+0000][23.083s][debug][safepoint   ] Safepoint synchronization initiated using futex wait barrier. (20 threads)
[2025-01-18T12:06:51.961+0000][23.083s][info ][gc,start    ] GC(40) Pause Young (Normal) (G1 Evacuation Pause)
[2025-01-18T12:06:51.961+0000][23.084s][info ][gc,task     ] GC(40) Using 6 workers of 10 for evacuation
[2025-01-18T12:06:51.971+0000][23.093s][info ][gc,phases   ] GC(40)   Pre Evacuate Collection Set: 0.3ms
[2025-01-18T12:06:51.972+0000][23.094s][info ][gc,phases   ] GC(40)   Merge Heap Roots: 0.2ms
[2025-01-18T12:06:51.972+0000][23.094s][info ][gc,phases   ] GC(40)   Evacuate Collection Set: 7.0ms
[2025-01-18T12:06:51.972+0000][23.094s][info ][gc,phases   ] GC(40)   Post Evacuate Collection Set: 1.6ms
[2025-01-18T12:06:51.972+0000][23.094s][info ][gc,phases   ] GC(40)   Other: 1.0ms
[2025-01-18T12:06:51.972+0000][23.095s][info ][gc,heap     ] GC(40) Eden regions: 138->0(130)
[2025-01-18T12:06:51.973+0000][23.095s][info ][gc,heap     ] GC(40) Survivor regions: 8->12(19)
[2025-01-18T12:06:51.973+0000][23.095s][info ][gc,heap     ] GC(40) Old regions: 72->72
[2025-01-18T12:06:51.973+0000][23.095s][info ][gc,heap     ] GC(40) Archive regions: 2->2
[2025-01-18T12:06:51.973+0000][23.095s][info ][gc,heap     ] GC(40) Humongous regions: 0->0
[2025-01-18T12:06:51.973+0000][23.096s][info ][gc,metaspace] GC(40) Metaspace: 87584K(88128K)->87584K(88128K) NonClass: 76338K(76608K)->76338K(76608K) Class: 11245K(11520K)->11245K(11520K)
[2025-01-18T12:06:51.973+0000][23.096s][info ][gc          ] GC(40) Pause Young (Normal) (G1 Evacuation Pause) 217M->83M(254M) 12.337ms
[2025-01-18T12:06:51.974+0000][23.096s][info ][gc,cpu      ] GC(40) User=0.07s Sys=0.00s Real=0.01s
[2025-01-18T12:06:51.974+0000][23.096s][info ][safepoint   ] Safepoint "G1CollectForAllocation", Time since last: 275657398 ns, Reaching safepoint: 506647 ns, Cleanup: 107592 ns, At safepoint: 12863463 ns, Total: 13477702 ns
[2025-01-18T12:06:52.851+0000][23.973s][debug][safepoint   ] Safepoint synchronization initiated using futex wait barrier. (25 threads)
[2025-01-18T12:06:52.851+0000][23.974s][info ][gc,start    ] GC(41) Pause Young (Normal) (G1 Evacuation Pause)
[2025-01-18T12:06:52.852+0000][23.974s][info ][gc,task     ] GC(41) Using 10 workers of 10 for evacuation
[2025-01-18T12:06:52.863+0000][23.985s][info ][gc,phases   ] GC(41)   Pre Evacuate Collection Set: 0.3ms
[2025-01-18T12:06:52.863+0000][23.985s][info ][gc,phases   ] GC(41)   Merge Heap Roots: 0.3ms
[2025-01-18T12:06:52.863+0000][23.985s][info ][gc,phases   ] GC(41)   Evacuate Collection Set: 8.0ms
[2025-01-18T12:06:52.863+0000][23.986s][info ][gc,phases   ] GC(41)   Post Evacuate Collection Set: 2.0ms
[2025-01-18T12:06:52.864+0000][23.986s][info ][gc,phases   ] GC(41)   Other: 0.6ms
[2025-01-18T12:06:52.864+0000][23.986s][info ][gc,heap     ] GC(41) Eden regions: 130->0(126)
[2025-01-18T12:06:52.864+0000][23.986s][info ][gc,heap     ] GC(41) Survivor regions: 12->13(18)
[2025-01-18T12:06:52.864+0000][23.987s][info ][gc,heap     ] GC(41) Old regions: 72->74
[2025-01-18T12:06:52.865+0000][23.987s][info ][gc,heap     ] GC(41) Archive regions: 2->2
[2025-01-18T12:06:52.865+0000][23.987s][info ][gc,heap     ] GC(41) Humongous regions: 0->0
[2025-01-18T12:06:52.865+0000][23.987s][info ][gc,metaspace] GC(41) Metaspace: 89662K(90240K)->89662K(90240K) NonClass: 78219K(78528K)->78219K(78528K) Class: 11442K(11712K)->11442K(11712K)
[2025-01-18T12:06:52.865+0000][23.987s][info ][gc          ] GC(41) Pause Young (Normal) (G1 Evacuation Pause) 213M->86M(254M) 13.740ms
[2025-01-18T12:06:52.865+0000][23.988s][info ][gc,cpu      ] GC(41) User=0.10s Sys=0.00s Real=0.01s
[2025-01-18T12:06:52.866+0000][23.988s][info ][safepoint   ] Safepoint "G1CollectForAllocation", Time since last: 876861721 ns, Reaching safepoint: 480696 ns, Cleanup: 150446 ns, At safepoint: 14204289 ns, Total: 14835431 ns
[2025-01-18T12:06:53.569+0000][24.692s][debug][safepoint   ] Safepoint synchronization initiated using futex wait barrier. (25 threads)
[2025-01-18T12:06:53.570+0000][24.692s][info ][safepoint   ] Safepoint "ICBufferFull", Time since last: 703788231 ns, Reaching safepoint: 497960 ns, Cleanup: 238409 ns, At safepoint: 42354 ns, Total: 778723 ns
[2025-01-18T12:06:53.630+0000][24.752s][debug][safepoint   ] Safepoint synchronization initiated using futex wait barrier. (25 threads)
[2025-01-18T12:06:53.630+0000][24.753s][info ][gc,start    ] GC(42) Pause Young (Normal) (G1 Evacuation Pause)
[2025-01-18T12:06:53.631+0000][24.753s][info ][gc,task     ] GC(42) Using 10 workers of 10 for evacuation
[2025-01-18T12:06:53.640+0000][24.762s][info ][gc,phases   ] GC(42)   Pre Evacuate Collection Set: 0.2ms
[2025-01-18T12:06:53.640+0000][24.762s][info ][gc,phases   ] GC(42)   Merge Heap Roots: 0.2ms
[2025-01-18T12:06:53.640+0000][24.763s][info ][gc,phases   ] GC(42)   Evacuate Collection Set: 6.6ms
[2025-01-18T12:06:53.640+0000][24.763s][info ][gc,phases   ] GC(42)   Post Evacuate Collection Set: 1.8ms
[2025-01-18T12:06:53.641+0000][24.763s][info ][gc,phases   ] GC(42)   Other: 0.6ms
[2025-01-18T12:06:53.641+0000][24.763s][info ][gc,heap     ] GC(42) Eden regions: 126->0(123)
[2025-01-18T12:06:53.641+0000][24.763s][info ][gc,heap     ] GC(42) Survivor regions: 13->12(18)
[2025-01-18T12:06:53.641+0000][24.763s][info ][gc,heap     ] GC(42) Old regions: 74->79
[2025-01-18T12:06:53.641+0000][24.764s][info ][gc,heap     ] GC(42) Archive regions: 2->2
[2025-01-18T12:06:53.641+0000][24.764s][info ][gc,heap     ] GC(42) Humongous regions: 0->0
[2025-01-18T12:06:53.642+0000][24.764s][info ][gc,metaspace] GC(42) Metaspace: 94293K(94848K)->94293K(94848K) NonClass: 82087K(82368K)->82087K(82368K) Class: 12206K(12480K)->12206K(12480K)
[2025-01-18T12:06:53.642+0000][24.764s][info ][gc          ] GC(42) Pause Young (Normal) (G1 Evacuation Pause) 212M->90M(254M) 11.329ms
[2025-01-18T12:06:53.642+0000][24.764s][info ][gc,cpu      ] GC(42) User=0.08s Sys=0.00s Real=0.01s
[2025-01-18T12:06:53.642+0000][24.764s][info ][safepoint   ] Safepoint "G1CollectForAllocation", Time since last: 59648641 ns, Reaching safepoint: 451338 ns, Cleanup: 128032 ns, At safepoint: 11795441 ns, Total: 12374811 ns
[2025-01-18T12:06:54.057+0000][25.179s][debug][safepoint   ] Safepoint synchronization initiated using futex wait barrier. (25 threads)
[2025-01-18T12:06:54.058+0000][25.180s][info ][gc,start    ] GC(43) Pause Young (Normal) (G1 Evacuation Pause)
[2025-01-18T12:06:54.058+0000][25.180s][info ][gc,task     ] GC(43) Using 10 workers of 10 for evacuation
[2025-01-18T12:06:54.069+0000][25.191s][info ][gc,phases   ] GC(43)   Pre Evacuate Collection Set: 0.2ms
[2025-01-18T12:06:54.070+0000][25.192s][info ][gc,phases   ] GC(43)   Merge Heap Roots: 0.2ms
[2025-01-18T12:06:54.070+0000][25.192s][info ][gc,phases   ] GC(43)   Evacuate Collection Set: 8.6ms
[2025-01-18T12:06:54.070+0000][25.192s][info ][gc,phases   ] GC(43)   Post Evacuate Collection Set: 1.9ms
[2025-01-18T12:06:54.070+0000][25.193s][info ][gc,phases   ] GC(43)   Other: 0.6ms
[2025-01-18T12:06:54.071+0000][25.193s][info ][gc,heap     ] GC(43) Eden regions: 123->0(116)
[2025-01-18T12:06:54.071+0000][25.193s][info ][gc,heap     ] GC(43) Survivor regions: 12->14(17)
[2025-01-18T12:06:54.071+0000][25.193s][info ][gc,heap     ] GC(43) Old regions: 79->82
[2025-01-18T12:06:54.071+0000][25.194s][info ][gc,heap     ] GC(43) Archive regions: 2->2
[2025-01-18T12:06:54.072+0000][25.194s][info ][gc,heap     ] GC(43) Humongous regions: 0->0
[2025-01-18T12:06:54.072+0000][25.194s][info ][gc,metaspace] GC(43) Metaspace: 95916K(96448K)->95916K(96448K) NonClass: 83362K(83648K)->83362K(83648K) Class: 12553K(12800K)->12553K(12800K)
[2025-01-18T12:06:54.072+0000][25.194s][info ][gc          ] GC(43) Pause Young (Normal) (G1 Evacuation Pause) 213M->95M(254M) 14.252ms
[2025-01-18T12:06:54.072+0000][25.194s][info ][gc,cpu      ] GC(43) User=0.11s Sys=0.00s Real=0.01s
[2025-01-18T12:06:54.072+0000][25.195s][info ][safepoint   ] Safepoint "G1CollectForAllocation", Time since last: 414846944 ns, Reaching safepoint: 523029 ns, Cleanup: 63686 ns, At safepoint: 14679979 ns, Total: 15266694 ns
[2025-01-18T12:06:54.784+0000][25.906s][debug][safepoint   ] Safepoint synchronization initiated using futex wait barrier. (26 threads)
[2025-01-18T12:06:54.785+0000][25.907s][info ][gc,start    ] GC(44) Pause Young (Normal) (G1 Evacuation Pause)
[2025-01-18T12:06:54.785+0000][25.908s][info ][gc,task     ] GC(44) Using 10 workers of 10 for evacuation
[2025-01-18T12:06:54.793+0000][25.916s][info ][gc,phases   ] GC(44)   Pre Evacuate Collection Set: 0.2ms
[2025-01-18T12:06:54.794+0000][25.916s][info ][gc,phases   ] GC(44)   Merge Heap Roots: 0.3ms
[2025-01-18T12:06:54.794+0000][25.916s][info ][gc,phases   ] GC(44)   Evacuate Collection Set: 5.9ms
[2025-01-18T12:06:54.794+0000][25.916s][info ][gc,phases   ] GC(44)   Post Evacuate Collection Set: 1.4ms
[2025-01-18T12:06:54.794+0000][25.917s][info ][gc,phases   ] GC(44)   Other: 0.9ms
[2025-01-18T12:06:54.795+0000][25.917s][info ][gc,heap     ] GC(44) Eden regions: 116->0(119)
[2025-01-18T12:06:54.795+0000][25.917s][info ][gc,heap     ] GC(44) Survivor regions: 14->6(17)
[2025-01-18T12:06:54.795+0000][25.917s][info ][gc,heap     ] GC(44) Old regions: 82->88
[2025-01-18T12:06:54.795+0000][25.917s][info ][gc,heap     ] GC(44) Archive regions: 2->2
[2025-01-18T12:06:54.795+0000][25.917s][info ][gc,heap     ] GC(44) Humongous regions: 0->0
[2025-01-18T12:06:54.795+0000][25.918s][info ][gc,metaspace] GC(44) Metaspace: 101017K(101632K)->101017K(101632K) NonClass: 87804K(88128K)->87804K(88128K) Class: 13213K(13504K)->13213K(13504K)
[2025-01-18T12:06:54.795+0000][25.918s][info ][gc          ] GC(44) Pause Young (Normal) (G1 Evacuation Pause) 211M->94M(254M) 10.599ms
[2025-01-18T12:06:54.796+0000][25.918s][info ][gc,cpu      ] GC(44) User=0.09s Sys=0.00s Real=0.01s
[2025-01-18T12:06:54.796+0000][25.918s][info ][safepoint   ] Safepoint "G1CollectForAllocation", Time since last: 711796423 ns, Reaching safepoint: 518661 ns, Cleanup: 153262 ns, At safepoint: 11046507 ns, Total: 11718430 ns
[2025-01-18T12:06:55.458+0000][26.581s][debug][safepoint   ] Safepoint synchronization initiated using futex wait barrier. (28 threads)
[2025-01-18T12:06:55.459+0000][26.582s][info ][safepoint   ] Safepoint "ICBufferFull", Time since last: 662639796 ns, Reaching safepoint: 555924 ns, Cleanup: 205023 ns, At safepoint: 41392 ns, Total: 802339 ns
[2025-01-18T12:06:55.713+0000][26.836s][debug][safepoint   ] Safepoint synchronization initiated using futex wait barrier. (28 threads)
[2025-01-18T12:06:55.714+0000][26.836s][info ][gc,start    ] GC(45) Pause Young (Normal) (G1 Evacuation Pause)
[2025-01-18T12:06:55.714+0000][26.837s][info ][gc,task     ] GC(45) Using 10 workers of 10 for evacuation
[2025-01-18T12:06:55.721+0000][26.843s][info ][gc,phases   ] GC(45)   Pre Evacuate Collection Set: 0.2ms
[2025-01-18T12:06:55.721+0000][26.844s][info ][gc,phases   ] GC(45)   Merge Heap Roots: 0.2ms
[2025-01-18T12:06:55.722+0000][26.844s][info ][gc,phases   ] GC(45)   Evacuate Collection Set: 4.3ms
[2025-01-18T12:06:55.722+0000][26.844s][info ][gc,phases   ] GC(45)   Post Evacuate Collection Set: 1.6ms
[2025-01-18T12:06:55.722+0000][26.844s][info ][gc,phases   ] GC(45)   Other: 0.7ms
[2025-01-18T12:06:55.722+0000][26.845s][info ][gc,heap     ] GC(45) Eden regions: 119->0(119)
[2025-01-18T12:06:55.723+0000][26.845s][info ][gc,heap     ] GC(45) Survivor regions: 6->8(16)
[2025-01-18T12:06:55.723+0000][26.845s][info ][gc,heap     ] GC(45) Old regions: 88->88
[2025-01-18T12:06:55.723+0000][26.845s][info ][gc,heap     ] GC(45) Archive regions: 2->2
[2025-01-18T12:06:55.723+0000][26.846s][info ][gc,heap     ] GC(45) Humongous regions: 0->0
[2025-01-18T12:06:55.724+0000][26.846s][info ][gc,metaspace] GC(45) Metaspace: 103856K(104448K)->103856K(104448K) NonClass: 90216K(90496K)->90216K(90496K) Class: 13639K(13952K)->13639K(13952K)
[2025-01-18T12:06:55.724+0000][26.846s][info ][gc          ] GC(45) Pause Young (Normal) (G1 Evacuation Pause) 213M->95M(254M) 9.653ms
[2025-01-18T12:06:55.724+0000][26.846s][info ][gc,cpu      ] GC(45) User=0.08s Sys=0.00s Real=0.01s
[2025-01-18T12:06:55.724+0000][26.846s][info ][safepoint   ] Safepoint "G1CollectForAllocation", Time since last: 254176084 ns, Reaching safepoint: 502159 ns, Cleanup: 97181 ns, At safepoint: 10154012 ns, Total: 10753352 ns
[2025-01-18T12:06:56.611+0000][27.734s][debug][safepoint   ] Safepoint synchronization initiated using futex wait barrier. (31 threads)
[2025-01-18T12:06:56.612+0000][27.734s][info ][gc,start    ] GC(46) Pause Young (Normal) (G1 Evacuation Pause)
[2025-01-18T12:06:56.612+0000][27.735s][info ][gc,task     ] GC(46) Using 10 workers of 10 for evacuation
[2025-01-18T12:06:56.620+0000][27.743s][info ][gc,phases   ] GC(46)   Pre Evacuate Collection Set: 0.2ms
[2025-01-18T12:06:56.621+0000][27.743s][info ][gc,phases   ] GC(46)   Merge Heap Roots: 0.2ms
[2025-01-18T12:06:56.621+0000][27.743s][info ][gc,phases   ] GC(46)   Evacuate Collection Set: 5.5ms
[2025-01-18T12:06:56.621+0000][27.743s][info ][gc,phases   ] GC(46)   Post Evacuate Collection Set: 1.5ms
[2025-01-18T12:06:56.621+0000][27.744s][info ][gc,phases   ] GC(46)   Other: 0.8ms
[2025-01-18T12:06:56.621+0000][27.744s][info ][gc,heap     ] GC(46) Eden regions: 119->0(117)
[2025-01-18T12:06:56.622+0000][27.744s][info ][gc,heap     ] GC(46) Survivor regions: 8->10(16)
[2025-01-18T12:06:56.622+0000][27.744s][info ][gc,heap     ] GC(46) Old regions: 88->88
[2025-01-18T12:06:56.622+0000][27.745s][info ][gc,heap     ] GC(46) Archive regions: 2->2
[2025-01-18T12:06:56.622+0000][27.745s][info ][gc,heap     ] GC(46) Humongous regions: 0->0
[2025-01-18T12:06:56.623+0000][27.745s][info ][gc,metaspace] GC(46) Metaspace: 106620K(107200K)->106620K(107200K) NonClass: 92687K(92992K)->92687K(92992K) Class: 13933K(14208K)->13933K(14208K)
[2025-01-18T12:06:56.623+0000][27.745s][info ][gc          ] GC(46) Pause Young (Normal) (G1 Evacuation Pause) 214M->98M(254M) 10.963ms
[2025-01-18T12:06:56.623+0000][27.746s][info ][gc,cpu      ] GC(46) User=0.08s Sys=0.00s Real=0.01s
[2025-01-18T12:06:56.624+0000][27.746s][info ][safepoint   ] Safepoint "G1CollectForAllocation", Time since last: 887200353 ns, Reaching safepoint: 574470 ns, Cleanup: 98083 ns, At safepoint: 11764632 ns, Total: 12437185 ns
[2025-01-18T12:06:57.475+0000][28.597s][debug][safepoint   ] Safepoint synchronization initiated using futex wait barrier. (37 threads)
[2025-01-18T12:06:57.475+0000][28.598s][info ][gc,start    ] GC(47) Pause Young (Normal) (G1 Evacuation Pause)
[2025-01-18T12:06:57.476+0000][28.598s][info ][gc,task     ] GC(47) Using 10 workers of 10 for evacuation
[2025-01-18T12:06:57.484+0000][28.607s][info ][gc,phases   ] GC(47)   Pre Evacuate Collection Set: 0.2ms
[2025-01-18T12:06:57.485+0000][28.607s][info ][gc,phases   ] GC(47)   Merge Heap Roots: 0.3ms
[2025-01-18T12:06:57.485+0000][28.607s][info ][gc,phases   ] GC(47)   Evacuate Collection Set: 6.1ms
[2025-01-18T12:06:57.485+0000][28.607s][info ][gc,phases   ] GC(47)   Post Evacuate Collection Set: 1.7ms
[2025-01-18T12:06:57.485+0000][28.608s][info ][gc,phases   ] GC(47)   Other: 0.7ms
[2025-01-18T12:06:57.485+0000][28.608s][info ][gc,heap     ] GC(47) Eden regions: 117->0(113)
[2025-01-18T12:06:57.486+0000][28.608s][info ][gc,heap     ] GC(47) Survivor regions: 10->11(16)
[2025-01-18T12:06:57.486+0000][28.608s][info ][gc,heap     ] GC(47) Old regions: 88->91
[2025-01-18T12:06:57.486+0000][28.608s][info ][gc,heap     ] GC(47) Archive regions: 2->2
[2025-01-18T12:06:57.486+0000][28.609s][info ][gc,heap     ] GC(47) Humongous regions: 0->0
[2025-01-18T12:06:57.486+0000][28.609s][info ][gc,metaspace] GC(47) Metaspace: 108707K(109312K)->108707K(109312K) NonClass: 94592K(94912K)->94592K(94912K) Class: 14114K(14400K)->14114K(14400K)
[2025-01-18T12:06:57.487+0000][28.609s][info ][gc          ] GC(47) Pause Young (Normal) (G1 Evacuation Pause) 215M->101M(254M) 11.222ms
[2025-01-18T12:06:57.487+0000][28.609s][info ][gc,cpu      ] GC(47) User=0.06s Sys=0.01s Real=0.02s
[2025-01-18T12:06:57.488+0000][28.610s][info ][safepoint   ] Safepoint "G1CollectForAllocation", Time since last: 851010502 ns, Reaching safepoint: 466848 ns, Cleanup: 168201 ns, At safepoint: 12276977 ns, Total: 12912026 ns
[2025-01-18T12:06:58.169+0000][29.292s][debug][safepoint   ] Safepoint synchronization initiated using futex wait barrier. (41 threads)
[2025-01-18T12:06:58.170+0000][29.292s][info ][gc,start    ] GC(48) Pause Young (Normal) (G1 Evacuation Pause)
[2025-01-18T12:06:58.170+0000][29.293s][info ][gc,task     ] GC(48) Using 10 workers of 10 for evacuation
[2025-01-18T12:06:58.181+0000][29.304s][info ][gc,phases   ] GC(48)   Pre Evacuate Collection Set: 0.3ms
[2025-01-18T12:06:58.182+0000][29.304s][info ][gc,phases   ] GC(48)   Merge Heap Roots: 0.2ms
[2025-01-18T12:06:58.182+0000][29.304s][info ][gc,phases   ] GC(48)   Evacuate Collection Set: 8.0ms
[2025-01-18T12:06:58.182+0000][29.304s][info ][gc,phases   ] GC(48)   Post Evacuate Collection Set: 2.2ms
[2025-01-18T12:06:58.182+0000][29.304s][info ][gc,phases   ] GC(48)   Other: 0.5ms
[2025-01-18T12:06:58.182+0000][29.305s][info ][gc,heap     ] GC(48) Eden regions: 113->0(112)
[2025-01-18T12:06:58.182+0000][29.305s][info ][gc,heap     ] GC(48) Survivor regions: 11->9(16)
[2025-01-18T12:06:58.183+0000][29.305s][info ][gc,heap     ] GC(48) Old regions: 91->95
[2025-01-18T12:06:58.183+0000][29.305s][info ][gc,heap     ] GC(48) Archive regions: 2->2
[2025-01-18T12:06:58.183+0000][29.305s][info ][gc,heap     ] GC(48) Humongous regions: 0->0
[2025-01-18T12:06:58.183+0000][29.305s][info ][gc,metaspace] GC(48) Metaspace: 110729K(111424K)->110729K(111424K) NonClass: 96381K(96768K)->96381K(96768K) Class: 14348K(14656K)->14348K(14656K)
[2025-01-18T12:06:58.183+0000][29.306s][info ][gc          ] GC(48) Pause Young (Normal) (G1 Evacuation Pause) 214M->104M(254M) 13.208ms
[2025-01-18T12:06:58.183+0000][29.306s][info ][gc,cpu      ] GC(48) User=0.09s Sys=0.00s Real=0.01s
[2025-01-18T12:06:58.184+0000][29.306s][info ][safepoint   ] Safepoint "G1CollectForAllocation", Time since last: 681663200 ns, Reaching safepoint: 352253 ns, Cleanup: 226316 ns, At safepoint: 13651796 ns, Total: 14230365 ns
[2025-01-18T12:06:58.615+0000][29.737s][debug][safepoint   ] Safepoint synchronization initiated using futex wait barrier. (41 threads)
[2025-01-18T12:06:58.616+0000][29.738s][info ][gc,start    ] GC(49) Pause Young (Concurrent Start) (Metadata GC Threshold)
[2025-01-18T12:06:58.616+0000][29.739s][info ][gc,task     ] GC(49) Using 10 workers of 10 for evacuation
[2025-01-18T12:06:58.623+0000][29.746s][info ][gc,phases   ] GC(49)   Pre Evacuate Collection Set: 0.3ms
[2025-01-18T12:06:58.624+0000][29.746s][info ][gc,phases   ] GC(49)   Merge Heap Roots: 0.2ms
[2025-01-18T12:06:58.624+0000][29.746s][info ][gc,phases   ] GC(49)   Evacuate Collection Set: 4.8ms
[2025-01-18T12:06:58.624+0000][29.746s][info ][gc,phases   ] GC(49)   Post Evacuate Collection Set: 1.3ms
[2025-01-18T12:06:58.624+0000][29.747s][info ][gc,phases   ] GC(49)   Other: 1.0ms
[2025-01-18T12:06:58.625+0000][29.747s][info ][gc,heap     ] GC(49) Eden regions: 78->0(111)
[2025-01-18T12:06:58.625+0000][29.747s][info ][gc,heap     ] GC(49) Survivor regions: 9->9(16)
[2025-01-18T12:06:58.625+0000][29.747s][info ][gc,heap     ] GC(49) Old regions: 95->97
[2025-01-18T12:06:58.625+0000][29.748s][info ][gc,heap     ] GC(49) Archive regions: 2->2
[2025-01-18T12:06:58.626+0000][29.748s][info ][gc,heap     ] GC(49) Humongous regions: 0->0
[2025-01-18T12:06:58.626+0000][29.748s][info ][gc,metaspace] GC(49) Metaspace: 113003K(113600K)->113003K(113600K) NonClass: 98446K(98752K)->98446K(98752K) Class: 14557K(14848K)->14557K(14848K)
[2025-01-18T12:06:58.626+0000][29.748s][info ][gc          ] GC(49) Pause Young (Concurrent Start) (Metadata GC Threshold) 182M->105M(254M) 10.169ms
[2025-01-18T12:06:58.626+0000][29.749s][info ][gc,cpu      ] GC(49) User=0.06s Sys=0.00s Real=0.01s
[2025-01-18T12:06:58.626+0000][29.749s][info ][gc          ] GC(50) Concurrent Mark Cycle
[2025-01-18T12:06:58.627+0000][29.749s][info ][gc,marking  ] GC(50) Concurrent Clear Claimed Marks
[2025-01-18T12:06:58.627+0000][29.749s][info ][safepoint   ] Safepoint "CollectForMetadataAllocation", Time since last: 431339438 ns, Reaching safepoint: 640911 ns, Cleanup: 250874 ns, At safepoint: 10731495 ns, Total: 11623280 ns
[2025-01-18T12:06:58.627+0000][29.749s][info ][gc,marking  ] GC(50) Concurrent Clear Claimed Marks 0.380ms
[2025-01-18T12:06:58.627+0000][29.750s][info ][gc,marking  ] GC(50) Concurrent Scan Root Regions
[2025-01-18T12:06:58.631+0000][29.753s][info ][gc,marking  ] GC(50) Concurrent Scan Root Regions 3.490ms
[2025-01-18T12:06:58.631+0000][29.754s][info ][gc,marking  ] GC(50) Concurrent Mark
[2025-01-18T12:06:58.632+0000][29.754s][info ][gc,marking  ] GC(50) Concurrent Mark From Roots
[2025-01-18T12:06:58.632+0000][29.754s][info ][gc,task     ] GC(50) Using 3 workers of 3 for marking
[2025-01-18T12:06:58.686+0000][29.809s][info ][gc,marking  ] GC(50) Concurrent Mark From Roots 54.844ms
[2025-01-18T12:06:58.687+0000][29.809s][info ][gc,marking  ] GC(50) Concurrent Preclean
[2025-01-18T12:06:58.687+0000][29.810s][info ][gc,marking  ] GC(50) Concurrent Preclean 0.434ms
[2025-01-18T12:06:58.688+0000][29.810s][debug][safepoint   ] Safepoint synchronization initiated using futex wait barrier. (41 threads)
[2025-01-18T12:06:58.688+0000][29.810s][info ][gc,start    ] GC(50) Pause Remark
[2025-01-18T12:06:58.694+0000][29.816s][info ][gc          ] GC(50) Pause Remark 107M->107M(254M) 5.431ms
[2025-01-18T12:06:58.694+0000][29.816s][info ][gc,cpu      ] GC(50) User=0.03s Sys=0.00s Real=0.00s
[2025-01-18T12:06:58.694+0000][29.817s][info ][safepoint   ] Safepoint "G1PauseRemark", Time since last: 60981616 ns, Reaching safepoint: 471498 ns, Cleanup: 34208 ns, At safepoint: 6298315 ns, Total: 6804021 ns
[2025-01-18T12:06:58.695+0000][29.817s][info ][gc,marking  ] GC(50) Concurrent Mark 63.351ms
[2025-01-18T12:06:58.695+0000][29.817s][info ][gc,marking  ] GC(50) Concurrent Rebuild Remembered Sets
[2025-01-18T12:06:58.727+0000][29.849s][info ][gc,marking  ] GC(50) Concurrent Rebuild Remembered Sets 32.118ms
[2025-01-18T12:06:58.728+0000][29.850s][debug][safepoint   ] Safepoint synchronization initiated using futex wait barrier. (41 threads)
[2025-01-18T12:06:58.728+0000][29.850s][info ][gc,start    ] GC(50) Pause Cleanup
[2025-01-18T12:06:58.729+0000][29.851s][info ][gc          ] GC(50) Pause Cleanup 108M->108M(254M) 0.499ms
[2025-01-18T12:06:58.729+0000][29.851s][info ][gc,cpu      ] GC(50) User=0.00s Sys=0.00s Real=0.00s
[2025-01-18T12:06:58.729+0000][29.851s][info ][safepoint   ] Safepoint "G1PauseCleanup", Time since last: 33342214 ns, Reaching safepoint: 350350 ns, Cleanup: 16953 ns, At safepoint: 926944 ns, Total: 1294247 ns
[2025-01-18T12:06:58.729+0000][29.852s][info ][gc,marking  ] GC(50) Concurrent Cleanup for Next Mark
[2025-01-18T12:06:58.730+0000][29.852s][info ][gc,marking  ] GC(50) Concurrent Cleanup for Next Mark 0.575ms
[2025-01-18T12:06:58.730+0000][29.853s][info ][gc          ] GC(50) Concurrent Mark Cycle 103.708ms
[2025-01-18T12:06:59.081+0000][30.203s][debug][safepoint   ] Safepoint synchronization initiated using futex wait barrier. (41 threads)
[2025-01-18T12:06:59.081+0000][30.204s][info ][safepoint   ] Safepoint "ICBufferFull", Time since last: 351668721 ns, Reaching safepoint: 294970 ns, Cleanup: 213350 ns, At safepoint: 4920 ns, Total: 513240 ns
[2025-01-18T12:06:59.833+0000][30.955s][debug][safepoint   ] Safepoint synchronization initiated using futex wait barrier. (40 threads)
[2025-01-18T12:06:59.834+0000][30.956s][info ][gc,start    ] GC(51) Pause Young (Prepare Mixed) (G1 Evacuation Pause)
[2025-01-18T12:06:59.834+0000][30.956s][info ][gc,task     ] GC(51) Using 10 workers of 10 for evacuation
[2025-01-18T12:06:59.843+0000][30.966s][info ][gc,phases   ] GC(51)   Pre Evacuate Collection Set: 0.4ms
[2025-01-18T12:06:59.844+0000][30.966s][info ][gc,phases   ] GC(51)   Merge Heap Roots: 0.4ms
[2025-01-18T12:06:59.844+0000][30.966s][info ][gc,phases   ] GC(51)   Evacuate Collection Set: 6.3ms
[2025-01-18T12:06:59.844+0000][30.967s][info ][gc,phases   ] GC(51)   Post Evacuate Collection Set: 1.8ms
[2025-01-18T12:06:59.845+0000][30.967s][info ][gc,phases   ] GC(51)   Other: 0.8ms
[2025-01-18T12:06:59.845+0000][30.967s][info ][gc,heap     ] GC(51) Eden regions: 111->0(1)
[2025-01-18T12:06:59.845+0000][30.967s][info ][gc,heap     ] GC(51) Survivor regions: 9->11(15)
[2025-01-18T12:06:59.845+0000][30.968s][info ][gc,heap     ] GC(51) Old regions: 97->97
[2025-01-18T12:06:59.846+0000][30.968s][info ][gc,heap     ] GC(51) Archive regions: 2->2
[2025-01-18T12:06:59.846+0000][30.968s][info ][gc,heap     ] GC(51) Humongous regions: 0->0
[2025-01-18T12:06:59.846+0000][30.968s][info ][gc,metaspace] GC(51) Metaspace: 115371K(116032K)->115371K(116032K) NonClass: 100526K(100864K)->100526K(100864K) Class: 14844K(15168K)->14844K(15168K)
[2025-01-18T12:06:59.846+0000][30.968s][info ][gc          ] GC(51) Pause Young (Prepare Mixed) (G1 Evacuation Pause) 216M->108M(254M) 12.325ms
[2025-01-18T12:06:59.846+0000][30.969s][info ][gc,cpu      ] GC(51) User=0.09s Sys=0.00s Real=0.01s
[2025-01-18T12:06:59.846+0000][30.969s][info ][safepoint   ] Safepoint "G1CollectForAllocation", Time since last: 751821374 ns, Reaching safepoint: 471007 ns, Cleanup: 197278 ns, At safepoint: 12772216 ns, Total: 13440501 ns
[2025-01-18T12:06:59.851+0000][30.973s][debug][safepoint   ] Safepoint synchronization initiated using futex wait barrier. (40 threads)
[2025-01-18T12:06:59.852+0000][30.974s][info ][gc,start    ] GC(52) Pause Young (Mixed) (G1 Evacuation Pause)
[2025-01-18T12:06:59.852+0000][30.974s][info ][gc,task     ] GC(52) Using 10 workers of 10 for evacuation
[2025-01-18T12:06:59.860+0000][30.982s][info ][gc,phases   ] GC(52)   Pre Evacuate Collection Set: 0.2ms
[2025-01-18T12:06:59.860+0000][30.983s][info ][gc,phases   ] GC(52)   Merge Heap Roots: 0.2ms
[2025-01-18T12:06:59.861+0000][30.983s][info ][gc,phases   ] GC(52)   Evacuate Collection Set: 6.0ms
[2025-01-18T12:06:59.861+0000][30.983s][info ][gc,phases   ] GC(52)   Post Evacuate Collection Set: 1.2ms
[2025-01-18T12:06:59.861+0000][30.983s][info ][gc,phases   ] GC(52)   Other: 0.7ms
[2025-01-18T12:06:59.861+0000][30.984s][info ][gc,heap     ] GC(52) Eden regions: 1->0(108)
[2025-01-18T12:06:59.862+0000][30.984s][info ][gc,heap     ] GC(52) Survivor regions: 11->2(2)
[2025-01-18T12:06:59.862+0000][30.984s][info ][gc,heap     ] GC(52) Old regions: 97->106
[2025-01-18T12:06:59.862+0000][30.984s][info ][gc,heap     ] GC(52) Archive regions: 2->2
[2025-01-18T12:06:59.862+0000][30.985s][info ][gc,heap     ] GC(52) Humongous regions: 0->0
[2025-01-18T12:06:59.862+0000][30.985s][info ][gc,metaspace] GC(52) Metaspace: 115372K(116032K)->115372K(116032K) NonClass: 100527K(100864K)->100527K(100864K) Class: 14844K(15168K)->14844K(15168K)
[2025-01-18T12:06:59.863+0000][30.985s][info ][gc          ] GC(52) Pause Young (Mixed) (G1 Evacuation Pause) 109M->107M(254M) 10.862ms
[2025-01-18T12:06:59.863+0000][30.985s][info ][gc,cpu      ] GC(52) User=0.08s Sys=0.00s Real=0.01s
[2025-01-18T12:06:59.863+0000][30.985s][info ][safepoint   ] Safepoint "G1CollectForAllocation", Time since last: 4646323 ns, Reaching safepoint: 561505 ns, Cleanup: 6092 ns, At safepoint: 11279105 ns, Total: 11846702 ns
[2025-01-18T12:07:00.525+0000][31.648s][debug][safepoint   ] Safepoint synchronization initiated using futex wait barrier. (42 threads)
[2025-01-18T12:07:00.526+0000][31.648s][info ][gc,start    ] GC(53) Pause Young (Normal) (G1 Evacuation Pause)
[2025-01-18T12:07:00.526+0000][31.649s][info ][gc,task     ] GC(53) Using 10 workers of 10 for evacuation
[2025-01-18T12:07:00.532+0000][31.654s][info ][gc,phases   ] GC(53)   Pre Evacuate Collection Set: 0.3ms
[2025-01-18T12:07:00.532+0000][31.655s][info ][gc,phases   ] GC(53)   Merge Heap Roots: 0.3ms
[2025-01-18T12:07:00.533+0000][31.655s][info ][gc,phases   ] GC(53)   Evacuate Collection Set: 3.2ms
[2025-01-18T12:07:00.533+0000][31.655s][info ][gc,phases   ] GC(53)   Post Evacuate Collection Set: 1.5ms
[2025-01-18T12:07:00.533+0000][31.655s][info ][gc,phases   ] GC(53)   Other: 0.9ms
[2025-01-18T12:07:00.533+0000][31.656s][info ][gc,heap     ] GC(53) Eden regions: 108->0(109)
[2025-01-18T12:07:00.534+0000][31.656s][info ][gc,heap     ] GC(53) Survivor regions: 2->2(14)
[2025-01-18T12:07:00.534+0000][31.656s][info ][gc,heap     ] GC(53) Old regions: 106->106
[2025-01-18T12:07:00.534+0000][31.656s][info ][gc,heap     ] GC(53) Archive regions: 2->2
[2025-01-18T12:07:00.534+0000][31.656s][info ][gc,heap     ] GC(53) Humongous regions: 0->0
[2025-01-18T12:07:00.534+0000][31.657s][info ][gc,metaspace] GC(53) Metaspace: 116521K(117184K)->116521K(117184K) NonClass: 101532K(101888K)->101532K(101888K) Class: 14988K(15296K)->14988K(15296K)
[2025-01-18T12:07:00.534+0000][31.657s][info ][gc          ] GC(53) Pause Young (Normal) (G1 Evacuation Pause) 215M->107M(254M) 8.407ms
[2025-01-18T12:07:00.535+0000][31.657s][info ][gc,cpu      ] GC(53) User=0.05s Sys=0.00s Real=0.01s
[2025-01-18T12:07:00.535+0000][31.657s][info ][safepoint   ] Safepoint "G1CollectForAllocation", Time since last: 662356726 ns, Reaching safepoint: 483792 ns, Cleanup: 142050 ns, At safepoint: 8826921 ns, Total: 9452763 ns
[2025-01-18T12:07:01.235+0000][32.357s][debug][safepoint   ] Safepoint synchronization initiated using futex wait barrier. (51 threads)
[2025-01-18T12:07:01.235+0000][32.357s][info ][gc,start    ] GC(54) Pause Young (Normal) (G1 Evacuation Pause)
[2025-01-18T12:07:01.235+0000][32.358s][info ][gc,task     ] GC(54) Using 10 workers of 10 for evacuation
[2025-01-18T12:07:01.241+0000][32.363s][info ][gc,phases   ] GC(54)   Pre Evacuate Collection Set: 0.2ms
[2025-01-18T12:07:01.241+0000][32.364s][info ][gc,phases   ] GC(54)   Merge Heap Roots: 0.2ms
[2025-01-18T12:07:01.242+0000][32.364s][info ][gc,phases   ] GC(54)   Evacuate Collection Set: 3.4ms
[2025-01-18T12:07:01.242+0000][32.364s][info ][gc,phases   ] GC(54)   Post Evacuate Collection Set: 1.4ms
[2025-01-18T12:07:01.242+0000][32.364s][info ][gc,phases   ] GC(54)   Other: 0.6ms
[2025-01-18T12:07:01.242+0000][32.364s][info ][gc,heap     ] GC(54) Eden regions: 109->0(104)
[2025-01-18T12:07:01.242+0000][32.365s][info ][gc,heap     ] GC(54) Survivor regions: 2->6(14)
[2025-01-18T12:07:01.242+0000][32.365s][info ][gc,heap     ] GC(54) Old regions: 106->106
[2025-01-18T12:07:01.243+0000][32.365s][info ][gc,heap     ] GC(54) Archive regions: 2->2
[2025-01-18T12:07:01.243+0000][32.365s][info ][gc,heap     ] GC(54) Humongous regions: 1->0
[2025-01-18T12:07:01.243+0000][32.365s][info ][gc,metaspace] GC(54) Metaspace: 122007K(122752K)->122007K(122752K) NonClass: 106516K(106880K)->106516K(106880K) Class: 15490K(15872K)->15490K(15872K)
[2025-01-18T12:07:01.243+0000][32.366s][info ][gc          ] GC(54) Pause Young (Normal) (G1 Evacuation Pause) 217M->111M(254M) 8.216ms
[2025-01-18T12:07:01.244+0000][32.366s][info ][gc,cpu      ] GC(54) User=0.04s Sys=0.00s Real=0.01s
[2025-01-18T12:07:01.244+0000][32.366s][info ][safepoint   ] Safepoint "G1CollectForAllocation", Time since last: 699787897 ns, Reaching safepoint: 345389 ns, Cleanup: 136629 ns, At safepoint: 8704551 ns, Total: 9186569 ns
[2025-01-18T12:07:02.141+0000][33.264s][debug][safepoint   ] Safepoint synchronization initiated using futex wait barrier. (51 threads)
[2025-01-18T12:07:02.142+0000][33.264s][info ][gc,start    ] GC(55) Pause Young (Normal) (G1 Evacuation Pause)
[2025-01-18T12:07:02.142+0000][33.264s][info ][gc,task     ] GC(55) Using 10 workers of 10 for evacuation
[2025-01-18T12:07:02.150+0000][33.272s][info ][gc,phases   ] GC(55)   Pre Evacuate Collection Set: 0.3ms
[2025-01-18T12:07:02.150+0000][33.272s][info ][gc,phases   ] GC(55)   Merge Heap Roots: 0.2ms
[2025-01-18T12:07:02.150+0000][33.273s][info ][gc,phases   ] GC(55)   Evacuate Collection Set: 4.7ms
[2025-01-18T12:07:02.151+0000][33.273s][info ][gc,phases   ] GC(55)   Post Evacuate Collection Set: 1.9ms
[2025-01-18T12:07:02.151+0000][33.273s][info ][gc,phases   ] GC(55)   Other: 0.7ms
[2025-01-18T12:07:02.151+0000][33.274s][info ][gc,heap     ] GC(55) Eden regions: 104->0(102)
[2025-01-18T12:07:02.152+0000][33.274s][info ][gc,heap     ] GC(55) Survivor regions: 6->8(14)
[2025-01-18T12:07:02.152+0000][33.274s][info ][gc,heap     ] GC(55) Old regions: 106->106
[2025-01-18T12:07:02.152+0000][33.274s][info ][gc,heap     ] GC(55) Archive regions: 2->2
[2025-01-18T12:07:02.152+0000][33.275s][info ][gc,heap     ] GC(55) Humongous regions: 0->0
[2025-01-18T12:07:02.153+0000][33.275s][info ][gc,metaspace] GC(55) Metaspace: 124702K(125376K)->124702K(125376K) NonClass: 108918K(109248K)->108918K(109248K) Class: 15784K(16128K)->15784K(16128K)
[2025-01-18T12:07:02.153+0000][33.275s][info ][gc          ] GC(55) Pause Young (Normal) (G1 Evacuation Pause) 215M->113M(254M) 11.263ms
[2025-01-18T12:07:02.153+0000][33.276s][info ][gc,cpu      ] GC(55) User=0.06s Sys=0.00s Real=0.01s
[2025-01-18T12:07:02.154+0000][33.276s][info ][safepoint   ] Safepoint "G1CollectForAllocation", Time since last: 897456501 ns, Reaching safepoint: 399566 ns, Cleanup: 78855 ns, At safepoint: 12020335 ns, Total: 12498756 ns
[2025-01-18T12:07:02.696+0000][33.818s][debug][safepoint   ] Safepoint synchronization initiated using futex wait barrier. (52 threads)
[2025-01-18T12:07:02.696+0000][33.818s][info ][gc,start    ] GC(56) Pause Young (Normal) (G1 Evacuation Pause)
[2025-01-18T12:07:02.696+0000][33.818s][info ][gc,task     ] GC(56) Using 10 workers of 10 for evacuation
[2025-01-18T12:07:02.704+0000][33.826s][info ][gc,phases   ] GC(56)   Pre Evacuate Collection Set: 0.3ms
[2025-01-18T12:07:02.704+0000][33.827s][info ][gc,phases   ] GC(56)   Merge Heap Roots: 0.3ms
[2025-01-18T12:07:02.704+0000][33.827s][info ][gc,phases   ] GC(56)   Evacuate Collection Set: 5.3ms
[2025-01-18T12:07:02.705+0000][33.827s][info ][gc,phases   ] GC(56)   Post Evacuate Collection Set: 1.4ms
[2025-01-18T12:07:02.705+0000][33.827s][info ][gc,phases   ] GC(56)   Other: 0.7ms
[2025-01-18T12:07:02.705+0000][33.827s][info ][gc,heap     ] GC(56) Eden regions: 102->0(102)
[2025-01-18T12:07:02.705+0000][33.828s][info ][gc,heap     ] GC(56) Survivor regions: 8->8(14)
[2025-01-18T12:07:02.705+0000][33.828s][info ][gc,heap     ] GC(56) Old regions: 106->107
[2025-01-18T12:07:02.706+0000][33.828s][info ][gc,heap     ] GC(56) Archive regions: 2->2
[2025-01-18T12:07:02.706+0000][33.828s][info ][gc,heap     ] GC(56) Humongous regions: 0->0
[2025-01-18T12:07:02.706+0000][33.828s][info ][gc,metaspace] GC(56) Metaspace: 127282K(128000K)->127282K(128000K) NonClass: 111178K(111552K)->111178K(111552K) Class: 16103K(16448K)->16103K(16448K)
[2025-01-18T12:07:02.706+0000][33.829s][info ][gc          ] GC(56) Pause Young (Normal) (G1 Evacuation Pause) 215M->115M(254M) 10.242ms
[2025-01-18T12:07:02.706+0000][33.829s][info ][gc,cpu      ] GC(56) User=0.05s Sys=0.00s Real=0.01s
[2025-01-18T12:07:02.707+0000][33.829s][info ][safepoint   ] Safepoint "G1CollectForAllocation", Time since last: 541927232 ns, Reaching safepoint: 291464 ns, Cleanup: 31733 ns, At safepoint: 10812196 ns, Total: 11135393 ns
[2025-01-18T12:07:03.360+0000][34.482s][debug][safepoint   ] Safepoint synchronization initiated using futex wait barrier. (55 threads)
[2025-01-18T12:07:03.361+0000][34.483s][info ][gc,start    ] GC(57) Pause Young (Normal) (G1 Evacuation Pause)
[2025-01-18T12:07:03.361+0000][34.483s][info ][gc,task     ] GC(57) Using 10 workers of 10 for evacuation
[2025-01-18T12:07:03.369+0000][34.491s][info ][gc,phases   ] GC(57)   Pre Evacuate Collection Set: 0.3ms
[2025-01-18T12:07:03.369+0000][34.491s][info ][gc,phases   ] GC(57)   Merge Heap Roots: 0.2ms
[2025-01-18T12:07:03.369+0000][34.492s][info ][gc,phases   ] GC(57)   Evacuate Collection Set: 5.5ms
[2025-01-18T12:07:03.370+0000][34.492s][info ][gc,phases   ] GC(57)   Post Evacuate Collection Set: 1.8ms
[2025-01-18T12:07:03.370+0000][34.492s][info ][gc,phases   ] GC(57)   Other: 0.4ms
[2025-01-18T12:07:03.370+0000][34.493s][info ][gc,heap     ] GC(57) Eden regions: 102->0(97)
[2025-01-18T12:07:03.371+0000][34.493s][info ][gc,heap     ] GC(57) Survivor regions: 8->11(14)
[2025-01-18T12:07:03.371+0000][34.493s][info ][gc,heap     ] GC(57) Old regions: 107->107
[2025-01-18T12:07:03.371+0000][34.493s][info ][gc,heap     ] GC(57) Archive regions: 2->2
[2025-01-18T12:07:03.371+0000][34.494s][info ][gc,heap     ] GC(57) Humongous regions: 0->0
[2025-01-18T12:07:03.372+0000][34.494s][info ][gc,metaspace] GC(57) Metaspace: 130432K(131136K)->130432K(131136K) NonClass: 113968K(114368K)->113968K(114368K) Class: 16464K(16768K)->16464K(16768K)
[2025-01-18T12:07:03.372+0000][34.494s][info ][gc          ] GC(57) Pause Young (Normal) (G1 Evacuation Pause) 217M->118M(254M) 11.181ms
[2025-01-18T12:07:03.372+0000][34.494s][info ][gc,cpu      ] GC(57) User=0.05s Sys=0.01s Real=0.01s
[2025-01-18T12:07:03.372+0000][34.494s][info ][safepoint   ] Safepoint "G1CollectForAllocation", Time since last: 653308091 ns, Reaching safepoint: 408073 ns, Cleanup: 53185 ns, At safepoint: 11666158 ns, Total: 12127416 ns
[2025-01-18T12:07:04.305+0000][35.428s][debug][safepoint   ] Safepoint synchronization initiated using futex wait barrier. (55 threads)
[2025-01-18T12:07:04.306+0000][35.429s][info ][gc,start    ] GC(58) Pause Young (Normal) (G1 Evacuation Pause)
[2025-01-18T12:07:04.307+0000][35.429s][info ][gc,task     ] GC(58) Using 10 workers of 10 for evacuation
[2025-01-18T12:07:04.317+0000][35.439s][info ][gc,phases   ] GC(58)   Pre Evacuate Collection Set: 0.3ms
[2025-01-18T12:07:04.318+0000][35.440s][info ][gc,phases   ] GC(58)   Merge Heap Roots: 0.3ms
[2025-01-18T12:07:04.318+0000][35.440s][info ][gc,phases   ] GC(58)   Evacuate Collection Set: 7.1ms
[2025-01-18T12:07:04.318+0000][35.440s][info ][gc,phases   ] GC(58)   Post Evacuate Collection Set: 2.1ms
[2025-01-18T12:07:04.319+0000][35.441s][info ][gc,phases   ] GC(58)   Other: 0.9ms
[2025-01-18T12:07:04.319+0000][35.441s][info ][gc,heap     ] GC(58) Eden regions: 97->0(95)
[2025-01-18T12:07:04.319+0000][35.442s][info ][gc,heap     ] GC(58) Survivor regions: 11->10(14)
[2025-01-18T12:07:04.320+0000][35.442s][info ][gc,heap     ] GC(58) Old regions: 107->111
[2025-01-18T12:07:04.320+0000][35.443s][info ][gc,heap     ] GC(58) Archive regions: 2->2
[2025-01-18T12:07:04.321+0000][35.443s][info ][gc,heap     ] GC(58) Humongous regions: 0->0
[2025-01-18T12:07:04.321+0000][35.443s][info ][gc,metaspace] GC(58) Metaspace: 134032K(135040K)->134032K(135040K) NonClass: 117175K(117696K)->117175K(117696K) Class: 16857K(17344K)->16857K(17344K)
[2025-01-18T12:07:04.321+0000][35.444s][info ][gc          ] GC(58) Pause Young (Normal) (G1 Evacuation Pause) 215M->120M(254M) 14.878ms
[2025-01-18T12:07:04.321+0000][35.444s][info ][gc,cpu      ] GC(58) User=0.08s Sys=0.01s Real=0.02s
[2025-01-18T12:07:04.322+0000][35.444s][info ][safepoint   ] Safepoint "G1CollectForAllocation", Time since last: 933149811 ns, Reaching safepoint: 688217 ns, Cleanup: 270512 ns, At safepoint: 15782907 ns, Total: 16741636 ns
[2025-01-18T12:07:04.859+0000][35.981s][debug][safepoint   ] Safepoint synchronization initiated using futex wait barrier. (58 threads)
[2025-01-18T12:07:04.860+0000][35.982s][info ][gc,start    ] GC(59) Pause Young (Normal) (G1 Evacuation Pause)
[2025-01-18T12:07:04.860+0000][35.982s][info ][gc,task     ] GC(59) Using 10 workers of 10 for evacuation
[2025-01-18T12:07:04.868+0000][35.990s][info ][gc,phases   ] GC(59)   Pre Evacuate Collection Set: 0.2ms
[2025-01-18T12:07:04.868+0000][35.990s][info ][gc,phases   ] GC(59)   Merge Heap Roots: 0.2ms
[2025-01-18T12:07:04.868+0000][35.991s][info ][gc,phases   ] GC(59)   Evacuate Collection Set: 5.2ms
[2025-01-18T12:07:04.869+0000][35.991s][info ][gc,phases   ] GC(59)   Post Evacuate Collection Set: 1.8ms
[2025-01-18T12:07:04.869+0000][35.991s][info ][gc,phases   ] GC(59)   Other: 0.6ms
[2025-01-18T12:07:04.869+0000][35.991s][info ][gc,heap     ] GC(59) Eden regions: 95->0(91)
[2025-01-18T12:07:04.869+0000][35.991s][info ][gc,heap     ] GC(59) Survivor regions: 10->11(14)
[2025-01-18T12:07:04.869+0000][35.992s][info ][gc,heap     ] GC(59) Old regions: 111->113
[2025-01-18T12:07:04.870+0000][35.992s][info ][gc,heap     ] GC(59) Archive regions: 2->2
[2025-01-18T12:07:04.870+0000][35.992s][info ][gc,heap     ] GC(59) Humongous regions: 0->0
[2025-01-18T12:07:04.870+0000][35.992s][info ][gc,metaspace] GC(59) Metaspace: 136661K(137664K)->136661K(137664K) NonClass: 119554K(120064K)->119554K(120064K) Class: 17106K(17600K)->17106K(17600K)
[2025-01-18T12:07:04.870+0000][35.992s][info ][gc          ] GC(59) Pause Young (Normal) (G1 Evacuation Pause) 215M->123M(254M) 10.295ms
[2025-01-18T12:07:04.870+0000][35.993s][info ][gc,cpu      ] GC(59) User=0.06s Sys=0.01s Real=0.01s
[2025-01-18T12:07:04.871+0000][35.993s][info ][safepoint   ] Safepoint "G1CollectForAllocation", Time since last: 536972864 ns, Reaching safepoint: 648596 ns, Cleanup: 80859 ns, At safepoint: 10821125 ns, Total: 11550580 ns
[2025-01-18T12:07:05.305+0000][36.427s][debug][safepoint   ] Safepoint synchronization initiated using futex wait barrier. (59 threads)
[2025-01-18T12:07:05.305+0000][36.428s][info ][gc,start    ] GC(60) Pause Young (Normal) (G1 Evacuation Pause)
[2025-01-18T12:07:05.306+0000][36.428s][info ][gc,task     ] GC(60) Using 10 workers of 10 for evacuation
[2025-01-18T12:07:05.316+0000][36.438s][info ][gc,phases   ] GC(60)   Pre Evacuate Collection Set: 0.3ms
[2025-01-18T12:07:05.316+0000][36.438s][info ][gc,phases   ] GC(60)   Merge Heap Roots: 0.2ms
[2025-01-18T12:07:05.316+0000][36.439s][info ][gc,phases   ] GC(60)   Evacuate Collection Set: 7.2ms
[2025-01-18T12:07:05.317+0000][36.439s][info ][gc,phases   ] GC(60)   Post Evacuate Collection Set: 1.7ms
[2025-01-18T12:07:05.317+0000][36.439s][info ][gc,phases   ] GC(60)   Other: 0.6ms
[2025-01-18T12:07:05.317+0000][36.439s][info ][gc,heap     ] GC(60) Eden regions: 91->0(91)
[2025-01-18T12:07:05.317+0000][36.440s][info ][gc,heap     ] GC(60) Survivor regions: 11->9(13)
[2025-01-18T12:07:05.317+0000][36.440s][info ][gc,heap     ] GC(60) Old regions: 113->117
[2025-01-18T12:07:05.318+0000][36.440s][info ][gc,heap     ] GC(60) Archive regions: 2->2
[2025-01-18T12:07:05.318+0000][36.440s][info ][gc,heap     ] GC(60) Humongous regions: 0->0
[2025-01-18T12:07:05.318+0000][36.441s][info ][gc,metaspace] GC(60) Metaspace: 138346K(139456K)->138346K(139456K) NonClass: 121138K(121728K)->121138K(121728K) Class: 17207K(17728K)->17207K(17728K)
[2025-01-18T12:07:05.318+0000][36.441s][info ][gc          ] GC(60) Pause Young (Normal) (G1 Evacuation Pause) 214M->126M(254M) 12.966ms
[2025-01-18T12:07:05.319+0000][36.441s][info ][gc,cpu      ] GC(60) User=0.10s Sys=0.03s Real=0.02s
[2025-01-18T12:07:05.319+0000][36.441s][info ][safepoint   ] Safepoint "G1CollectForAllocation", Time since last: 434297487 ns, Reaching safepoint: 452901 ns, Cleanup: 89997 ns, At safepoint: 13475766 ns, Total: 14018664 ns
[2025-01-18T12:07:05.812+0000][36.934s][debug][safepoint   ] Safepoint synchronization initiated using futex wait barrier. (59 threads)
[2025-01-18T12:07:05.812+0000][36.935s][info ][gc,start    ] GC(61) Pause Young (Normal) (G1 Evacuation Pause)
[2025-01-18T12:07:05.813+0000][36.935s][info ][gc,task     ] GC(61) Using 10 workers of 10 for evacuation
[2025-01-18T12:07:05.821+0000][36.943s][info ][gc,phases   ] GC(61)   Pre Evacuate Collection Set: 0.2ms
[2025-01-18T12:07:05.821+0000][36.943s][info ][gc,phases   ] GC(61)   Merge Heap Roots: 0.2ms
[2025-01-18T12:07:05.821+0000][36.943s][info ][gc,phases   ] GC(61)   Evacuate Collection Set: 5.7ms
[2025-01-18T12:07:05.821+0000][36.944s][info ][gc,phases   ] GC(61)   Post Evacuate Collection Set: 1.7ms
[2025-01-18T12:07:05.821+0000][36.944s][info ][gc,phases   ] GC(61)   Other: 0.5ms
[2025-01-18T12:07:05.822+0000][36.944s][info ][gc,heap     ] GC(61) Eden regions: 91->0(86)
[2025-01-18T12:07:05.822+0000][36.944s][info ][gc,heap     ] GC(61) Survivor regions: 9->10(13)
[2025-01-18T12:07:05.822+0000][36.944s][info ][gc,heap     ] GC(61) Old regions: 117->120
[2025-01-18T12:07:05.822+0000][36.944s][info ][gc,heap     ] GC(61) Archive regions: 2->2
[2025-01-18T12:07:05.822+0000][36.945s][info ][gc,heap     ] GC(61) Humongous regions: 0->0
[2025-01-18T12:07:05.822+0000][36.945s][info ][gc,metaspace] GC(61) Metaspace: 140092K(141184K)->140092K(141184K) NonClass: 122796K(123392K)->122796K(123392K) Class: 17296K(17792K)->17296K(17792K)
[2025-01-18T12:07:05.822+0000][36.945s][info ][gc          ] GC(61) Pause Young (Normal) (G1 Evacuation Pause) 217M->129M(254M) 10.117ms
[2025-01-18T12:07:05.823+0000][36.945s][info ][gc,cpu      ] GC(61) User=0.07s Sys=0.00s Real=0.01s
[2025-01-18T12:07:05.823+0000][36.945s][info ][safepoint   ] Safepoint "G1CollectForAllocation", Time since last: 493008111 ns, Reaching safepoint: 385008 ns, Cleanup: 43565 ns, At safepoint: 10493651 ns, Total: 10922224 ns
[2025-01-18T12:07:06.259+0000][37.381s][debug][safepoint   ] ... found polling page loop exception at pc = 0x00007f7855141af8, stub =0x00007f7854af5400
[2025-01-18T12:07:06.267+0000][37.390s][debug][safepoint   ] Safepoint synchronization initiated using futex wait barrier. (60 threads)
[2025-01-18T12:07:06.268+0000][37.390s][info ][gc,start    ] GC(62) Pause Young (Normal) (G1 Evacuation Pause)
[2025-01-18T12:07:06.268+0000][37.391s][info ][gc,task     ] GC(62) Using 10 workers of 10 for evacuation
[2025-01-18T12:07:06.276+0000][37.398s][info ][gc,phases   ] GC(62)   Pre Evacuate Collection Set: 0.3ms
[2025-01-18T12:07:06.276+0000][37.399s][info ][gc,phases   ] GC(62)   Merge Heap Roots: 0.2ms
[2025-01-18T12:07:06.276+0000][37.399s][info ][gc,phases   ] GC(62)   Evacuate Collection Set: 5.4ms
[2025-01-18T12:07:06.277+0000][37.399s][info ][gc,phases   ] GC(62)   Post Evacuate Collection Set: 1.4ms
[2025-01-18T12:07:06.277+0000][37.399s][info ][gc,phases   ] GC(62)   Other: 0.8ms
[2025-01-18T12:07:06.277+0000][37.399s][info ][gc,heap     ] GC(62) Eden regions: 86->0(84)
[2025-01-18T12:07:06.277+0000][37.400s][info ][gc,heap     ] GC(62) Survivor regions: 10->7(12)
[2025-01-18T12:07:06.277+0000][37.400s][info ][gc,heap     ] GC(62) Old regions: 120->126
[2025-01-18T12:07:06.278+0000][37.400s][info ][gc,heap     ] GC(62) Archive regions: 2->2
[2025-01-18T12:07:06.278+0000][37.400s][info ][gc,heap     ] GC(62) Humongous regions: 0->0
[2025-01-18T12:07:06.278+0000][37.400s][info ][gc,metaspace] GC(62) Metaspace: 143238K(144256K)->143238K(144256K) NonClass: 125673K(126208K)->125673K(126208K) Class: 17565K(18048K)->17565K(18048K)
[2025-01-18T12:07:06.278+0000][37.401s][info ][gc          ] GC(62) Pause Young (Normal) (G1 Evacuation Pause) 215M->132M(254M) 10.393ms
[2025-01-18T12:07:06.279+0000][37.401s][info ][gc,cpu      ] GC(62) User=0.07s Sys=0.00s Real=0.01s
[2025-01-18T12:07:06.279+0000][37.401s][info ][safepoint   ] Safepoint "G1CollectForAllocation", Time since last: 444400899 ns, Reaching safepoint: 457570 ns, Cleanup: 168612 ns, At safepoint: 10927736 ns, Total: 11553918 ns
[2025-01-18T12:07:06.671+0000][37.794s][info ][cds,heap    ] initialize_from_archived_subgraph jdk.internal.math.FDBigInteger 0x00007f77eb14d8f0
[2025-01-18T12:07:06.848+0000][37.970s][debug][safepoint   ] Safepoint synchronization initiated using futex wait barrier. (65 threads)
[2025-01-18T12:07:06.848+0000][37.971s][info ][gc,start    ] GC(63) Pause Young (Normal) (G1 Evacuation Pause)
[2025-01-18T12:07:06.849+0000][37.971s][info ][gc,task     ] GC(63) Using 10 workers of 10 for evacuation
[2025-01-18T12:07:06.855+0000][37.978s][info ][gc,phases   ] GC(63)   Pre Evacuate Collection Set: 0.2ms
[2025-01-18T12:07:06.856+0000][37.978s][info ][gc,phases   ] GC(63)   Merge Heap Roots: 0.2ms
[2025-01-18T12:07:06.856+0000][37.978s][info ][gc,phases   ] GC(63)   Evacuate Collection Set: 4.6ms
[2025-01-18T12:07:06.856+0000][37.978s][info ][gc,phases   ] GC(63)   Post Evacuate Collection Set: 1.6ms
[2025-01-18T12:07:06.856+0000][37.979s][info ][gc,phases   ] GC(63)   Other: 0.5ms
[2025-01-18T12:07:06.856+0000][37.979s][info ][gc,heap     ] GC(63) Eden regions: 84->0(84)
[2025-01-18T12:07:06.857+0000][37.979s][info ][gc,heap     ] GC(63) Survivor regions: 7->5(12)
[2025-01-18T12:07:06.857+0000][37.979s][info ][gc,heap     ] GC(63) Old regions: 126->129
[2025-01-18T12:07:06.857+0000][37.979s][info ][gc,heap     ] GC(63) Archive regions: 2->2
[2025-01-18T12:07:06.857+0000][37.979s][info ][gc,heap     ] GC(63) Humongous regions: 0->0
[2025-01-18T12:07:06.857+0000][37.980s][info ][gc,metaspace] GC(63) Metaspace: 146817K(147904K)->146817K(147904K) NonClass: 128849K(129408K)->128849K(129408K) Class: 17967K(18496K)->17967K(18496K)
[2025-01-18T12:07:06.857+0000][37.980s][info ][gc          ] GC(63) Pause Young (Normal) (G1 Evacuation Pause) 216M->134M(254M) 9.076ms
[2025-01-18T12:07:06.858+0000][37.980s][info ][gc,cpu      ] GC(63) User=0.06s Sys=0.00s Real=0.01s
[2025-01-18T12:07:06.858+0000][37.980s][info ][safepoint   ] Safepoint "G1CollectForAllocation", Time since last: 568963015 ns, Reaching safepoint: 485786 ns, Cleanup: 80478 ns, At safepoint: 9567841 ns, Total: 10134105 ns
[2025-01-18T12:07:07.307+0000][38.429s][debug][safepoint   ] Safepoint synchronization initiated using futex wait barrier. (78 threads)
[2025-01-18T12:07:07.308+0000][38.430s][info ][gc,start    ] GC(64) Pause Young (Normal) (G1 Evacuation Pause)
[2025-01-18T12:07:07.308+0000][38.430s][info ][gc,task     ] GC(64) Using 10 workers of 10 for evacuation
[2025-01-18T12:07:07.315+0000][38.437s][info ][gc,phases   ] GC(64)   Pre Evacuate Collection Set: 0.3ms
[2025-01-18T12:07:07.315+0000][38.437s][info ][gc,phases   ] GC(64)   Merge Heap Roots: 0.2ms
[2025-01-18T12:07:07.315+0000][38.438s][info ][gc,phases   ] GC(64)   Evacuate Collection Set: 4.3ms
[2025-01-18T12:07:07.316+0000][38.438s][info ][gc,phases   ] GC(64)   Post Evacuate Collection Set: 1.5ms
[2025-01-18T12:07:07.316+0000][38.438s][info ][gc,phases   ] GC(64)   Other: 0.8ms
[2025-01-18T12:07:07.316+0000][38.438s][info ][gc,heap     ] GC(64) Eden regions: 84->0(83)
[2025-01-18T12:07:07.316+0000][38.439s][info ][gc,heap     ] GC(64) Survivor regions: 5->7(12)
[2025-01-18T12:07:07.316+0000][38.439s][info ][gc,heap     ] GC(64) Old regions: 129->129
[2025-01-18T12:07:07.317+0000][38.439s][info ][gc,heap     ] GC(64) Archive regions: 2->2
[2025-01-18T12:07:07.317+0000][38.439s][info ][gc,heap     ] GC(64) Humongous regions: 0->0
[2025-01-18T12:07:07.317+0000][38.439s][info ][gc,metaspace] GC(64) Metaspace: 149059K(150144K)->149059K(150144K) NonClass: 130827K(131392K)->130827K(131392K) Class: 18232K(18752K)->18232K(18752K)
[2025-01-18T12:07:07.317+0000][38.439s][info ][gc          ] GC(64) Pause Young (Normal) (G1 Evacuation Pause) 218M->135M(254M) 9.373ms
[2025-01-18T12:07:07.317+0000][38.440s][info ][gc,cpu      ] GC(64) User=0.04s Sys=0.00s Real=0.01s
[2025-01-18T12:07:07.317+0000][38.440s][info ][safepoint   ] Safepoint "G1CollectForAllocation", Time since last: 449140792 ns, Reaching safepoint: 552687 ns, Cleanup: 94336 ns, At safepoint: 9789146 ns, Total: 10436169 ns
[2025-01-18T12:07:07.687+0000][38.810s][debug][safepoint   ] Safepoint synchronization initiated using futex wait barrier. (79 threads)
[2025-01-18T12:07:07.688+0000][38.810s][info ][gc,start    ] GC(65) Pause Young (Normal) (G1 Evacuation Pause)
[2025-01-18T12:07:07.688+0000][38.811s][info ][gc,task     ] GC(65) Using 10 workers of 10 for evacuation
[2025-01-18T12:07:07.695+0000][38.818s][info ][gc,phases   ] GC(65)   Pre Evacuate Collection Set: 0.3ms
[2025-01-18T12:07:07.696+0000][38.818s][info ][gc,phases   ] GC(65)   Merge Heap Roots: 0.2ms
[2025-01-18T12:07:07.696+0000][38.818s][info ][gc,phases   ] GC(65)   Evacuate Collection Set: 4.4ms
[2025-01-18T12:07:07.696+0000][38.818s][info ][gc,phases   ] GC(65)   Post Evacuate Collection Set: 1.7ms
[2025-01-18T12:07:07.696+0000][38.819s][info ][gc,phases   ] GC(65)   Other: 0.8ms
[2025-01-18T12:07:07.697+0000][38.819s][info ][gc,heap     ] GC(65) Eden regions: 83->0(82)
[2025-01-18T12:07:07.697+0000][38.819s][info ][gc,heap     ] GC(65) Survivor regions: 7->5(12)
[2025-01-18T12:07:07.697+0000][38.819s][info ][gc,heap     ] GC(65) Old regions: 129->132
[2025-01-18T12:07:07.697+0000][38.820s][info ][gc,heap     ] GC(65) Archive regions: 2->2
[2025-01-18T12:07:07.697+0000][38.820s][info ][gc,heap     ] GC(65) Humongous regions: 0->0
[2025-01-18T12:07:07.698+0000][38.820s][info ][gc,metaspace] GC(65) Metaspace: 149823K(150912K)->149823K(150912K) NonClass: 131480K(132032K)->131480K(132032K) Class: 18343K(18880K)->18343K(18880K)
[2025-01-18T12:07:07.698+0000][38.820s][info ][gc          ] GC(65) Pause Young (Normal) (G1 Evacuation Pause) 218M->137M(254M) 9.867ms
[2025-01-18T12:07:07.698+0000][38.820s][info ][gc,cpu      ] GC(65) User=0.06s Sys=0.00s Real=0.01s
[2025-01-18T12:07:07.698+0000][38.821s][info ][safepoint   ] Safepoint "G1CollectForAllocation", Time since last: 369937678 ns, Reaching safepoint: 434074 ns, Cleanup: 26081 ns, At safepoint: 10359737 ns, Total: 10819892 ns
[2025-01-18T12:07:08.088+0000][39.210s][debug][safepoint   ] Safepoint synchronization initiated using futex wait barrier. (78 threads)
[2025-01-18T12:07:08.088+0000][39.211s][info ][gc,start    ] GC(66) Pause Young (Normal) (G1 Evacuation Pause)
[2025-01-18T12:07:08.089+0000][39.211s][info ][gc,task     ] GC(66) Using 10 workers of 10 for evacuation
[2025-01-18T12:07:08.095+0000][39.217s][info ][gc,phases   ] GC(66)   Pre Evacuate Collection Set: 0.3ms
[2025-01-18T12:07:08.095+0000][39.218s][info ][gc,phases   ] GC(66)   Merge Heap Roots: 0.2ms
[2025-01-18T12:07:08.096+0000][39.218s][info ][gc,phases   ] GC(66)   Evacuate Collection Set: 4.2ms
[2025-01-18T12:07:08.096+0000][39.218s][info ][gc,phases   ] GC(66)   Post Evacuate Collection Set: 1.4ms
[2025-01-18T12:07:08.096+0000][39.218s][info ][gc,phases   ] GC(66)   Other: 0.6ms
[2025-01-18T12:07:08.096+0000][39.219s][info ][gc,heap     ] GC(66) Eden regions: 82->0(82)
[2025-01-18T12:07:08.097+0000][39.219s][info ][gc,heap     ] GC(66) Survivor regions: 5->6(11)
[2025-01-18T12:07:08.097+0000][39.219s][info ][gc,heap     ] GC(66) Old regions: 132->132
[2025-01-18T12:07:08.097+0000][39.219s][info ][gc,heap     ] GC(66) Archive regions: 2->2
[2025-01-18T12:07:08.097+0000][39.220s][info ][gc,heap     ] GC(66) Humongous regions: 0->0
[2025-01-18T12:07:08.097+0000][39.220s][info ][gc,metaspace] GC(66) Metaspace: 150803K(151872K)->150803K(151872K) NonClass: 132310K(132864K)->132310K(132864K) Class: 18492K(19008K)->18492K(19008K)
[2025-01-18T12:07:08.098+0000][39.220s][info ][gc          ] GC(66) Pause Young (Normal) (G1 Evacuation Pause) 219M->138M(254M) 9.255ms
[2025-01-18T12:07:08.098+0000][39.220s][info ][gc,cpu      ] GC(66) User=0.05s Sys=0.00s Real=0.01s
[2025-01-18T12:07:08.098+0000][39.220s][info ][safepoint   ] Safepoint "G1CollectForAllocation", Time since last: 389722125 ns, Reaching safepoint: 385618 ns, Cleanup: 27304 ns, At safepoint: 9687827 ns, Total: 10100749 ns
[2025-01-18T12:07:08.487+0000][39.609s][debug][safepoint   ] Safepoint synchronization initiated using futex wait barrier. (79 threads)
[2025-01-18T12:07:08.488+0000][39.610s][info ][gc,start    ] GC(67) Pause Young (Normal) (G1 Evacuation Pause)
[2025-01-18T12:07:08.488+0000][39.611s][info ][gc,task     ] GC(67) Using 10 workers of 10 for evacuation
[2025-01-18T12:07:08.499+0000][39.621s][info ][gc,phases   ] GC(67)   Pre Evacuate Collection Set: 0.3ms
[2025-01-18T12:07:08.499+0000][39.622s][info ][gc,phases   ] GC(67)   Merge Heap Roots: 0.2ms
[2025-01-18T12:07:08.499+0000][39.622s][info ][gc,phases   ] GC(67)   Evacuate Collection Set: 7.8ms
[2025-01-18T12:07:08.500+0000][39.622s][info ][gc,phases   ] GC(67)   Post Evacuate Collection Set: 1.9ms
[2025-01-18T12:07:08.500+0000][39.622s][info ][gc,phases   ] GC(67)   Other: 0.8ms
[2025-01-18T12:07:08.500+0000][39.623s][info ][gc,heap     ] GC(67) Eden regions: 82->0(74)
[2025-01-18T12:07:08.500+0000][39.623s][info ][gc,heap     ] GC(67) Survivor regions: 6->10(11)
[2025-01-18T12:07:08.501+0000][39.623s][info ][gc,heap     ] GC(67) Old regions: 132->132
[2025-01-18T12:07:08.501+0000][39.623s][info ][gc,heap     ] GC(67) Archive regions: 2->2
[2025-01-18T12:07:08.501+0000][39.623s][info ][gc,heap     ] GC(67) Humongous regions: 0->0
[2025-01-18T12:07:08.501+0000][39.624s][info ][gc,metaspace] GC(67) Metaspace: 151417K(152512K)->151417K(152512K) NonClass: 132864K(133440K)->132864K(133440K) Class: 18552K(19072K)->18552K(19072K)
[2025-01-18T12:07:08.502+0000][39.624s][info ][gc          ] GC(67) Pause Young (Normal) (G1 Evacuation Pause) 220M->142M(254M) 13.611ms
[2025-01-18T12:07:08.502+0000][39.624s][info ][gc,cpu      ] GC(67) User=0.11s Sys=0.00s Real=0.01s
[2025-01-18T12:07:08.502+0000][39.624s][info ][safepoint   ] Safepoint "G1CollectForAllocation", Time since last: 388913795 ns, Reaching safepoint: 652593 ns, Cleanup: 210064 ns, At safepoint: 14106347 ns, Total: 14969004 ns
[2025-01-18T12:07:08.861+0000][39.983s][debug][safepoint   ] Safepoint synchronization initiated using futex wait barrier. (79 threads)
[2025-01-18T12:07:08.862+0000][39.984s][info ][gc,start    ] GC(68) Pause Young (Normal) (G1 Evacuation Pause)
[2025-01-18T12:07:08.862+0000][39.984s][info ][gc,task     ] GC(68) Using 10 workers of 10 for evacuation
[2025-01-18T12:07:08.870+0000][39.993s][info ][gc,phases   ] GC(68)   Pre Evacuate Collection Set: 0.3ms
[2025-01-18T12:07:08.871+0000][39.993s][info ][gc,phases   ] GC(68)   Merge Heap Roots: 0.2ms
[2025-01-18T12:07:08.871+0000][39.994s][info ][gc,phases   ] GC(68)   Evacuate Collection Set: 5.7ms
[2025-01-18T12:07:08.871+0000][39.994s][info ][gc,phases   ] GC(68)   Post Evacuate Collection Set: 1.7ms
[2025-01-18T12:07:08.872+0000][39.994s][info ][gc,phases   ] GC(68)   Other: 1.0ms
[2025-01-18T12:07:08.872+0000][39.994s][info ][gc,heap     ] GC(68) Eden regions: 74->0(74)
[2025-01-18T12:07:08.872+0000][39.994s][info ][gc,heap     ] GC(68) Survivor regions: 10->8(11)
[2025-01-18T12:07:08.872+0000][39.995s][info ][gc,heap     ] GC(68) Old regions: 132->136
[2025-01-18T12:07:08.873+0000][39.995s][info ][gc,heap     ] GC(68) Archive regions: 2->2
[2025-01-18T12:07:08.873+0000][39.995s][info ][gc,heap     ] GC(68) Humongous regions: 0->0
[2025-01-18T12:07:08.873+0000][39.995s][info ][gc,metaspace] GC(68) Metaspace: 152045K(153152K)->152045K(153152K) NonClass: 133380K(133952K)->133380K(133952K) Class: 18665K(19200K)->18665K(19200K)
[2025-01-18T12:07:08.873+0000][39.996s][info ][gc          ] GC(68) Pause Young (Normal) (G1 Evacuation Pause) 216M->143M(254M) 11.594ms
[2025-01-18T12:07:08.873+0000][39.996s][info ][gc,cpu      ] GC(68) User=0.08s Sys=0.00s Real=0.01s
[2025-01-18T12:07:08.874+0000][39.996s][info ][safepoint   ] Safepoint "G1CollectForAllocation", Time since last: 358960936 ns, Reaching safepoint: 521426 ns, Cleanup: 125607 ns, At safepoint: 12033130 ns, Total: 12680163 ns
[2025-01-18T12:07:09.156+0000][40.278s][debug][safepoint   ] Safepoint synchronization initiated using futex wait barrier. (77 threads)
[2025-01-18T12:07:09.156+0000][40.278s][info ][gc,start    ] GC(69) Pause Young (Normal) (G1 Evacuation Pause)
[2025-01-18T12:07:09.156+0000][40.279s][info ][gc,task     ] GC(69) Using 10 workers of 10 for evacuation
[2025-01-18T12:07:09.164+0000][40.286s][info ][gc,phases   ] GC(69)   Pre Evacuate Collection Set: 0.3ms
[2025-01-18T12:07:09.164+0000][40.287s][info ][gc,phases   ] GC(69)   Merge Heap Roots: 0.2ms
[2025-01-18T12:07:09.165+0000][40.287s][info ][gc,phases   ] GC(69)   Evacuate Collection Set: 5.1ms
[2025-01-18T12:07:09.165+0000][40.287s][info ][gc,phases   ] GC(69)   Post Evacuate Collection Set: 1.5ms
[2025-01-18T12:07:09.165+0000][40.287s][info ][gc,phases   ] GC(69)   Other: 0.7ms
[2025-01-18T12:07:09.165+0000][40.287s][info ][gc,heap     ] GC(69) Eden regions: 74->0(75)
[2025-01-18T12:07:09.165+0000][40.288s][info ][gc,heap     ] GC(69) Survivor regions: 8->4(11)
[2025-01-18T12:07:09.166+0000][40.288s][info ][gc,heap     ] GC(69) Old regions: 136->141
[2025-01-18T12:07:09.166+0000][40.288s][info ][gc,heap     ] GC(69) Archive regions: 2->2
[2025-01-18T12:07:09.166+0000][40.288s][info ][gc,heap     ] GC(69) Humongous regions: 0->0
[2025-01-18T12:07:09.166+0000][40.288s][info ][gc,metaspace] GC(69) Metaspace: 152555K(153600K)->152555K(153600K) NonClass: 133790K(134336K)->133790K(134336K) Class: 18764K(19264K)->18764K(19264K)
[2025-01-18T12:07:09.166+0000][40.288s][info ][gc          ] GC(69) Pause Young (Normal) (G1 Evacuation Pause) 217M->144M(254M) 10.017ms
[2025-01-18T12:07:09.166+0000][40.289s][info ][gc,cpu      ] GC(69) User=0.06s Sys=0.00s Real=0.01s
[2025-01-18T12:07:09.167+0000][40.289s][info ][safepoint   ] Safepoint "G1CollectForAllocation", Time since last: 282087584 ns, Reaching safepoint: 436809 ns, Cleanup: 30300 ns, At safepoint: 10411369 ns, Total: 10878478 ns
[2025-01-18T12:07:09.368+0000][40.490s][debug][safepoint   ] ... found polling page loop exception at pc = 0x00007f7855879118, stub =0x00007f7854af5400
[2025-01-18T12:07:09.469+0000][40.591s][debug][safepoint   ] Safepoint synchronization initiated using futex wait barrier. (78 threads)
[2025-01-18T12:07:09.470+0000][40.592s][info ][gc,start    ] GC(70) Pause Young (Normal) (G1 Evacuation Pause)
[2025-01-18T12:07:09.470+0000][40.592s][info ][gc,task     ] GC(70) Using 10 workers of 10 for evacuation
[2025-01-18T12:07:09.477+0000][40.600s][info ][gc,phases   ] GC(70)   Pre Evacuate Collection Set: 0.3ms
[2025-01-18T12:07:09.478+0000][40.600s][info ][gc,phases   ] GC(70)   Merge Heap Roots: 0.2ms
[2025-01-18T12:07:09.478+0000][40.600s][info ][gc,phases   ] GC(70)   Evacuate Collection Set: 4.3ms
[2025-01-18T12:07:09.478+0000][40.600s][info ][gc,phases   ] GC(70)   Post Evacuate Collection Set: 1.7ms
[2025-01-18T12:07:09.478+0000][40.600s][info ][gc,phases   ] GC(70)   Other: 0.8ms
[2025-01-18T12:07:09.478+0000][40.601s][info ][gc,heap     ] GC(70) Eden regions: 75->0(116)
[2025-01-18T12:07:09.479+0000][40.601s][info ][gc,heap     ] GC(70) Survivor regions: 4->6(10)
[2025-01-18T12:07:09.479+0000][40.601s][info ][gc,heap     ] GC(70) Old regions: 141->141
[2025-01-18T12:07:09.479+0000][40.601s][info ][gc,heap     ] GC(70) Archive regions: 2->2
[2025-01-18T12:07:09.479+0000][40.602s][info ][gc,heap     ] GC(70) Humongous regions: 0->0
[2025-01-18T12:07:09.479+0000][40.602s][info ][gc,metaspace] GC(70) Metaspace: 152891K(153984K)->152891K(153984K) NonClass: 134075K(134656K)->134075K(134656K) Class: 18815K(19328K)->18815K(19328K)
[2025-01-18T12:07:09.480+0000][40.602s][info ][gc          ] GC(70) Pause Young (Normal) (G1 Evacuation Pause) 219M->146M(305M) 9.767ms
[2025-01-18T12:07:09.480+0000][40.602s][info ][gc,cpu      ] GC(70) User=0.05s Sys=0.02s Real=0.01s
[2025-01-18T12:07:09.480+0000][40.602s][info ][safepoint   ] Safepoint "G1CollectForAllocation", Time since last: 302617447 ns, Reaching safepoint: 577556 ns, Cleanup: 44918 ns, At safepoint: 10255306 ns, Total: 10877780 ns
[2025-01-18T12:07:09.968+0000][41.091s][debug][safepoint   ] Safepoint synchronization initiated using futex wait barrier. (78 threads)
[2025-01-18T12:07:09.969+0000][41.091s][info ][gc,start    ] GC(71) Pause Young (Normal) (G1 Evacuation Pause)
[2025-01-18T12:07:09.969+0000][41.092s][info ][gc,task     ] GC(71) Using 10 workers of 10 for evacuation
[2025-01-18T12:07:09.977+0000][41.099s][info ][gc,phases   ] GC(71)   Pre Evacuate Collection Set: 0.4ms
[2025-01-18T12:07:09.977+0000][41.100s][info ][gc,phases   ] GC(71)   Merge Heap Roots: 0.4ms
[2025-01-18T12:07:09.977+0000][41.100s][info ][gc,phases   ] GC(71)   Evacuate Collection Set: 4.9ms
[2025-01-18T12:07:09.978+0000][41.100s][info ][gc,phases   ] GC(71)   Post Evacuate Collection Set: 1.5ms
[2025-01-18T12:07:09.978+0000][41.100s][info ][gc,phases   ] GC(71)   Other: 0.7ms
[2025-01-18T12:07:09.978+0000][41.100s][info ][gc,heap     ] GC(71) Eden regions: 116->0(115)
[2025-01-18T12:07:09.978+0000][41.101s][info ][gc,heap     ] GC(71) Survivor regions: 6->8(16)
[2025-01-18T12:07:09.979+0000][41.101s][info ][gc,heap     ] GC(71) Old regions: 141->141
[2025-01-18T12:07:09.979+0000][41.101s][info ][gc,heap     ] GC(71) Archive regions: 2->2
[2025-01-18T12:07:09.979+0000][41.101s][info ][gc,heap     ] GC(71) Humongous regions: 0->0
[2025-01-18T12:07:09.979+0000][41.101s][info ][gc,metaspace] GC(71) Metaspace: 154149K(155200K)->154149K(155200K) NonClass: 135173K(135744K)->135173K(135744K) Class: 18976K(19456K)->18976K(19456K)
[2025-01-18T12:07:09.979+0000][41.102s][info ][gc          ] GC(71) Pause Young (Normal) (G1 Evacuation Pause) 262M->148M(305M) 10.431ms
[2025-01-18T12:07:09.980+0000][41.102s][info ][gc,cpu      ] GC(71) User=0.04s Sys=0.01s Real=0.01s
[2025-01-18T12:07:09.980+0000][41.102s][info ][safepoint   ] Safepoint "G1CollectForAllocation", Time since last: 488328182 ns, Reaching safepoint: 468722 ns, Cleanup: 95017 ns, At safepoint: 10997803 ns, Total: 11561542 ns
[2025-01-18T12:07:10.475+0000][41.597s][debug][safepoint   ] Safepoint synchronization initiated using futex wait barrier. (90 threads)
[2025-01-18T12:07:10.476+0000][41.598s][info ][gc,start    ] GC(72) Pause Young (Normal) (G1 Evacuation Pause)
[2025-01-18T12:07:10.476+0000][41.599s][info ][gc,task     ] GC(72) Using 10 workers of 10 for evacuation
[2025-01-18T12:07:10.484+0000][41.607s][info ][gc,phases   ] GC(72)   Pre Evacuate Collection Set: 0.2ms
[2025-01-18T12:07:10.485+0000][41.607s][info ][gc,phases   ] GC(72)   Merge Heap Roots: 0.2ms
[2025-01-18T12:07:10.485+0000][41.607s][info ][gc,phases   ] GC(72)   Evacuate Collection Set: 5.7ms
[2025-01-18T12:07:10.485+0000][41.607s][info ][gc,phases   ] GC(72)   Post Evacuate Collection Set: 1.5ms
[2025-01-18T12:07:10.485+0000][41.608s][info ][gc,phases   ] GC(72)   Other: 0.8ms
[2025-01-18T12:07:10.485+0000][41.608s][info ][gc,heap     ] GC(72) Eden regions: 115->0(109)
[2025-01-18T12:07:10.486+0000][41.608s][info ][gc,heap     ] GC(72) Survivor regions: 8->11(16)
[2025-01-18T12:07:10.486+0000][41.608s][info ][gc,heap     ] GC(72) Old regions: 141->141
[2025-01-18T12:07:10.486+0000][41.608s][info ][gc,heap     ] GC(72) Archive regions: 2->2
[2025-01-18T12:07:10.486+0000][41.609s][info ][gc,heap     ] GC(72) Humongous regions: 0->0
[2025-01-18T12:07:10.487+0000][41.609s][info ][gc,metaspace] GC(72) Metaspace: 155817K(156928K)->155817K(156928K) NonClass: 136560K(137152K)->136560K(137152K) Class: 19256K(19776K)->19256K(19776K)
[2025-01-18T12:07:10.487+0000][41.609s][info ][gc          ] GC(72) Pause Young (Normal) (G1 Evacuation Pause) 263M->151M(305M) 10.848ms
[2025-01-18T12:07:10.487+0000][41.609s][info ][gc,cpu      ] GC(72) User=0.05s Sys=0.01s Real=0.02s
[2025-01-18T12:07:10.487+0000][41.609s][info ][safepoint   ] Safepoint "G1CollectForAllocation", Time since last: 495224310 ns, Reaching safepoint: 558769 ns, Cleanup: 124565 ns, At safepoint: 11257648 ns, Total: 11940982 ns
[2025-01-18T12:07:11.005+0000][42.127s][debug][safepoint   ] Safepoint synchronization initiated using futex wait barrier. (92 threads)
[2025-01-18T12:07:11.005+0000][42.127s][info ][gc,start    ] GC(73) Pause Young (Normal) (G1 Evacuation Pause)
[2025-01-18T12:07:11.005+0000][42.128s][info ][gc,task     ] GC(73) Using 10 workers of 10 for evacuation
[2025-01-18T12:07:11.014+0000][42.137s][info ][gc,phases   ] GC(73)   Pre Evacuate Collection Set: 0.3ms
[2025-01-18T12:07:11.015+0000][42.137s][info ][gc,phases   ] GC(73)   Merge Heap Roots: 0.2ms
[2025-01-18T12:07:11.015+0000][42.137s][info ][gc,phases   ] GC(73)   Evacuate Collection Set: 6.6ms
[2025-01-18T12:07:11.015+0000][42.137s][info ][gc,phases   ] GC(73)   Post Evacuate Collection Set: 1.7ms
[2025-01-18T12:07:11.015+0000][42.138s][info ][gc,phases   ] GC(73)   Other: 0.7ms
[2025-01-18T12:07:11.015+0000][42.138s][info ][gc,heap     ] GC(73) Eden regions: 109->0(108)
[2025-01-18T12:07:11.016+0000][42.138s][info ][gc,heap     ] GC(73) Survivor regions: 11->10(15)
[2025-01-18T12:07:11.016+0000][42.138s][info ][gc,heap     ] GC(73) Old regions: 141->144
[2025-01-18T12:07:11.016+0000][42.138s][info ][gc,heap     ] GC(73) Archive regions: 2->2
[2025-01-18T12:07:11.016+0000][42.138s][info ][gc,heap     ] GC(73) Humongous regions: 0->0
[2025-01-18T12:07:11.016+0000][42.139s][info ][gc,metaspace] GC(73) Metaspace: 156823K(157952K)->156823K(157952K) NonClass: 137393K(137984K)->137393K(137984K) Class: 19430K(19968K)->19430K(19968K)
[2025-01-18T12:07:11.016+0000][42.139s][info ][gc          ] GC(73) Pause Young (Normal) (G1 Evacuation Pause) 260M->153M(305M) 11.357ms
[2025-01-18T12:07:11.017+0000][42.139s][info ][gc,cpu      ] GC(73) User=0.07s Sys=0.00s Real=0.02s
[2025-01-18T12:07:11.017+0000][42.139s][info ][safepoint   ] Safepoint "G1CollectForAllocation", Time since last: 517423533 ns, Reaching safepoint: 462991 ns, Cleanup: 51592 ns, At safepoint: 11847134 ns, Total: 12361717 ns
[2025-01-18T12:07:11.468+0000][42.590s][debug][safepoint   ] Safepoint synchronization initiated using futex wait barrier. (160 threads)
[2025-01-18T12:07:11.469+0000][42.591s][info ][safepoint   ] Safepoint "ICBufferFull", Time since last: 450906405 ns, Reaching safepoint: 975088 ns, Cleanup: 173391 ns, At safepoint: 166267 ns, Total: 1314746 ns
[2025-01-18T12:07:11.628+0000][42.752s][debug][safepoint   ] Safepoint synchronization initiated using futex wait barrier. (165 threads)
[2025-01-18T12:07:11.629+0000][42.753s][info ][gc,start    ] GC(74) Pause Young (Normal) (G1 Evacuation Pause)
[2025-01-18T12:07:11.629+0000][42.753s][info ][gc,task     ] GC(74) Using 10 workers of 10 for evacuation
[2025-01-18T12:07:11.641+0000][42.765s][info ][gc,phases   ] GC(74)   Pre Evacuate Collection Set: 0.4ms
[2025-01-18T12:07:11.642+0000][42.766s][info ][gc,phases   ] GC(74)   Merge Heap Roots: 0.3ms
[2025-01-18T12:07:11.642+0000][42.766s][info ][gc,phases   ] GC(74)   Evacuate Collection Set: 9.0ms
[2025-01-18T12:07:11.642+0000][42.766s][info ][gc,phases   ] GC(74)   Post Evacuate Collection Set: 2.2ms
[2025-01-18T12:07:11.642+0000][42.766s][info ][gc,phases   ] GC(74)   Other: 0.7ms
[2025-01-18T12:07:11.642+0000][42.766s][info ][gc,heap     ] GC(74) Eden regions: 108->0(100)
[2025-01-18T12:07:11.643+0000][42.766s][info ][gc,heap     ] GC(74) Survivor regions: 10->13(15)
[2025-01-18T12:07:11.643+0000][42.767s][info ][gc,heap     ] GC(74) Old regions: 144->146
[2025-01-18T12:07:11.643+0000][42.767s][info ][gc,heap     ] GC(74) Archive regions: 2->2
[2025-01-18T12:07:11.643+0000][42.767s][info ][gc,heap     ] GC(74) Humongous regions: 0->0
[2025-01-18T12:07:11.643+0000][42.767s][info ][gc,metaspace] GC(74) Metaspace: 160947K(162112K)->160947K(162112K) NonClass: 141002K(141568K)->141002K(141568K) Class: 19945K(20544K)->19945K(20544K)
[2025-01-18T12:07:11.643+0000][42.767s][info ][gc          ] GC(74) Pause Young (Normal) (G1 Evacuation Pause) 261M->159M(305M) 14.654ms
[2025-01-18T12:07:11.644+0000][42.768s][info ][gc,cpu      ] GC(74) User=0.13s Sys=0.00s Real=0.01s
[2025-01-18T12:07:11.644+0000][42.768s][info ][safepoint   ] Safepoint "G1CollectForAllocation", Time since last: 160439568 ns, Reaching safepoint: 763833 ns, Cleanup: 83183 ns, At safepoint: 15652833 ns, Total: 16499849 ns
[2025-01-18T12:07:11.924+0000][43.048s][debug][safepoint   ] Safepoint synchronization initiated using futex wait barrier. (192 threads)
[2025-01-18T12:07:11.925+0000][43.049s][info ][gc,start    ] GC(75) Pause Young (Normal) (G1 Evacuation Pause)
[2025-01-18T12:07:11.925+0000][43.049s][info ][gc,task     ] GC(75) Using 10 workers of 10 for evacuation
[2025-01-18T12:07:11.937+0000][43.061s][info ][gc,phases   ] GC(75)   Pre Evacuate Collection Set: 0.4ms
[2025-01-18T12:07:11.937+0000][43.061s][info ][gc,phases   ] GC(75)   Merge Heap Roots: 0.2ms
[2025-01-18T12:07:11.937+0000][43.061s][info ][gc,phases   ] GC(75)   Evacuate Collection Set: 9.1ms
[2025-01-18T12:07:11.937+0000][43.061s][info ][gc,phases   ] GC(75)   Post Evacuate Collection Set: 1.6ms
[2025-01-18T12:07:11.937+0000][43.061s][info ][gc,phases   ] GC(75)   Other: 0.6ms
[2025-01-18T12:07:11.937+0000][43.061s][info ][gc,heap     ] GC(75) Eden regions: 100->0(102)
[2025-01-18T12:07:11.938+0000][43.062s][info ][gc,heap     ] GC(75) Survivor regions: 13->7(15)
[2025-01-18T12:07:11.938+0000][43.062s][info ][gc,heap     ] GC(75) Old regions: 146->152
[2025-01-18T12:07:11.938+0000][43.062s][info ][gc,heap     ] GC(75) Archive regions: 2->2
[2025-01-18T12:07:11.938+0000][43.062s][info ][gc,heap     ] GC(75) Humongous regions: 0->0
[2025-01-18T12:07:11.938+0000][43.062s][info ][gc,metaspace] GC(75) Metaspace: 163076K(164288K)->163076K(164288K) NonClass: 142915K(143552K)->142915K(143552K) Class: 20160K(20736K)->20160K(20736K)
[2025-01-18T12:07:11.939+0000][43.063s][info ][gc          ] GC(75) Pause Young (Normal) (G1 Evacuation Pause) 259M->159M(305M) 13.938ms
[2025-01-18T12:07:11.939+0000][43.063s][info ][gc,cpu      ] GC(75) User=0.11s Sys=0.01s Real=0.02s
[2025-01-18T12:07:11.939+0000][43.063s][info ][safepoint   ] Safepoint "G1CollectForAllocation", Time since last: 279837097 ns, Reaching safepoint: 401630 ns, Cleanup: 71962 ns, At safepoint: 14807684 ns, Total: 15281276 ns
[2025-01-18T12:07:12.144+0000][43.268s][debug][safepoint   ] Safepoint synchronization initiated using futex wait barrier. (193 threads)
[2025-01-18T12:07:12.145+0000][43.269s][info ][safepoint   ] Safepoint "ICBufferFull", Time since last: 204534657 ns, Reaching safepoint: 417043 ns, Cleanup: 237858 ns, At safepoint: 74115 ns, Total: 729016 ns
[2025-01-18T12:07:12.345+0000][43.469s][debug][safepoint   ] Safepoint synchronization initiated using futex wait barrier. (193 threads)
[2025-01-18T12:07:12.345+0000][43.469s][info ][gc,start    ] GC(76) Pause Young (Normal) (G1 Evacuation Pause)
[2025-01-18T12:07:12.345+0000][43.469s][info ][gc,task     ] GC(76) Using 10 workers of 10 for evacuation
[2025-01-18T12:07:12.355+0000][43.479s][info ][gc,phases   ] GC(76)   Pre Evacuate Collection Set: 0.3ms
[2025-01-18T12:07:12.355+0000][43.479s][info ][gc,phases   ] GC(76)   Merge Heap Roots: 0.2ms
[2025-01-18T12:07:12.355+0000][43.479s][info ][gc,phases   ] GC(76)   Evacuate Collection Set: 7.2ms
[2025-01-18T12:07:12.356+0000][43.480s][info ][gc,phases   ] GC(76)   Post Evacuate Collection Set: 1.5ms
[2025-01-18T12:07:12.356+0000][43.480s][info ][gc,phases   ] GC(76)   Other: 0.5ms
[2025-01-18T12:07:12.356+0000][43.480s][info ][gc,heap     ] GC(76) Eden regions: 102->0(93)
[2025-01-18T12:07:12.356+0000][43.480s][info ][gc,heap     ] GC(76) Survivor regions: 7->13(14)
[2025-01-18T12:07:12.357+0000][43.480s][info ][gc,heap     ] GC(76) Old regions: 152->152
[2025-01-18T12:07:12.357+0000][43.481s][info ][gc,heap     ] GC(76) Archive regions: 2->2
[2025-01-18T12:07:12.357+0000][43.481s][info ][gc,heap     ] GC(76) Humongous regions: 0->0
[2025-01-18T12:07:12.357+0000][43.481s][info ][gc,metaspace] GC(76) Metaspace: 164562K(165824K)->164562K(165824K) NonClass: 144214K(144896K)->144214K(144896K) Class: 20347K(20928K)->20347K(20928K)
[2025-01-18T12:07:12.357+0000][43.481s][info ][gc          ] GC(76) Pause Young (Normal) (G1 Evacuation Pause) 261M->165M(305M) 12.224ms
[2025-01-18T12:07:12.358+0000][43.482s][info ][gc,cpu      ] GC(76) User=0.09s Sys=0.00s Real=0.01s
[2025-01-18T12:07:12.359+0000][43.483s][info ][safepoint   ] Safepoint "G1CollectForAllocation", Time since last: 199890046 ns, Reaching safepoint: 382122 ns, Cleanup: 27383 ns, At safepoint: 13748194 ns, Total: 14157699 ns
[2025-01-18T12:07:12.856+0000][43.980s][debug][safepoint   ] Safepoint synchronization initiated using futex wait barrier. (195 threads)
[2025-01-18T12:07:12.857+0000][43.981s][info ][safepoint   ] Safepoint "ICBufferFull", Time since last: 496883958 ns, Reaching safepoint: 880305 ns, Cleanup: 226825 ns, At safepoint: 91579 ns, Total: 1198709 ns
[2025-01-18T12:07:12.889+0000][44.013s][debug][safepoint   ] Safepoint synchronization initiated using futex wait barrier. (204 threads)
[2025-01-18T12:07:12.890+0000][44.014s][info ][gc,start    ] GC(77) Pause Young (Normal) (G1 Evacuation Pause)
[2025-01-18T12:07:12.890+0000][44.014s][info ][gc,task     ] GC(77) Using 10 workers of 10 for evacuation
[2025-01-18T12:07:12.902+0000][44.026s][info ][gc,phases   ] GC(77)   Pre Evacuate Collection Set: 0.3ms
[2025-01-18T12:07:12.902+0000][44.026s][info ][gc,phases   ] GC(77)   Merge Heap Roots: 0.2ms
[2025-01-18T12:07:12.902+0000][44.026s][info ][gc,phases   ] GC(77)   Evacuate Collection Set: 8.7ms
[2025-01-18T12:07:12.903+0000][44.027s][info ][gc,phases   ] GC(77)   Post Evacuate Collection Set: 1.9ms
[2025-01-18T12:07:12.903+0000][44.027s][info ][gc,phases   ] GC(77)   Other: 0.9ms
[2025-01-18T12:07:12.903+0000][44.027s][info ][gc,heap     ] GC(77) Eden regions: 93->0(95)
[2025-01-18T12:07:12.903+0000][44.027s][info ][gc,heap     ] GC(77) Survivor regions: 13->4(14)
[2025-01-18T12:07:12.903+0000][44.027s][info ][gc,heap     ] GC(77) Old regions: 152->160
[2025-01-18T12:07:12.904+0000][44.027s][info ][gc,heap     ] GC(77) Archive regions: 2->2
[2025-01-18T12:07:12.904+0000][44.028s][info ][gc,heap     ] GC(77) Humongous regions: 0->0
[2025-01-18T12:07:12.904+0000][44.028s][info ][gc,metaspace] GC(77) Metaspace: 166203K(167360K)->166203K(167360K) NonClass: 145620K(146240K)->145620K(146240K) Class: 20583K(21120K)->20583K(21120K)
[2025-01-18T12:07:12.904+0000][44.028s][info ][gc          ] GC(77) Pause Young (Normal) (G1 Evacuation Pause) 258M->163M(305M) 14.227ms
[2025-01-18T12:07:12.904+0000][44.028s][info ][gc,cpu      ] GC(77) User=0.11s Sys=0.00s Real=0.01s
[2025-01-18T12:07:12.905+0000][44.029s][info ][safepoint   ] Safepoint "G1CollectForAllocation", Time since last: 32189790 ns, Reaching safepoint: 648684 ns, Cleanup: 31963 ns, At safepoint: 15071589 ns, Total: 15752236 ns
[2025-01-18T12:07:13.516+0000][44.640s][debug][safepoint   ] Safepoint synchronization initiated using futex wait barrier. (209 threads)
[2025-01-18T12:07:13.516+0000][44.640s][info ][safepoint   ] Safepoint "ICBufferFull", Time since last: 610901767 ns, Reaching safepoint: 414292 ns, Cleanup: 168280 ns, At safepoint: 80317 ns, Total: 662889 ns
[2025-01-18T12:07:13.718+0000][44.842s][debug][safepoint   ] Safepoint synchronization initiated using futex wait barrier. (227 threads)
[2025-01-18T12:07:13.718+0000][44.842s][info ][gc,start    ] GC(78) Pause Young (Normal) (G1 Evacuation Pause)
[2025-01-18T12:07:13.719+0000][44.843s][info ][gc,task     ] GC(78) Using 10 workers of 10 for evacuation
[2025-01-18T12:07:13.727+0000][44.851s][info ][gc,phases   ] GC(78)   Pre Evacuate Collection Set: 0.3ms
[2025-01-18T12:07:13.728+0000][44.851s][info ][gc,phases   ] GC(78)   Merge Heap Roots: 0.2ms
[2025-01-18T12:07:13.728+0000][44.852s][info ][gc,phases   ] GC(78)   Evacuate Collection Set: 5.2ms
[2025-01-18T12:07:13.728+0000][44.852s][info ][gc,phases   ] GC(78)   Post Evacuate Collection Set: 2.0ms
[2025-01-18T12:07:13.728+0000][44.852s][info ][gc,phases   ] GC(78)   Other: 0.9ms
[2025-01-18T12:07:13.728+0000][44.852s][info ][gc,heap     ] GC(78) Eden regions: 95->0(93)
[2025-01-18T12:07:13.729+0000][44.853s][info ][gc,heap     ] GC(78) Survivor regions: 4->7(13)
[2025-01-18T12:07:13.729+0000][44.853s][info ][gc,heap     ] GC(78) Old regions: 160->160
[2025-01-18T12:07:13.729+0000][44.853s][info ][gc,heap     ] GC(78) Archive regions: 2->2
[2025-01-18T12:07:13.729+0000][44.853s][info ][gc,heap     ] GC(78) Humongous regions: 0->0
[2025-01-18T12:07:13.729+0000][44.853s][info ][gc,metaspace] GC(78) Metaspace: 168633K(169792K)->168633K(169792K) NonClass: 147733K(148352K)->147733K(148352K) Class: 20899K(21440K)->20899K(21440K)
[2025-01-18T12:07:13.730+0000][44.854s][info ][gc          ] GC(78) Pause Young (Normal) (G1 Evacuation Pause) 258M->166M(305M) 11.143ms
[2025-01-18T12:07:13.730+0000][44.854s][info ][gc,cpu      ] GC(78) User=0.08s Sys=0.00s Real=0.01s
[2025-01-18T12:07:13.731+0000][44.854s][info ][safepoint   ] Safepoint "G1CollectForAllocation", Time since last: 201366607 ns, Reaching safepoint: 489539 ns, Cleanup: 105547 ns, At safepoint: 12150093 ns, Total: 12745179 ns
[2025-01-18T12:07:14.850+0000][45.974s][debug][safepoint   ] Safepoint synchronization initiated using futex wait barrier. (225 threads)
[2025-01-18T12:07:14.851+0000][45.975s][info ][safepoint   ] Safepoint "Cleanup", Time since last: 1119788868 ns, Reaching safepoint: 290782 ns, Cleanup: 117170 ns, At safepoint: 33004 ns, Total: 440956 ns
[2025-01-18T12:07:15.356+0000][46.480s][debug][safepoint   ] Safepoint synchronization initiated using futex wait barrier. (225 threads)
[2025-01-18T12:07:15.356+0000][46.480s][info ][safepoint   ] Safepoint "ICBufferFull", Time since last: 505255869 ns, Reaching safepoint: 283756 ns, Cleanup: 195593 ns, At safepoint: 13898 ns, Total: 493247 ns
[2025-01-18T12:07:16.629+0000][47.753s][debug][safepoint   ] Safepoint synchronization initiated using futex wait barrier. (227 threads)
[2025-01-18T12:07:16.629+0000][47.753s][info ][gc,start    ] GC(79) Pause Young (Normal) (G1 Evacuation Pause)
[2025-01-18T12:07:16.630+0000][47.753s][info ][gc,task     ] GC(79) Using 10 workers of 10 for evacuation
[2025-01-18T12:07:16.637+0000][47.761s][info ][gc,phases   ] GC(79)   Pre Evacuate Collection Set: 0.3ms
[2025-01-18T12:07:16.637+0000][47.761s][info ][gc,phases   ] GC(79)   Merge Heap Roots: 0.2ms
[2025-01-18T12:07:16.638+0000][47.762s][info ][gc,phases   ] GC(79)   Evacuate Collection Set: 4.8ms
[2025-01-18T12:07:16.638+0000][47.762s][info ][gc,phases   ] GC(79)   Post Evacuate Collection Set: 2.1ms
[2025-01-18T12:07:16.638+0000][47.762s][info ][gc,phases   ] GC(79)   Other: 0.6ms
[2025-01-18T12:07:16.638+0000][47.762s][info ][gc,heap     ] GC(79) Eden regions: 93->0(90)
[2025-01-18T12:07:16.638+0000][47.762s][info ][gc,heap     ] GC(79) Survivor regions: 7->9(13)
[2025-01-18T12:07:16.638+0000][47.762s][info ][gc,heap     ] GC(79) Old regions: 160->160
[2025-01-18T12:07:16.638+0000][47.762s][info ][gc,heap     ] GC(79) Archive regions: 2->2
[2025-01-18T12:07:16.639+0000][47.763s][info ][gc,heap     ] GC(79) Humongous regions: 18->2
[2025-01-18T12:07:16.639+0000][47.763s][info ][gc,metaspace] GC(79) Metaspace: 172575K(173824K)->172575K(173824K) NonClass: 151211K(151872K)->151211K(151872K) Class: 21364K(21952K)->21364K(21952K)
[2025-01-18T12:07:16.639+0000][47.763s][info ][gc          ] GC(79) Pause Young (Normal) (G1 Evacuation Pause) 277M->170M(305M) 9.647ms
[2025-01-18T12:07:16.639+0000][47.763s][info ][gc,cpu      ] GC(79) User=0.03s Sys=0.02s Real=0.01s
[2025-01-18T12:07:16.639+0000][47.763s][info ][safepoint   ] Safepoint "G1CollectForAllocation", Time since last: 1272190524 ns, Reaching safepoint: 406366 ns, Cleanup: 156427 ns, At safepoint: 10230010 ns, Total: 10792803 ns
[2025-01-18T12:07:16.825+0000][47.949s][debug][safepoint   ] Safepoint synchronization initiated using futex wait barrier. (228 threads)
[2025-01-18T12:07:16.825+0000][47.949s][info ][gc,start    ] GC(80) Pause Young (Concurrent Start) (G1 Humongous Allocation)
[2025-01-18T12:07:16.826+0000][47.950s][info ][gc,task     ] GC(80) Using 10 workers of 10 for evacuation
[2025-01-18T12:07:16.833+0000][47.957s][info ][gc,phases   ] GC(80)   Pre Evacuate Collection Set: 0.4ms
[2025-01-18T12:07:16.833+0000][47.957s][info ][gc,phases   ] GC(80)   Merge Heap Roots: 0.2ms
[2025-01-18T12:07:16.833+0000][47.957s][info ][gc,phases   ] GC(80)   Evacuate Collection Set: 4.4ms
[2025-01-18T12:07:16.833+0000][47.957s][info ][gc,phases   ] GC(80)   Post Evacuate Collection Set: 1.5ms
[2025-01-18T12:07:16.834+0000][47.958s][info ][gc,phases   ] GC(80)   Other: 0.7ms
[2025-01-18T12:07:16.834+0000][47.958s][info ][gc,heap     ] GC(80) Eden regions: 16->0(90)
[2025-01-18T12:07:16.834+0000][47.958s][info ][gc,heap     ] GC(80) Survivor regions: 9->6(13)
[2025-01-18T12:07:16.834+0000][47.958s][info ][gc,heap     ] GC(80) Old regions: 160->163
[2025-01-18T12:07:16.834+0000][47.958s][info ][gc,heap     ] GC(80) Archive regions: 2->2
[2025-01-18T12:07:16.834+0000][47.958s][info ][gc,heap     ] GC(80) Humongous regions: 21->3
[2025-01-18T12:07:16.835+0000][47.959s][info ][gc,metaspace] GC(80) Metaspace: 173137K(174400K)->173137K(174400K) NonClass: 151705K(152320K)->151705K(152320K) Class: 21431K(22080K)->21431K(22080K)
[2025-01-18T12:07:16.835+0000][47.959s][info ][gc          ] GC(80) Pause Young (Concurrent Start) (G1 Humongous Allocation) 205M->171M(305M) 9.311ms
[2025-01-18T12:07:16.835+0000][47.959s][info ][gc,cpu      ] GC(80) User=0.05s Sys=0.00s Real=0.01s
[2025-01-18T12:07:16.835+0000][47.959s][info ][gc          ] GC(81) Concurrent Undo Cycle
[2025-01-18T12:07:16.836+0000][47.960s][info ][safepoint   ] Safepoint "G1TryInitiateConcMark", Time since last: 185475310 ns, Reaching safepoint: 411649 ns, Cleanup: 35139 ns, At safepoint: 10575689 ns, Total: 11022477 ns
[2025-01-18T12:07:16.836+0000][47.960s][info ][gc,marking  ] GC(81) Concurrent Cleanup for Next Mark
[2025-01-18T12:07:16.838+0000][47.962s][info ][gc,marking  ] GC(81) Concurrent Cleanup for Next Mark 1.710ms
[2025-01-18T12:07:16.838+0000][47.962s][info ][gc          ] GC(81) Concurrent Undo Cycle 3.034ms
[2025-01-18T12:07:16.995+0000][48.119s][debug][safepoint   ] Safepoint synchronization initiated using futex wait barrier. (229 threads)
[2025-01-18T12:07:16.996+0000][48.120s][info ][gc,start    ] GC(82) Pause Young (Normal) (G1 Evacuation Pause)
[2025-01-18T12:07:16.996+0000][48.120s][info ][gc,task     ] GC(82) Using 10 workers of 10 for evacuation
[2025-01-18T12:07:17.003+0000][48.127s][info ][gc,phases   ] GC(82)   Pre Evacuate Collection Set: 0.3ms
[2025-01-18T12:07:17.003+0000][48.127s][info ][gc,phases   ] GC(82)   Merge Heap Roots: 0.2ms
[2025-01-18T12:07:17.004+0000][48.128s][info ][gc,phases   ] GC(82)   Evacuate Collection Set: 4.9ms
[2025-01-18T12:07:17.004+0000][48.128s][info ][gc,phases   ] GC(82)   Post Evacuate Collection Set: 1.5ms
[2025-01-18T12:07:17.004+0000][48.128s][info ][gc,phases   ] GC(82)   Other: 0.5ms
[2025-01-18T12:07:17.004+0000][48.128s][info ][gc,heap     ] GC(82) Eden regions: 90->0(89)
[2025-01-18T12:07:17.004+0000][48.128s][info ][gc,heap     ] GC(82) Survivor regions: 6->8(12)
[2025-01-18T12:07:17.004+0000][48.128s][info ][gc,heap     ] GC(82) Old regions: 163->163
[2025-01-18T12:07:17.005+0000][48.129s][info ][gc,heap     ] GC(82) Archive regions: 2->2
[2025-01-18T12:07:17.005+0000][48.129s][info ][gc,heap     ] GC(82) Humongous regions: 7->3
[2025-01-18T12:07:17.005+0000][48.129s][info ][gc,metaspace] GC(82) Metaspace: 173154K(174464K)->173154K(174464K) NonClass: 151722K(152384K)->151722K(152384K) Class: 21431K(22080K)->21431K(22080K)
[2025-01-18T12:07:17.005+0000][48.129s][info ][gc          ] GC(82) Pause Young (Normal) (G1 Evacuation Pause) 265M->173M(305M) 9.564ms
[2025-01-18T12:07:17.005+0000][48.129s][info ][gc,cpu      ] GC(82) User=0.05s Sys=0.00s Real=0.01s
[2025-01-18T12:07:17.006+0000][48.130s][info ][safepoint   ] Safepoint "G1CollectForAllocation", Time since last: 159252332 ns, Reaching safepoint: 384533 ns, Cleanup: 80729 ns, At safepoint: 10046110 ns, Total: 10511372 ns
[2025-01-18T12:07:17.564+0000][48.688s][debug][safepoint   ] Safepoint synchronization initiated using futex wait barrier. (230 threads)
[2025-01-18T12:07:17.565+0000][48.689s][info ][safepoint   ] Safepoint "ICBufferFull", Time since last: 558639489 ns, Reaching safepoint: 463759 ns, Cleanup: 263997 ns, At safepoint: 48705 ns, Total: 776461 ns
[2025-01-18T12:07:17.566+0000][48.690s][debug][safepoint   ] Safepoint synchronization initiated using futex wait barrier. (230 threads)
[2025-01-18T12:07:17.566+0000][48.690s][info ][gc,start    ] GC(83) Pause Young (Normal) (G1 Evacuation Pause)
[2025-01-18T12:07:17.566+0000][48.690s][info ][gc,task     ] GC(83) Using 10 workers of 10 for evacuation
[2025-01-18T12:07:17.574+0000][48.698s][info ][gc,phases   ] GC(83)   Pre Evacuate Collection Set: 0.4ms
[2025-01-18T12:07:17.574+0000][48.698s][info ][gc,phases   ] GC(83)   Merge Heap Roots: 0.2ms
[2025-01-18T12:07:17.574+0000][48.698s][info ][gc,phases   ] GC(83)   Evacuate Collection Set: 5.4ms
[2025-01-18T12:07:17.574+0000][48.698s][info ][gc,phases   ] GC(83)   Post Evacuate Collection Set: 1.4ms
[2025-01-18T12:07:17.574+0000][48.698s][info ][gc,phases   ] GC(83)   Other: 0.5ms
[2025-01-18T12:07:17.575+0000][48.699s][info ][gc,heap     ] GC(83) Eden regions: 89->0(87)
[2025-01-18T12:07:17.575+0000][48.699s][info ][gc,heap     ] GC(83) Survivor regions: 8->8(13)
[2025-01-18T12:07:17.575+0000][48.699s][info ][gc,heap     ] GC(83) Old regions: 163->166
[2025-01-18T12:07:17.575+0000][48.699s][info ][gc,heap     ] GC(83) Archive regions: 2->2
[2025-01-18T12:07:17.575+0000][48.699s][info ][gc,heap     ] GC(83) Humongous regions: 11->2
[2025-01-18T12:07:17.575+0000][48.699s][info ][gc,metaspace] GC(83) Metaspace: 175752K(177024K)->175752K(177024K) NonClass: 154010K(154688K)->154010K(154688K) Class: 21741K(22336K)->21741K(22336K)
[2025-01-18T12:07:17.576+0000][48.700s][info ][gc          ] GC(83) Pause Young (Normal) (G1 Evacuation Pause) 270M->174M(305M) 9.504ms
[2025-01-18T12:07:17.576+0000][48.700s][info ][gc,cpu      ] GC(83) User=0.06s Sys=0.00s Real=0.01s
[2025-01-18T12:07:17.577+0000][48.701s][info ][safepoint   ] Safepoint "G1CollectForAllocation", Time since last: 623082 ns, Reaching safepoint: 197196 ns, Cleanup: 8707 ns, At safepoint: 10938528 ns, Total: 11144431 ns
[2025-01-18T12:07:17.946+0000][49.070s][debug][safepoint   ] Safepoint synchronization initiated using futex wait barrier. (231 threads)
[2025-01-18T12:07:17.947+0000][49.071s][info ][safepoint   ] Safepoint "ICBufferFull", Time since last: 369220541 ns, Reaching safepoint: 541651 ns, Cleanup: 150645 ns, At safepoint: 5802 ns, Total: 698098 ns
[2025-01-18T12:07:18.318+0000][49.442s][debug][safepoint   ] Safepoint synchronization initiated using futex wait barrier. (231 threads)
[2025-01-18T12:07:18.319+0000][49.443s][info ][safepoint   ] Safepoint "ICBufferFull", Time since last: 371158280 ns, Reaching safepoint: 470963 ns, Cleanup: 221615 ns, At safepoint: 109204 ns, Total: 801782 ns
[2025-01-18T12:07:19.319+0000][50.443s][debug][safepoint   ] Safepoint synchronization initiated using futex wait barrier. (228 threads)
[2025-01-18T12:07:19.320+0000][50.444s][info ][safepoint   ] Safepoint "Cleanup", Time since last: 1000697621 ns, Reaching safepoint: 413090 ns, Cleanup: 30720 ns, At safepoint: 4669 ns, Total: 448479 ns
[2025-01-18T12:07:22.321+0000][53.445s][debug][safepoint   ] Safepoint synchronization initiated using futex wait barrier. (228 threads)
[2025-01-18T12:07:22.323+0000][53.447s][info ][safepoint   ] Safepoint "Cleanup", Time since last: 3001305863 ns, Reaching safepoint: 1309997 ns, Cleanup: 38556 ns, At safepoint: 18938 ns, Total: 1367491 ns
[2025-01-18T12:07:23.323+0000][54.447s][debug][safepoint   ] Safepoint synchronization initiated using futex wait barrier. (228 threads)
[2025-01-18T12:07:23.324+0000][54.448s][info ][safepoint   ] Safepoint "Cleanup", Time since last: 1000813826 ns, Reaching safepoint: 445407 ns, Cleanup: 16722 ns, At safepoint: 11283 ns, Total: 473412 ns
[2025-01-18T12:07:29.863+0000][60.987s][debug][safepoint   ] Safepoint synchronization initiated using futex wait barrier. (227 threads)
[2025-01-18T12:07:29.863+0000][60.987s][info ][gc,start    ] GC(84) Pause Young (Normal) (G1 Evacuation Pause)
[2025-01-18T12:07:29.864+0000][60.988s][info ][gc,task     ] GC(84) Using 10 workers of 10 for evacuation
[2025-01-18T12:07:29.870+0000][60.994s][info ][gc,phases   ] GC(84)   Pre Evacuate Collection Set: 0.3ms
[2025-01-18T12:07:29.871+0000][60.995s][info ][gc,phases   ] GC(84)   Merge Heap Roots: 0.2ms
[2025-01-18T12:07:29.871+0000][60.995s][info ][gc,phases   ] GC(84)   Evacuate Collection Set: 4.7ms
[2025-01-18T12:07:29.871+0000][60.995s][info ][gc,phases   ] GC(84)   Post Evacuate Collection Set: 1.5ms
[2025-01-18T12:07:29.871+0000][60.995s][info ][gc,phases   ] GC(84)   Other: 0.5ms
[2025-01-18T12:07:29.871+0000][60.995s][info ][gc,heap     ] GC(84) Eden regions: 87->0(84)
[2025-01-18T12:07:29.872+0000][60.996s][info ][gc,heap     ] GC(84) Survivor regions: 8->9(12)
[2025-01-18T12:07:29.872+0000][60.996s][info ][gc,heap     ] GC(84) Old regions: 166->167
[2025-01-18T12:07:29.872+0000][60.996s][info ][gc,heap     ] GC(84) Archive regions: 2->2
[2025-01-18T12:07:29.872+0000][60.996s][info ][gc,heap     ] GC(84) Humongous regions: 2->2
[2025-01-18T12:07:29.872+0000][60.996s][info ][gc,metaspace] GC(84) Metaspace: 178222K(179520K)->178222K(179520K) NonClass: 156286K(156928K)->156286K(156928K) Class: 21936K(22592K)->21936K(22592K)
[2025-01-18T12:07:29.872+0000][60.996s][info ][gc          ] GC(84) Pause Young (Normal) (G1 Evacuation Pause) 261M->178M(305M) 9.026ms
[2025-01-18T12:07:29.873+0000][60.997s][info ][gc,cpu      ] GC(84) User=0.05s Sys=0.00s Real=0.01s
[2025-01-18T12:07:29.873+0000][60.997s][info ][safepoint   ] Safepoint "G1CollectForAllocation", Time since last: 6538997795 ns, Reaching safepoint: 462452 ns, Cleanup: 5020 ns, At safepoint: 9440874 ns, Total: 9908346 ns
[2025-01-18T12:07:51.876+0000][83.002s][debug][safepoint   ] Safepoint synchronization initiated using futex wait barrier. (227 threads)
[2025-01-18T12:07:51.877+0000][83.003s][info ][safepoint   ] Safepoint "Cleanup", Time since last: 22005642068 ns, Reaching safepoint: 317714 ns, Cleanup: 14028 ns, At safepoint: 7615 ns, Total: 339357 ns
[2025-01-18T12:08:02.881+0000][94.007s][debug][safepoint   ] Safepoint synchronization initiated using futex wait barrier. (227 threads)
[2025-01-18T12:08:02.881+0000][94.007s][info ][safepoint   ] Safepoint "Cleanup", Time since last: 11003746145 ns, Reaching safepoint: 459133 ns, Cleanup: 16041 ns, At safepoint: 4910 ns, Total: 480084 ns
[2025-01-18T12:08:03.882+0000][95.008s][debug][safepoint   ] Safepoint synchronization initiated using futex wait barrier. (228 threads)
[2025-01-18T12:08:03.882+0000][95.008s][info ][safepoint   ] Safepoint "Cleanup", Time since last: 1000532853 ns, Reaching safepoint: 867790 ns, Cleanup: 74446 ns, At safepoint: 6944 ns, Total: 949180 ns
[2025-01-18T12:08:07.884+0000][99.010s][debug][safepoint   ] Safepoint synchronization initiated using futex wait barrier. (228 threads)
[2025-01-18T12:08:07.885+0000][99.011s][info ][safepoint   ] Safepoint "Cleanup", Time since last: 4001859778 ns, Reaching safepoint: 850022 ns, Cleanup: 32364 ns, At safepoint: 50249 ns, Total: 932635 ns
[2025-01-18T12:08:10.886+0000][102.012s][debug][safepoint   ] Safepoint synchronization initiated using futex wait barrier. (227 threads)
[2025-01-18T12:08:10.887+0000][102.013s][info ][safepoint   ] Safepoint "Cleanup", Time since last: 3000926472 ns, Reaching safepoint: 653383 ns, Cleanup: 23436 ns, At safepoint: 13918 ns, Total: 690737 ns
[2025-01-18T12:08:11.887+0000][103.014s][debug][safepoint   ] Safepoint synchronization initiated using futex wait barrier. (223 threads)
[2025-01-18T12:08:11.888+0000][103.015s][info ][safepoint   ] Safepoint "Cleanup", Time since last: 1001090823 ns, Reaching safepoint: 723250 ns, Cleanup: 23506 ns, At safepoint: 5872 ns, Total: 752628 ns
[2025-01-18T12:08:12.888+0000][104.015s][debug][safepoint   ] Safepoint synchronization initiated using futex wait barrier. (220 threads)
[2025-01-18T12:08:12.889+0000][104.016s][info ][safepoint   ] Safepoint "Cleanup", Time since last: 1000430346 ns, Reaching safepoint: 759332 ns, Cleanup: 22574 ns, At safepoint: 10390 ns, Total: 792296 ns
[2025-01-18T12:08:13.889+0000][105.016s][debug][safepoint   ] Safepoint synchronization initiated using futex wait barrier. (216 threads)
[2025-01-18T12:08:13.890+0000][105.017s][info ][safepoint   ] Safepoint "Cleanup", Time since last: 1000477233 ns, Reaching safepoint: 480075 ns, Cleanup: 27574 ns, At safepoint: 7054 ns, Total: 514703 ns
[2025-01-18T12:08:14.890+0000][106.017s][debug][safepoint   ] Safepoint synchronization initiated using futex wait barrier. (216 threads)
[2025-01-18T12:08:14.891+0000][106.018s][info ][safepoint   ] Safepoint "Cleanup", Time since last: 1000472795 ns, Reaching safepoint: 465379 ns, Cleanup: 26021 ns, At safepoint: 8376 ns, Total: 499776 ns
[2025-01-18T12:08:17.892+0000][109.019s][debug][safepoint   ] Safepoint synchronization initiated using futex wait barrier. (216 threads)
[2025-01-18T12:08:17.892+0000][109.019s][info ][safepoint   ] Safepoint "Cleanup", Time since last: 3000801286 ns, Reaching safepoint: 383552 ns, Cleanup: 16964 ns, At safepoint: 5631 ns, Total: 406147 ns
[2025-01-18T12:08:21.893+0000][113.020s][debug][safepoint   ] Safepoint synchronization initiated using futex wait barrier. (214 threads)
[2025-01-18T12:08:21.894+0000][113.021s][info ][safepoint   ] Safepoint "Cleanup", Time since last: 4001206254 ns, Reaching safepoint: 802800 ns, Cleanup: 18326 ns, At safepoint: 11272 ns, Total: 832398 ns
[2025-01-18T12:08:23.895+0000][115.022s][debug][safepoint   ] Safepoint synchronization initiated using futex wait barrier. (214 threads)
[2025-01-18T12:08:23.896+0000][115.023s][info ][safepoint   ] Safepoint "Cleanup", Time since last: 2001307080 ns, Reaching safepoint: 716109 ns, Cleanup: 35941 ns, At safepoint: 11663 ns, Total: 763713 ns
[2025-01-18T12:08:27.919+0000][119.046s][debug][safepoint   ] Safepoint synchronization initiated using futex wait barrier. (214 threads)
[2025-01-18T12:08:27.920+0000][119.047s][info ][gc,start    ] GC(85) Pause Young (Normal) (G1 Evacuation Pause)
[2025-01-18T12:08:27.920+0000][119.047s][info ][gc,task     ] GC(85) Using 10 workers of 10 for evacuation
[2025-01-18T12:08:27.926+0000][119.053s][info ][gc,phases   ] GC(85)   Pre Evacuate Collection Set: 0.3ms
[2025-01-18T12:08:27.926+0000][119.053s][info ][gc,phases   ] GC(85)   Merge Heap Roots: 0.2ms
[2025-01-18T12:08:27.927+0000][119.054s][info ][gc,phases   ] GC(85)   Evacuate Collection Set: 3.9ms
[2025-01-18T12:08:27.927+0000][119.054s][info ][gc,phases   ] GC(85)   Post Evacuate Collection Set: 1.3ms
[2025-01-18T12:08:27.927+0000][119.054s][info ][gc,phases   ] GC(85)   Other: 0.6ms
[2025-01-18T12:08:27.927+0000][119.054s][info ][gc,heap     ] GC(85) Eden regions: 84->0(85)
[2025-01-18T12:08:27.927+0000][119.054s][info ][gc,heap     ] GC(85) Survivor regions: 9->7(12)
[2025-01-18T12:08:27.927+0000][119.054s][info ][gc,heap     ] GC(85) Old regions: 167->170
[2025-01-18T12:08:27.927+0000][119.055s][info ][gc,heap     ] GC(85) Archive regions: 2->2
[2025-01-18T12:08:27.928+0000][119.055s][info ][gc,heap     ] GC(85) Humongous regions: 2->2
[2025-01-18T12:08:27.928+0000][119.055s][info ][gc,metaspace] GC(85) Metaspace: 178524K(179840K)->178524K(179840K) NonClass: 156561K(157248K)->156561K(157248K) Class: 21963K(22592K)->21963K(22592K)
[2025-01-18T12:08:27.928+0000][119.055s][info ][gc          ] GC(85) Pause Young (Normal) (G1 Evacuation Pause) 262M->178M(305M) 8.266ms
[2025-01-18T12:08:27.928+0000][119.055s][info ][gc,cpu      ] GC(85) User=0.05s Sys=0.00s Real=0.01s
[2025-01-18T12:08:27.928+0000][119.055s][info ][safepoint   ] Safepoint "G1CollectForAllocation", Time since last: 4023037595 ns, Reaching safepoint: 460196 ns, Cleanup: 7805 ns, At safepoint: 8705237 ns, Total: 9173238 ns
[2025-01-18T12:08:28.929+0000][120.056s][debug][safepoint   ] Safepoint synchronization initiated using futex wait barrier. (214 threads)
[2025-01-18T12:08:28.930+0000][120.057s][info ][safepoint   ] Safepoint "Cleanup", Time since last: 1000416842 ns, Reaching safepoint: 769864 ns, Cleanup: 51812 ns, At safepoint: 12044 ns, Total: 833720 ns
[2025-01-18T12:08:32.052+0000][123.179s][debug][safepoint   ] Safepoint synchronization initiated using futex wait barrier. (214 threads)
[2025-01-18T12:08:32.053+0000][123.180s][info ][safepoint   ] Safepoint "Cleanup", Time since last: 3122454636 ns, Reaching safepoint: 739378 ns, Cleanup: 18917 ns, At safepoint: 11302 ns, Total: 769597 ns
[2025-01-18T12:08:38.055+0000][129.182s][debug][safepoint   ] Safepoint synchronization initiated using futex wait barrier. (214 threads)
[2025-01-18T12:08:38.055+0000][129.182s][info ][safepoint   ] Safepoint "Cleanup", Time since last: 6001818544 ns, Reaching safepoint: 272709 ns, Cleanup: 12094 ns, At safepoint: 6062 ns, Total: 290865 ns
[2025-01-18T12:09:04.060+0000][155.189s][debug][safepoint   ] Safepoint synchronization initiated using futex wait barrier. (214 threads)
[2025-01-18T12:09:04.060+0000][155.189s][info ][safepoint   ] Safepoint "Cleanup", Time since last: 26006737968 ns, Reaching safepoint: 316043 ns, Cleanup: 15841 ns, At safepoint: 8036 ns, Total: 339920 ns
[2025-01-18T12:09:16.060+0000][167.192s][debug][safepoint   ] Safepoint synchronization initiated using futex wait barrier. (209 threads)
[2025-01-18T12:09:16.061+0000][167.192s][info ][safepoint   ] Safepoint "Cleanup", Time since last: 12002404560 ns, Reaching safepoint: 742327 ns, Cleanup: 10871 ns, At safepoint: 5040 ns, Total: 758238 ns
[2025-01-18T12:09:24.064+0000][175.195s][debug][safepoint   ] Safepoint synchronization initiated using futex wait barrier. (209 threads)
[2025-01-18T12:09:24.065+0000][175.196s][info ][safepoint   ] Safepoint "Cleanup", Time since last: 8002645415 ns, Reaching safepoint: 619787 ns, Cleanup: 25340 ns, At safepoint: 6082 ns, Total: 651209 ns
[2025-01-18T12:09:32.104+0000][183.235s][debug][safepoint   ] Safepoint synchronization initiated using futex wait barrier. (209 threads)
[2025-01-18T12:09:32.104+0000][183.235s][info ][safepoint   ] Safepoint "Cleanup", Time since last: 8039268914 ns, Reaching safepoint: 455009 ns, Cleanup: 18677 ns, At safepoint: 5030 ns, Total: 478716 ns
[2025-01-18T12:09:36.887+0000][188.018s][debug][safepoint   ] Safepoint synchronization initiated using futex wait barrier. (209 threads)
[2025-01-18T12:09:36.888+0000][188.019s][info ][gc,start    ] GC(86) Pause Young (Normal) (G1 Evacuation Pause)
[2025-01-18T12:09:36.888+0000][188.019s][info ][gc,task     ] GC(86) Using 10 workers of 10 for evacuation
[2025-01-18T12:09:36.893+0000][188.025s][info ][gc,phases   ] GC(86)   Pre Evacuate Collection Set: 0.3ms
[2025-01-18T12:09:36.894+0000][188.025s][info ][gc,phases   ] GC(86)   Merge Heap Roots: 0.2ms
[2025-01-18T12:09:36.894+0000][188.025s][info ][gc,phases   ] GC(86)   Evacuate Collection Set: 3.2ms
[2025-01-18T12:09:36.894+0000][188.026s][info ][gc,phases   ] GC(86)   Post Evacuate Collection Set: 1.4ms
[2025-01-18T12:09:36.895+0000][188.026s][info ][gc,phases   ] GC(86)   Other: 0.8ms
[2025-01-18T12:09:36.895+0000][188.026s][info ][gc,heap     ] GC(86) Eden regions: 85->0(87)
[2025-01-18T12:09:36.895+0000][188.026s][info ][gc,heap     ] GC(86) Survivor regions: 7->6(12)
[2025-01-18T12:09:36.895+0000][188.026s][info ][gc,heap     ] GC(86) Old regions: 170->170
[2025-01-18T12:09:36.895+0000][188.026s][info ][gc,heap     ] GC(86) Archive regions: 2->2
[2025-01-18T12:09:36.895+0000][188.027s][info ][gc,heap     ] GC(86) Humongous regions: 2->2
[2025-01-18T12:09:36.896+0000][188.027s][info ][gc,metaspace] GC(86) Metaspace: 178580K(179904K)->178580K(179904K) NonClass: 156616K(157312K)->156616K(157312K) Class: 21964K(22592K)->21964K(22592K)
[2025-01-18T12:09:36.896+0000][188.027s][info ][gc          ] GC(86) Pause Young (Normal) (G1 Evacuation Pause) 263M->178M(305M) 8.340ms
[2025-01-18T12:09:36.896+0000][188.027s][info ][gc,cpu      ] GC(86) User=0.03s Sys=0.00s Real=0.01s
[2025-01-18T12:09:36.896+0000][188.027s][info ][safepoint   ] Safepoint "G1CollectForAllocation", Time since last: 4782693013 ns, Reaching safepoint: 536773 ns, Cleanup: 5992 ns, At safepoint: 8806413 ns, Total: 9349178 ns
[2025-01-18T12:09:37.897+0000][189.028s][debug][safepoint   ] Safepoint synchronization initiated using futex wait barrier. (209 threads)
[2025-01-18T12:09:37.897+0000][189.029s][info ][safepoint   ] Safepoint "Cleanup", Time since last: 1000439155 ns, Reaching safepoint: 709836 ns, Cleanup: 19929 ns, At safepoint: 11322 ns, Total: 741087 ns
[2025-01-18T12:09:39.898+0000][191.029s][debug][safepoint   ] Safepoint synchronization initiated using futex wait barrier. (209 threads)
[2025-01-18T12:09:39.899+0000][191.030s][info ][safepoint   ] Safepoint "Cleanup", Time since last: 2000867552 ns, Reaching safepoint: 337944 ns, Cleanup: 11723 ns, At safepoint: 4780 ns, Total: 354447 ns
[2025-01-18T12:09:58.902+0000][210.034s][debug][safepoint   ] Safepoint synchronization initiated using futex wait barrier. (209 threads)
[2025-01-18T12:09:58.902+0000][210.035s][info ][safepoint   ] Safepoint "Cleanup", Time since last: 19004437600 ns, Reaching safepoint: 681437 ns, Cleanup: 19188 ns, At safepoint: 11142 ns, Total: 711767 ns
[2025-01-18T12:10:11.904+0000][223.038s][debug][safepoint   ] Safepoint synchronization initiated using futex wait barrier. (208 threads)
[2025-01-18T12:10:11.905+0000][223.039s][info ][safepoint   ] Safepoint "Cleanup", Time since last: 13003187305 ns, Reaching safepoint: 653853 ns, Cleanup: 202809 ns, At safepoint: 24288 ns, Total: 880950 ns
[2025-01-18T12:10:16.906+0000][228.041s][debug][safepoint   ] Safepoint synchronization initiated using futex wait barrier. (206 threads)
[2025-01-18T12:10:16.907+0000][228.041s][info ][safepoint   ] Safepoint "Cleanup", Time since last: 5001706694 ns, Reaching safepoint: 712208 ns, Cleanup: 26833 ns, At safepoint: 11122 ns, Total: 750163 ns
[2025-01-18T12:10:23.909+0000][235.043s][debug][safepoint   ] Safepoint synchronization initiated using futex wait barrier. (206 threads)
[2025-01-18T12:10:23.910+0000][235.044s][info ][safepoint   ] Safepoint "Cleanup", Time since last: 7002006917 ns, Reaching safepoint: 734515 ns, Cleanup: 20230 ns, At safepoint: 12564 ns, Total: 767309 ns
[2025-01-18T12:10:49.022+0000][260.158s][debug][safepoint   ] Safepoint synchronization initiated using futex wait barrier. (206 threads)
[2025-01-18T12:10:49.023+0000][260.159s][info ][gc,start    ] GC(87) Pause Young (Normal) (G1 Evacuation Pause)
[2025-01-18T12:10:49.023+0000][260.159s][info ][gc,task     ] GC(87) Using 10 workers of 10 for evacuation
[2025-01-18T12:10:49.028+0000][260.164s][info ][gc,phases   ] GC(87)   Pre Evacuate Collection Set: 0.3ms
[2025-01-18T12:10:49.028+0000][260.164s][info ][gc,phases   ] GC(87)   Merge Heap Roots: 0.2ms
[2025-01-18T12:10:49.028+0000][260.164s][info ][gc,phases   ] GC(87)   Evacuate Collection Set: 2.7ms
[2025-01-18T12:10:49.029+0000][260.165s][info ][gc,phases   ] GC(87)   Post Evacuate Collection Set: 1.2ms
[2025-01-18T12:10:49.029+0000][260.165s][info ][gc,phases   ] GC(87)   Other: 0.5ms
[2025-01-18T12:10:49.029+0000][260.165s][info ][gc,heap     ] GC(87) Eden regions: 87->0(88)
[2025-01-18T12:10:49.029+0000][260.165s][info ][gc,heap     ] GC(87) Survivor regions: 6->6(12)
[2025-01-18T12:10:49.029+0000][260.165s][info ][gc,heap     ] GC(87) Old regions: 170->170
[2025-01-18T12:10:49.030+0000][260.166s][info ][gc,heap     ] GC(87) Archive regions: 2->2
[2025-01-18T12:10:49.030+0000][260.166s][info ][gc,heap     ] GC(87) Humongous regions: 2->2
[2025-01-18T12:10:49.030+0000][260.166s][info ][gc,metaspace] GC(87) Metaspace: 178643K(179904K)->178643K(179904K) NonClass: 156675K(157312K)->156675K(157312K) Class: 21967K(22592K)->21967K(22592K)
[2025-01-18T12:10:49.030+0000][260.166s][info ][gc          ] GC(87) Pause Young (Normal) (G1 Evacuation Pause) 265M->178M(305M) 7.258ms
[2025-01-18T12:10:49.030+0000][260.167s][info ][gc,cpu      ] GC(87) User=0.03s Sys=0.01s Real=0.00s
[2025-01-18T12:10:49.031+0000][260.167s][info ][safepoint   ] Safepoint "G1CollectForAllocation", Time since last: 25114294806 ns, Reaching safepoint: 512190 ns, Cleanup: 4389 ns, At safepoint: 7777840 ns, Total: 8294419 ns
[2025-01-18T12:11:01.034+0000][272.170s][debug][safepoint   ] Safepoint synchronization initiated using futex wait barrier. (206 threads)
[2025-01-18T12:11:01.035+0000][272.171s][info ][safepoint   ] Safepoint "Cleanup", Time since last: 12003357249 ns, Reaching safepoint: 681261 ns, Cleanup: 73214 ns, At safepoint: 28155 ns, Total: 782630 ns
[2025-01-18T12:11:11.038+0000][282.174s][debug][safepoint   ] Safepoint synchronization initiated using futex wait barrier. (206 threads)
[2025-01-18T12:11:11.038+0000][282.174s][info ][safepoint   ] Safepoint "Cleanup", Time since last: 10002903413 ns, Reaching safepoint: 409295 ns, Cleanup: 15421 ns, At safepoint: 4719 ns, Total: 429435 ns
[2025-01-18T12:11:24.040+0000][295.177s][debug][safepoint   ] Safepoint synchronization initiated using futex wait barrier. (204 threads)
[2025-01-18T12:11:24.040+0000][295.178s][info ][safepoint   ] Safepoint "Cleanup", Time since last: 13003212238 ns, Reaching safepoint: 462843 ns, Cleanup: 14188 ns, At safepoint: 4348 ns, Total: 481379 ns
[2025-01-18T12:11:32.043+0000][303.180s][debug][safepoint   ] Safepoint synchronization initiated using futex wait barrier. (204 threads)
[2025-01-18T12:11:32.043+0000][303.181s][info ][safepoint   ] Safepoint "Cleanup", Time since last: 8002208791 ns, Reaching safepoint: 674129 ns, Cleanup: 19879 ns, At safepoint: 11092 ns, Total: 705100 ns
[2025-01-18T12:11:44.046+0000][315.186s][debug][safepoint   ] Safepoint synchronization initiated using futex wait barrier. (204 threads)
[2025-01-18T12:11:44.047+0000][315.186s][info ][safepoint   ] Safepoint "Cleanup", Time since last: 12004634592 ns, Reaching safepoint: 771679 ns, Cleanup: 15781 ns, At safepoint: 6252 ns, Total: 793712 ns
[2025-01-18T12:12:02.273+0000][333.412s][debug][safepoint   ] Safepoint synchronization initiated using futex wait barrier. (204 threads)
[2025-01-18T12:12:02.273+0000][333.413s][info ][gc,start    ] GC(88) Pause Young (Normal) (G1 Evacuation Pause)
[2025-01-18T12:12:02.273+0000][333.413s][info ][gc,task     ] GC(88) Using 10 workers of 10 for evacuation
[2025-01-18T12:12:02.278+0000][333.418s][info ][gc,phases   ] GC(88)   Pre Evacuate Collection Set: 0.3ms
[2025-01-18T12:12:02.278+0000][333.418s][info ][gc,phases   ] GC(88)   Merge Heap Roots: 0.2ms
[2025-01-18T12:12:02.279+0000][333.418s][info ][gc,phases   ] GC(88)   Evacuate Collection Set: 2.7ms
[2025-01-18T12:12:02.279+0000][333.418s][info ][gc,phases   ] GC(88)   Post Evacuate Collection Set: 1.2ms
[2025-01-18T12:12:02.279+0000][333.419s][info ][gc,phases   ] GC(88)   Other: 0.6ms
[2025-01-18T12:12:02.279+0000][333.419s][info ][gc,heap     ] GC(88) Eden regions: 88->0(88)
[2025-01-18T12:12:02.279+0000][333.419s][info ][gc,heap     ] GC(88) Survivor regions: 6->6(12)
[2025-01-18T12:12:02.280+0000][333.419s][info ][gc,heap     ] GC(88) Old regions: 170->170
[2025-01-18T12:12:02.280+0000][333.419s][info ][gc,heap     ] GC(88) Archive regions: 2->2
[2025-01-18T12:12:02.280+0000][333.420s][info ][gc,heap     ] GC(88) Humongous regions: 2->2
[2025-01-18T12:12:02.280+0000][333.420s][info ][gc,metaspace] GC(88) Metaspace: 178693K(179968K)->178693K(179968K) NonClass: 156725K(157376K)->156725K(157376K) Class: 21967K(22592K)->21967K(22592K)
[2025-01-18T12:12:02.280+0000][333.420s][info ][gc          ] GC(88) Pause Young (Normal) (G1 Evacuation Pause) 266M->178M(305M) 7.367ms
[2025-01-18T12:12:02.281+0000][333.420s][info ][gc,cpu      ] GC(88) User=0.03s Sys=0.01s Real=0.01s
[2025-01-18T12:12:02.281+0000][333.420s][info ][safepoint   ] Safepoint "G1CollectForAllocation", Time since last: 18225931237 ns, Reaching safepoint: 374464 ns, Cleanup: 4940 ns, At safepoint: 7854462 ns, Total: 8233866 ns
[2025-01-18T12:12:14.282+0000][345.422s][debug][safepoint   ] Safepoint synchronization initiated using futex wait barrier. (202 threads)
[2025-01-18T12:12:14.282+0000][345.423s][info ][safepoint   ] Safepoint "Cleanup", Time since last: 12001689383 ns, Reaching safepoint: 337355 ns, Cleanup: 11653 ns, At safepoint: 5551 ns, Total: 354559 ns
[2025-01-18T12:12:19.283+0000][350.424s][debug][safepoint   ] Safepoint synchronization initiated using futex wait barrier. (202 threads)
[2025-01-18T12:12:19.284+0000][350.424s][info ][safepoint   ] Safepoint "Cleanup", Time since last: 5001244034 ns, Reaching safepoint: 463834 ns, Cleanup: 14869 ns, At safepoint: 5521 ns, Total: 484224 ns
[2025-01-18T12:12:20.284+0000][351.425s][debug][safepoint   ] Safepoint synchronization initiated using futex wait barrier. (202 threads)
[2025-01-18T12:12:20.285+0000][351.426s][info ][safepoint   ] Safepoint "Cleanup", Time since last: 1000632062 ns, Reaching safepoint: 839250 ns, Cleanup: 18356 ns, At safepoint: 10782 ns, Total: 868388 ns
[2025-01-18T12:12:46.266+0000][377.409s][debug][safepoint   ] Safepoint synchronization initiated using futex wait barrier. (202 threads)
[2025-01-18T12:12:46.267+0000][377.409s][info ][safepoint   ] Safepoint "Cleanup", Time since last: 25982897318 ns, Reaching safepoint: 818159 ns, Cleanup: 21051 ns, At safepoint: 11393 ns, Total: 850603 ns
[2025-01-18T12:13:14.274+0000][405.418s][debug][safepoint   ] Safepoint synchronization initiated using futex wait barrier. (200 threads)
[2025-01-18T12:13:14.274+0000][405.418s][info ][safepoint   ] Safepoint "Cleanup", Time since last: 28008332245 ns, Reaching safepoint: 554305 ns, Cleanup: 11944 ns, At safepoint: 4488 ns, Total: 570737 ns
[2025-01-18T12:13:15.893+0000][407.037s][debug][safepoint   ] Safepoint synchronization initiated using futex wait barrier. (200 threads)
[2025-01-18T12:13:15.893+0000][407.037s][info ][gc,start    ] GC(89) Pause Young (Normal) (G1 Evacuation Pause)
[2025-01-18T12:13:15.893+0000][407.038s][info ][gc,task     ] GC(89) Using 10 workers of 10 for evacuation
[2025-01-18T12:13:15.898+0000][407.043s][info ][gc,phases   ] GC(89)   Pre Evacuate Collection Set: 0.3ms
[2025-01-18T12:13:15.899+0000][407.043s][info ][gc,phases   ] GC(89)   Merge Heap Roots: 0.2ms
[2025-01-18T12:13:15.899+0000][407.043s][info ][gc,phases   ] GC(89)   Evacuate Collection Set: 3.0ms
[2025-01-18T12:13:15.899+0000][407.044s][info ][gc,phases   ] GC(89)   Post Evacuate Collection Set: 1.4ms
[2025-01-18T12:13:15.900+0000][407.044s][info ][gc,phases   ] GC(89)   Other: 0.6ms
[2025-01-18T12:13:15.900+0000][407.044s][info ][gc,heap     ] GC(89) Eden regions: 88->0(88)
[2025-01-18T12:13:15.900+0000][407.044s][info ][gc,heap     ] GC(89) Survivor regions: 6->6(12)
[2025-01-18T12:13:15.900+0000][407.044s][info ][gc,heap     ] GC(89) Old regions: 170->170
[2025-01-18T12:13:15.900+0000][407.045s][info ][gc,heap     ] GC(89) Archive regions: 2->2
[2025-01-18T12:13:15.901+0000][407.045s][info ][gc,heap     ] GC(89) Humongous regions: 2->2
[2025-01-18T12:13:15.901+0000][407.045s][info ][gc,metaspace] GC(89) Metaspace: 178741K(180032K)->178741K(180032K) NonClass: 156772K(157440K)->156772K(157440K) Class: 21968K(22592K)->21968K(22592K)
[2025-01-18T12:13:15.901+0000][407.045s][info ][gc          ] GC(89) Pause Young (Normal) (G1 Evacuation Pause) 266M->178M(305M) 7.931ms
[2025-01-18T12:13:15.901+0000][407.045s][info ][gc,cpu      ] GC(89) User=0.03s Sys=0.00s Real=0.01s
[2025-01-18T12:13:15.902+0000][407.046s][info ][safepoint   ] Safepoint "G1CollectForAllocation", Time since last: 1618439635 ns, Reaching safepoint: 442394 ns, Cleanup: 5901 ns, At safepoint: 8612157 ns, Total: 9060452 ns
[2025-01-18T12:13:19.903+0000][411.047s][debug][safepoint   ] Safepoint synchronization initiated using futex wait barrier. (200 threads)
[2025-01-18T12:13:19.904+0000][411.048s][info ][safepoint   ] Safepoint "Cleanup", Time since last: 4001566864 ns, Reaching safepoint: 383783 ns, Cleanup: 51310 ns, At safepoint: 10771 ns, Total: 445864 ns
[2025-01-18T12:13:23.905+0000][415.049s][debug][safepoint   ] Safepoint synchronization initiated using futex wait barrier. (200 threads)
[2025-01-18T12:13:23.906+0000][415.050s][info ][safepoint   ] Safepoint "Cleanup", Time since last: 4001191810 ns, Reaching safepoint: 753856 ns, Cleanup: 36362 ns, At safepoint: 10831 ns, Total: 801049 ns
[2025-01-18T12:13:38.328+0000][429.472s][debug][safepoint   ] Safepoint synchronization initiated using futex wait barrier. (200 threads)
[2025-01-18T12:13:38.331+0000][429.475s][info ][safepoint   ] Safepoint "Cleanup", Time since last: 14422175102 ns, Reaching safepoint: 2319899 ns, Cleanup: 71070 ns, At safepoint: 44136 ns, Total: 2435105 ns
[2025-01-18T12:14:07.338+0000][458.484s][debug][safepoint   ] Safepoint synchronization initiated using futex wait barrier. (200 threads)
[2025-01-18T12:14:07.339+0000][458.485s][info ][safepoint   ] Safepoint "Cleanup", Time since last: 29009869056 ns, Reaching safepoint: 387392 ns, Cleanup: 15931 ns, At safepoint: 5521 ns, Total: 408844 ns
[2025-01-18T12:14:08.339+0000][459.485s][debug][safepoint   ] Safepoint synchronization initiated using futex wait barrier. (200 threads)
[2025-01-18T12:14:08.341+0000][459.487s][info ][safepoint   ] Safepoint "Cleanup", Time since last: 1000580276 ns, Reaching safepoint: 597214 ns, Cleanup: 24228 ns, At safepoint: 716549 ns, Total: 1337991 ns
[2025-01-18T12:14:11.342+0000][462.488s][debug][safepoint   ] Safepoint synchronization initiated using futex wait barrier. (200 threads)
[2025-01-18T12:14:11.343+0000][462.489s][info ][safepoint   ] Safepoint "Cleanup", Time since last: 3001637869 ns, Reaching safepoint: 757789 ns, Cleanup: 22244 ns, At safepoint: 11292 ns, Total: 791325 ns
[2025-01-18T12:14:12.342+0000][463.490s][debug][safepoint   ] Safepoint synchronization initiated using futex wait barrier. (200 threads)
[2025-01-18T12:14:12.343+0000][463.490s][info ][safepoint   ] Safepoint "Cleanup", Time since last: 1000618489 ns, Reaching safepoint: 505313 ns, Cleanup: 21983 ns, At safepoint: 9740 ns, Total: 537036 ns
[2025-01-18T12:14:21.345+0000][472.493s][debug][safepoint   ] Safepoint synchronization initiated using futex wait barrier. (199 threads)
[2025-01-18T12:14:21.346+0000][472.494s][info ][safepoint   ] Safepoint "Cleanup", Time since last: 9002499666 ns, Reaching safepoint: 720947 ns, Cleanup: 27565 ns, At safepoint: 10881 ns, Total: 759393 ns
[2025-01-18T12:14:27.348+0000][478.496s][debug][safepoint   ] Safepoint synchronization initiated using futex wait barrier. (199 threads)
[2025-01-18T12:14:27.349+0000][478.496s][info ][safepoint   ] Safepoint "Cleanup", Time since last: 6002108233 ns, Reaching safepoint: 749176 ns, Cleanup: 19298 ns, At safepoint: 19177 ns, Total: 787651 ns
[2025-01-18T12:14:29.442+0000][480.589s][debug][safepoint   ] Safepoint synchronization initiated using futex wait barrier. (199 threads)
[2025-01-18T12:14:29.442+0000][480.590s][info ][gc,start    ] GC(90) Pause Young (Normal) (G1 Evacuation Pause)
[2025-01-18T12:14:29.442+0000][480.590s][info ][gc,task     ] GC(90) Using 10 workers of 10 for evacuation
[2025-01-18T12:14:29.448+0000][480.595s][info ][gc,phases   ] GC(90)   Pre Evacuate Collection Set: 0.3ms
[2025-01-18T12:14:29.448+0000][480.596s][info ][gc,phases   ] GC(90)   Merge Heap Roots: 0.2ms
[2025-01-18T12:14:29.449+0000][480.596s][info ][gc,phases   ] GC(90)   Evacuate Collection Set: 3.5ms
[2025-01-18T12:14:29.449+0000][480.596s][info ][gc,phases   ] GC(90)   Post Evacuate Collection Set: 1.3ms
[2025-01-18T12:14:29.449+0000][480.596s][info ][gc,phases   ] GC(90)   Other: 0.6ms
[2025-01-18T12:14:29.449+0000][480.597s][info ][gc,heap     ] GC(90) Eden regions: 88->0(88)
[2025-01-18T12:14:29.449+0000][480.597s][info ][gc,heap     ] GC(90) Survivor regions: 6->6(12)
[2025-01-18T12:14:29.450+0000][480.597s][info ][gc,heap     ] GC(90) Old regions: 170->170
[2025-01-18T12:14:29.450+0000][480.597s][info ][gc,heap     ] GC(90) Archive regions: 2->2
[2025-01-18T12:14:29.450+0000][480.597s][info ][gc,heap     ] GC(90) Humongous regions: 2->2
[2025-01-18T12:14:29.450+0000][480.597s][info ][gc,metaspace] GC(90) Metaspace: 178838K(180160K)->178838K(180160K) NonClass: 156869K(157568K)->156869K(157568K) Class: 21968K(22592K)->21968K(22592K)
[2025-01-18T12:14:29.450+0000][480.598s][info ][gc          ] GC(90) Pause Young (Normal) (G1 Evacuation Pause) 266M->178M(305M) 7.934ms
[2025-01-18T12:14:29.450+0000][480.598s][info ][gc,cpu      ] GC(90) User=0.03s Sys=0.01s Real=0.00s
[2025-01-18T12:14:29.451+0000][480.598s][info ][safepoint   ] Safepoint "G1CollectForAllocation", Time since last: 2092750454 ns, Reaching safepoint: 351313 ns, Cleanup: 4469 ns, At safepoint: 8353471 ns, Total: 8709253 ns
[2025-01-18T12:15:22.461+0000][533.612s][debug][safepoint   ] Safepoint synchronization initiated using futex wait barrier. (198 threads)
[2025-01-18T12:15:22.462+0000][533.612s][info ][safepoint   ] Safepoint "Cleanup", Time since last: 53013649279 ns, Reaching safepoint: 825483 ns, Cleanup: 15470 ns, At safepoint: 5040 ns, Total: 845993 ns
[2025-01-18T12:15:23.462+0000][534.613s][debug][safepoint   ] Safepoint synchronization initiated using futex wait barrier. (198 threads)
[2025-01-18T12:15:23.463+0000][534.613s][info ][safepoint   ] Safepoint "Cleanup", Time since last: 1000369894 ns, Reaching safepoint: 365258 ns, Cleanup: 16602 ns, At safepoint: 5441 ns, Total: 387301 ns
[2025-01-18T12:15:43.301+0000][554.453s][debug][safepoint   ] Safepoint synchronization initiated using futex wait barrier. (198 threads)
[2025-01-18T12:15:43.301+0000][554.453s][info ][gc,start    ] GC(91) Pause Young (Normal) (G1 Evacuation Pause)
[2025-01-18T12:15:43.302+0000][554.454s][info ][gc,task     ] GC(91) Using 10 workers of 10 for evacuation
[2025-01-18T12:15:43.308+0000][554.459s][info ][gc,phases   ] GC(91)   Pre Evacuate Collection Set: 0.3ms
[2025-01-18T12:15:43.308+0000][554.460s][info ][gc,phases   ] GC(91)   Merge Heap Roots: 0.2ms
[2025-01-18T12:15:43.308+0000][554.460s][info ][gc,phases   ] GC(91)   Evacuate Collection Set: 3.4ms
[2025-01-18T12:15:43.308+0000][554.460s][info ][gc,phases   ] GC(91)   Post Evacuate Collection Set: 1.4ms
[2025-01-18T12:15:43.308+0000][554.460s][info ][gc,phases   ] GC(91)   Other: 0.8ms
[2025-01-18T12:15:43.309+0000][554.461s][info ][gc,heap     ] GC(91) Eden regions: 88->0(88)
[2025-01-18T12:15:43.309+0000][554.461s][info ][gc,heap     ] GC(91) Survivor regions: 6->6(12)
[2025-01-18T12:15:43.309+0000][554.461s][info ][gc,heap     ] GC(91) Old regions: 170->170
[2025-01-18T12:15:43.309+0000][554.461s][info ][gc,heap     ] GC(91) Archive regions: 2->2
[2025-01-18T12:15:43.310+0000][554.462s][info ][gc,heap     ] GC(91) Humongous regions: 2->2
[2025-01-18T12:15:43.310+0000][554.462s][info ][gc,metaspace] GC(91) Metaspace: 178862K(180160K)->178862K(180160K) NonClass: 156894K(157568K)->156894K(157568K) Class: 21968K(22592K)->21968K(22592K)
[2025-01-18T12:15:43.310+0000][554.462s][info ][gc          ] GC(91) Pause Young (Normal) (G1 Evacuation Pause) 266M->178M(305M) 8.544ms
[2025-01-18T12:15:43.310+0000][554.462s][info ][gc,cpu      ] GC(91) User=0.04s Sys=0.00s Real=0.01s
[2025-01-18T12:15:43.311+0000][554.462s][info ][safepoint   ] Safepoint "G1CollectForAllocation", Time since last: 19839732006 ns, Reaching safepoint: 501585 ns, Cleanup: 6974 ns, At safepoint: 9106565 ns, Total: 9615124 ns
[2025-01-18T12:16:11.318+0000][582.470s][debug][safepoint   ] Safepoint synchronization initiated using futex wait barrier. (198 threads)
[2025-01-18T12:16:11.319+0000][582.471s][info ][safepoint   ] Safepoint "Cleanup", Time since last: 28007703012 ns, Reaching safepoint: 725422 ns, Cleanup: 70476 ns, At safepoint: 25559 ns, Total: 821457 ns
[2025-01-18T12:16:17.319+0000][588.473s][debug][safepoint   ] Safepoint synchronization initiated using futex wait barrier. (197 threads)
[2025-01-18T12:16:17.319+0000][588.473s][info ][safepoint   ] Safepoint "Cleanup", Time since last: 6001648100 ns, Reaching safepoint: 447800 ns, Cleanup: 12024 ns, At safepoint: 5641 ns, Total: 465465 ns
[2025-01-18T12:16:20.320+0000][591.474s][debug][safepoint   ] Safepoint synchronization initiated using futex wait barrier. (197 threads)
[2025-01-18T12:16:20.321+0000][591.475s][info ][safepoint   ] Safepoint "Cleanup", Time since last: 3000951383 ns, Reaching safepoint: 587575 ns, Cleanup: 19718 ns, At safepoint: 11733 ns, Total: 619026 ns
[2025-01-18T12:16:23.322+0000][594.476s][debug][safepoint   ] Safepoint synchronization initiated using futex wait barrier. (197 threads)
[2025-01-18T12:16:23.323+0000][594.476s][info ][safepoint   ] Safepoint "Cleanup", Time since last: 3001192187 ns, Reaching safepoint: 293226 ns, Cleanup: 17945 ns, At safepoint: 5902 ns, Total: 317073 ns
[2025-01-18T12:16:24.323+0000][595.477s][debug][safepoint   ] Safepoint synchronization initiated using futex wait barrier. (197 threads)
[2025-01-18T12:16:24.323+0000][595.477s][info ][safepoint   ] Safepoint "Cleanup", Time since last: 1000409384 ns, Reaching safepoint: 353728 ns, Cleanup: 15801 ns, At safepoint: 5180 ns, Total: 374709 ns
[2025-01-18T12:16:27.324+0000][598.478s][debug][safepoint   ] Safepoint synchronization initiated using futex wait barrier. (197 threads)
[2025-01-18T12:16:27.325+0000][598.479s][info ][safepoint   ] Safepoint "Cleanup", Time since last: 3001110400 ns, Reaching safepoint: 684618 ns, Cleanup: 100307 ns, At safepoint: 26202 ns, Total: 811127 ns
[2025-01-18T12:16:57.341+0000][628.497s][debug][safepoint   ] Safepoint synchronization initiated using futex wait barrier. (197 threads)
[2025-01-18T12:16:57.341+0000][628.497s][info ][gc,start    ] GC(92) Pause Young (Normal) (G1 Evacuation Pause)
[2025-01-18T12:16:57.342+0000][628.498s][info ][gc,task     ] GC(92) Using 10 workers of 10 for evacuation
[2025-01-18T12:16:57.347+0000][628.503s][info ][gc,phases   ] GC(92)   Pre Evacuate Collection Set: 0.3ms
[2025-01-18T12:16:57.348+0000][628.504s][info ][gc,phases   ] GC(92)   Merge Heap Roots: 0.2ms
[2025-01-18T12:16:57.348+0000][628.504s][info ][gc,phases   ] GC(92)   Evacuate Collection Set: 3.3ms
[2025-01-18T12:16:57.348+0000][628.504s][info ][gc,phases   ] GC(92)   Post Evacuate Collection Set: 1.4ms
[2025-01-18T12:16:57.348+0000][628.504s][info ][gc,phases   ] GC(92)   Other: 0.6ms
[2025-01-18T12:16:57.348+0000][628.504s][info ][gc,heap     ] GC(92) Eden regions: 88->0(88)
[2025-01-18T12:16:57.349+0000][628.505s][info ][gc,heap     ] GC(92) Survivor regions: 6->6(12)
[2025-01-18T12:16:57.349+0000][628.505s][info ][gc,heap     ] GC(92) Old regions: 170->170
[2025-01-18T12:16:57.349+0000][628.505s][info ][gc,heap     ] GC(92) Archive regions: 2->2
[2025-01-18T12:16:57.349+0000][628.505s][info ][gc,heap     ] GC(92) Humongous regions: 2->2
[2025-01-18T12:16:57.349+0000][628.505s][info ][gc,metaspace] GC(92) Metaspace: 178898K(180224K)->178898K(180224K) NonClass: 156930K(157632K)->156930K(157632K) Class: 21968K(22592K)->21968K(22592K)
[2025-01-18T12:16:57.349+0000][628.506s][info ][gc          ] GC(92) Pause Young (Normal) (G1 Evacuation Pause) 266M->178M(305M) 8.137ms
[2025-01-18T12:16:57.350+0000][628.506s][info ][gc,cpu      ] GC(92) User=0.03s Sys=0.00s Real=0.01s
[2025-01-18T12:16:57.350+0000][628.506s][info ][safepoint   ] Safepoint "G1CollectForAllocation", Time since last: 30017723060 ns, Reaching safepoint: 702315 ns, Cleanup: 5140 ns, At safepoint: 8725038 ns, Total: 9432493 ns
[2025-01-18T12:16:58.351+0000][629.507s][debug][safepoint   ] Safepoint synchronization initiated using futex wait barrier. (197 threads)
[2025-01-18T12:16:58.351+0000][629.508s][info ][safepoint   ] Safepoint "Cleanup", Time since last: 1000650638 ns, Reaching safepoint: 710913 ns, Cleanup: 67142 ns, At safepoint: 19899 ns, Total: 797954 ns
[2025-01-18T12:17:10.287+0000][641.443s][debug][safepoint   ] Safepoint synchronization initiated using futex wait barrier. (202 threads)
[2025-01-18T12:17:10.287+0000][641.444s][info ][safepoint   ] Safepoint "ICBufferFull", Time since last: 11935406597 ns, Reaching safepoint: 374996 ns, Cleanup: 161318 ns, At safepoint: 30059 ns, Total: 566373 ns
[2025-01-18T12:17:10.461+0000][641.618s][debug][safepoint   ] Safepoint synchronization initiated using futex wait barrier. (203 threads)
[2025-01-18T12:17:10.462+0000][641.618s][info ][gc,start    ] GC(93) Pause Young (Normal) (G1 Evacuation Pause)
[2025-01-18T12:17:10.462+0000][641.618s][info ][gc,task     ] GC(93) Using 10 workers of 10 for evacuation
[2025-01-18T12:17:10.470+0000][641.626s][info ][gc,phases   ] GC(93)   Pre Evacuate Collection Set: 0.6ms
[2025-01-18T12:17:10.470+0000][641.626s][info ][gc,phases   ] GC(93)   Merge Heap Roots: 0.3ms
[2025-01-18T12:17:10.470+0000][641.626s][info ][gc,phases   ] GC(93)   Evacuate Collection Set: 4.5ms
[2025-01-18T12:17:10.470+0000][641.626s][info ][gc,phases   ] GC(93)   Post Evacuate Collection Set: 1.4ms
[2025-01-18T12:17:10.471+0000][641.627s][info ][gc,phases   ] GC(93)   Other: 0.7ms
[2025-01-18T12:17:10.471+0000][641.627s][info ][gc,heap     ] GC(93) Eden regions: 88->0(84)
[2025-01-18T12:17:10.471+0000][641.627s][info ][gc,heap     ] GC(93) Survivor regions: 6->7(12)
[2025-01-18T12:17:10.471+0000][641.627s][info ][gc,heap     ] GC(93) Old regions: 170->172
[2025-01-18T12:17:10.471+0000][641.627s][info ][gc,heap     ] GC(93) Archive regions: 2->2
[2025-01-18T12:17:10.471+0000][641.627s][info ][gc,heap     ] GC(93) Humongous regions: 2->2
[2025-01-18T12:17:10.472+0000][641.628s][info ][gc,metaspace] GC(93) Metaspace: 180466K(181760K)->180466K(181760K) NonClass: 158330K(158976K)->158330K(158976K) Class: 22136K(22784K)->22136K(22784K)
[2025-01-18T12:17:10.472+0000][641.628s][info ][gc          ] GC(93) Pause Young (Normal) (G1 Evacuation Pause) 266M->181M(305M) 9.653ms
[2025-01-18T12:17:10.472+0000][641.628s][info ][gc,cpu      ] GC(93) User=0.04s Sys=0.01s Real=0.01s
[2025-01-18T12:17:10.472+0000][641.628s][info ][safepoint   ] Safepoint "G1CollectForAllocation", Time since last: 174008482 ns, Reaching safepoint: 539065 ns, Cleanup: 80639 ns, At safepoint: 10172804 ns, Total: 10792508 ns
[2025-01-18T12:17:10.579+0000][641.735s][debug][safepoint   ] Safepoint synchronization initiated using futex wait barrier. (203 threads)
[2025-01-18T12:17:10.579+0000][641.735s][info ][gc,start    ] GC(94) Pause Young (Normal) (G1 Evacuation Pause)
[2025-01-18T12:17:10.580+0000][641.736s][info ][gc,task     ] GC(94) Using 10 workers of 10 for evacuation
[2025-01-18T12:17:10.586+0000][641.742s][info ][gc,phases   ] GC(94)   Pre Evacuate Collection Set: 0.3ms
[2025-01-18T12:17:10.586+0000][641.742s][info ][gc,phases   ] GC(94)   Merge Heap Roots: 0.2ms
[2025-01-18T12:17:10.587+0000][641.743s][info ][gc,phases   ] GC(94)   Evacuate Collection Set: 4.3ms
[2025-01-18T12:17:10.587+0000][641.743s][info ][gc,phases   ] GC(94)   Post Evacuate Collection Set: 1.4ms
[2025-01-18T12:17:10.587+0000][641.743s][info ][gc,phases   ] GC(94)   Other: 0.7ms
[2025-01-18T12:17:10.587+0000][641.743s][info ][gc,heap     ] GC(94) Eden regions: 84->0(82)
[2025-01-18T12:17:10.587+0000][641.743s][info ][gc,heap     ] GC(94) Survivor regions: 7->6(12)
[2025-01-18T12:17:10.588+0000][641.744s][info ][gc,heap     ] GC(94) Old regions: 172->176
[2025-01-18T12:17:10.588+0000][641.744s][info ][gc,heap     ] GC(94) Archive regions: 2->2
[2025-01-18T12:17:10.588+0000][641.744s][info ][gc,heap     ] GC(94) Humongous regions: 2->2
[2025-01-18T12:17:10.588+0000][641.744s][info ][gc,metaspace] GC(94) Metaspace: 180479K(181760K)->180479K(181760K) NonClass: 158343K(158976K)->158343K(158976K) Class: 22136K(22784K)->22136K(22784K)
[2025-01-18T12:17:10.589+0000][641.745s][info ][gc          ] GC(94) Pause Young (Normal) (G1 Evacuation Pause) 265M->183M(305M) 9.317ms
[2025-01-18T12:17:10.589+0000][641.745s][info ][gc,cpu      ] GC(94) User=0.05s Sys=0.00s Real=0.01s
[2025-01-18T12:17:10.589+0000][641.745s][info ][safepoint   ] Safepoint "G1CollectForAllocation", Time since last: 106565560 ns, Reaching safepoint: 399697 ns, Cleanup: 19408 ns, At safepoint: 9981469 ns, Total: 10400574 ns
[2025-01-18T12:17:11.589+0000][642.746s][debug][safepoint   ] Safepoint synchronization initiated using futex wait barrier. (203 threads)
[2025-01-18T12:17:11.590+0000][642.747s][info ][safepoint   ] Safepoint "Cleanup", Time since last: 1000467205 ns, Reaching safepoint: 607286 ns, Cleanup: 172330 ns, At safepoint: 28235 ns, Total: 807851 ns
[2025-01-18T12:17:13.590+0000][644.747s][debug][safepoint   ] Safepoint synchronization initiated using futex wait barrier. (202 threads)
[2025-01-18T12:17:13.591+0000][644.748s][info ][safepoint   ] Safepoint "Cleanup", Time since last: 2000718179 ns, Reaching safepoint: 277085 ns, Cleanup: 11032 ns, At safepoint: 4458 ns, Total: 292575 ns
[2025-01-18T12:17:20.593+0000][651.750s][debug][safepoint   ] Safepoint synchronization initiated using futex wait barrier. (201 threads)
[2025-01-18T12:17:20.593+0000][651.750s][info ][safepoint   ] Safepoint "Cleanup", Time since last: 7002290103 ns, Reaching safepoint: 556686 ns, Cleanup: 12274 ns, At safepoint: 4488 ns, Total: 573448 ns
[2025-01-18T12:17:23.595+0000][654.752s][debug][safepoint   ] Safepoint synchronization initiated using futex wait barrier. (201 threads)
[2025-01-18T12:17:23.595+0000][654.752s][info ][safepoint   ] Safepoint "Cleanup", Time since last: 3001194547 ns, Reaching safepoint: 514910 ns, Cleanup: 29939 ns, At safepoint: 8246 ns, Total: 553095 ns
[2025-01-18T12:17:31.557+0000][662.714s][debug][safepoint   ] Safepoint synchronization initiated using futex wait barrier. (201 threads)
[2025-01-18T12:17:31.558+0000][662.715s][info ][safepoint   ] Safepoint "Cleanup", Time since last: 7962194419 ns, Reaching safepoint: 503821 ns, Cleanup: 13977 ns, At safepoint: 8898 ns, Total: 526696 ns
[2025-01-18T12:17:41.559+0000][672.718s][debug][safepoint   ] Safepoint synchronization initiated using futex wait barrier. (201 threads)
[2025-01-18T12:17:41.560+0000][672.718s][info ][safepoint   ] Safepoint "Cleanup", Time since last: 10002834725 ns, Reaching safepoint: 590162 ns, Cleanup: 22364 ns, At safepoint: 7966 ns, Total: 620492 ns
[2025-01-18T12:17:51.562+0000][682.720s][debug][safepoint   ] Safepoint synchronization initiated using futex wait barrier. (201 threads)
[2025-01-18T12:17:51.562+0000][682.721s][info ][safepoint   ] Safepoint "Cleanup", Time since last: 10001867570 ns, Reaching safepoint: 442730 ns, Cleanup: 21121 ns, At safepoint: 8697 ns, Total: 472548 ns
[2025-01-18T12:17:57.782+0000][688.940s][debug][safepoint   ] Safepoint synchronization initiated using futex wait barrier. (201 threads)
[2025-01-18T12:17:57.783+0000][688.941s][info ][gc,start    ] GC(95) Pause Young (Normal) (G1 Evacuation Pause)
[2025-01-18T12:17:57.783+0000][688.942s][info ][gc,task     ] GC(95) Using 10 workers of 10 for evacuation
[2025-01-18T12:17:57.788+0000][688.947s][info ][gc,phases   ] GC(95)   Pre Evacuate Collection Set: 0.3ms
[2025-01-18T12:17:57.789+0000][688.947s][info ][gc,phases   ] GC(95)   Merge Heap Roots: 0.2ms
[2025-01-18T12:17:57.789+0000][688.947s][info ][gc,phases   ] GC(95)   Evacuate Collection Set: 3.1ms
[2025-01-18T12:17:57.789+0000][688.947s][info ][gc,phases   ] GC(95)   Post Evacuate Collection Set: 1.3ms
[2025-01-18T12:17:57.789+0000][688.948s][info ][gc,phases   ] GC(95)   Other: 0.8ms
[2025-01-18T12:17:57.789+0000][688.948s][info ][gc,heap     ] GC(95) Eden regions: 82->0(80)
[2025-01-18T12:17:57.790+0000][688.948s][info ][gc,heap     ] GC(95) Survivor regions: 6->7(11)
[2025-01-18T12:17:57.790+0000][688.948s][info ][gc,heap     ] GC(95) Old regions: 176->176
[2025-01-18T12:17:57.790+0000][688.949s][info ][gc,heap     ] GC(95) Archive regions: 2->2
[2025-01-18T12:17:57.790+0000][688.949s][info ][gc,heap     ] GC(95) Humongous regions: 2->2
[2025-01-18T12:17:57.790+0000][688.949s][info ][gc,metaspace] GC(95) Metaspace: 180750K(182016K)->180750K(182016K) NonClass: 158600K(159232K)->158600K(159232K) Class: 22150K(22784K)->22150K(22784K)
[2025-01-18T12:17:57.791+0000][688.949s][info ][gc          ] GC(95) Pause Young (Normal) (G1 Evacuation Pause) 265M->184M(305M) 8.120ms
[2025-01-18T12:17:57.791+0000][688.949s][info ][gc,cpu      ] GC(95) User=0.02s Sys=0.01s Real=0.01s
[2025-01-18T12:17:57.791+0000][688.950s][info ][safepoint   ] Safepoint "G1CollectForAllocation", Time since last: 6219754156 ns, Reaching safepoint: 618027 ns, Cleanup: 7605 ns, At safepoint: 8743457 ns, Total: 9369089 ns
[2025-01-18T12:18:01.793+0000][692.952s][debug][safepoint   ] Safepoint synchronization initiated using futex wait barrier. (201 threads)
[2025-01-18T12:18:01.794+0000][692.952s][info ][safepoint   ] Safepoint "Cleanup", Time since last: 4001717337 ns, Reaching safepoint: 564629 ns, Cleanup: 16883 ns, At safepoint: 8957 ns, Total: 590469 ns
[2025-01-18T12:18:11.795+0000][702.955s][debug][safepoint   ] Safepoint synchronization initiated using futex wait barrier. (198 threads)
[2025-01-18T12:18:11.796+0000][702.956s][info ][safepoint   ] Safepoint "Cleanup", Time since last: 10003204318 ns, Reaching safepoint: 613674 ns, Cleanup: 20420 ns, At safepoint: 8507 ns, Total: 642601 ns
[2025-01-18T12:18:23.799+0000][714.959s][debug][safepoint   ] Safepoint synchronization initiated using futex wait barrier. (198 threads)
[2025-01-18T12:18:23.800+0000][714.960s][info ][safepoint   ] Safepoint "Cleanup", Time since last: 12002943844 ns, Reaching safepoint: 878565 ns, Cleanup: 17223 ns, At safepoint: 8407 ns, Total: 904195 ns
[2025-01-18T12:18:24.800+0000][715.960s][debug][safepoint   ] Safepoint synchronization initiated using futex wait barrier. (198 threads)
[2025-01-18T12:18:24.801+0000][715.961s][info ][safepoint   ] Safepoint "Cleanup", Time since last: 1000575637 ns, Reaching safepoint: 551783 ns, Cleanup: 26132 ns, At safepoint: 10150 ns, Total: 588065 ns
[2025-01-18T12:18:27.802+0000][718.962s][debug][safepoint   ] Safepoint synchronization initiated using futex wait barrier. (198 threads)
[2025-01-18T12:18:27.803+0000][718.963s][info ][safepoint   ] Safepoint "Cleanup", Time since last: 3001446675 ns, Reaching safepoint: 702472 ns, Cleanup: 14348 ns, At safepoint: 8216 ns, Total: 725036 ns
[2025-01-18T12:19:03.623+0000][754.785s][debug][safepoint   ] Safepoint synchronization initiated using futex wait barrier. (198 threads)
[2025-01-18T12:19:03.624+0000][754.785s][info ][gc,start    ] GC(96) Pause Young (Normal) (G1 Evacuation Pause)
[2025-01-18T12:19:03.624+0000][754.786s][info ][gc,task     ] GC(96) Using 10 workers of 10 for evacuation
[2025-01-18T12:19:03.629+0000][754.791s][info ][gc,phases   ] GC(96)   Pre Evacuate Collection Set: 0.4ms
[2025-01-18T12:19:03.630+0000][754.792s][info ][gc,phases   ] GC(96)   Merge Heap Roots: 0.3ms
[2025-01-18T12:19:03.630+0000][754.792s][info ][gc,phases   ] GC(96)   Evacuate Collection Set: 3.2ms
[2025-01-18T12:19:03.630+0000][754.792s][info ][gc,phases   ] GC(96)   Post Evacuate Collection Set: 1.4ms
[2025-01-18T12:19:03.631+0000][754.792s][info ][gc,phases   ] GC(96)   Other: 0.8ms
[2025-01-18T12:19:03.631+0000][754.793s][info ][gc,heap     ] GC(96) Eden regions: 80->0(82)
[2025-01-18T12:19:03.631+0000][754.793s][info ][gc,heap     ] GC(96) Survivor regions: 7->4(11)
[2025-01-18T12:19:03.631+0000][754.793s][info ][gc,heap     ] GC(96) Old regions: 176->179
[2025-01-18T12:19:03.632+0000][754.793s][info ][gc,heap     ] GC(96) Archive regions: 2->2
[2025-01-18T12:19:03.632+0000][754.794s][info ][gc,heap     ] GC(96) Humongous regions: 2->2
[2025-01-18T12:19:03.632+0000][754.794s][info ][gc,metaspace] GC(96) Metaspace: 180784K(182080K)->180784K(182080K) NonClass: 158634K(159296K)->158634K(159296K) Class: 22150K(22784K)->22150K(22784K)
[2025-01-18T12:19:03.632+0000][754.794s][info ][gc          ] GC(96) Pause Young (Normal) (G1 Evacuation Pause) 264M->184M(305M) 8.545ms
[2025-01-18T12:19:03.632+0000][754.794s][info ][gc,cpu      ] GC(96) User=0.04s Sys=0.00s Real=0.01s
[2025-01-18T12:19:03.632+0000][754.794s][info ][safepoint   ] Safepoint "G1CollectForAllocation", Time since last: 35821813818 ns, Reaching safepoint: 357131 ns, Cleanup: 16262 ns, At safepoint: 9031938 ns, Total: 9405331 ns
[2025-01-18T12:19:23.637+0000][774.800s][debug][safepoint   ] Safepoint synchronization initiated using futex wait barrier. (196 threads)
[2025-01-18T12:19:23.638+0000][774.802s][info ][safepoint   ] Safepoint "Cleanup", Time since last: 20005930478 ns, Reaching safepoint: 536083 ns, Cleanup: 27615 ns, At safepoint: 665778 ns, Total: 1229476 ns
[2025-01-18T12:19:45.686+0000][796.852s][debug][safepoint   ] Safepoint synchronization initiated using futex wait barrier. (196 threads)
[2025-01-18T12:19:45.687+0000][796.852s][info ][safepoint   ] Safepoint "Cleanup", Time since last: 22050008165 ns, Reaching safepoint: 739414 ns, Cleanup: 21041 ns, At safepoint: 7886 ns, Total: 768341 ns
[2025-01-18T12:20:11.650+0000][822.816s][debug][safepoint   ] Safepoint synchronization initiated using futex wait barrier. (196 threads)
[2025-01-18T12:20:11.650+0000][822.817s][info ][gc,start    ] GC(97) Pause Young (Normal) (G1 Evacuation Pause)
[2025-01-18T12:20:11.651+0000][822.817s][info ][gc,task     ] GC(97) Using 10 workers of 10 for evacuation
[2025-01-18T12:20:11.655+0000][822.822s][info ][gc,phases   ] GC(97)   Pre Evacuate Collection Set: 0.3ms
[2025-01-18T12:20:11.656+0000][822.822s][info ][gc,phases   ] GC(97)   Merge Heap Roots: 0.2ms
[2025-01-18T12:20:11.656+0000][822.822s][info ][gc,phases   ] GC(97)   Evacuate Collection Set: 2.0ms
[2025-01-18T12:20:11.656+0000][822.822s][info ][gc,phases   ] GC(97)   Post Evacuate Collection Set: 1.2ms
[2025-01-18T12:20:11.656+0000][822.823s][info ][gc,phases   ] GC(97)   Other: 1.3ms
[2025-01-18T12:20:11.657+0000][822.823s][info ][gc,heap     ] GC(97) Eden regions: 82->0(83)
[2025-01-18T12:20:11.657+0000][822.823s][info ][gc,heap     ] GC(97) Survivor regions: 4->4(11)
[2025-01-18T12:20:11.657+0000][822.823s][info ][gc,heap     ] GC(97) Old regions: 179->179
[2025-01-18T12:20:11.657+0000][822.823s][info ][gc,heap     ] GC(97) Archive regions: 2->2
[2025-01-18T12:20:11.657+0000][822.823s][info ][gc,heap     ] GC(97) Humongous regions: 2->2
[2025-01-18T12:20:11.657+0000][822.824s][info ][gc,metaspace] GC(97) Metaspace: 180823K(182080K)->180823K(182080K) NonClass: 158673K(159296K)->158673K(159296K) Class: 22150K(22784K)->22150K(22784K)
[2025-01-18T12:20:11.658+0000][822.824s][info ][gc          ] GC(97) Pause Young (Normal) (G1 Evacuation Pause) 266M->184M(305M) 7.051ms
[2025-01-18T12:20:11.658+0000][822.824s][info ][gc,cpu      ] GC(97) User=0.02s Sys=0.00s Real=0.01s
[2025-01-18T12:20:11.658+0000][822.824s][info ][safepoint   ] Safepoint "G1CollectForAllocation", Time since last: 25963918775 ns, Reaching safepoint: 428201 ns, Cleanup: 7074 ns, At safepoint: 7492702 ns, Total: 7927977 ns
[2025-01-18T12:20:23.662+0000][834.828s][debug][safepoint   ] Safepoint synchronization initiated using futex wait barrier. (196 threads)
[2025-01-18T12:20:23.662+0000][834.828s][info ][safepoint   ] Safepoint "Cleanup", Time since last: 12003607020 ns, Reaching safepoint: 551914 ns, Cleanup: 17374 ns, At safepoint: 4910 ns, Total: 574198 ns
[2025-01-18T12:21:11.671+0000][882.841s][debug][safepoint   ] Safepoint synchronization initiated using futex wait barrier. (196 threads)
[2025-01-18T12:21:11.672+0000][882.842s][info ][safepoint   ] Safepoint "Cleanup", Time since last: 48012310235 ns, Reaching safepoint: 785394 ns, Cleanup: 78754 ns, At safepoint: 50980 ns, Total: 915128 ns
[2025-01-18T12:21:20.940+0000][892.109s][debug][safepoint   ] Safepoint synchronization initiated using futex wait barrier. (196 threads)
[2025-01-18T12:21:20.940+0000][892.110s][info ][gc,start    ] GC(98) Pause Young (Normal) (G1 Evacuation Pause)
[2025-01-18T12:21:20.940+0000][892.110s][info ][gc,task     ] GC(98) Using 10 workers of 10 for evacuation
[2025-01-18T12:21:20.944+0000][892.114s][info ][gc,phases   ] GC(98)   Pre Evacuate Collection Set: 0.3ms
[2025-01-18T12:21:20.945+0000][892.114s][info ][gc,phases   ] GC(98)   Merge Heap Roots: 0.2ms
[2025-01-18T12:21:20.945+0000][892.115s][info ][gc,phases   ] GC(98)   Evacuate Collection Set: 1.9ms
[2025-01-18T12:21:20.945+0000][892.115s][info ][gc,phases   ] GC(98)   Post Evacuate Collection Set: 1.3ms
[2025-01-18T12:21:20.945+0000][892.115s][info ][gc,phases   ] GC(98)   Other: 0.6ms
[2025-01-18T12:21:20.945+0000][892.115s][info ][gc,heap     ] GC(98) Eden regions: 83->0(83)
[2025-01-18T12:21:20.946+0000][892.115s][info ][gc,heap     ] GC(98) Survivor regions: 4->4(11)
[2025-01-18T12:21:20.946+0000][892.116s][info ][gc,heap     ] GC(98) Old regions: 179->179
[2025-01-18T12:21:20.946+0000][892.116s][info ][gc,heap     ] GC(98) Archive regions: 2->2
[2025-01-18T12:21:20.946+0000][892.116s][info ][gc,heap     ] GC(98) Humongous regions: 2->2
[2025-01-18T12:21:20.946+0000][892.116s][info ][gc,metaspace] GC(98) Metaspace: 180857K(182144K)->180857K(182144K) NonClass: 158707K(159360K)->158707K(159360K) Class: 22150K(22784K)->22150K(22784K)
[2025-01-18T12:21:20.946+0000][892.116s][info ][gc          ] GC(98) Pause Young (Normal) (G1 Evacuation Pause) 267M->184M(305M) 6.332ms
[2025-01-18T12:21:20.947+0000][892.116s][info ][gc,cpu      ] GC(98) User=0.02s Sys=0.01s Real=0.00s
[2025-01-18T12:21:20.947+0000][892.116s][info ][safepoint   ] Safepoint "G1CollectForAllocation", Time since last: 9267752555 ns, Reaching safepoint: 403462 ns, Cleanup: 4979 ns, At safepoint: 6742139 ns, Total: 7150580 ns
[2025-01-18T12:21:21.947+0000][893.117s][debug][safepoint   ] Safepoint synchronization initiated using futex wait barrier. (196 threads)
[2025-01-18T12:21:21.948+0000][893.118s][info ][safepoint   ] Safepoint "Cleanup", Time since last: 1000733233 ns, Reaching safepoint: 749652 ns, Cleanup: 62593 ns, At safepoint: 18466 ns, Total: 830711 ns
[2025-01-18T12:21:23.949+0000][895.119s][debug][safepoint   ] Safepoint synchronization initiated using futex wait barrier. (196 threads)
[2025-01-18T12:21:23.950+0000][895.120s][info ][safepoint   ] Safepoint "Cleanup", Time since last: 2000771938 ns, Reaching safepoint: 731887 ns, Cleanup: 16011 ns, At safepoint: 4629 ns, Total: 752527 ns
[2025-01-18T12:21:27.951+0000][899.120s][debug][safepoint   ] Safepoint synchronization initiated using futex wait barrier. (196 threads)
[2025-01-18T12:21:27.953+0000][899.123s][info ][safepoint   ] Safepoint "Cleanup", Time since last: 4000863708 ns, Reaching safepoint: 2558154 ns, Cleanup: 24458 ns, At safepoint: 11542 ns, Total: 2594154 ns
[2025-01-18T12:22:01.963+0000][933.134s][debug][safepoint   ] Safepoint synchronization initiated using futex wait barrier. (196 threads)
[2025-01-18T12:22:01.964+0000][933.135s][info ][safepoint   ] Safepoint "Cleanup", Time since last: 34011324968 ns, Reaching safepoint: 796995 ns, Cleanup: 23186 ns, At safepoint: 5661 ns, Total: 825842 ns
[2025-01-18T12:22:23.969+0000][955.141s][debug][safepoint   ] Safepoint synchronization initiated using futex wait barrier. (196 threads)
[2025-01-18T12:22:23.969+0000][955.142s][info ][safepoint   ] Safepoint "Cleanup", Time since last: 22006305811 ns, Reaching safepoint: 751702 ns, Cleanup: 24237 ns, At safepoint: 11132 ns, Total: 787071 ns
[2025-01-18T12:22:28.971+0000][960.144s][debug][safepoint   ] Safepoint synchronization initiated using futex wait barrier. (196 threads)
[2025-01-18T12:22:28.972+0000][960.145s][info ][safepoint   ] Safepoint "Cleanup", Time since last: 5001768207 ns, Reaching safepoint: 639061 ns, Cleanup: 15310 ns, At safepoint: 4278 ns, Total: 658649 ns
[2025-01-18T12:22:30.364+0000][961.536s][debug][safepoint   ] Safepoint synchronization initiated using futex wait barrier. (196 threads)
[2025-01-18T12:22:30.364+0000][961.537s][info ][gc,start    ] GC(99) Pause Young (Normal) (G1 Evacuation Pause)
[2025-01-18T12:22:30.365+0000][961.537s][info ][gc,task     ] GC(99) Using 10 workers of 10 for evacuation
[2025-01-18T12:22:30.369+0000][961.542s][info ][gc,phases   ] GC(99)   Pre Evacuate Collection Set: 0.2ms
[2025-01-18T12:22:30.369+0000][961.542s][info ][gc,phases   ] GC(99)   Merge Heap Roots: 0.2ms
[2025-01-18T12:22:30.369+0000][961.542s][info ][gc,phases   ] GC(99)   Evacuate Collection Set: 1.9ms
[2025-01-18T12:22:30.369+0000][961.542s][info ][gc,phases   ] GC(99)   Post Evacuate Collection Set: 1.4ms
[2025-01-18T12:22:30.370+0000][961.543s][info ][gc,phases   ] GC(99)   Other: 0.6ms
[2025-01-18T12:22:30.370+0000][961.543s][info ][gc,heap     ] GC(99) Eden regions: 83->0(83)
[2025-01-18T12:22:30.370+0000][961.543s][info ][gc,heap     ] GC(99) Survivor regions: 4->4(11)
[2025-01-18T12:22:30.370+0000][961.543s][info ][gc,heap     ] GC(99) Old regions: 179->179
[2025-01-18T12:22:30.370+0000][961.543s][info ][gc,heap     ] GC(99) Archive regions: 2->2
[2025-01-18T12:22:30.371+0000][961.544s][info ][gc,heap     ] GC(99) Humongous regions: 2->2
[2025-01-18T12:22:30.371+0000][961.544s][info ][gc,metaspace] GC(99) Metaspace: 180924K(182272K)->180924K(182272K) NonClass: 158772K(159488K)->158772K(159488K) Class: 22152K(22784K)->22152K(22784K)
[2025-01-18T12:22:30.371+0000][961.544s][info ][gc          ] GC(99) Pause Young (Normal) (G1 Evacuation Pause) 267M->184M(305M) 6.706ms
[2025-01-18T12:22:30.371+0000][961.544s][info ][gc,cpu      ] GC(99) User=0.02s Sys=0.00s Real=0.01s
[2025-01-18T12:22:30.371+0000][961.544s][info ][safepoint   ] Safepoint "G1CollectForAllocation", Time since last: 1391758526 ns, Reaching safepoint: 707736 ns, Cleanup: 6964 ns, At safepoint: 7170123 ns, Total: 7884823 ns
[2025-01-18T12:22:31.372+0000][962.545s][debug][safepoint   ] Safepoint synchronization initiated using futex wait barrier. (196 threads)
[2025-01-18T12:22:31.372+0000][962.545s][info ][safepoint   ] Safepoint "Cleanup", Time since last: 1000311023 ns, Reaching safepoint: 434236 ns, Cleanup: 23537 ns, At safepoint: 9138 ns, Total: 466911 ns
[2025-01-18T12:22:39.374+0000][970.547s][debug][safepoint   ] Safepoint synchronization initiated using futex wait barrier. (196 threads)
[2025-01-18T12:22:39.375+0000][970.548s][info ][safepoint   ] Safepoint "Cleanup", Time since last: 8002083350 ns, Reaching safepoint: 374545 ns, Cleanup: 14529 ns, At safepoint: 7695 ns, Total: 396769 ns
[2025-01-18T12:22:41.375+0000][972.548s][debug][safepoint   ] Safepoint synchronization initiated using futex wait barrier. (196 threads)
[2025-01-18T12:22:41.376+0000][972.549s][info ][safepoint   ] Safepoint "Cleanup", Time since last: 2000775913 ns, Reaching safepoint: 826433 ns, Cleanup: 22274 ns, At safepoint: 10871 ns, Total: 859578 ns
[2025-01-18T12:22:52.379+0000][983.553s][debug][safepoint   ] Safepoint synchronization initiated using futex wait barrier. (196 threads)
[2025-01-18T12:22:52.380+0000][983.554s][info ][safepoint   ] Safepoint "Cleanup", Time since last: 11004063676 ns, Reaching safepoint: 841281 ns, Cleanup: 147682 ns, At safepoint: 26923 ns, Total: 1015886 ns
[2025-01-18T12:23:01.384+0000][992.558s][debug][safepoint   ] Safepoint synchronization initiated using futex wait barrier. (196 threads)
[2025-01-18T12:23:01.385+0000][992.559s][info ][safepoint   ] Safepoint "Cleanup", Time since last: 9004188746 ns, Reaching safepoint: 720826 ns, Cleanup: 18667 ns, At safepoint: 11112 ns, Total: 750605 ns
[2025-01-18T12:23:11.389+0000][1002.563s][debug][safepoint   ] Safepoint synchronization initiated using futex wait barrier. (196 threads)
[2025-01-18T12:23:11.389+0000][1002.564s][info ][safepoint   ] Safepoint "Cleanup", Time since last: 10003682522 ns, Reaching safepoint: 711122 ns, Cleanup: 14739 ns, At safepoint: 5060 ns, Total: 730921 ns
[2025-01-18T12:23:12.388+0000][1003.564s][debug][safepoint   ] Safepoint synchronization initiated using futex wait barrier. (196 threads)
[2025-01-18T12:23:12.390+0000][1003.566s][info ][safepoint   ] Safepoint "Cleanup", Time since last: 1000397739 ns, Reaching safepoint: 666895 ns, Cleanup: 50920 ns, At safepoint: 747072 ns, Total: 1464887 ns
[2025-01-18T12:23:14.391+0000][1005.566s][debug][safepoint   ] Safepoint synchronization initiated using futex wait barrier. (196 threads)
[2025-01-18T12:23:14.391+0000][1005.567s][info ][safepoint   ] Safepoint "Cleanup", Time since last: 2000879185 ns, Reaching safepoint: 658822 ns, Cleanup: 17895 ns, At safepoint: 11373 ns, Total: 688090 ns
[2025-01-18T12:23:23.395+0000][1014.570s][debug][safepoint   ] Safepoint synchronization initiated using futex wait barrier. (196 threads)
[2025-01-18T12:23:23.395+0000][1014.570s][info ][safepoint   ] Safepoint "Cleanup", Time since last: 9003032732 ns, Reaching safepoint: 278867 ns, Cleanup: 21112 ns, At safepoint: 4378 ns, Total: 304357 ns
[2025-01-18T12:23:30.396+0000][1021.572s][debug][safepoint   ] Safepoint synchronization initiated using futex wait barrier. (196 threads)
[2025-01-18T12:23:30.397+0000][1021.572s][info ][safepoint   ] Safepoint "Cleanup", Time since last: 7001225126 ns, Reaching safepoint: 796635 ns, Cleanup: 44538 ns, At safepoint: 10530 ns, Total: 851703 ns
[2025-01-18T12:23:31.397+0000][1022.573s][debug][safepoint   ] Safepoint synchronization initiated using futex wait barrier. (196 threads)
[2025-01-18T12:23:31.398+0000][1022.574s][info ][safepoint   ] Safepoint "Cleanup", Time since last: 1000552367 ns, Reaching safepoint: 671477 ns, Cleanup: 17915 ns, At safepoint: 10771 ns, Total: 700163 ns
[2025-01-18T12:23:32.399+0000][1023.575s][debug][safepoint   ] Safepoint synchronization initiated using futex wait barrier. (196 threads)
[2025-01-18T12:23:32.400+0000][1023.575s][info ][safepoint   ] Safepoint "Cleanup", Time since last: 1000763177 ns, Reaching safepoint: 740263 ns, Cleanup: 19117 ns, At safepoint: 10541 ns, Total: 769921 ns
[2025-01-18T12:23:34.401+0000][1025.576s][debug][safepoint   ] Safepoint synchronization initiated using futex wait barrier. (196 threads)
[2025-01-18T12:23:34.401+0000][1025.576s][info ][safepoint   ] Safepoint "Cleanup", Time since last: 2000841959 ns, Reaching safepoint: 339366 ns, Cleanup: 10621 ns, At safepoint: 4319 ns, Total: 354306 ns
[2025-01-18T12:23:37.402+0000][1028.578s][debug][safepoint   ] Safepoint synchronization initiated using futex wait barrier. (196 threads)
[2025-01-18T12:23:37.403+0000][1028.579s][info ][safepoint   ] Safepoint "Cleanup", Time since last: 3001331751 ns, Reaching safepoint: 761814 ns, Cleanup: 25210 ns, At safepoint: 10971 ns, Total: 797995 ns
[2025-01-18T12:23:39.916+0000][1031.092s][debug][safepoint   ] Safepoint synchronization initiated using futex wait barrier. (196 threads)
[2025-01-18T12:23:39.917+0000][1031.092s][info ][gc,start    ] GC(100) Pause Young (Normal) (G1 Evacuation Pause)
[2025-01-18T12:23:39.917+0000][1031.093s][info ][gc,task     ] GC(100) Using 10 workers of 10 for evacuation
[2025-01-18T12:23:39.921+0000][1031.097s][info ][gc,phases   ] GC(100)   Pre Evacuate Collection Set: 0.2ms
[2025-01-18T12:23:39.921+0000][1031.097s][info ][gc,phases   ] GC(100)   Merge Heap Roots: 0.2ms
[2025-01-18T12:23:39.922+0000][1031.097s][info ][gc,phases   ] GC(100)   Evacuate Collection Set: 2.0ms
[2025-01-18T12:23:39.922+0000][1031.097s][info ][gc,phases   ] GC(100)   Post Evacuate Collection Set: 1.3ms
[2025-01-18T12:23:39.922+0000][1031.098s][info ][gc,phases   ] GC(100)   Other: 0.7ms
[2025-01-18T12:23:39.922+0000][1031.098s][info ][gc,heap     ] GC(100) Eden regions: 83->0(83)
[2025-01-18T12:23:39.922+0000][1031.098s][info ][gc,heap     ] GC(100) Survivor regions: 4->4(11)
[2025-01-18T12:23:39.923+0000][1031.098s][info ][gc,heap     ] GC(100) Old regions: 179->179
[2025-01-18T12:23:39.923+0000][1031.098s][info ][gc,heap     ] GC(100) Archive regions: 2->2
[2025-01-18T12:23:39.923+0000][1031.099s][info ][gc,heap     ] GC(100) Humongous regions: 2->2
[2025-01-18T12:23:39.923+0000][1031.099s][info ][gc,metaspace] GC(100) Metaspace: 180985K(182336K)->180985K(182336K) NonClass: 158830K(159552K)->158830K(159552K) Class: 22154K(22784K)->22154K(22784K)
[2025-01-18T12:23:39.923+0000][1031.099s][info ][gc          ] GC(100) Pause Young (Normal) (G1 Evacuation Pause) 267M->184M(305M) 6.695ms
[2025-01-18T12:23:39.924+0000][1031.099s][info ][gc,cpu      ] GC(100) User=0.02s Sys=0.01s Real=0.01s
[2025-01-18T12:23:39.924+0000][1031.100s][info ][safepoint   ] Safepoint "G1CollectForAllocation", Time since last: 2513112821 ns, Reaching safepoint: 574695 ns, Cleanup: 5651 ns, At safepoint: 7216498 ns, Total: 7796844 ns
[2025-01-18T12:24:01.928+0000][1053.105s][debug][safepoint   ] Safepoint synchronization initiated using futex wait barrier. (196 threads)
[2025-01-18T12:24:01.929+0000][1053.106s][info ][safepoint   ] Safepoint "Cleanup", Time since last: 22005832131 ns, Reaching safepoint: 799409 ns, Cleanup: 90107 ns, At safepoint: 25069 ns, Total: 914585 ns
[2025-01-18T12:24:03.930+0000][1055.107s][debug][safepoint   ] Safepoint synchronization initiated using futex wait barrier. (196 threads)
[2025-01-18T12:24:03.931+0000][1055.108s][info ][safepoint   ] Safepoint "Cleanup", Time since last: 2001077607 ns, Reaching safepoint: 689603 ns, Cleanup: 11292 ns, At safepoint: 4499 ns, Total: 705394 ns
[2025-01-18T12:24:23.935+0000][1075.114s][debug][safepoint   ] Safepoint synchronization initiated using futex wait barrier. (196 threads)
[2025-01-18T12:24:23.936+0000][1075.114s][info ][safepoint   ] Safepoint "Cleanup", Time since last: 20005576586 ns, Reaching safepoint: 781033 ns, Cleanup: 21783 ns, At safepoint: 11282 ns, Total: 814098 ns
[2025-01-18T12:24:31.938+0000][1083.116s][debug][safepoint   ] Safepoint synchronization initiated using futex wait barrier. (196 threads)
[2025-01-18T12:24:31.938+0000][1083.117s][info ][safepoint   ] Safepoint "Cleanup", Time since last: 8001994451 ns, Reaching safepoint: 470293 ns, Cleanup: 13857 ns, At safepoint: 4599 ns, Total: 488749 ns
[2025-01-18T12:24:49.531+0000][1100.711s][debug][safepoint   ] Safepoint synchronization initiated using futex wait barrier. (196 threads)
[2025-01-18T12:24:49.531+0000][1100.711s][info ][gc,start    ] GC(101) Pause Young (Normal) (G1 Evacuation Pause)
[2025-01-18T12:24:49.531+0000][1100.712s][info ][gc,task     ] GC(101) Using 10 workers of 10 for evacuation
[2025-01-18T12:24:49.537+0000][1100.717s][info ][gc,phases   ] GC(101)   Pre Evacuate Collection Set: 0.4ms
[2025-01-18T12:24:49.537+0000][1100.717s][info ][gc,phases   ] GC(101)   Merge Heap Roots: 0.2ms
[2025-01-18T12:24:49.537+0000][1100.718s][info ][gc,phases   ] GC(101)   Evacuate Collection Set: 2.4ms
[2025-01-18T12:24:49.538+0000][1100.718s][info ][gc,phases   ] GC(101)   Post Evacuate Collection Set: 1.9ms
[2025-01-18T12:24:49.538+0000][1100.718s][info ][gc,phases   ] GC(101)   Other: 0.9ms
[2025-01-18T12:24:49.538+0000][1100.718s][info ][gc,heap     ] GC(101) Eden regions: 83->0(83)
[2025-01-18T12:24:49.538+0000][1100.718s][info ][gc,heap     ] GC(101) Survivor regions: 4->4(11)
[2025-01-18T12:24:49.538+0000][1100.719s][info ][gc,heap     ] GC(101) Old regions: 179->179
[2025-01-18T12:24:49.539+0000][1100.719s][info ][gc,heap     ] GC(101) Archive regions: 2->2
[2025-01-18T12:24:49.539+0000][1100.719s][info ][gc,heap     ] GC(101) Humongous regions: 2->2
[2025-01-18T12:24:49.539+0000][1100.719s][info ][gc,metaspace] GC(101) Metaspace: 180998K(182336K)->180998K(182336K) NonClass: 158843K(159552K)->158843K(159552K) Class: 22154K(22784K)->22154K(22784K)
[2025-01-18T12:24:49.539+0000][1100.719s][info ][gc          ] GC(101) Pause Young (Normal) (G1 Evacuation Pause) 267M->184M(305M) 8.218ms
[2025-01-18T12:24:49.539+0000][1100.720s][info ][gc,cpu      ] GC(101) User=0.03s Sys=0.00s Real=0.01s
[2025-01-18T12:24:49.540+0000][1100.720s][info ][safepoint   ] Safepoint "G1CollectForAllocation", Time since last: 17593822519 ns, Reaching safepoint: 455958 ns, Cleanup: 6824 ns, At safepoint: 8677651 ns, Total: 9140433 ns
[2025-01-18T12:25:01.542+0000][1112.723s][debug][safepoint   ] Safepoint synchronization initiated using futex wait barrier. (196 threads)
[2025-01-18T12:25:01.543+0000][1112.724s][info ][safepoint   ] Safepoint "Cleanup", Time since last: 12002742889 ns, Reaching safepoint: 811412 ns, Cleanup: 21172 ns, At safepoint: 105327 ns, Total: 937911 ns
[2025-01-18T12:25:11.547+0000][1122.727s][debug][safepoint   ] Safepoint synchronization initiated using futex wait barrier. (196 threads)
[2025-01-18T12:25:11.548+0000][1122.728s][info ][safepoint   ] Safepoint "Cleanup", Time since last: 10003483738 ns, Reaching safepoint: 901117 ns, Cleanup: 21231 ns, At safepoint: 11212 ns, Total: 933560 ns
[2025-01-18T12:25:14.547+0000][1125.729s][debug][safepoint   ] Safepoint synchronization initiated using futex wait barrier. (196 threads)
[2025-01-18T12:25:14.548+0000][1125.730s][info ][safepoint   ] Safepoint "Cleanup", Time since last: 3001331732 ns, Reaching safepoint: 634494 ns, Cleanup: 11583 ns, At safepoint: 4639 ns, Total: 650716 ns
[2025-01-18T12:25:22.550+0000][1133.731s][debug][safepoint   ] Safepoint synchronization initiated using futex wait barrier. (196 threads)
[2025-01-18T12:25:22.550+0000][1133.732s][info ][safepoint   ] Safepoint "Cleanup", Time since last: 8001493633 ns, Reaching safepoint: 391968 ns, Cleanup: 13667 ns, At safepoint: 5551 ns, Total: 411186 ns
[2025-01-18T12:25:31.035+0000][1142.217s][debug][safepoint   ] Safepoint synchronization initiated using futex wait barrier. (196 threads)
[2025-01-18T12:25:31.036+0000][1142.218s][info ][safepoint   ] Safepoint "Cleanup", Time since last: 8485127055 ns, Reaching safepoint: 560740 ns, Cleanup: 11673 ns, At safepoint: 4960 ns, Total: 577373 ns
[2025-01-18T12:25:32.036+0000][1143.218s][debug][safepoint   ] Safepoint synchronization initiated using futex wait barrier. (196 threads)
[2025-01-18T12:25:32.037+0000][1143.219s][info ][safepoint   ] Safepoint "Cleanup", Time since last: 1000642460 ns, Reaching safepoint: 752096 ns, Cleanup: 11703 ns, At safepoint: 4779 ns, Total: 768578 ns
[2025-01-18T12:25:52.040+0000][1163.223s][debug][safepoint   ] Safepoint synchronization initiated using futex wait barrier. (196 threads)
[2025-01-18T12:25:52.041+0000][1163.224s][info ][safepoint   ] Safepoint "Cleanup", Time since last: 20004517779 ns, Reaching safepoint: 334957 ns, Cleanup: 11793 ns, At safepoint: 5962 ns, Total: 352712 ns
[2025-01-18T12:25:59.155+0000][1170.338s][debug][safepoint   ] Safepoint synchronization initiated using futex wait barrier. (196 threads)
[2025-01-18T12:25:59.155+0000][1170.338s][info ][gc,start    ] GC(102) Pause Young (Normal) (G1 Evacuation Pause)
[2025-01-18T12:25:59.156+0000][1170.339s][info ][gc,task     ] GC(102) Using 10 workers of 10 for evacuation
[2025-01-18T12:25:59.160+0000][1170.343s][info ][gc,phases   ] GC(102)   Pre Evacuate Collection Set: 0.3ms
[2025-01-18T12:25:59.160+0000][1170.343s][info ][gc,phases   ] GC(102)   Merge Heap Roots: 0.2ms
[2025-01-18T12:25:59.160+0000][1170.343s][info ][gc,phases   ] GC(102)   Evacuate Collection Set: 2.0ms
[2025-01-18T12:25:59.160+0000][1170.343s][info ][gc,phases   ] GC(102)   Post Evacuate Collection Set: 1.3ms
[2025-01-18T12:25:59.161+0000][1170.344s][info ][gc,phases   ] GC(102)   Other: 0.5ms
[2025-01-18T12:25:59.161+0000][1170.344s][info ][gc,heap     ] GC(102) Eden regions: 83->0(83)
[2025-01-18T12:25:59.161+0000][1170.344s][info ][gc,heap     ] GC(102) Survivor regions: 4->4(11)
[2025-01-18T12:25:59.161+0000][1170.344s][info ][gc,heap     ] GC(102) Old regions: 179->179
[2025-01-18T12:25:59.161+0000][1170.344s][info ][gc,heap     ] GC(102) Archive regions: 2->2
[2025-01-18T12:25:59.162+0000][1170.345s][info ][gc,heap     ] GC(102) Humongous regions: 2->2
[2025-01-18T12:25:59.162+0000][1170.345s][info ][gc,metaspace] GC(102) Metaspace: 181001K(182336K)->181001K(182336K) NonClass: 158847K(159552K)->158847K(159552K) Class: 22154K(22784K)->22154K(22784K)
[2025-01-18T12:25:59.162+0000][1170.345s][info ][gc          ] GC(102) Pause Young (Normal) (G1 Evacuation Pause) 267M->184M(305M) 6.511ms
[2025-01-18T12:25:59.162+0000][1170.345s][info ][gc,cpu      ] GC(102) User=0.02s Sys=0.00s Real=0.01s
[2025-01-18T12:25:59.162+0000][1170.345s][info ][safepoint   ] Safepoint "G1CollectForAllocation", Time since last: 7114012528 ns, Reaching safepoint: 415846 ns, Cleanup: 6403 ns, At safepoint: 6942597 ns, Total: 7364846 ns
[2025-01-18T12:26:01.163+0000][1172.346s][debug][safepoint   ] Safepoint synchronization initiated using futex wait barrier. (196 threads)
[2025-01-18T12:26:01.163+0000][1172.346s][info ][safepoint   ] Safepoint "Cleanup", Time since last: 2000615198 ns, Reaching safepoint: 566581 ns, Cleanup: 55820 ns, At safepoint: 17865 ns, Total: 640266 ns
[2025-01-18T12:26:02.164+0000][1173.347s][debug][safepoint   ] Safepoint synchronization initiated using futex wait barrier. (196 threads)
[2025-01-18T12:26:02.164+0000][1173.347s][info ][safepoint   ] Safepoint "Cleanup", Time since last: 1000427442 ns, Reaching safepoint: 442067 ns, Cleanup: 12886 ns, At safepoint: 5340 ns, Total: 460293 ns
[2025-01-18T12:26:09.166+0000][1180.349s][debug][safepoint   ] Safepoint synchronization initiated using futex wait barrier. (196 threads)
[2025-01-18T12:26:09.167+0000][1180.350s][info ][safepoint   ] Safepoint "Cleanup", Time since last: 7002029642 ns, Reaching safepoint: 477917 ns, Cleanup: 17805 ns, At safepoint: 7695 ns, Total: 503417 ns
[2025-01-18T12:26:11.168+0000][1182.351s][debug][safepoint   ] Safepoint synchronization initiated using futex wait barrier. (196 threads)
[2025-01-18T12:26:11.168+0000][1182.351s][info ][safepoint   ] Safepoint "Cleanup", Time since last: 2000739556 ns, Reaching safepoint: 467957 ns, Cleanup: 12584 ns, At safepoint: 5261 ns, Total: 485802 ns
[2025-01-18T12:26:12.167+0000][1183.352s][debug][safepoint   ] Safepoint synchronization initiated using futex wait barrier. (196 threads)
[2025-01-18T12:26:12.168+0000][1183.352s][info ][safepoint   ] Safepoint "Cleanup", Time since last: 1000599746 ns, Reaching safepoint: 559001 ns, Cleanup: 20359 ns, At safepoint: 7184 ns, Total: 586544 ns
[2025-01-18T12:26:14.168+0000][1185.353s][debug][safepoint   ] Safepoint synchronization initiated using futex wait barrier. (196 threads)
[2025-01-18T12:26:14.169+0000][1185.354s][info ][safepoint   ] Safepoint "Cleanup", Time since last: 2000670553 ns, Reaching safepoint: 531008 ns, Cleanup: 17794 ns, At safepoint: 8847 ns, Total: 557649 ns
[2025-01-18T12:26:24.171+0000][1195.355s][debug][safepoint   ] Safepoint synchronization initiated using futex wait barrier. (196 threads)
[2025-01-18T12:26:24.171+0000][1195.356s][info ][safepoint   ] Safepoint "Cleanup", Time since last: 10001929613 ns, Reaching safepoint: 311343 ns, Cleanup: 11032 ns, At safepoint: 4459 ns, Total: 326834 ns
[2025-01-18T12:27:08.621+0000][1239.808s][debug][safepoint   ] Safepoint synchronization initiated using futex wait barrier. (196 threads)
[2025-01-18T12:27:08.622+0000][1239.809s][info ][gc,start    ] GC(103) Pause Young (Normal) (G1 Evacuation Pause)
[2025-01-18T12:27:08.622+0000][1239.809s][info ][gc,task     ] GC(103) Using 10 workers of 10 for evacuation
[2025-01-18T12:27:08.626+0000][1239.813s][info ][gc,phases   ] GC(103)   Pre Evacuate Collection Set: 0.2ms
[2025-01-18T12:27:08.626+0000][1239.813s][info ][gc,phases   ] GC(103)   Merge Heap Roots: 0.2ms
[2025-01-18T12:27:08.627+0000][1239.814s][info ][gc,phases   ] GC(103)   Evacuate Collection Set: 1.9ms
[2025-01-18T12:27:08.627+0000][1239.814s][info ][gc,phases   ] GC(103)   Post Evacuate Collection Set: 1.4ms
[2025-01-18T12:27:08.627+0000][1239.814s][info ][gc,phases   ] GC(103)   Other: 0.6ms
[2025-01-18T12:27:08.627+0000][1239.814s][info ][gc,heap     ] GC(103) Eden regions: 83->0(83)
[2025-01-18T12:27:08.628+0000][1239.815s][info ][gc,heap     ] GC(103) Survivor regions: 4->4(11)
[2025-01-18T12:27:08.628+0000][1239.815s][info ][gc,heap     ] GC(103) Old regions: 179->179
[2025-01-18T12:27:08.628+0000][1239.815s][info ][gc,heap     ] GC(103) Archive regions: 2->2
[2025-01-18T12:27:08.628+0000][1239.815s][info ][gc,heap     ] GC(103) Humongous regions: 2->2
[2025-01-18T12:27:08.629+0000][1239.816s][info ][gc,metaspace] GC(103) Metaspace: 181007K(182336K)->181007K(182336K) NonClass: 158852K(159552K)->158852K(159552K) Class: 22154K(22784K)->22154K(22784K)
[2025-01-18T12:27:08.629+0000][1239.816s][info ][gc          ] GC(103) Pause Young (Normal) (G1 Evacuation Pause) 267M->184M(305M) 7.086ms
[2025-01-18T12:27:08.629+0000][1239.816s][info ][gc,cpu      ] GC(103) User=0.02s Sys=0.00s Real=0.01s
[2025-01-18T12:27:08.629+0000][1239.816s][info ][safepoint   ] Safepoint "G1CollectForAllocation", Time since last: 44452430179 ns, Reaching safepoint: 464506 ns, Cleanup: 4569 ns, At safepoint: 7674250 ns, Total: 8143325 ns
[2025-01-18T12:27:09.630+0000][1240.817s][debug][safepoint   ] Safepoint synchronization initiated using futex wait barrier. (196 threads)
[2025-01-18T12:27:09.630+0000][1240.817s][info ][safepoint   ] Safepoint "Cleanup", Time since last: 1000348763 ns, Reaching safepoint: 500296 ns, Cleanup: 16803 ns, At safepoint: 9328 ns, Total: 526427 ns
[2025-01-18T12:27:11.630+0000][1242.818s][debug][safepoint   ] Safepoint synchronization initiated using futex wait barrier. (196 threads)
[2025-01-18T12:27:11.631+0000][1242.818s][info ][safepoint   ] Safepoint "Cleanup", Time since last: 2000707335 ns, Reaching safepoint: 469402 ns, Cleanup: 14829 ns, At safepoint: 5231 ns, Total: 489462 ns
[2025-01-18T12:27:23.633+0000][1254.821s][debug][safepoint   ] Safepoint synchronization initiated using futex wait barrier. (196 threads)
[2025-01-18T12:27:23.634+0000][1254.822s][info ][safepoint   ] Safepoint "Cleanup", Time since last: 12002770017 ns, Reaching safepoint: 780814 ns, Cleanup: 18326 ns, At safepoint: 10911 ns, Total: 810051 ns
[2025-01-18T12:27:42.144+0000][1273.333s][debug][safepoint   ] Safepoint synchronization initiated using futex wait barrier. (196 threads)
[2025-01-18T12:27:42.144+0000][1273.334s][info ][safepoint   ] Safepoint "Cleanup", Time since last: 18511044824 ns, Reaching safepoint: 559085 ns, Cleanup: 27194 ns, At safepoint: 108302 ns, Total: 694581 ns
[2025-01-18T12:28:02.149+0000][1293.338s][debug][safepoint   ] Safepoint synchronization initiated using futex wait barrier. (196 threads)
[2025-01-18T12:28:02.149+0000][1293.339s][info ][safepoint   ] Safepoint "Cleanup", Time since last: 20004611637 ns, Reaching safepoint: 519262 ns, Cleanup: 19649 ns, At safepoint: 11793 ns, Total: 550704 ns
[2025-01-18T12:28:11.152+0000][1302.341s][debug][safepoint   ] Safepoint synchronization initiated using futex wait barrier. (196 threads)
[2025-01-18T12:28:11.152+0000][1302.342s][info ][safepoint   ] Safepoint "Cleanup", Time since last: 9002155152 ns, Reaching safepoint: 469822 ns, Cleanup: 13065 ns, At safepoint: 4499 ns, Total: 487386 ns
[2025-01-18T12:28:12.151+0000][1303.342s][debug][safepoint   ] Safepoint synchronization initiated using futex wait barrier. (196 threads)
[2025-01-18T12:28:12.152+0000][1303.343s][info ][safepoint   ] Safepoint "Cleanup", Time since last: 1000571830 ns, Reaching safepoint: 488308 ns, Cleanup: 13847 ns, At safepoint: 4659 ns, Total: 506814 ns
[2025-01-18T12:28:18.154+0000][1309.345s][debug][safepoint   ] Safepoint synchronization initiated using futex wait barrier. (196 threads)
[2025-01-18T12:28:18.154+0000][1309.345s][info ][gc,start    ] GC(104) Pause Young (Normal) (G1 Evacuation Pause)
[2025-01-18T12:28:18.154+0000][1309.345s][info ][gc,task     ] GC(104) Using 10 workers of 10 for evacuation
[2025-01-18T12:28:18.158+0000][1309.349s][info ][gc,phases   ] GC(104)   Pre Evacuate Collection Set: 0.3ms
[2025-01-18T12:28:18.159+0000][1309.350s][info ][gc,phases   ] GC(104)   Merge Heap Roots: 0.2ms
[2025-01-18T12:28:18.159+0000][1309.350s][info ][gc,phases   ] GC(104)   Evacuate Collection Set: 2.0ms
[2025-01-18T12:28:18.159+0000][1309.350s][info ][gc,phases   ] GC(104)   Post Evacuate Collection Set: 1.3ms
[2025-01-18T12:28:18.159+0000][1309.350s][info ][gc,phases   ] GC(104)   Other: 0.6ms
[2025-01-18T12:28:18.160+0000][1309.351s][info ][gc,heap     ] GC(104) Eden regions: 83->0(85)
[2025-01-18T12:28:18.160+0000][1309.351s][info ][gc,heap     ] GC(104) Survivor regions: 4->2(11)
[2025-01-18T12:28:18.160+0000][1309.351s][info ][gc,heap     ] GC(104) Old regions: 179->181
[2025-01-18T12:28:18.160+0000][1309.351s][info ][gc,heap     ] GC(104) Archive regions: 2->2
[2025-01-18T12:28:18.160+0000][1309.351s][info ][gc,heap     ] GC(104) Humongous regions: 2->2
[2025-01-18T12:28:18.161+0000][1309.352s][info ][gc,metaspace] GC(104) Metaspace: 181014K(182336K)->181014K(182336K) NonClass: 158860K(159552K)->158860K(159552K) Class: 22154K(22784K)->22154K(22784K)
[2025-01-18T12:28:18.161+0000][1309.352s][info ][gc          ] GC(104) Pause Young (Normal) (G1 Evacuation Pause) 267M->184M(305M) 6.819ms
[2025-01-18T12:28:18.161+0000][1309.352s][info ][gc,cpu      ] GC(104) User=0.01s Sys=0.01s Real=0.01s
[2025-01-18T12:28:18.162+0000][1309.353s][info ][safepoint   ] Safepoint "G1CollectForAllocation", Time since last: 6002120683 ns, Reaching safepoint: 376137 ns, Cleanup: 5632 ns, At safepoint: 7430149 ns, Total: 7811918 ns
[2025-01-18T12:28:42.193+0000][1333.386s][debug][safepoint   ] Safepoint synchronization initiated using futex wait barrier. (196 threads)
[2025-01-18T12:28:42.194+0000][1333.387s][info ][safepoint   ] Safepoint "Cleanup", Time since last: 24033824395 ns, Reaching safepoint: 755882 ns, Cleanup: 80939 ns, At safepoint: 17094 ns, Total: 853915 ns
[2025-01-18T12:29:02.199+0000][1353.393s][debug][safepoint   ] Safepoint synchronization initiated using futex wait barrier. (196 threads)
[2025-01-18T12:29:02.200+0000][1353.393s][info ][safepoint   ] Safepoint "Cleanup", Time since last: 20005522935 ns, Reaching safepoint: 592589 ns, Cleanup: 12295 ns, At safepoint: 4719 ns, Total: 609603 ns
[2025-01-18T12:29:04.201+0000][1355.394s][debug][safepoint   ] Safepoint synchronization initiated using futex wait barrier. (196 threads)
[2025-01-18T12:29:04.201+0000][1355.395s][info ][safepoint   ] Safepoint "Cleanup", Time since last: 2000939583 ns, Reaching safepoint: 317627 ns, Cleanup: 13247 ns, At safepoint: 5110 ns, Total: 335984 ns
[2025-01-18T12:29:24.205+0000][1375.400s][debug][safepoint   ] Safepoint synchronization initiated using futex wait barrier. (196 threads)
[2025-01-18T12:29:24.206+0000][1375.400s][info ][safepoint   ] Safepoint "Cleanup", Time since last: 20005076574 ns, Reaching safepoint: 687491 ns, Cleanup: 12876 ns, At safepoint: 4969 ns, Total: 705336 ns
[2025-01-18T12:29:29.362+0000][1380.556s][debug][safepoint   ] Safepoint synchronization initiated using futex wait barrier. (196 threads)
[2025-01-18T12:29:29.362+0000][1380.557s][info ][gc,start    ] GC(105) Pause Young (Normal) (G1 Evacuation Pause)
[2025-01-18T12:29:29.363+0000][1380.557s][info ][gc,task     ] GC(105) Using 10 workers of 10 for evacuation
[2025-01-18T12:29:29.366+0000][1380.560s][info ][gc,phases   ] GC(105)   Pre Evacuate Collection Set: 0.3ms
[2025-01-18T12:29:29.366+0000][1380.561s][info ][gc,phases   ] GC(105)   Merge Heap Roots: 0.2ms
[2025-01-18T12:29:29.366+0000][1380.561s][info ][gc,phases   ] GC(105)   Evacuate Collection Set: 1.3ms
[2025-01-18T12:29:29.367+0000][1380.561s][info ][gc,phases   ] GC(105)   Post Evacuate Collection Set: 1.3ms
[2025-01-18T12:29:29.367+0000][1380.561s][info ][gc,phases   ] GC(105)   Other: 0.5ms
[2025-01-18T12:29:29.367+0000][1380.561s][info ][gc,heap     ] GC(105) Eden regions: 85->0(86)
[2025-01-18T12:29:29.367+0000][1380.562s][info ][gc,heap     ] GC(105) Survivor regions: 2->1(11)
[2025-01-18T12:29:29.367+0000][1380.562s][info ][gc,heap     ] GC(105) Old regions: 181->182
[2025-01-18T12:29:29.368+0000][1380.562s][info ][gc,heap     ] GC(105) Archive regions: 2->2
[2025-01-18T12:29:29.368+0000][1380.562s][info ][gc,heap     ] GC(105) Humongous regions: 2->2
[2025-01-18T12:29:29.368+0000][1380.563s][info ][gc,metaspace] GC(105) Metaspace: 181047K(182336K)->181047K(182336K) NonClass: 158892K(159552K)->158892K(159552K) Class: 22154K(22784K)->22154K(22784K)
[2025-01-18T12:29:29.368+0000][1380.563s][info ][gc          ] GC(105) Pause Young (Normal) (G1 Evacuation Pause) 269M->184M(305M) 5.923ms
[2025-01-18T12:29:29.369+0000][1380.563s][info ][gc,cpu      ] GC(105) User=0.00s Sys=0.02s Real=0.01s
[2025-01-18T12:29:29.369+0000][1380.563s][info ][safepoint   ] Safepoint "G1CollectForAllocation", Time since last: 5156053912 ns, Reaching safepoint: 347433 ns, Cleanup: 6112 ns, At safepoint: 6505140 ns, Total: 6858685 ns
[2025-01-18T12:29:36.251+0000][1387.445s][debug][safepoint   ] Safepoint synchronization initiated using futex wait barrier. (196 threads)
[2025-01-18T12:29:36.251+0000][1387.446s][info ][safepoint   ] Safepoint "Cleanup", Time since last: 6882053625 ns, Reaching safepoint: 408001 ns, Cleanup: 39628 ns, At safepoint: 10060 ns, Total: 457689 ns
[2025-01-18T12:30:14.257+0000][1425.455s][debug][safepoint   ] Safepoint synchronization initiated using futex wait barrier. (196 threads)
[2025-01-18T12:30:14.258+0000][1425.456s][info ][safepoint   ] Safepoint "Cleanup", Time since last: 38008916160 ns, Reaching safepoint: 780031 ns, Cleanup: 18837 ns, At safepoint: 11001 ns, Total: 809869 ns
[2025-01-18T12:30:41.360+0000][1452.558s][debug][safepoint   ] Safepoint synchronization initiated using futex wait barrier. (196 threads)
[2025-01-18T12:30:41.360+0000][1452.558s][info ][gc,start    ] GC(106) Pause Young (Normal) (G1 Evacuation Pause)
[2025-01-18T12:30:41.360+0000][1452.558s][info ][gc,task     ] GC(106) Using 10 workers of 10 for evacuation
[2025-01-18T12:30:41.364+0000][1452.562s][info ][gc,phases   ] GC(106)   Pre Evacuate Collection Set: 0.4ms
[2025-01-18T12:30:41.365+0000][1452.563s][info ][gc,phases   ] GC(106)   Merge Heap Roots: 0.2ms
[2025-01-18T12:30:41.365+0000][1452.563s][info ][gc,phases   ] GC(106)   Evacuate Collection Set: 1.4ms
[2025-01-18T12:30:41.365+0000][1452.563s][info ][gc,phases   ] GC(106)   Post Evacuate Collection Set: 1.4ms
[2025-01-18T12:30:41.366+0000][1452.564s][info ][gc,phases   ] GC(106)   Other: 0.7ms
[2025-01-18T12:30:41.366+0000][1452.564s][info ][gc,heap     ] GC(106) Eden regions: 86->0(86)
[2025-01-18T12:30:41.366+0000][1452.564s][info ][gc,heap     ] GC(106) Survivor regions: 1->1(11)
[2025-01-18T12:30:41.366+0000][1452.565s][info ][gc,heap     ] GC(106) Old regions: 182->182
[2025-01-18T12:30:41.367+0000][1452.565s][info ][gc,heap     ] GC(106) Archive regions: 2->2
[2025-01-18T12:30:41.367+0000][1452.565s][info ][gc,heap     ] GC(106) Humongous regions: 2->2
[2025-01-18T12:30:41.367+0000][1452.565s][info ][gc,metaspace] GC(106) Metaspace: 181050K(182336K)->181050K(182336K) NonClass: 158896K(159552K)->158896K(159552K) Class: 22154K(22784K)->22154K(22784K)
[2025-01-18T12:30:41.368+0000][1452.566s][info ][gc          ] GC(106) Pause Young (Normal) (G1 Evacuation Pause) 270M->184M(305M) 7.456ms
[2025-01-18T12:30:41.368+0000][1452.566s][info ][gc,cpu      ] GC(106) User=0.02s Sys=0.00s Real=0.01s
[2025-01-18T12:30:41.368+0000][1452.566s][info ][safepoint   ] Safepoint "G1CollectForAllocation", Time since last: 27102015037 ns, Reaching safepoint: 484432 ns, Cleanup: 6242 ns, At safepoint: 8297808 ns, Total: 8788482 ns
[2025-01-18T12:30:42.367+0000][1453.567s][debug][safepoint   ] Safepoint synchronization initiated using futex wait barrier. (196 threads)
[2025-01-18T12:30:42.369+0000][1453.568s][info ][safepoint   ] Safepoint "Cleanup", Time since last: 1000534337 ns, Reaching safepoint: 1181053 ns, Cleanup: 67843 ns, At safepoint: 16923 ns, Total: 1265819 ns
[2025-01-18T12:30:51.371+0000][1462.571s][debug][safepoint   ] Safepoint synchronization initiated using futex wait barrier. (196 threads)
[2025-01-18T12:30:51.371+0000][1462.571s][info ][safepoint   ] Safepoint "Cleanup", Time since last: 9002316836 ns, Reaching safepoint: 404004 ns, Cleanup: 14569 ns, At safepoint: 5250 ns, Total: 423823 ns
[2025-01-18T12:30:52.372+0000][1463.571s][debug][safepoint   ] Safepoint synchronization initiated using futex wait barrier. (196 threads)
[2025-01-18T12:30:52.373+0000][1463.572s][info ][safepoint   ] Safepoint "Cleanup", Time since last: 1000473636 ns, Reaching safepoint: 658344 ns, Cleanup: 16843 ns, At safepoint: 214823 ns, Total: 890010 ns
[2025-01-18T12:31:38.355+0000][1509.556s][debug][safepoint   ] Safepoint synchronization initiated using futex wait barrier. (196 threads)
[2025-01-18T12:31:38.355+0000][1509.557s][info ][safepoint   ] Safepoint "Cleanup", Time since last: 45983906846 ns, Reaching safepoint: 482889 ns, Cleanup: 16542 ns, At safepoint: 5892 ns, Total: 505323 ns
[2025-01-18T12:31:53.501+0000][1524.704s][debug][safepoint   ] Safepoint synchronization initiated using futex wait barrier. (196 threads)
[2025-01-18T12:31:53.502+0000][1524.704s][info ][gc,start    ] GC(107) Pause Young (Normal) (G1 Evacuation Pause)
[2025-01-18T12:31:53.502+0000][1524.705s][info ][gc,task     ] GC(107) Using 10 workers of 10 for evacuation
[2025-01-18T12:31:53.505+0000][1524.708s][info ][gc,phases   ] GC(107)   Pre Evacuate Collection Set: 0.4ms
[2025-01-18T12:31:53.506+0000][1524.709s][info ][gc,phases   ] GC(107)   Merge Heap Roots: 0.2ms
[2025-01-18T12:31:53.506+0000][1524.709s][info ][gc,phases   ] GC(107)   Evacuate Collection Set: 1.1ms
[2025-01-18T12:31:53.507+0000][1524.709s][info ][gc,phases   ] GC(107)   Post Evacuate Collection Set: 1.4ms
[2025-01-18T12:31:53.507+0000][1524.710s][info ][gc,phases   ] GC(107)   Other: 0.8ms
[2025-01-18T12:31:53.507+0000][1524.710s][info ][gc,heap     ] GC(107) Eden regions: 86->0(86)
[2025-01-18T12:31:53.507+0000][1524.710s][info ][gc,heap     ] GC(107) Survivor regions: 1->1(11)
[2025-01-18T12:31:53.507+0000][1524.710s][info ][gc,heap     ] GC(107) Old regions: 182->182
[2025-01-18T12:31:53.508+0000][1524.711s][info ][gc,heap     ] GC(107) Archive regions: 2->2
[2025-01-18T12:31:53.508+0000][1524.711s][info ][gc,heap     ] GC(107) Humongous regions: 2->2
[2025-01-18T12:31:53.508+0000][1524.711s][info ][gc,metaspace] GC(107) Metaspace: 181058K(182400K)->181058K(182400K) NonClass: 158904K(159616K)->158904K(159616K) Class: 22154K(22784K)->22154K(22784K)
[2025-01-18T12:31:53.508+0000][1524.711s][info ][gc          ] GC(107) Pause Young (Normal) (G1 Evacuation Pause) 270M->184M(305M) 6.685ms
[2025-01-18T12:31:53.509+0000][1524.711s][info ][gc,cpu      ] GC(107) User=0.01s Sys=0.00s Real=0.01s
[2025-01-18T12:31:53.509+0000][1524.712s][info ][safepoint   ] Safepoint "G1CollectForAllocation", Time since last: 15147328566 ns, Reaching safepoint: 368642 ns, Cleanup: 8737 ns, At safepoint: 7366610 ns, Total: 7743989 ns
[2025-01-18T12:32:03.511+0000][1534.714s][debug][safepoint   ] Safepoint synchronization initiated using futex wait barrier. (196 threads)
[2025-01-18T12:32:03.512+0000][1534.715s][info ][safepoint   ] Safepoint "Cleanup", Time since last: 10002590108 ns, Reaching safepoint: 560752 ns, Cleanup: 18766 ns, At safepoint: 5090 ns, Total: 584608 ns
[2025-01-18T12:32:16.514+0000][1547.719s][debug][safepoint   ] Safepoint synchronization initiated using futex wait barrier. (196 threads)
[2025-01-18T12:32:16.515+0000][1547.719s][info ][safepoint   ] Safepoint "Cleanup", Time since last: 13003696883 ns, Reaching safepoint: 343926 ns, Cleanup: 17554 ns, At safepoint: 6653 ns, Total: 368133 ns
[2025-01-18T12:32:17.515+0000][1548.719s][debug][safepoint   ] Safepoint synchronization initiated using futex wait barrier. (196 threads)
[2025-01-18T12:32:17.516+0000][1548.720s][info ][safepoint   ] Safepoint "Cleanup", Time since last: 1000376793 ns, Reaching safepoint: 663123 ns, Cleanup: 21171 ns, At safepoint: 7565 ns, Total: 691859 ns
[2025-01-18T12:32:39.522+0000][1570.726s][debug][safepoint   ] Safepoint synchronization initiated using futex wait barrier. (196 threads)
[2025-01-18T12:32:39.523+0000][1570.727s][info ][safepoint   ] Safepoint "Cleanup", Time since last: 22006308797 ns, Reaching safepoint: 667390 ns, Cleanup: 14970 ns, At safepoint: 8336 ns, Total: 690696 ns
[2025-01-18T12:33:05.798+0000][1597.004s][debug][safepoint   ] Safepoint synchronization initiated using futex wait barrier. (196 threads)
[2025-01-18T12:33:05.798+0000][1597.004s][info ][gc,start    ] GC(108) Pause Young (Normal) (G1 Evacuation Pause)
[2025-01-18T12:33:05.799+0000][1597.005s][info ][gc,task     ] GC(108) Using 10 workers of 10 for evacuation
[2025-01-18T12:33:05.802+0000][1597.008s][info ][gc,phases   ] GC(108)   Pre Evacuate Collection Set: 0.3ms
[2025-01-18T12:33:05.802+0000][1597.008s][info ][gc,phases   ] GC(108)   Merge Heap Roots: 0.3ms
[2025-01-18T12:33:05.802+0000][1597.008s][info ][gc,phases   ] GC(108)   Evacuate Collection Set: 1.3ms
[2025-01-18T12:33:05.803+0000][1597.008s][info ][gc,phases   ] GC(108)   Post Evacuate Collection Set: 1.1ms
[2025-01-18T12:33:05.803+0000][1597.009s][info ][gc,phases   ] GC(108)   Other: 0.5ms
[2025-01-18T12:33:05.803+0000][1597.009s][info ][gc,heap     ] GC(108) Eden regions: 86->0(86)
[2025-01-18T12:33:05.803+0000][1597.009s][info ][gc,heap     ] GC(108) Survivor regions: 1->1(11)
[2025-01-18T12:33:05.803+0000][1597.009s][info ][gc,heap     ] GC(108) Old regions: 182->182
[2025-01-18T12:33:05.804+0000][1597.010s][info ][gc,heap     ] GC(108) Archive regions: 2->2
[2025-01-18T12:33:05.804+0000][1597.010s][info ][gc,heap     ] GC(108) Humongous regions: 2->2
[2025-01-18T12:33:05.804+0000][1597.010s][info ][gc,metaspace] GC(108) Metaspace: 181075K(182400K)->181075K(182400K) NonClass: 158921K(159616K)->158921K(159616K) Class: 22154K(22784K)->22154K(22784K)
[2025-01-18T12:33:05.804+0000][1597.010s][info ][gc          ] GC(108) Pause Young (Normal) (G1 Evacuation Pause) 270M->184M(305M) 5.802ms
[2025-01-18T12:33:05.804+0000][1597.010s][info ][gc,cpu      ] GC(108) User=0.01s Sys=0.01s Real=0.01s
[2025-01-18T12:33:05.805+0000][1597.011s][info ][safepoint   ] Safepoint "G1CollectForAllocation", Time since last: 26276810653 ns, Reaching safepoint: 386218 ns, Cleanup: 5802 ns, At safepoint: 6396058 ns, Total: 6788078 ns
[2025-01-18T12:33:39.811+0000][1631.019s][debug][safepoint   ] Safepoint synchronization initiated using futex wait barrier. (196 threads)
[2025-01-18T12:33:39.812+0000][1631.019s][info ][safepoint   ] Safepoint "Cleanup", Time since last: 34007941142 ns, Reaching safepoint: 536373 ns, Cleanup: 47023 ns, At safepoint: 11652 ns, Total: 595048 ns
[2025-01-18T12:34:10.818+0000][1662.028s][debug][safepoint   ] Safepoint synchronization initiated using futex wait barrier. (196 threads)
[2025-01-18T12:34:10.819+0000][1662.028s][info ][safepoint   ] Safepoint "Cleanup", Time since last: 31008426950 ns, Reaching safepoint: 708071 ns, Cleanup: 20911 ns, At safepoint: 10671 ns, Total: 739653 ns
[2025-01-18T12:34:18.190+0000][1669.401s][debug][safepoint   ] Safepoint synchronization initiated using futex wait barrier. (196 threads)
[2025-01-18T12:34:18.191+0000][1669.401s][info ][gc,start    ] GC(109) Pause Young (Normal) (G1 Evacuation Pause)
[2025-01-18T12:34:18.191+0000][1669.402s][info ][gc,task     ] GC(109) Using 10 workers of 10 for evacuation
[2025-01-18T12:34:18.194+0000][1669.405s][info ][gc,phases   ] GC(109)   Pre Evacuate Collection Set: 0.4ms
[2025-01-18T12:34:18.195+0000][1669.405s][info ][gc,phases   ] GC(109)   Merge Heap Roots: 0.2ms
[2025-01-18T12:34:18.195+0000][1669.405s][info ][gc,phases   ] GC(109)   Evacuate Collection Set: 1.1ms
[2025-01-18T12:34:18.195+0000][1669.406s][info ][gc,phases   ] GC(109)   Post Evacuate Collection Set: 1.3ms
[2025-01-18T12:34:18.195+0000][1669.406s][info ][gc,phases   ] GC(109)   Other: 0.6ms
[2025-01-18T12:34:18.196+0000][1669.406s][info ][gc,heap     ] GC(109) Eden regions: 86->0(86)
[2025-01-18T12:34:18.196+0000][1669.406s][info ][gc,heap     ] GC(109) Survivor regions: 1->1(11)
[2025-01-18T12:34:18.196+0000][1669.406s][info ][gc,heap     ] GC(109) Old regions: 182->182
[2025-01-18T12:34:18.196+0000][1669.407s][info ][gc,heap     ] GC(109) Archive regions: 2->2
[2025-01-18T12:34:18.196+0000][1669.407s][info ][gc,heap     ] GC(109) Humongous regions: 2->2
[2025-01-18T12:34:18.196+0000][1669.407s][info ][gc,metaspace] GC(109) Metaspace: 181083K(182400K)->181083K(182400K) NonClass: 158928K(159616K)->158928K(159616K) Class: 22154K(22784K)->22154K(22784K)
[2025-01-18T12:34:18.197+0000][1669.407s][info ][gc          ] GC(109) Pause Young (Normal) (G1 Evacuation Pause) 270M->184M(305M) 5.948ms
[2025-01-18T12:34:18.197+0000][1669.407s][info ][gc,cpu      ] GC(109) User=0.01s Sys=0.00s Real=0.00s
[2025-01-18T12:34:18.197+0000][1669.408s][info ][safepoint   ] Safepoint "G1CollectForAllocation", Time since last: 7372546894 ns, Reaching safepoint: 292234 ns, Cleanup: 5571 ns, At safepoint: 6416782 ns, Total: 6714587 ns
[2025-01-18T12:34:23.798+0000][1675.009s][debug][safepoint   ] Safepoint synchronization initiated using futex wait barrier. (196 threads)
[2025-01-18T12:34:23.799+0000][1675.009s][info ][safepoint   ] Safepoint "Cleanup", Time since last: 5601370165 ns, Reaching safepoint: 385488 ns, Cleanup: 60699 ns, At safepoint: 4539 ns, Total: 450726 ns
[2025-01-18T12:34:40.541+0000][1691.752s][debug][safepoint   ] Safepoint synchronization initiated using futex wait barrier. (196 threads)
[2025-01-18T12:34:40.542+0000][1691.752s][info ][safepoint   ] Safepoint "Cleanup", Time since last: 16742278875 ns, Reaching safepoint: 543049 ns, Cleanup: 20561 ns, At safepoint: 7735 ns, Total: 571345 ns
[2025-01-18T12:34:41.542+0000][1692.753s][debug][safepoint   ] Safepoint synchronization initiated using futex wait barrier. (196 threads)
[2025-01-18T12:34:41.543+0000][1692.753s][info ][safepoint   ] Safepoint "Cleanup", Time since last: 1000509364 ns, Reaching safepoint: 324106 ns, Cleanup: 16563 ns, At safepoint: 6823 ns, Total: 347492 ns
[2025-01-18T12:35:30.430+0000][1741.644s][debug][safepoint   ] Safepoint synchronization initiated using futex wait barrier. (196 threads)
[2025-01-18T12:35:30.431+0000][1741.645s][info ][gc,start    ] GC(110) Pause Young (Normal) (G1 Evacuation Pause)
[2025-01-18T12:35:30.431+0000][1741.645s][info ][gc,task     ] GC(110) Using 10 workers of 10 for evacuation
[2025-01-18T12:35:30.435+0000][1741.648s][info ][gc,phases   ] GC(110)   Pre Evacuate Collection Set: 0.3ms
[2025-01-18T12:35:30.435+0000][1741.648s][info ][gc,phases   ] GC(110)   Merge Heap Roots: 0.2ms
[2025-01-18T12:35:30.435+0000][1741.649s][info ][gc,phases   ] GC(110)   Evacuate Collection Set: 1.2ms
[2025-01-18T12:35:30.435+0000][1741.649s][info ][gc,phases   ] GC(110)   Post Evacuate Collection Set: 1.1ms
[2025-01-18T12:35:30.436+0000][1741.649s][info ][gc,phases   ] GC(110)   Other: 0.7ms
[2025-01-18T12:35:30.436+0000][1741.649s][info ][gc,heap     ] GC(110) Eden regions: 86->0(86)
[2025-01-18T12:35:30.436+0000][1741.650s][info ][gc,heap     ] GC(110) Survivor regions: 1->1(11)
[2025-01-18T12:35:30.436+0000][1741.650s][info ][gc,heap     ] GC(110) Old regions: 182->182
[2025-01-18T12:35:30.436+0000][1741.650s][info ][gc,heap     ] GC(110) Archive regions: 2->2
[2025-01-18T12:35:30.437+0000][1741.650s][info ][gc,heap     ] GC(110) Humongous regions: 2->2
[2025-01-18T12:35:30.437+0000][1741.650s][info ][gc,metaspace] GC(110) Metaspace: 181091K(182400K)->181091K(182400K) NonClass: 158937K(159616K)->158937K(159616K) Class: 22154K(22784K)->22154K(22784K)
[2025-01-18T12:35:30.437+0000][1741.651s][info ][gc          ] GC(110) Pause Young (Normal) (G1 Evacuation Pause) 270M->184M(305M) 6.067ms
[2025-01-18T12:35:30.437+0000][1741.651s][info ][gc,cpu      ] GC(110) User=0.01s Sys=0.00s Real=0.01s
[2025-01-18T12:35:30.438+0000][1741.651s][info ][safepoint   ] Safepoint "G1CollectForAllocation", Time since last: 48890732278 ns, Reaching safepoint: 570759 ns, Cleanup: 6553 ns, At safepoint: 6732438 ns, Total: 7309750 ns
[2025-01-18T12:35:31.438+0000][1742.652s][debug][safepoint   ] Safepoint synchronization initiated using futex wait barrier. (196 threads)
[2025-01-18T12:35:31.439+0000][1742.653s][info ][safepoint   ] Safepoint "Cleanup", Time since last: 1000557427 ns, Reaching safepoint: 674427 ns, Cleanup: 43716 ns, At safepoint: 8928 ns, Total: 727071 ns
[2025-01-18T12:36:05.448+0000][1776.664s][debug][safepoint   ] Safepoint synchronization initiated using futex wait barrier. (198 threads)
[2025-01-18T12:36:05.449+0000][1776.664s][info ][safepoint   ] Safepoint "Cleanup", Time since last: 34011057959 ns, Reaching safepoint: 727557 ns, Cleanup: 26723 ns, At safepoint: 4709 ns, Total: 758989 ns
[2025-01-18T12:36:17.451+0000][1788.668s][debug][safepoint   ] Safepoint synchronization initiated using futex wait barrier. (198 threads)
[2025-01-18T12:36:17.452+0000][1788.669s][info ][safepoint   ] Safepoint "Cleanup", Time since last: 12003980840 ns, Reaching safepoint: 930519 ns, Cleanup: 26091 ns, At safepoint: 11412 ns, Total: 968022 ns
[2025-01-18T12:36:23.455+0000][1794.672s][debug][safepoint   ] Safepoint synchronization initiated using futex wait barrier. (198 threads)
[2025-01-18T12:36:23.456+0000][1794.673s][info ][safepoint   ] Safepoint "Cleanup", Time since last: 6002503064 ns, Reaching safepoint: 822414 ns, Cleanup: 22104 ns, At safepoint: 10490 ns, Total: 855008 ns
[2025-01-18T12:36:32.672+0000][1803.889s][debug][safepoint   ] Safepoint synchronization initiated using futex wait barrier. (198 threads)
[2025-01-18T12:36:32.673+0000][1803.890s][info ][safepoint   ] Safepoint "Cleanup", Time since last: 9216832333 ns, Reaching safepoint: 404325 ns, Cleanup: 11001 ns, At safepoint: 4449 ns, Total: 419775 ns
[2025-01-18T12:36:40.676+0000][1811.893s][debug][safepoint   ] Safepoint synchronization initiated using futex wait barrier. (197 threads)
[2025-01-18T12:36:40.676+0000][1811.893s][info ][safepoint   ] Safepoint "Cleanup", Time since last: 8002684731 ns, Reaching safepoint: 742047 ns, Cleanup: 20600 ns, At safepoint: 10932 ns, Total: 773579 ns
[2025-01-18T12:36:41.676+0000][1812.894s][debug][safepoint   ] Safepoint synchronization initiated using futex wait barrier. (197 threads)
[2025-01-18T12:36:41.676+0000][1812.894s][info ][safepoint   ] Safepoint "Cleanup", Time since last: 1000587594 ns, Reaching safepoint: 507357 ns, Cleanup: 14608 ns, At safepoint: 5090 ns, Total: 527055 ns
[2025-01-18T12:36:41.718+0000][1812.936s][debug][safepoint   ] Safepoint synchronization initiated using futex wait barrier. (197 threads)
[2025-01-18T12:36:41.718+0000][1812.937s][info ][gc,start    ] GC(111) Pause Young (Normal) (G1 Evacuation Pause)
[2025-01-18T12:36:41.719+0000][1812.937s][info ][gc,task     ] GC(111) Using 10 workers of 10 for evacuation
[2025-01-18T12:36:41.722+0000][1812.940s][info ][gc,phases   ] GC(111)   Pre Evacuate Collection Set: 0.2ms
[2025-01-18T12:36:41.722+0000][1812.941s][info ][gc,phases   ] GC(111)   Merge Heap Roots: 0.2ms
[2025-01-18T12:36:41.723+0000][1812.941s][info ][gc,phases   ] GC(111)   Evacuate Collection Set: 1.2ms
[2025-01-18T12:36:41.723+0000][1812.941s][info ][gc,phases   ] GC(111)   Post Evacuate Collection Set: 1.1ms
[2025-01-18T12:36:41.723+0000][1812.941s][info ][gc,phases   ] GC(111)   Other: 0.9ms
[2025-01-18T12:36:41.723+0000][1812.941s][info ][gc,heap     ] GC(111) Eden regions: 86->0(85)
[2025-01-18T12:36:41.723+0000][1812.942s][info ][gc,heap     ] GC(111) Survivor regions: 1->1(11)
[2025-01-18T12:36:41.724+0000][1812.942s][info ][gc,heap     ] GC(111) Old regions: 182->182
[2025-01-18T12:36:41.724+0000][1812.942s][info ][gc,heap     ] GC(111) Archive regions: 2->2
[2025-01-18T12:36:41.724+0000][1812.942s][info ][gc,heap     ] GC(111) Humongous regions: 2->2
[2025-01-18T12:36:41.724+0000][1812.942s][info ][gc,metaspace] GC(111) Metaspace: 181118K(182400K)->181118K(182400K) NonClass: 158964K(159616K)->158964K(159616K) Class: 22154K(22784K)->22154K(22784K)
[2025-01-18T12:36:41.724+0000][1812.942s][info ][gc          ] GC(111) Pause Young (Normal) (G1 Evacuation Pause) 270M->185M(305M) 5.766ms
[2025-01-18T12:36:41.724+0000][1812.943s][info ][gc,cpu      ] GC(111) User=0.00s Sys=0.01s Real=0.01s
[2025-01-18T12:36:41.725+0000][1812.943s][info ][safepoint   ] Safepoint "G1CollectForAllocation", Time since last: 41622263 ns, Reaching safepoint: 483530 ns, Cleanup: 6032 ns, At safepoint: 6567444 ns, Total: 7057006 ns
[2025-01-18T12:36:42.725+0000][1813.944s][debug][safepoint   ] Safepoint synchronization initiated using futex wait barrier. (197 threads)
[2025-01-18T12:36:42.726+0000][1813.944s][info ][safepoint   ] Safepoint "Cleanup", Time since last: 1000365460 ns, Reaching safepoint: 385754 ns, Cleanup: 18657 ns, At safepoint: 6413 ns, Total: 410824 ns
[2025-01-18T12:36:56.730+0000][1827.948s][debug][safepoint   ] Safepoint synchronization initiated using futex wait barrier. (195 threads)
[2025-01-18T12:36:56.730+0000][1827.948s][info ][safepoint   ] Safepoint "Cleanup", Time since last: 14003789340 ns, Reaching safepoint: 641619 ns, Cleanup: 22855 ns, At safepoint: 9699 ns, Total: 674173 ns
[2025-01-18T12:37:23.737+0000][1854.957s][debug][safepoint   ] Safepoint synchronization initiated using futex wait barrier. (195 threads)
[2025-01-18T12:37:23.738+0000][1854.958s][info ][safepoint   ] Safepoint "Cleanup", Time since last: 27008513819 ns, Reaching safepoint: 769030 ns, Cleanup: 13977 ns, At safepoint: 8146 ns, Total: 791153 ns
[2025-01-18T12:37:41.736+0000][1872.957s][debug][safepoint   ] Safepoint synchronization initiated using futex wait barrier. (195 threads)
[2025-01-18T12:37:41.737+0000][1872.958s][info ][safepoint   ] Safepoint "Cleanup", Time since last: 17999786822 ns, Reaching safepoint: 527886 ns, Cleanup: 11293 ns, At safepoint: 4418 ns, Total: 543597 ns
[2025-01-18T12:37:53.197+0000][1884.419s][debug][safepoint   ] Safepoint synchronization initiated using futex wait barrier. (195 threads)
[2025-01-18T12:37:53.198+0000][1884.419s][info ][gc,start    ] GC(112) Pause Young (Normal) (G1 Evacuation Pause)
[2025-01-18T12:37:53.199+0000][1884.420s][info ][gc,task     ] GC(112) Using 10 workers of 10 for evacuation
[2025-01-18T12:37:53.201+0000][1884.423s][info ][gc,phases   ] GC(112)   Pre Evacuate Collection Set: 0.3ms
[2025-01-18T12:37:53.202+0000][1884.423s][info ][gc,phases   ] GC(112)   Merge Heap Roots: 0.2ms
[2025-01-18T12:37:53.202+0000][1884.423s][info ][gc,phases   ] GC(112)   Evacuate Collection Set: 1.1ms
[2025-01-18T12:37:53.202+0000][1884.423s][info ][gc,phases   ] GC(112)   Post Evacuate Collection Set: 1.1ms
[2025-01-18T12:37:53.202+0000][1884.424s][info ][gc,phases   ] GC(112)   Other: 0.7ms
[2025-01-18T12:37:53.203+0000][1884.424s][info ][gc,heap     ] GC(112) Eden regions: 85->0(86)
[2025-01-18T12:37:53.203+0000][1884.424s][info ][gc,heap     ] GC(112) Survivor regions: 1->1(11)
[2025-01-18T12:37:53.203+0000][1884.424s][info ][gc,heap     ] GC(112) Old regions: 182->182
[2025-01-18T12:37:53.203+0000][1884.424s][info ][gc,heap     ] GC(112) Archive regions: 2->2
[2025-01-18T12:37:53.203+0000][1884.425s][info ][gc,heap     ] GC(112) Humongous regions: 2->2
[2025-01-18T12:37:53.203+0000][1884.425s][info ][gc,metaspace] GC(112) Metaspace: 181121K(182400K)->181121K(182400K) NonClass: 158966K(159616K)->158966K(159616K) Class: 22154K(22784K)->22154K(22784K)
[2025-01-18T12:37:53.204+0000][1884.425s][info ][gc          ] GC(112) Pause Young (Normal) (G1 Evacuation Pause) 270M->185M(305M) 5.416ms
[2025-01-18T12:37:53.204+0000][1884.425s][info ][gc,cpu      ] GC(112) User=0.01s Sys=0.00s Real=0.00s
[2025-01-18T12:37:53.204+0000][1884.425s][info ][safepoint   ] Safepoint "G1CollectForAllocation", Time since last: 11460732537 ns, Reaching safepoint: 668612 ns, Cleanup: 7836 ns, At safepoint: 5862939 ns, Total: 6539387 ns
[2025-01-18T12:38:24.211+0000][1915.433s][debug][safepoint   ] Safepoint synchronization initiated using futex wait barrier. (195 threads)
[2025-01-18T12:38:24.211+0000][1915.434s][info ][safepoint   ] Safepoint "Cleanup", Time since last: 31008212099 ns, Reaching safepoint: 405329 ns, Cleanup: 44417 ns, At safepoint: 10461 ns, Total: 460207 ns
[2025-01-18T12:38:45.216+0000][1936.440s][debug][safepoint   ] Safepoint synchronization initiated using futex wait barrier. (195 threads)
[2025-01-18T12:38:45.216+0000][1936.441s][info ][safepoint   ] Safepoint "Cleanup", Time since last: 21006198003 ns, Reaching safepoint: 390116 ns, Cleanup: 13155 ns, At safepoint: 7074 ns, Total: 410345 ns
[2025-01-18T12:39:05.437+0000][1956.661s][debug][safepoint   ] Safepoint synchronization initiated using futex wait barrier. (195 threads)
[2025-01-18T12:39:05.437+0000][1956.662s][info ][gc,start    ] GC(113) Pause Young (Normal) (G1 Evacuation Pause)
[2025-01-18T12:39:05.438+0000][1956.662s][info ][gc,task     ] GC(113) Using 10 workers of 10 for evacuation
[2025-01-18T12:39:05.441+0000][1956.665s][info ][gc,phases   ] GC(113)   Pre Evacuate Collection Set: 0.2ms
[2025-01-18T12:39:05.441+0000][1956.665s][info ][gc,phases   ] GC(113)   Merge Heap Roots: 0.2ms
[2025-01-18T12:39:05.441+0000][1956.666s][info ][gc,phases   ] GC(113)   Evacuate Collection Set: 1.1ms
[2025-01-18T12:39:05.442+0000][1956.666s][info ][gc,phases   ] GC(113)   Post Evacuate Collection Set: 1.1ms
[2025-01-18T12:39:05.442+0000][1956.666s][info ][gc,phases   ] GC(113)   Other: 0.8ms
[2025-01-18T12:39:05.442+0000][1956.666s][info ][gc,heap     ] GC(113) Eden regions: 86->0(86)
[2025-01-18T12:39:05.442+0000][1956.666s][info ][gc,heap     ] GC(113) Survivor regions: 1->1(11)
[2025-01-18T12:39:05.442+0000][1956.666s][info ][gc,heap     ] GC(113) Old regions: 182->182
[2025-01-18T12:39:05.442+0000][1956.666s][info ][gc,heap     ] GC(113) Archive regions: 2->2
[2025-01-18T12:39:05.442+0000][1956.667s][info ][gc,heap     ] GC(113) Humongous regions: 2->2
[2025-01-18T12:39:05.443+0000][1956.667s][info ][gc,metaspace] GC(113) Metaspace: 181123K(182400K)->181123K(182400K) NonClass: 158968K(159616K)->158968K(159616K) Class: 22154K(22784K)->22154K(22784K)
[2025-01-18T12:39:05.443+0000][1956.667s][info ][gc          ] GC(113) Pause Young (Normal) (G1 Evacuation Pause) 271M->185M(305M) 5.292ms
[2025-01-18T12:39:05.443+0000][1956.667s][info ][gc,cpu      ] GC(113) User=0.01s Sys=0.00s Real=0.00s
[2025-01-18T12:39:05.443+0000][1956.667s][info ][safepoint   ] Safepoint "G1CollectForAllocation", Time since last: 20220508150 ns, Reaching safepoint: 493678 ns, Cleanup: 6142 ns, At safepoint: 5722780 ns, Total: 6222600 ns
[2025-01-18T12:39:08.444+0000][1959.668s][debug][safepoint   ] Safepoint synchronization initiated using futex wait barrier. (195 threads)
[2025-01-18T12:39:08.445+0000][1959.669s][info ][safepoint   ] Safepoint "Cleanup", Time since last: 3000960536 ns, Reaching safepoint: 823046 ns, Cleanup: 19238 ns, At safepoint: 63003 ns, Total: 905287 ns
[2025-01-18T12:39:23.447+0000][1974.673s][debug][safepoint   ] Safepoint synchronization initiated using futex wait barrier. (195 threads)
[2025-01-18T12:39:23.448+0000][1974.673s][info ][safepoint   ] Safepoint "Cleanup", Time since last: 15003744449 ns, Reaching safepoint: 343564 ns, Cleanup: 11753 ns, At safepoint: 4508 ns, Total: 359825 ns
[2025-01-18T12:39:46.453+0000][1997.680s][debug][safepoint   ] Safepoint synchronization initiated using futex wait barrier. (195 threads)
[2025-01-18T12:39:46.454+0000][1997.681s][info ][safepoint   ] Safepoint "Cleanup", Time since last: 23007186199 ns, Reaching safepoint: 700296 ns, Cleanup: 12835 ns, At safepoint: 4649 ns, Total: 717780 ns
[2025-01-18T12:40:17.741+0000][2028.970s][debug][safepoint   ] Safepoint synchronization initiated using futex wait barrier. (195 threads)
[2025-01-18T12:40:17.742+0000][2028.970s][info ][gc,start    ] GC(114) Pause Young (Normal) (G1 Evacuation Pause)
[2025-01-18T12:40:17.742+0000][2028.971s][info ][gc,task     ] GC(114) Using 10 workers of 10 for evacuation
[2025-01-18T12:40:17.745+0000][2028.974s][info ][gc,phases   ] GC(114)   Pre Evacuate Collection Set: 0.3ms
[2025-01-18T12:40:17.745+0000][2028.974s][info ][gc,phases   ] GC(114)   Merge Heap Roots: 0.2ms
[2025-01-18T12:40:17.745+0000][2028.974s][info ][gc,phases   ] GC(114)   Evacuate Collection Set: 1.1ms
[2025-01-18T12:40:17.746+0000][2028.974s][info ][gc,phases   ] GC(114)   Post Evacuate Collection Set: 1.2ms
[2025-01-18T12:40:17.746+0000][2028.975s][info ][gc,phases   ] GC(114)   Other: 0.6ms
[2025-01-18T12:40:17.746+0000][2028.975s][info ][gc,heap     ] GC(114) Eden regions: 86->0(86)
[2025-01-18T12:40:17.746+0000][2028.975s][info ][gc,heap     ] GC(114) Survivor regions: 1->1(11)
[2025-01-18T12:40:17.746+0000][2028.975s][info ][gc,heap     ] GC(114) Old regions: 182->182
[2025-01-18T12:40:17.747+0000][2028.975s][info ][gc,heap     ] GC(114) Archive regions: 2->2
[2025-01-18T12:40:17.747+0000][2028.976s][info ][gc,heap     ] GC(114) Humongous regions: 2->2
[2025-01-18T12:40:17.747+0000][2028.976s][info ][gc,metaspace] GC(114) Metaspace: 181126K(182400K)->181126K(182400K) NonClass: 158971K(159616K)->158971K(159616K) Class: 22154K(22784K)->22154K(22784K)
[2025-01-18T12:40:17.747+0000][2028.976s][info ][gc          ] GC(114) Pause Young (Normal) (G1 Evacuation Pause) 271M->185M(305M) 5.584ms
[2025-01-18T12:40:17.747+0000][2028.976s][info ][gc,cpu      ] GC(114) User=0.01s Sys=0.01s Real=0.00s
[2025-01-18T12:40:17.748+0000][2028.976s][info ][safepoint   ] Safepoint "G1CollectForAllocation", Time since last: 31288773720 ns, Reaching safepoint: 419519 ns, Cleanup: 5581 ns, At safepoint: 6068527 ns, Total: 6493627 ns
[2025-01-18T12:40:23.750+0000][2034.979s][debug][safepoint   ] Safepoint synchronization initiated using futex wait barrier. (195 threads)
[2025-01-18T12:40:23.751+0000][2034.979s][info ][safepoint   ] Safepoint "Cleanup", Time since last: 6002598265 ns, Reaching safepoint: 402073 ns, Cleanup: 39069 ns, At safepoint: 10030 ns, Total: 451172 ns
[2025-01-18T12:40:46.921+0000][2058.151s][debug][safepoint   ] Safepoint synchronization initiated using futex wait barrier. (195 threads)
[2025-01-18T12:40:46.921+0000][2058.151s][info ][safepoint   ] Safepoint "Cleanup", Time since last: 23171260033 ns, Reaching safepoint: 382639 ns, Cleanup: 18867 ns, At safepoint: 8306 ns, Total: 409812 ns
[2025-01-18T12:41:29.980+0000][2101.212s][debug][safepoint   ] Safepoint synchronization initiated using futex wait barrier. (195 threads)
[2025-01-18T12:41:29.981+0000][2101.212s][info ][gc,start    ] GC(115) Pause Young (Normal) (G1 Evacuation Pause)
[2025-01-18T12:41:29.981+0000][2101.213s][info ][gc,task     ] GC(115) Using 10 workers of 10 for evacuation
[2025-01-18T12:41:29.984+0000][2101.216s][info ][gc,phases   ] GC(115)   Pre Evacuate Collection Set: 0.3ms
[2025-01-18T12:41:29.984+0000][2101.216s][info ][gc,phases   ] GC(115)   Merge Heap Roots: 0.2ms
[2025-01-18T12:41:29.985+0000][2101.216s][info ][gc,phases   ] GC(115)   Evacuate Collection Set: 1.1ms
[2025-01-18T12:41:29.985+0000][2101.217s][info ][gc,phases   ] GC(115)   Post Evacuate Collection Set: 1.1ms
[2025-01-18T12:41:29.985+0000][2101.217s][info ][gc,phases   ] GC(115)   Other: 0.9ms
[2025-01-18T12:41:29.985+0000][2101.217s][info ][gc,heap     ] GC(115) Eden regions: 86->0(86)
[2025-01-18T12:41:29.985+0000][2101.217s][info ][gc,heap     ] GC(115) Survivor regions: 1->1(11)
[2025-01-18T12:41:29.986+0000][2101.217s][info ][gc,heap     ] GC(115) Old regions: 182->182
[2025-01-18T12:41:29.986+0000][2101.217s][info ][gc,heap     ] GC(115) Archive regions: 2->2
[2025-01-18T12:41:29.986+0000][2101.218s][info ][gc,heap     ] GC(115) Humongous regions: 2->2
[2025-01-18T12:41:29.986+0000][2101.218s][info ][gc,metaspace] GC(115) Metaspace: 181155K(182400K)->181155K(182400K) NonClass: 159000K(159616K)->159000K(159616K) Class: 22154K(22784K)->22154K(22784K)
[2025-01-18T12:41:29.986+0000][2101.218s][info ][gc          ] GC(115) Pause Young (Normal) (G1 Evacuation Pause) 271M->185M(305M) 5.627ms
[2025-01-18T12:41:29.986+0000][2101.218s][info ][gc,cpu      ] GC(115) User=0.01s Sys=0.01s Real=0.00s
[2025-01-18T12:41:29.987+0000][2101.218s][info ][safepoint   ] Safepoint "G1CollectForAllocation", Time since last: 43060654748 ns, Reaching safepoint: 523646 ns, Cleanup: 7515 ns, At safepoint: 6093899 ns, Total: 6625060 ns
[2025-01-18T12:41:47.991+0000][2119.224s][debug][safepoint   ] Safepoint synchronization initiated using futex wait barrier. (195 threads)
[2025-01-18T12:41:47.992+0000][2119.225s][info ][safepoint   ] Safepoint "Cleanup", Time since last: 18005434469 ns, Reaching safepoint: 768566 ns, Cleanup: 47583 ns, At safepoint: 12454 ns, Total: 828603 ns
[2025-01-18T12:42:42.333+0000][2173.568s][debug][safepoint   ] Safepoint synchronization initiated using futex wait barrier. (195 threads)
[2025-01-18T12:42:42.333+0000][2173.569s][info ][gc,start    ] GC(116) Pause Young (Normal) (G1 Evacuation Pause)
[2025-01-18T12:42:42.333+0000][2173.569s][info ][gc,task     ] GC(116) Using 10 workers of 10 for evacuation
[2025-01-18T12:42:42.336+0000][2173.572s][info ][gc,phases   ] GC(116)   Pre Evacuate Collection Set: 0.3ms
[2025-01-18T12:42:42.337+0000][2173.572s][info ][gc,phases   ] GC(116)   Merge Heap Roots: 0.2ms
[2025-01-18T12:42:42.337+0000][2173.573s][info ][gc,phases   ] GC(116)   Evacuate Collection Set: 1.1ms
[2025-01-18T12:42:42.337+0000][2173.573s][info ][gc,phases   ] GC(116)   Post Evacuate Collection Set: 1.2ms
[2025-01-18T12:42:42.337+0000][2173.573s][info ][gc,phases   ] GC(116)   Other: 0.7ms
[2025-01-18T12:42:42.338+0000][2173.573s][info ][gc,heap     ] GC(116) Eden regions: 86->0(86)
[2025-01-18T12:42:42.338+0000][2173.573s][info ][gc,heap     ] GC(116) Survivor regions: 1->1(11)
[2025-01-18T12:42:42.338+0000][2173.574s][info ][gc,heap     ] GC(116) Old regions: 182->182
[2025-01-18T12:42:42.338+0000][2173.574s][info ][gc,heap     ] GC(116) Archive regions: 2->2
[2025-01-18T12:42:42.338+0000][2173.574s][info ][gc,heap     ] GC(116) Humongous regions: 2->2
[2025-01-18T12:42:42.339+0000][2173.574s][info ][gc,metaspace] GC(116) Metaspace: 181158K(182400K)->181158K(182400K) NonClass: 159003K(159616K)->159003K(159616K) Class: 22154K(22784K)->22154K(22784K)
[2025-01-18T12:42:42.339+0000][2173.574s][info ][gc          ] GC(116) Pause Young (Normal) (G1 Evacuation Pause) 271M->185M(305M) 5.732ms
[2025-01-18T12:42:42.339+0000][2173.575s][info ][gc,cpu      ] GC(116) User=0.01s Sys=0.00s Real=0.01s
[2025-01-18T12:42:42.339+0000][2173.575s][info ][safepoint   ] Safepoint "G1CollectForAllocation", Time since last: 54343526874 ns, Reaching safepoint: 364600 ns, Cleanup: 5400 ns, At safepoint: 6434807 ns, Total: 6804807 ns
[2025-01-18T12:43:23.347+0000][2214.584s][debug][safepoint   ] Safepoint synchronization initiated using futex wait barrier. (195 threads)
[2025-01-18T12:43:23.348+0000][2214.585s][info ][safepoint   ] Safepoint "Cleanup", Time since last: 41009162427 ns, Reaching safepoint: 759777 ns, Cleanup: 13937 ns, At safepoint: 8516 ns, Total: 782230 ns
[2025-01-18T12:43:50.353+0000][2241.591s][debug][safepoint   ] Safepoint synchronization initiated using futex wait barrier. (195 threads)
[2025-01-18T12:43:50.354+0000][2241.592s][info ][safepoint   ] Safepoint "Cleanup", Time since last: 27006124157 ns, Reaching safepoint: 925922 ns, Cleanup: 25580 ns, At safepoint: 11552 ns, Total: 963054 ns
[2025-01-18T12:43:54.457+0000][2245.695s][debug][safepoint   ] Safepoint synchronization initiated using futex wait barrier. (195 threads)
[2025-01-18T12:43:54.458+0000][2245.696s][info ][gc,start    ] GC(117) Pause Young (Normal) (G1 Evacuation Pause)
[2025-01-18T12:43:54.458+0000][2245.696s][info ][gc,task     ] GC(117) Using 10 workers of 10 for evacuation
[2025-01-18T12:43:54.461+0000][2245.699s][info ][gc,phases   ] GC(117)   Pre Evacuate Collection Set: 0.2ms
[2025-01-18T12:43:54.461+0000][2245.699s][info ][gc,phases   ] GC(117)   Merge Heap Roots: 0.2ms
[2025-01-18T12:43:54.461+0000][2245.699s][info ][gc,phases   ] GC(117)   Evacuate Collection Set: 1.1ms
[2025-01-18T12:43:54.461+0000][2245.700s][info ][gc,phases   ] GC(117)   Post Evacuate Collection Set: 1.1ms
[2025-01-18T12:43:54.462+0000][2245.700s][info ][gc,phases   ] GC(117)   Other: 0.5ms
[2025-01-18T12:43:54.462+0000][2245.700s][info ][gc,heap     ] GC(117) Eden regions: 86->0(86)
[2025-01-18T12:43:54.462+0000][2245.700s][info ][gc,heap     ] GC(117) Survivor regions: 1->1(11)
[2025-01-18T12:43:54.462+0000][2245.700s][info ][gc,heap     ] GC(117) Old regions: 182->182
[2025-01-18T12:43:54.462+0000][2245.701s][info ][gc,heap     ] GC(117) Archive regions: 2->2
[2025-01-18T12:43:54.462+0000][2245.701s][info ][gc,heap     ] GC(117) Humongous regions: 2->2
[2025-01-18T12:43:54.463+0000][2245.701s][info ][gc,metaspace] GC(117) Metaspace: 181166K(182464K)->181166K(182464K) NonClass: 159011K(159680K)->159011K(159680K) Class: 22154K(22784K)->22154K(22784K)
[2025-01-18T12:43:54.463+0000][2245.701s][info ][gc          ] GC(117) Pause Young (Normal) (G1 Evacuation Pause) 271M->185M(305M) 5.435ms
[2025-01-18T12:43:54.463+0000][2245.702s][info ][gc,cpu      ] GC(117) User=0.01s Sys=0.01s Real=0.01s
[2025-01-18T12:43:54.464+0000][2245.702s][info ][safepoint   ] Safepoint "G1CollectForAllocation", Time since last: 4103392966 ns, Reaching safepoint: 356908 ns, Cleanup: 4078 ns, At safepoint: 6242117 ns, Total: 6603103 ns
[2025-01-18T12:44:23.468+0000][2274.708s][debug][safepoint   ] Safepoint synchronization initiated using futex wait barrier. (195 threads)
[2025-01-18T12:44:23.469+0000][2274.708s][info ][safepoint   ] Safepoint "Cleanup", Time since last: 29005884069 ns, Reaching safepoint: 335668 ns, Cleanup: 35729 ns, At safepoint: 9299 ns, Total: 380696 ns
[2025-01-18T12:45:06.714+0000][2317.955s][debug][safepoint   ] Safepoint synchronization initiated using futex wait barrier. (195 threads)
[2025-01-18T12:45:06.715+0000][2317.956s][info ][gc,start    ] GC(118) Pause Young (Normal) (G1 Evacuation Pause)
[2025-01-18T12:45:06.715+0000][2317.956s][info ][gc,task     ] GC(118) Using 10 workers of 10 for evacuation
[2025-01-18T12:45:06.718+0000][2317.959s][info ][gc,phases   ] GC(118)   Pre Evacuate Collection Set: 0.3ms
[2025-01-18T12:45:06.719+0000][2317.959s][info ][gc,phases   ] GC(118)   Merge Heap Roots: 0.2ms
[2025-01-18T12:45:06.719+0000][2317.960s][info ][gc,phases   ] GC(118)   Evacuate Collection Set: 1.2ms
[2025-01-18T12:45:06.719+0000][2317.960s][info ][gc,phases   ] GC(118)   Post Evacuate Collection Set: 1.2ms
[2025-01-18T12:45:06.719+0000][2317.960s][info ][gc,phases   ] GC(118)   Other: 0.5ms
[2025-01-18T12:45:06.719+0000][2317.960s][info ][gc,heap     ] GC(118) Eden regions: 86->0(86)
[2025-01-18T12:45:06.719+0000][2317.960s][info ][gc,heap     ] GC(118) Survivor regions: 1->1(11)
[2025-01-18T12:45:06.720+0000][2317.960s][info ][gc,heap     ] GC(118) Old regions: 182->182
[2025-01-18T12:45:06.720+0000][2317.960s][info ][gc,heap     ] GC(118) Archive regions: 2->2
[2025-01-18T12:45:06.720+0000][2317.961s][info ][gc,heap     ] GC(118) Humongous regions: 2->2
[2025-01-18T12:45:06.720+0000][2317.961s][info ][gc,metaspace] GC(118) Metaspace: 181175K(182464K)->181175K(182464K) NonClass: 159020K(159680K)->159020K(159680K) Class: 22154K(22784K)->22154K(22784K)
[2025-01-18T12:45:06.720+0000][2317.961s][info ][gc          ] GC(118) Pause Young (Normal) (G1 Evacuation Pause) 271M->185M(305M) 5.288ms
[2025-01-18T12:45:06.720+0000][2317.961s][info ][gc,cpu      ] GC(118) User=0.00s Sys=0.02s Real=0.01s
[2025-01-18T12:45:06.721+0000][2317.961s][info ][safepoint   ] Safepoint "G1CollectForAllocation", Time since last: 43246605552 ns, Reaching safepoint: 617781 ns, Cleanup: 5451 ns, At safepoint: 5706291 ns, Total: 6329523 ns
[2025-01-18T12:45:07.721+0000][2318.962s][debug][safepoint   ] Safepoint synchronization initiated using futex wait barrier. (195 threads)
[2025-01-18T12:45:07.721+0000][2318.962s][info ][safepoint   ] Safepoint "Cleanup", Time since last: 1000497018 ns, Reaching safepoint: 278344 ns, Cleanup: 41632 ns, At safepoint: 9428 ns, Total: 329404 ns
[2025-01-18T12:45:23.723+0000][2334.966s][debug][safepoint   ] Safepoint synchronization initiated using futex wait barrier. (195 threads)
[2025-01-18T12:45:23.723+0000][2334.966s][info ][safepoint   ] Safepoint "Cleanup", Time since last: 16003492132 ns, Reaching safepoint: 536108 ns, Cleanup: 13827 ns, At safepoint: 6903 ns, Total: 556838 ns
[2025-01-18T12:45:51.574+0000][2362.818s][debug][safepoint   ] Safepoint synchronization initiated using futex wait barrier. (195 threads)
[2025-01-18T12:45:51.575+0000][2362.818s][info ][safepoint   ] Safepoint "Cleanup", Time since last: 27851533556 ns, Reaching safepoint: 455293 ns, Cleanup: 12114 ns, At safepoint: 17514 ns, Total: 484921 ns
[2025-01-18T12:45:52.575+0000][2363.819s][debug][safepoint   ] Safepoint synchronization initiated using futex wait barrier. (195 threads)
[2025-01-18T12:45:52.576+0000][2363.820s][info ][safepoint   ] Safepoint "Cleanup", Time since last: 1000471433 ns, Reaching safepoint: 1057873 ns, Cleanup: 45720 ns, At safepoint: 46110 ns, Total: 1149703 ns
[2025-01-18T12:46:07.580+0000][2378.824s][debug][safepoint   ] Safepoint synchronization initiated using futex wait barrier. (195 threads)
[2025-01-18T12:46:07.581+0000][2378.824s][info ][safepoint   ] Safepoint "Cleanup", Time since last: 15003945120 ns, Reaching safepoint: 718805 ns, Cleanup: 17825 ns, At safepoint: 10651 ns, Total: 747281 ns
[2025-01-18T12:46:18.975+0000][2390.219s][debug][safepoint   ] Safepoint synchronization initiated using futex wait barrier. (195 threads)
[2025-01-18T12:46:18.975+0000][2390.220s][info ][gc,start    ] GC(119) Pause Young (Normal) (G1 Evacuation Pause)
[2025-01-18T12:46:18.975+0000][2390.220s][info ][gc,task     ] GC(119) Using 10 workers of 10 for evacuation
[2025-01-18T12:46:18.978+0000][2390.223s][info ][gc,phases   ] GC(119)   Pre Evacuate Collection Set: 0.3ms
[2025-01-18T12:46:18.979+0000][2390.223s][info ][gc,phases   ] GC(119)   Merge Heap Roots: 0.2ms
[2025-01-18T12:46:18.979+0000][2390.224s][info ][gc,phases   ] GC(119)   Evacuate Collection Set: 1.2ms
[2025-01-18T12:46:18.979+0000][2390.224s][info ][gc,phases   ] GC(119)   Post Evacuate Collection Set: 1.1ms
[2025-01-18T12:46:18.979+0000][2390.224s][info ][gc,phases   ] GC(119)   Other: 0.6ms
[2025-01-18T12:46:18.979+0000][2390.224s][info ][gc,heap     ] GC(119) Eden regions: 86->0(86)
[2025-01-18T12:46:18.980+0000][2390.224s][info ][gc,heap     ] GC(119) Survivor regions: 1->1(11)
[2025-01-18T12:46:18.980+0000][2390.225s][info ][gc,heap     ] GC(119) Old regions: 182->182
[2025-01-18T12:46:18.980+0000][2390.225s][info ][gc,heap     ] GC(119) Archive regions: 2->2
[2025-01-18T12:46:18.980+0000][2390.225s][info ][gc,heap     ] GC(119) Humongous regions: 2->2
[2025-01-18T12:46:18.981+0000][2390.225s][info ][gc,metaspace] GC(119) Metaspace: 181187K(182528K)->181187K(182528K) NonClass: 159032K(159744K)->159032K(159744K) Class: 22154K(22784K)->22154K(22784K)
[2025-01-18T12:46:18.981+0000][2390.226s][info ][gc          ] GC(119) Pause Young (Normal) (G1 Evacuation Pause) 271M->185M(305M) 5.852ms
[2025-01-18T12:46:18.981+0000][2390.226s][info ][gc,cpu      ] GC(119) User=0.01s Sys=0.00s Real=0.00s
[2025-01-18T12:46:18.981+0000][2390.226s][info ][safepoint   ] Safepoint "G1CollectForAllocation", Time since last: 11394718879 ns, Reaching safepoint: 426081 ns, Cleanup: 4178 ns, At safepoint: 6403790 ns, Total: 6834049 ns
[2025-01-18T12:46:23.983+0000][2395.227s][debug][safepoint   ] Safepoint synchronization initiated using futex wait barrier. (195 threads)
[2025-01-18T12:46:23.983+0000][2395.228s][info ][safepoint   ] Safepoint "Cleanup", Time since last: 5001283782 ns, Reaching safepoint: 610674 ns, Cleanup: 19167 ns, At safepoint: 12625 ns, Total: 642466 ns
[2025-01-18T12:46:53.246+0000][2424.492s][debug][safepoint   ] Safepoint synchronization initiated using futex wait barrier. (195 threads)
[2025-01-18T12:46:53.247+0000][2424.493s][info ][safepoint   ] Safepoint "Cleanup", Time since last: 29264466891 ns, Reaching safepoint: 454699 ns, Cleanup: 19548 ns, At safepoint: 5070 ns, Total: 479317 ns
[2025-01-18T12:47:10.252+0000][2441.498s][debug][safepoint   ] Safepoint synchronization initiated using futex wait barrier. (195 threads)
[2025-01-18T12:47:10.252+0000][2441.499s][info ][safepoint   ] Safepoint "Cleanup", Time since last: 17005319633 ns, Reaching safepoint: 452574 ns, Cleanup: 14759 ns, At safepoint: 4319 ns, Total: 471652 ns
[2025-01-18T12:47:24.255+0000][2455.502s][debug][safepoint   ] Safepoint synchronization initiated using futex wait barrier. (195 threads)
[2025-01-18T12:47:24.255+0000][2455.502s][info ][safepoint   ] Safepoint "Cleanup", Time since last: 14003146469 ns, Reaching safepoint: 377277 ns, Cleanup: 16763 ns, At safepoint: 4980 ns, Total: 399020 ns
[2025-01-18T12:47:31.159+0000][2462.406s][debug][safepoint   ] Safepoint synchronization initiated using futex wait barrier. (195 threads)
[2025-01-18T12:47:31.160+0000][2462.407s][info ][gc,start    ] GC(120) Pause Young (Normal) (G1 Evacuation Pause)
[2025-01-18T12:47:31.160+0000][2462.407s][info ][gc,task     ] GC(120) Using 10 workers of 10 for evacuation
[2025-01-18T12:47:31.163+0000][2462.411s][info ][gc,phases   ] GC(120)   Pre Evacuate Collection Set: 0.3ms
[2025-01-18T12:47:31.164+0000][2462.411s][info ][gc,phases   ] GC(120)   Merge Heap Roots: 0.2ms
[2025-01-18T12:47:31.164+0000][2462.411s][info ][gc,phases   ] GC(120)   Evacuate Collection Set: 1.3ms
[2025-01-18T12:47:31.164+0000][2462.411s][info ][gc,phases   ] GC(120)   Post Evacuate Collection Set: 1.2ms
[2025-01-18T12:47:31.164+0000][2462.411s][info ][gc,phases   ] GC(120)   Other: 0.7ms
[2025-01-18T12:47:31.164+0000][2462.412s][info ][gc,heap     ] GC(120) Eden regions: 86->0(86)
[2025-01-18T12:47:31.165+0000][2462.412s][info ][gc,heap     ] GC(120) Survivor regions: 1->1(11)
[2025-01-18T12:47:31.165+0000][2462.412s][info ][gc,heap     ] GC(120) Old regions: 182->182
[2025-01-18T12:47:31.165+0000][2462.412s][info ][gc,heap     ] GC(120) Archive regions: 2->2
[2025-01-18T12:47:31.165+0000][2462.412s][info ][gc,heap     ] GC(120) Humongous regions: 2->2
[2025-01-18T12:47:31.165+0000][2462.412s][info ][gc,metaspace] GC(120) Metaspace: 181199K(182528K)->181199K(182528K) NonClass: 159044K(159744K)->159044K(159744K) Class: 22154K(22784K)->22154K(22784K)
[2025-01-18T12:47:31.165+0000][2462.413s][info ][gc          ] GC(120) Pause Young (Normal) (G1 Evacuation Pause) 271M->185M(305M) 5.767ms
[2025-01-18T12:47:31.166+0000][2462.413s][info ][gc,cpu      ] GC(120) User=0.01s Sys=0.00s Real=0.01s
[2025-01-18T12:47:31.166+0000][2462.413s][info ][safepoint   ] Safepoint "G1CollectForAllocation", Time since last: 6904168308 ns, Reaching safepoint: 415202 ns, Cleanup: 6072 ns, At safepoint: 6322060 ns, Total: 6743334 ns
[2025-01-18T12:47:52.168+0000][2483.416s][debug][safepoint   ] Safepoint synchronization initiated using futex wait barrier. (195 threads)
[2025-01-18T12:47:52.168+0000][2483.417s][info ][safepoint   ] Safepoint "Cleanup", Time since last: 21003288402 ns, Reaching safepoint: 740572 ns, Cleanup: 66491 ns, At safepoint: 17664 ns, Total: 824727 ns
[2025-01-18T12:47:54.169+0000][2485.418s][debug][safepoint   ] Safepoint synchronization initiated using futex wait barrier. (195 threads)
[2025-01-18T12:47:54.170+0000][2485.418s][info ][safepoint   ] Safepoint "Cleanup", Time since last: 2000681752 ns, Reaching safepoint: 437249 ns, Cleanup: 12745 ns, At safepoint: 5711 ns, Total: 455705 ns
[2025-01-18T12:48:24.175+0000][2515.425s][debug][safepoint   ] Safepoint synchronization initiated using futex wait barrier. (195 threads)
[2025-01-18T12:48:24.176+0000][2515.426s][info ][safepoint   ] Safepoint "Cleanup", Time since last: 30006770894 ns, Reaching safepoint: 416275 ns, Cleanup: 14128 ns, At safepoint: 5911 ns, Total: 436314 ns
[2025-01-18T12:48:43.360+0000][2534.611s][debug][safepoint   ] Safepoint synchronization initiated using futex wait barrier. (195 threads)
[2025-01-18T12:48:43.361+0000][2534.612s][info ][gc,start    ] GC(121) Pause Young (Normal) (G1 Evacuation Pause)
[2025-01-18T12:48:43.361+0000][2534.612s][info ][gc,task     ] GC(121) Using 10 workers of 10 for evacuation
[2025-01-18T12:48:43.365+0000][2534.616s][info ][gc,phases   ] GC(121)   Pre Evacuate Collection Set: 0.3ms
[2025-01-18T12:48:43.365+0000][2534.616s][info ][gc,phases   ] GC(121)   Merge Heap Roots: 0.2ms
[2025-01-18T12:48:43.365+0000][2534.617s][info ][gc,phases   ] GC(121)   Evacuate Collection Set: 1.3ms
[2025-01-18T12:48:43.366+0000][2534.617s][info ][gc,phases   ] GC(121)   Post Evacuate Collection Set: 1.3ms
[2025-01-18T12:48:43.366+0000][2534.617s][info ][gc,phases   ] GC(121)   Other: 1.1ms
[2025-01-18T12:48:43.366+0000][2534.617s][info ][gc,heap     ] GC(121) Eden regions: 86->0(85)
[2025-01-18T12:48:43.366+0000][2534.617s][info ][gc,heap     ] GC(121) Survivor regions: 1->1(11)
[2025-01-18T12:48:43.366+0000][2534.617s][info ][gc,heap     ] GC(121) Old regions: 182->183
[2025-01-18T12:48:43.366+0000][2534.618s][info ][gc,heap     ] GC(121) Archive regions: 2->2
[2025-01-18T12:48:43.366+0000][2534.618s][info ][gc,heap     ] GC(121) Humongous regions: 2->2
[2025-01-18T12:48:43.367+0000][2534.618s][info ][gc,metaspace] GC(121) Metaspace: 181222K(182528K)->181222K(182528K) NonClass: 159067K(159744K)->159067K(159744K) Class: 22154K(22784K)->22154K(22784K)
[2025-01-18T12:48:43.367+0000][2534.618s][info ][gc          ] GC(121) Pause Young (Normal) (G1 Evacuation Pause) 271M->185M(305M) 6.365ms
[2025-01-18T12:48:43.367+0000][2534.618s][info ][gc,cpu      ] GC(121) User=0.01s Sys=0.00s Real=0.00s
[2025-01-18T12:48:43.367+0000][2534.619s][info ][safepoint   ] Safepoint "G1CollectForAllocation", Time since last: 19185495616 ns, Reaching safepoint: 626606 ns, Cleanup: 11282 ns, At safepoint: 6921767 ns, Total: 7559655 ns
[2025-01-18T12:48:55.370+0000][2546.621s][debug][safepoint   ] Safepoint synchronization initiated using futex wait barrier. (195 threads)
[2025-01-18T12:48:55.370+0000][2546.621s][info ][safepoint   ] Safepoint "Cleanup", Time since last: 12002167119 ns, Reaching safepoint: 346357 ns, Cleanup: 14689 ns, At safepoint: 7154 ns, Total: 368200 ns
[2025-01-18T12:49:11.373+0000][2562.624s][debug][safepoint   ] Safepoint synchronization initiated using futex wait barrier. (195 threads)
[2025-01-18T12:49:11.373+0000][2562.624s][info ][safepoint   ] Safepoint "Cleanup", Time since last: 16002563970 ns, Reaching safepoint: 408097 ns, Cleanup: 13707 ns, At safepoint: 9398 ns, Total: 431202 ns
[2025-01-18T12:49:41.385+0000][2592.637s][debug][safepoint   ] Safepoint synchronization initiated using futex wait barrier. (195 threads)
[2025-01-18T12:49:41.386+0000][2592.638s][info ][safepoint   ] Safepoint "Cleanup", Time since last: 30013171297 ns, Reaching safepoint: 630810 ns, Cleanup: 11884 ns, At safepoint: 4448 ns, Total: 647142 ns
[2025-01-18T12:49:54.744+0000][2605.998s][debug][safepoint   ] Safepoint synchronization initiated using futex wait barrier. (195 threads)
[2025-01-18T12:49:54.744+0000][2605.998s][info ][gc,start    ] GC(122) Pause Young (Normal) (G1 Evacuation Pause)
[2025-01-18T12:49:54.745+0000][2605.999s][info ][gc,task     ] GC(122) Using 10 workers of 10 for evacuation
[2025-01-18T12:49:54.748+0000][2606.001s][info ][gc,phases   ] GC(122)   Pre Evacuate Collection Set: 0.3ms
[2025-01-18T12:49:54.748+0000][2606.002s][info ][gc,phases   ] GC(122)   Merge Heap Roots: 0.2ms
[2025-01-18T12:49:54.748+0000][2606.002s][info ][gc,phases   ] GC(122)   Evacuate Collection Set: 0.7ms
[2025-01-18T12:49:54.748+0000][2606.002s][info ][gc,phases   ] GC(122)   Post Evacuate Collection Set: 1.1ms
[2025-01-18T12:49:54.748+0000][2606.002s][info ][gc,phases   ] GC(122)   Other: 0.7ms
[2025-01-18T12:49:54.749+0000][2606.002s][info ][gc,heap     ] GC(122) Eden regions: 85->0(85)
[2025-01-18T12:49:54.749+0000][2606.002s][info ][gc,heap     ] GC(122) Survivor regions: 1->1(11)
[2025-01-18T12:49:54.749+0000][2606.003s][info ][gc,heap     ] GC(122) Old regions: 183->183
[2025-01-18T12:49:54.749+0000][2606.003s][info ][gc,heap     ] GC(122) Archive regions: 2->2
[2025-01-18T12:49:54.749+0000][2606.003s][info ][gc,heap     ] GC(122) Humongous regions: 2->2
[2025-01-18T12:49:54.749+0000][2606.003s][info ][gc,metaspace] GC(122) Metaspace: 181261K(182592K)->181261K(182592K) NonClass: 159106K(159808K)->159106K(159808K) Class: 22154K(22784K)->22154K(22784K)
[2025-01-18T12:49:54.750+0000][2606.003s][info ][gc          ] GC(122) Pause Young (Normal) (G1 Evacuation Pause) 270M->185M(305M) 5.165ms
[2025-01-18T12:49:54.750+0000][2606.004s][info ][gc,cpu      ] GC(122) User=0.01s Sys=0.00s Real=0.01s
[2025-01-18T12:49:54.750+0000][2606.004s][info ][safepoint   ] Safepoint "G1CollectForAllocation", Time since last: 13359736901 ns, Reaching safepoint: 434318 ns, Cleanup: 4258 ns, At safepoint: 5640532 ns, Total: 6079108 ns
[2025-01-18T12:51:02.835+0000][2674.091s][debug][safepoint   ] Safepoint synchronization initiated using futex wait barrier. (195 threads)
[2025-01-18T12:51:02.835+0000][2674.091s][info ][safepoint   ] Safepoint "Cleanup", Time since last: 68087128671 ns, Reaching safepoint: 393348 ns, Cleanup: 64827 ns, At safepoint: 56620 ns, Total: 514795 ns
[2025-01-18T12:51:05.930+0000][2677.186s][debug][safepoint   ] Safepoint synchronization initiated using futex wait barrier. (195 threads)
[2025-01-18T12:51:05.930+0000][2677.186s][info ][gc,start    ] GC(123) Pause Young (Normal) (G1 Evacuation Pause)
[2025-01-18T12:51:05.930+0000][2677.186s][info ][gc,task     ] GC(123) Using 10 workers of 10 for evacuation
[2025-01-18T12:51:05.933+0000][2677.189s][info ][gc,phases   ] GC(123)   Pre Evacuate Collection Set: 0.3ms
[2025-01-18T12:51:05.934+0000][2677.190s][info ][gc,phases   ] GC(123)   Merge Heap Roots: 0.2ms
[2025-01-18T12:51:05.934+0000][2677.190s][info ][gc,phases   ] GC(123)   Evacuate Collection Set: 1.1ms
[2025-01-18T12:51:05.934+0000][2677.190s][info ][gc,phases   ] GC(123)   Post Evacuate Collection Set: 1.1ms
[2025-01-18T12:51:05.934+0000][2677.190s][info ][gc,phases   ] GC(123)   Other: 0.7ms
[2025-01-18T12:51:05.934+0000][2677.191s][info ][gc,heap     ] GC(123) Eden regions: 85->0(85)
[2025-01-18T12:51:05.935+0000][2677.191s][info ][gc,heap     ] GC(123) Survivor regions: 1->1(11)
[2025-01-18T12:51:05.935+0000][2677.191s][info ][gc,heap     ] GC(123) Old regions: 183->183
[2025-01-18T12:51:05.935+0000][2677.191s][info ][gc,heap     ] GC(123) Archive regions: 2->2
[2025-01-18T12:51:05.935+0000][2677.191s][info ][gc,heap     ] GC(123) Humongous regions: 2->2
[2025-01-18T12:51:05.935+0000][2677.191s][info ][gc,metaspace] GC(123) Metaspace: 181268K(182592K)->181268K(182592K) NonClass: 159112K(159808K)->159112K(159808K) Class: 22155K(22784K)->22155K(22784K)
[2025-01-18T12:51:05.936+0000][2677.192s][info ][gc          ] GC(123) Pause Young (Normal) (G1 Evacuation Pause) 270M->185M(305M) 5.553ms
[2025-01-18T12:51:05.936+0000][2677.192s][info ][gc,cpu      ] GC(123) User=0.01s Sys=0.00s Real=0.01s
[2025-01-18T12:51:05.936+0000][2677.192s][info ][safepoint   ] Safepoint "G1CollectForAllocation", Time since last: 3094188888 ns, Reaching safepoint: 361556 ns, Cleanup: 5251 ns, At safepoint: 6040377 ns, Total: 6407184 ns
[2025-01-18T12:51:11.936+0000][2683.193s][debug][safepoint   ] Safepoint synchronization initiated using futex wait barrier. (195 threads)
[2025-01-18T12:51:11.936+0000][2683.194s][info ][safepoint   ] Safepoint "Cleanup", Time since last: 6001320346 ns, Reaching safepoint: 452152 ns, Cleanup: 10852 ns, At safepoint: 6502 ns, Total: 469506 ns
[2025-01-18T12:52:17.443+0000][2748.703s][debug][safepoint   ] Safepoint synchronization initiated using futex wait barrier. (195 threads)
[2025-01-18T12:52:17.443+0000][2748.704s][info ][gc,start    ] GC(124) Pause Young (Normal) (G1 Evacuation Pause)
[2025-01-18T12:52:17.444+0000][2748.704s][info ][gc,task     ] GC(124) Using 10 workers of 10 for evacuation
[2025-01-18T12:52:17.447+0000][2748.708s][info ][gc,phases   ] GC(124)   Pre Evacuate Collection Set: 0.3ms
[2025-01-18T12:52:17.448+0000][2748.708s][info ][gc,phases   ] GC(124)   Merge Heap Roots: 0.2ms
[2025-01-18T12:52:17.448+0000][2748.708s][info ][gc,phases   ] GC(124)   Evacuate Collection Set: 1.1ms
[2025-01-18T12:52:17.448+0000][2748.709s][info ][gc,phases   ] GC(124)   Post Evacuate Collection Set: 1.2ms
[2025-01-18T12:52:17.449+0000][2748.709s][info ][gc,phases   ] GC(124)   Other: 1.2ms
[2025-01-18T12:52:17.449+0000][2748.709s][info ][gc,heap     ] GC(124) Eden regions: 85->0(85)
[2025-01-18T12:52:17.449+0000][2748.710s][info ][gc,heap     ] GC(124) Survivor regions: 1->1(11)
[2025-01-18T12:52:17.450+0000][2748.710s][info ][gc,heap     ] GC(124) Old regions: 183->183
[2025-01-18T12:52:17.450+0000][2748.710s][info ][gc,heap     ] GC(124) Archive regions: 2->2
[2025-01-18T12:52:17.450+0000][2748.710s][info ][gc,heap     ] GC(124) Humongous regions: 2->2
[2025-01-18T12:52:17.450+0000][2748.711s][info ][gc,metaspace] GC(124) Metaspace: 181275K(182592K)->181275K(182592K) NonClass: 159120K(159808K)->159120K(159808K) Class: 22155K(22784K)->22155K(22784K)
[2025-01-18T12:52:17.450+0000][2748.711s][info ][gc          ] GC(124) Pause Young (Normal) (G1 Evacuation Pause) 270M->185M(305M) 7.066ms
[2025-01-18T12:52:17.451+0000][2748.711s][info ][gc,cpu      ] GC(124) User=0.00s Sys=0.01s Real=0.01s
[2025-01-18T12:52:17.451+0000][2748.711s][info ][safepoint   ] Safepoint "G1CollectForAllocation", Time since last: 65509223573 ns, Reaching safepoint: 569793 ns, Cleanup: 7705 ns, At safepoint: 7647363 ns, Total: 8224861 ns
[2025-01-18T12:52:23.452+0000][2754.713s][debug][safepoint   ] Safepoint synchronization initiated using futex wait barrier. (195 threads)
[2025-01-18T12:52:23.453+0000][2754.713s][info ][safepoint   ] Safepoint "Cleanup", Time since last: 6001478817 ns, Reaching safepoint: 578844 ns, Cleanup: 33746 ns, At safepoint: 9959 ns, Total: 622549 ns
[2025-01-18T12:53:23.567+0000][2814.829s][debug][safepoint   ] Safepoint synchronization initiated using futex wait barrier. (195 threads)
[2025-01-18T12:53:23.567+0000][2814.830s][info ][safepoint   ] Safepoint "Cleanup", Time since last: 60115991937 ns, Reaching safepoint: 515536 ns, Cleanup: 19488 ns, At safepoint: 10881 ns, Total: 545905 ns
[2025-01-18T12:53:28.833+0000][2820.096s][debug][safepoint   ] Safepoint synchronization initiated using futex wait barrier. (195 threads)
[2025-01-18T12:53:28.834+0000][2820.096s][info ][gc,start    ] GC(125) Pause Young (Normal) (G1 Evacuation Pause)
[2025-01-18T12:53:28.834+0000][2820.097s][info ][gc,task     ] GC(125) Using 10 workers of 10 for evacuation
[2025-01-18T12:53:28.837+0000][2820.100s][info ][gc,phases   ] GC(125)   Pre Evacuate Collection Set: 0.2ms
[2025-01-18T12:53:28.838+0000][2820.100s][info ][gc,phases   ] GC(125)   Merge Heap Roots: 0.2ms
[2025-01-18T12:53:28.838+0000][2820.100s][info ][gc,phases   ] GC(125)   Evacuate Collection Set: 1.2ms
[2025-01-18T12:53:28.838+0000][2820.100s][info ][gc,phases   ] GC(125)   Post Evacuate Collection Set: 1.2ms
[2025-01-18T12:53:28.838+0000][2820.101s][info ][gc,phases   ] GC(125)   Other: 0.6ms
[2025-01-18T12:53:28.838+0000][2820.101s][info ][gc,heap     ] GC(125) Eden regions: 85->0(85)
[2025-01-18T12:53:28.838+0000][2820.101s][info ][gc,heap     ] GC(125) Survivor regions: 1->1(11)
[2025-01-18T12:53:28.838+0000][2820.101s][info ][gc,heap     ] GC(125) Old regions: 183->183
[2025-01-18T12:53:28.839+0000][2820.101s][info ][gc,heap     ] GC(125) Archive regions: 2->2
[2025-01-18T12:53:28.839+0000][2820.101s][info ][gc,heap     ] GC(125) Humongous regions: 2->2
[2025-01-18T12:53:28.839+0000][2820.101s][info ][gc,metaspace] GC(125) Metaspace: 181279K(182592K)->181279K(182592K) NonClass: 159124K(159808K)->159124K(159808K) Class: 22155K(22784K)->22155K(22784K)
[2025-01-18T12:53:28.839+0000][2820.102s][info ][gc          ] GC(125) Pause Young (Normal) (G1 Evacuation Pause) 270M->185M(305M) 5.168ms
[2025-01-18T12:53:28.839+0000][2820.102s][info ][gc,cpu      ] GC(125) User=0.01s Sys=0.00s Real=0.01s
[2025-01-18T12:53:28.839+0000][2820.102s][info ][safepoint   ] Safepoint "G1CollectForAllocation", Time since last: 5265860740 ns, Reaching safepoint: 612889 ns, Cleanup: 4429 ns, At safepoint: 5604354 ns, Total: 6221672 ns
[2025-01-18T12:54:21.619+0000][2872.884s][debug][safepoint   ] Safepoint synchronization initiated using futex wait barrier. (195 threads)
[2025-01-18T12:54:21.619+0000][2872.884s][info ][safepoint   ] Safepoint "Cleanup", Time since last: 52781703026 ns, Reaching safepoint: 316919 ns, Cleanup: 11111 ns, At safepoint: 4549 ns, Total: 332579 ns
[2025-01-18T12:54:40.218+0000][2891.483s][debug][safepoint   ] Safepoint synchronization initiated using futex wait barrier. (195 threads)
[2025-01-18T12:54:40.219+0000][2891.484s][info ][gc,start    ] GC(126) Pause Young (Normal) (G1 Evacuation Pause)
[2025-01-18T12:54:40.219+0000][2891.484s][info ][gc,task     ] GC(126) Using 10 workers of 10 for evacuation
[2025-01-18T12:54:40.222+0000][2891.487s][info ][gc,phases   ] GC(126)   Pre Evacuate Collection Set: 0.3ms
[2025-01-18T12:54:40.222+0000][2891.487s][info ][gc,phases   ] GC(126)   Merge Heap Roots: 0.2ms
[2025-01-18T12:54:40.222+0000][2891.487s][info ][gc,phases   ] GC(126)   Evacuate Collection Set: 1.1ms
[2025-01-18T12:54:40.223+0000][2891.487s][info ][gc,phases   ] GC(126)   Post Evacuate Collection Set: 1.1ms
[2025-01-18T12:54:40.223+0000][2891.488s][info ][gc,phases   ] GC(126)   Other: 0.6ms
[2025-01-18T12:54:40.223+0000][2891.488s][info ][gc,heap     ] GC(126) Eden regions: 85->0(85)
[2025-01-18T12:54:40.223+0000][2891.488s][info ][gc,heap     ] GC(126) Survivor regions: 1->1(11)
[2025-01-18T12:54:40.223+0000][2891.488s][info ][gc,heap     ] GC(126) Old regions: 183->183
[2025-01-18T12:54:40.223+0000][2891.488s][info ][gc,heap     ] GC(126) Archive regions: 2->2
[2025-01-18T12:54:40.224+0000][2891.488s][info ][gc,heap     ] GC(126) Humongous regions: 2->2
[2025-01-18T12:54:40.224+0000][2891.489s][info ][gc,metaspace] GC(126) Metaspace: 181279K(182592K)->181279K(182592K) NonClass: 159124K(159808K)->159124K(159808K) Class: 22155K(22784K)->22155K(22784K)
[2025-01-18T12:54:40.224+0000][2891.489s][info ][gc          ] GC(126) Pause Young (Normal) (G1 Evacuation Pause) 270M->185M(305M) 5.362ms
[2025-01-18T12:54:40.224+0000][2891.489s][info ][gc,cpu      ] GC(126) User=0.00s Sys=0.01s Real=0.01s
[2025-01-18T12:54:40.224+0000][2891.489s][info ][safepoint   ] Safepoint "G1CollectForAllocation", Time since last: 18599046955 ns, Reaching safepoint: 381143 ns, Cleanup: 5070 ns, At safepoint: 5806573 ns, Total: 6192786 ns
[2025-01-18T12:55:01.228+0000][2912.494s][debug][safepoint   ] Safepoint synchronization initiated using futex wait barrier. (195 threads)
[2025-01-18T12:55:01.228+0000][2912.494s][info ][safepoint   ] Safepoint "Cleanup", Time since last: 21004570291 ns, Reaching safepoint: 510226 ns, Cleanup: 32313 ns, At safepoint: 9078 ns, Total: 551617 ns
[2025-01-18T12:55:51.590+0000][2962.859s][debug][safepoint   ] Safepoint synchronization initiated using futex wait barrier. (195 threads)
[2025-01-18T12:55:51.591+0000][2962.860s][info ][gc,start    ] GC(127) Pause Young (Normal) (G1 Evacuation Pause)
[2025-01-18T12:55:51.591+0000][2962.860s][info ][gc,task     ] GC(127) Using 10 workers of 10 for evacuation
[2025-01-18T12:55:51.594+0000][2962.863s][info ][gc,phases   ] GC(127)   Pre Evacuate Collection Set: 0.2ms
[2025-01-18T12:55:51.595+0000][2962.864s][info ][gc,phases   ] GC(127)   Merge Heap Roots: 0.2ms
[2025-01-18T12:55:51.595+0000][2962.864s][info ][gc,phases   ] GC(127)   Evacuate Collection Set: 1.0ms
[2025-01-18T12:55:51.595+0000][2962.864s][info ][gc,phases   ] GC(127)   Post Evacuate Collection Set: 1.1ms
[2025-01-18T12:55:51.595+0000][2962.864s][info ][gc,phases   ] GC(127)   Other: 0.9ms
[2025-01-18T12:55:51.595+0000][2962.864s][info ][gc,heap     ] GC(127) Eden regions: 85->0(85)
[2025-01-18T12:55:51.596+0000][2962.865s][info ][gc,heap     ] GC(127) Survivor regions: 1->1(11)
[2025-01-18T12:55:51.596+0000][2962.865s][info ][gc,heap     ] GC(127) Old regions: 183->183
[2025-01-18T12:55:51.596+0000][2962.865s][info ][gc,heap     ] GC(127) Archive regions: 2->2
[2025-01-18T12:55:51.596+0000][2962.865s][info ][gc,heap     ] GC(127) Humongous regions: 2->2
[2025-01-18T12:55:51.596+0000][2962.865s][info ][gc,metaspace] GC(127) Metaspace: 181279K(182592K)->181279K(182592K) NonClass: 159124K(159808K)->159124K(159808K) Class: 22155K(22784K)->22155K(22784K)
[2025-01-18T12:55:51.596+0000][2962.865s][info ][gc          ] GC(127) Pause Young (Normal) (G1 Evacuation Pause) 270M->185M(305M) 5.514ms
[2025-01-18T12:55:51.597+0000][2962.866s][info ][gc,cpu      ] GC(127) User=0.00s Sys=0.01s Real=0.00s
[2025-01-18T12:55:51.597+0000][2962.866s][info ][safepoint   ] Safepoint "G1CollectForAllocation", Time since last: 50364711527 ns, Reaching safepoint: 675911 ns, Cleanup: 9158 ns, At safepoint: 6042925 ns, Total: 6727994 ns
[2025-01-18T12:56:23.604+0000][2994.874s][debug][safepoint   ] Safepoint synchronization initiated using futex wait barrier. (195 threads)
[2025-01-18T12:56:23.604+0000][2994.874s][info ][safepoint   ] Safepoint "Cleanup", Time since last: 32007665438 ns, Reaching safepoint: 419482 ns, Cleanup: 28005 ns, At safepoint: 11663 ns, Total: 459150 ns
[2025-01-18T12:57:02.790+0000][3034.061s][debug][safepoint   ] Safepoint synchronization initiated using futex wait barrier. (195 threads)
[2025-01-18T12:57:02.791+0000][3034.062s][info ][gc,start    ] GC(128) Pause Young (Normal) (G1 Evacuation Pause)
[2025-01-18T12:57:02.791+0000][3034.062s][info ][gc,task     ] GC(128) Using 10 workers of 10 for evacuation
[2025-01-18T12:57:02.795+0000][3034.066s][info ][gc,phases   ] GC(128)   Pre Evacuate Collection Set: 0.3ms
[2025-01-18T12:57:02.796+0000][3034.067s][info ][gc,phases   ] GC(128)   Merge Heap Roots: 0.2ms
[2025-01-18T12:57:02.796+0000][3034.067s][info ][gc,phases   ] GC(128)   Evacuate Collection Set: 1.3ms
[2025-01-18T12:57:02.796+0000][3034.067s][info ][gc,phases   ] GC(128)   Post Evacuate Collection Set: 1.5ms
[2025-01-18T12:57:02.797+0000][3034.068s][info ][gc,phases   ] GC(128)   Other: 0.8ms
[2025-01-18T12:57:02.797+0000][3034.068s][info ][gc,heap     ] GC(128) Eden regions: 85->0(85)
[2025-01-18T12:57:02.797+0000][3034.069s][info ][gc,heap     ] GC(128) Survivor regions: 1->1(11)
[2025-01-18T12:57:02.798+0000][3034.069s][info ][gc,heap     ] GC(128) Old regions: 183->183
[2025-01-18T12:57:02.798+0000][3034.069s][info ][gc,heap     ] GC(128) Archive regions: 2->2
[2025-01-18T12:57:02.798+0000][3034.069s][info ][gc,heap     ] GC(128) Humongous regions: 2->2
[2025-01-18T12:57:02.799+0000][3034.070s][info ][gc,metaspace] GC(128) Metaspace: 181285K(182592K)->181285K(182592K) NonClass: 159129K(159808K)->159129K(159808K) Class: 22155K(22784K)->22155K(22784K)
[2025-01-18T12:57:02.799+0000][3034.070s][info ][gc          ] GC(128) Pause Young (Normal) (G1 Evacuation Pause) 270M->185M(305M) 8.459ms
[2025-01-18T12:57:02.800+0000][3034.071s][info ][gc,cpu      ] GC(128) User=0.01s Sys=0.00s Real=0.01s
[2025-01-18T12:57:02.800+0000][3034.071s][info ][safepoint   ] Safepoint "G1CollectForAllocation", Time since last: 39187179239 ns, Reaching safepoint: 565714 ns, Cleanup: 7825 ns, At safepoint: 9479451 ns, Total: 10052990 ns
[2025-01-18T12:58:03.813+0000][3095.087s][debug][safepoint   ] Safepoint synchronization initiated using futex wait barrier. (195 threads)
[2025-01-18T12:58:03.814+0000][3095.087s][info ][safepoint   ] Safepoint "Cleanup", Time since last: 61015296015 ns, Reaching safepoint: 892041 ns, Cleanup: 15240 ns, At safepoint: 9328 ns, Total: 916609 ns
[2025-01-18T12:58:14.255+0000][3105.530s][debug][safepoint   ] Safepoint synchronization initiated using futex wait barrier. (195 threads)
[2025-01-18T12:58:14.255+0000][3105.531s][info ][gc,start    ] GC(129) Pause Young (Normal) (G1 Evacuation Pause)
[2025-01-18T12:58:14.256+0000][3105.531s][info ][gc,task     ] GC(129) Using 10 workers of 10 for evacuation
[2025-01-18T12:58:14.259+0000][3105.534s][info ][gc,phases   ] GC(129)   Pre Evacuate Collection Set: 0.3ms
[2025-01-18T12:58:14.259+0000][3105.534s][info ][gc,phases   ] GC(129)   Merge Heap Roots: 0.2ms
[2025-01-18T12:58:14.259+0000][3105.534s][info ][gc,phases   ] GC(129)   Evacuate Collection Set: 1.1ms
[2025-01-18T12:58:14.259+0000][3105.535s][info ][gc,phases   ] GC(129)   Post Evacuate Collection Set: 1.1ms
[2025-01-18T12:58:14.259+0000][3105.535s][info ][gc,phases   ] GC(129)   Other: 0.5ms
[2025-01-18T12:58:14.260+0000][3105.535s][info ][gc,heap     ] GC(129) Eden regions: 85->0(85)
[2025-01-18T12:58:14.260+0000][3105.535s][info ][gc,heap     ] GC(129) Survivor regions: 1->1(11)
[2025-01-18T12:58:14.260+0000][3105.535s][info ][gc,heap     ] GC(129) Old regions: 183->183
[2025-01-18T12:58:14.260+0000][3105.535s][info ][gc,heap     ] GC(129) Archive regions: 2->2
[2025-01-18T12:58:14.260+0000][3105.536s][info ][gc,heap     ] GC(129) Humongous regions: 2->2
[2025-01-18T12:58:14.260+0000][3105.536s][info ][gc,metaspace] GC(129) Metaspace: 181285K(182592K)->181285K(182592K) NonClass: 159130K(159808K)->159130K(159808K) Class: 22155K(22784K)->22155K(22784K)
[2025-01-18T12:58:14.261+0000][3105.536s][info ][gc          ] GC(129) Pause Young (Normal) (G1 Evacuation Pause) 270M->185M(305M) 5.358ms
[2025-01-18T12:58:14.261+0000][3105.536s][info ][gc,cpu      ] GC(129) User=0.00s Sys=0.01s Real=0.00s
[2025-01-18T12:58:14.261+0000][3105.537s][info ][safepoint   ] Safepoint "G1CollectForAllocation", Time since last: 10442719662 ns, Reaching safepoint: 462573 ns, Cleanup: 5461 ns, At safepoint: 5905233 ns, Total: 6373267 ns
[2025-01-18T12:59:25.288+0000][3176.566s][debug][safepoint   ] Safepoint synchronization initiated using futex wait barrier. (195 threads)
[2025-01-18T12:59:25.289+0000][3176.566s][info ][gc,start    ] GC(130) Pause Young (Normal) (G1 Evacuation Pause)
[2025-01-18T12:59:25.289+0000][3176.566s][info ][gc,task     ] GC(130) Using 10 workers of 10 for evacuation
[2025-01-18T12:59:25.292+0000][3176.569s][info ][gc,phases   ] GC(130)   Pre Evacuate Collection Set: 0.2ms
[2025-01-18T12:59:25.292+0000][3176.570s][info ][gc,phases   ] GC(130)   Merge Heap Roots: 0.2ms
[2025-01-18T12:59:25.293+0000][3176.570s][info ][gc,phases   ] GC(130)   Evacuate Collection Set: 1.2ms
[2025-01-18T12:59:25.293+0000][3176.570s][info ][gc,phases   ] GC(130)   Post Evacuate Collection Set: 1.2ms
[2025-01-18T12:59:25.293+0000][3176.570s][info ][gc,phases   ] GC(130)   Other: 0.5ms
[2025-01-18T12:59:25.293+0000][3176.570s][info ][gc,heap     ] GC(130) Eden regions: 85->0(85)
[2025-01-18T12:59:25.293+0000][3176.571s][info ][gc,heap     ] GC(130) Survivor regions: 1->1(11)
[2025-01-18T12:59:25.294+0000][3176.571s][info ][gc,heap     ] GC(130) Old regions: 183->183
[2025-01-18T12:59:25.294+0000][3176.571s][info ][gc,heap     ] GC(130) Archive regions: 2->2
[2025-01-18T12:59:25.294+0000][3176.571s][info ][gc,heap     ] GC(130) Humongous regions: 2->2
[2025-01-18T12:59:25.294+0000][3176.571s][info ][gc,metaspace] GC(130) Metaspace: 181287K(182592K)->181287K(182592K) NonClass: 159131K(159808K)->159131K(159808K) Class: 22155K(22784K)->22155K(22784K)
[2025-01-18T12:59:25.294+0000][3176.572s][info ][gc          ] GC(130) Pause Young (Normal) (G1 Evacuation Pause) 270M->185M(305M) 5.506ms
[2025-01-18T12:59:25.295+0000][3176.572s][info ][gc,cpu      ] GC(130) User=0.01s Sys=0.01s Real=0.01s
[2025-01-18T12:59:25.295+0000][3176.572s][info ][safepoint   ] Safepoint "G1CollectForAllocation", Time since last: 71029212679 ns, Reaching safepoint: 294666 ns, Cleanup: 25540 ns, At safepoint: 6066743 ns, Total: 6386949 ns
[2025-01-18T13:00:23.928+0000][3235.209s][debug][safepoint   ] Safepoint synchronization initiated using futex wait barrier. (195 threads)
[2025-01-18T13:00:23.929+0000][3235.209s][info ][safepoint   ] Safepoint "Cleanup", Time since last: 58636475736 ns, Reaching safepoint: 622435 ns, Cleanup: 37123 ns, At safepoint: 8917 ns, Total: 668475 ns
[2025-01-18T13:00:36.721+0000][3248.001s][debug][safepoint   ] Safepoint synchronization initiated using futex wait barrier. (195 threads)
[2025-01-18T13:00:36.722+0000][3248.002s][info ][gc,start    ] GC(131) Pause Young (Normal) (G1 Evacuation Pause)
[2025-01-18T13:00:36.722+0000][3248.003s][info ][gc,task     ] GC(131) Using 10 workers of 10 for evacuation
[2025-01-18T13:00:36.725+0000][3248.005s][info ][gc,phases   ] GC(131)   Pre Evacuate Collection Set: 0.3ms
[2025-01-18T13:00:36.725+0000][3248.006s][info ][gc,phases   ] GC(131)   Merge Heap Roots: 0.2ms
[2025-01-18T13:00:36.725+0000][3248.006s][info ][gc,phases   ] GC(131)   Evacuate Collection Set: 1.0ms
[2025-01-18T13:00:36.725+0000][3248.006s][info ][gc,phases   ] GC(131)   Post Evacuate Collection Set: 1.1ms
[2025-01-18T13:00:36.726+0000][3248.006s][info ][gc,phases   ] GC(131)   Other: 0.7ms
[2025-01-18T13:00:36.726+0000][3248.007s][info ][gc,heap     ] GC(131) Eden regions: 85->0(85)
[2025-01-18T13:00:36.726+0000][3248.007s][info ][gc,heap     ] GC(131) Survivor regions: 1->1(11)
[2025-01-18T13:00:36.726+0000][3248.007s][info ][gc,heap     ] GC(131) Old regions: 183->183
[2025-01-18T13:00:36.726+0000][3248.007s][info ][gc,heap     ] GC(131) Archive regions: 2->2
[2025-01-18T13:00:36.727+0000][3248.007s][info ][gc,heap     ] GC(131) Humongous regions: 2->2
[2025-01-18T13:00:36.727+0000][3248.007s][info ][gc,metaspace] GC(131) Metaspace: 181295K(182592K)->181295K(182592K) NonClass: 159139K(159808K)->159139K(159808K) Class: 22155K(22784K)->22155K(22784K)
[2025-01-18T13:00:36.727+0000][3248.008s][info ][gc          ] GC(131) Pause Young (Normal) (G1 Evacuation Pause) 270M->185M(305M) 5.432ms
[2025-01-18T13:00:36.727+0000][3248.008s][info ][gc,cpu      ] GC(131) User=0.00s Sys=0.00s Real=0.00s
[2025-01-18T13:00:36.727+0000][3248.008s][info ][safepoint   ] Safepoint "G1CollectForAllocation", Time since last: 12792200676 ns, Reaching safepoint: 628851 ns, Cleanup: 9608 ns, At safepoint: 5878878 ns, Total: 6517337 ns
[2025-01-18T13:01:03.735+0000][3275.016s][debug][safepoint   ] Safepoint synchronization initiated using futex wait barrier. (195 threads)
[2025-01-18T13:01:03.736+0000][3275.017s][info ][safepoint   ] Safepoint "Cleanup", Time since last: 27008334852 ns, Reaching safepoint: 803409 ns, Cleanup: 19638 ns, At safepoint: 117590 ns, Total: 940637 ns
[2025-01-18T13:01:06.737+0000][3278.019s][debug][safepoint   ] Safepoint synchronization initiated using futex wait barrier. (195 threads)
[2025-01-18T13:01:06.738+0000][3278.019s][info ][safepoint   ] Safepoint "Cleanup", Time since last: 3001779109 ns, Reaching safepoint: 368853 ns, Cleanup: 19899 ns, At safepoint: 11402 ns, Total: 400154 ns
[2025-01-18T13:01:48.149+0000][3319.433s][debug][safepoint   ] Safepoint synchronization initiated using futex wait barrier. (195 threads)
[2025-01-18T13:01:48.149+0000][3319.433s][info ][gc,start    ] GC(132) Pause Young (Normal) (G1 Evacuation Pause)
[2025-01-18T13:01:48.149+0000][3319.433s][info ][gc,task     ] GC(132) Using 10 workers of 10 for evacuation
[2025-01-18T13:01:48.153+0000][3319.437s][info ][gc,phases   ] GC(132)   Pre Evacuate Collection Set: 0.4ms
[2025-01-18T13:01:48.153+0000][3319.437s][info ][gc,phases   ] GC(132)   Merge Heap Roots: 0.2ms
[2025-01-18T13:01:48.153+0000][3319.437s][info ][gc,phases   ] GC(132)   Evacuate Collection Set: 1.3ms
[2025-01-18T13:01:48.153+0000][3319.438s][info ][gc,phases   ] GC(132)   Post Evacuate Collection Set: 1.2ms
[2025-01-18T13:01:48.154+0000][3319.438s][info ][gc,phases   ] GC(132)   Other: 0.5ms
[2025-01-18T13:01:48.154+0000][3319.438s][info ][gc,heap     ] GC(132) Eden regions: 85->0(85)
[2025-01-18T13:01:48.154+0000][3319.438s][info ][gc,heap     ] GC(132) Survivor regions: 1->1(11)
[2025-01-18T13:01:48.155+0000][3319.439s][info ][gc,heap     ] GC(132) Old regions: 183->183
[2025-01-18T13:01:48.155+0000][3319.439s][info ][gc,heap     ] GC(132) Archive regions: 2->2
[2025-01-18T13:01:48.155+0000][3319.440s][info ][gc,heap     ] GC(132) Humongous regions: 2->2
[2025-01-18T13:01:48.156+0000][3319.440s][info ][gc,metaspace] GC(132) Metaspace: 181297K(182592K)->181297K(182592K) NonClass: 159141K(159808K)->159141K(159808K) Class: 22155K(22784K)->22155K(22784K)
[2025-01-18T13:01:48.156+0000][3319.440s][info ][gc          ] GC(132) Pause Young (Normal) (G1 Evacuation Pause) 270M->185M(305M) 6.835ms
[2025-01-18T13:01:48.156+0000][3319.440s][info ][gc,cpu      ] GC(132) User=0.01s Sys=0.00s Real=0.01s
[2025-01-18T13:01:48.157+0000][3319.441s][info ][safepoint   ] Safepoint "G1CollectForAllocation", Time since last: 41413307057 ns, Reaching safepoint: 351255 ns, Cleanup: 6713 ns, At safepoint: 7661125 ns, Total: 8019093 ns
[2025-01-18T13:01:49.158+0000][3320.442s][debug][safepoint   ] Safepoint synchronization initiated using futex wait barrier. (195 threads)
[2025-01-18T13:01:49.158+0000][3320.443s][info ][safepoint   ] Safepoint "Cleanup", Time since last: 1000799278 ns, Reaching safepoint: 733036 ns, Cleanup: 133967 ns, At safepoint: 31009 ns, Total: 898012 ns
[2025-01-18T13:02:04.162+0000][3335.446s][debug][safepoint   ] Safepoint synchronization initiated using futex wait barrier. (195 threads)
[2025-01-18T13:02:04.163+0000][3335.447s][info ][safepoint   ] Safepoint "Cleanup", Time since last: 15003985743 ns, Reaching safepoint: 588445 ns, Cleanup: 14548 ns, At safepoint: 4689 ns, Total: 607682 ns
[2025-01-18T13:02:24.167+0000][3355.452s][debug][safepoint   ] Safepoint synchronization initiated using futex wait barrier. (195 threads)
[2025-01-18T13:02:24.167+0000][3355.452s][info ][safepoint   ] Safepoint "Cleanup", Time since last: 20004550520 ns, Reaching safepoint: 610323 ns, Cleanup: 14208 ns, At safepoint: 4859 ns, Total: 629390 ns
[2025-01-18T13:02:59.657+0000][3390.943s][debug][safepoint   ] Safepoint synchronization initiated using futex wait barrier. (195 threads)
[2025-01-18T13:02:59.658+0000][3390.944s][info ][gc,start    ] GC(133) Pause Young (Normal) (G1 Evacuation Pause)
[2025-01-18T13:02:59.658+0000][3390.944s][info ][gc,task     ] GC(133) Using 10 workers of 10 for evacuation
[2025-01-18T13:02:59.661+0000][3390.947s][info ][gc,phases   ] GC(133)   Pre Evacuate Collection Set: 0.2ms
[2025-01-18T13:02:59.661+0000][3390.947s][info ][gc,phases   ] GC(133)   Merge Heap Roots: 0.2ms
[2025-01-18T13:02:59.661+0000][3390.947s][info ][gc,phases   ] GC(133)   Evacuate Collection Set: 1.0ms
[2025-01-18T13:02:59.661+0000][3390.948s][info ][gc,phases   ] GC(133)   Post Evacuate Collection Set: 1.1ms
[2025-01-18T13:02:59.661+0000][3390.948s][info ][gc,phases   ] GC(133)   Other: 0.5ms
[2025-01-18T13:02:59.662+0000][3390.948s][info ][gc,heap     ] GC(133) Eden regions: 85->0(85)
[2025-01-18T13:02:59.662+0000][3390.948s][info ][gc,heap     ] GC(133) Survivor regions: 1->1(11)
[2025-01-18T13:02:59.662+0000][3390.948s][info ][gc,heap     ] GC(133) Old regions: 183->183
[2025-01-18T13:02:59.662+0000][3390.948s][info ][gc,heap     ] GC(133) Archive regions: 2->2
[2025-01-18T13:02:59.662+0000][3390.948s][info ][gc,heap     ] GC(133) Humongous regions: 2->2
[2025-01-18T13:02:59.662+0000][3390.949s][info ][gc,metaspace] GC(133) Metaspace: 181301K(182592K)->181301K(182592K) NonClass: 159145K(159808K)->159145K(159808K) Class: 22155K(22784K)->22155K(22784K)
[2025-01-18T13:02:59.663+0000][3390.949s][info ][gc          ] GC(133) Pause Young (Normal) (G1 Evacuation Pause) 270M->185M(305M) 4.850ms
[2025-01-18T13:02:59.663+0000][3390.949s][info ][gc,cpu      ] GC(133) User=0.01s Sys=0.00s Real=0.01s
[2025-01-18T13:02:59.663+0000][3390.949s][info ][safepoint   ] Safepoint "G1CollectForAllocation", Time since last: 35491131927 ns, Reaching safepoint: 450172 ns, Cleanup: 4779 ns, At safepoint: 5315636 ns, Total: 5770587 ns
[2025-01-18T13:04:10.955+0000][3462.244s][debug][safepoint   ] Safepoint synchronization initiated using futex wait barrier. (195 threads)
[2025-01-18T13:04:10.956+0000][3462.245s][info ][gc,start    ] GC(134) Pause Young (Normal) (G1 Evacuation Pause)
[2025-01-18T13:04:10.956+0000][3462.245s][info ][gc,task     ] GC(134) Using 10 workers of 10 for evacuation
[2025-01-18T13:04:10.960+0000][3462.249s][info ][gc,phases   ] GC(134)   Pre Evacuate Collection Set: 0.3ms
[2025-01-18T13:04:10.961+0000][3462.250s][info ][gc,phases   ] GC(134)   Merge Heap Roots: 0.2ms
[2025-01-18T13:04:10.961+0000][3462.250s][info ][gc,phases   ] GC(134)   Evacuate Collection Set: 1.7ms
[2025-01-18T13:04:10.961+0000][3462.250s][info ][gc,phases   ] GC(134)   Post Evacuate Collection Set: 1.4ms
[2025-01-18T13:04:10.961+0000][3462.250s][info ][gc,phases   ] GC(134)   Other: 0.8ms
[2025-01-18T13:04:10.961+0000][3462.250s][info ][gc,heap     ] GC(134) Eden regions: 85->0(85)
[2025-01-18T13:04:10.962+0000][3462.251s][info ][gc,heap     ] GC(134) Survivor regions: 1->1(11)
[2025-01-18T13:04:10.962+0000][3462.251s][info ][gc,heap     ] GC(134) Old regions: 183->183
[2025-01-18T13:04:10.962+0000][3462.251s][info ][gc,heap     ] GC(134) Archive regions: 2->2
[2025-01-18T13:04:10.962+0000][3462.251s][info ][gc,heap     ] GC(134) Humongous regions: 2->2
[2025-01-18T13:04:10.962+0000][3462.252s][info ][gc,metaspace] GC(134) Metaspace: 181301K(182592K)->181301K(182592K) NonClass: 159145K(159808K)->159145K(159808K) Class: 22155K(22784K)->22155K(22784K)
[2025-01-18T13:04:10.963+0000][3462.252s][info ][gc          ] GC(134) Pause Young (Normal) (G1 Evacuation Pause) 270M->185M(305M) 7.183ms
[2025-01-18T13:04:10.963+0000][3462.252s][info ][gc,cpu      ] GC(134) User=0.01s Sys=0.02s Real=0.01s
[2025-01-18T13:04:10.963+0000][3462.252s][info ][safepoint   ] Safepoint "G1CollectForAllocation", Time since last: 71294646715 ns, Reaching safepoint: 784832 ns, Cleanup: 10691 ns, At safepoint: 7683632 ns, Total: 8479155 ns
[2025-01-18T13:04:12.963+0000][3464.253s][debug][safepoint   ] Safepoint synchronization initiated using futex wait barrier. (195 threads)
[2025-01-18T13:04:12.964+0000][3464.254s][info ][safepoint   ] Safepoint "Cleanup", Time since last: 2000801567 ns, Reaching safepoint: 758271 ns, Cleanup: 73433 ns, At safepoint: 23937 ns, Total: 855641 ns
[2025-01-18T13:04:13.964+0000][3465.254s][debug][safepoint   ] Safepoint synchronization initiated using futex wait barrier. (195 threads)
[2025-01-18T13:04:13.965+0000][3465.255s][info ][safepoint   ] Safepoint "Cleanup", Time since last: 1000531401 ns, Reaching safepoint: 589732 ns, Cleanup: 12364 ns, At safepoint: 4839 ns, Total: 606935 ns
[2025-01-18T13:04:14.965+0000][3466.256s][debug][safepoint   ] Safepoint synchronization initiated using futex wait barrier. (195 threads)
[2025-01-18T13:04:14.966+0000][3466.257s][info ][safepoint   ] Safepoint "Cleanup", Time since last: 1000673600 ns, Reaching safepoint: 765766 ns, Cleanup: 17694 ns, At safepoint: 10420 ns, Total: 793880 ns
[2025-01-18T13:04:15.967+0000][3467.257s][debug][safepoint   ] Safepoint synchronization initiated using futex wait barrier. (195 threads)
[2025-01-18T13:04:15.967+0000][3467.258s][info ][safepoint   ] Safepoint "Cleanup", Time since last: 1000667702 ns, Reaching safepoint: 424629 ns, Cleanup: 14077 ns, At safepoint: 8477 ns, Total: 447183 ns
[2025-01-18T13:04:21.969+0000][3473.260s][debug][safepoint   ] Safepoint synchronization initiated using futex wait barrier. (195 threads)
[2025-01-18T13:04:21.970+0000][3473.261s][info ][safepoint   ] Safepoint "Cleanup", Time since last: 6002148506 ns, Reaching safepoint: 780985 ns, Cleanup: 19609 ns, At safepoint: 8156 ns, Total: 808750 ns
[2025-01-18T13:05:22.400+0000][3533.693s][debug][safepoint   ] Safepoint synchronization initiated using futex wait barrier. (195 threads)
[2025-01-18T13:05:22.401+0000][3533.693s][info ][gc,start    ] GC(135) Pause Young (Normal) (G1 Evacuation Pause)
[2025-01-18T13:05:22.401+0000][3533.694s][info ][gc,task     ] GC(135) Using 10 workers of 10 for evacuation
[2025-01-18T13:05:22.404+0000][3533.697s][info ][gc,phases   ] GC(135)   Pre Evacuate Collection Set: 0.3ms
[2025-01-18T13:05:22.404+0000][3533.697s][info ][gc,phases   ] GC(135)   Merge Heap Roots: 0.2ms
[2025-01-18T13:05:22.405+0000][3533.697s][info ][gc,phases   ] GC(135)   Evacuate Collection Set: 1.1ms
[2025-01-18T13:05:22.405+0000][3533.698s][info ][gc,phases   ] GC(135)   Post Evacuate Collection Set: 1.1ms
[2025-01-18T13:05:22.405+0000][3533.698s][info ][gc,phases   ] GC(135)   Other: 0.6ms
[2025-01-18T13:05:22.405+0000][3533.698s][info ][gc,heap     ] GC(135) Eden regions: 85->0(85)
[2025-01-18T13:05:22.405+0000][3533.698s][info ][gc,heap     ] GC(135) Survivor regions: 1->1(11)
[2025-01-18T13:05:22.406+0000][3533.698s][info ][gc,heap     ] GC(135) Old regions: 183->183
[2025-01-18T13:05:22.406+0000][3533.699s][info ][gc,heap     ] GC(135) Archive regions: 2->2
[2025-01-18T13:05:22.406+0000][3533.699s][info ][gc,heap     ] GC(135) Humongous regions: 2->2
[2025-01-18T13:05:22.406+0000][3533.699s][info ][gc,metaspace] GC(135) Metaspace: 181301K(182592K)->181301K(182592K) NonClass: 159145K(159808K)->159145K(159808K) Class: 22155K(22784K)->22155K(22784K)
[2025-01-18T13:05:22.407+0000][3533.699s][info ][gc          ] GC(135) Pause Young (Normal) (G1 Evacuation Pause) 270M->185M(305M) 5.846ms
[2025-01-18T13:05:22.407+0000][3533.700s][info ][gc,cpu      ] GC(135) User=0.01s Sys=0.01s Real=0.01s
[2025-01-18T13:05:22.407+0000][3533.700s][info ][safepoint   ] Safepoint "G1CollectForAllocation", Time since last: 60432107579 ns, Reaching safepoint: 675590 ns, Cleanup: 9909 ns, At safepoint: 6418147 ns, Total: 7103646 ns
[2025-01-18T13:05:29.409+0000][3540.702s][debug][safepoint   ] Safepoint synchronization initiated using futex wait barrier. (197 threads)
[2025-01-18T13:05:29.410+0000][3540.702s][info ][safepoint   ] Safepoint "Cleanup", Time since last: 7001996671 ns, Reaching safepoint: 640370 ns, Cleanup: 40189 ns, At safepoint: 9458 ns, Total: 690017 ns
[2025-01-18T13:05:47.269+0000][3558.563s][debug][safepoint   ] Safepoint synchronization initiated using futex wait barrier. (197 threads)
[2025-01-18T13:05:47.269+0000][3558.563s][info ][safepoint   ] Safepoint "Cleanup", Time since last: 17860080370 ns, Reaching safepoint: 430316 ns, Cleanup: 12394 ns, At safepoint: 5530 ns, Total: 448240 ns
[2025-01-18T13:06:04.274+0000][3575.568s][debug][safepoint   ] Safepoint synchronization initiated using futex wait barrier. (197 threads)
[2025-01-18T13:06:04.275+0000][3575.569s][info ][safepoint   ] Safepoint "Cleanup", Time since last: 17004966203 ns, Reaching safepoint: 1075150 ns, Cleanup: 34628 ns, At safepoint: 10550 ns, Total: 1120328 ns
[2025-01-18T13:06:12.276+0000][3583.572s][debug][safepoint   ] Safepoint synchronization initiated using futex wait barrier. (197 threads)
[2025-01-18T13:06:12.277+0000][3583.572s][info ][safepoint   ] Safepoint "Cleanup", Time since last: 8002412195 ns, Reaching safepoint: 570781 ns, Cleanup: 35800 ns, At safepoint: 15750 ns, Total: 622331 ns
[2025-01-18T13:06:24.281+0000][3595.576s][debug][safepoint   ] Safepoint synchronization initiated using futex wait barrier. (197 threads)
[2025-01-18T13:06:24.281+0000][3595.577s][info ][safepoint   ] Safepoint "Cleanup", Time since last: 12003659444 ns, Reaching safepoint: 778250 ns, Cleanup: 19768 ns, At safepoint: 5281 ns, Total: 803299 ns
[2025-01-18T13:06:32.604+0000][3603.899s][debug][safepoint   ] Safepoint synchronization initiated using futex wait barrier. (197 threads)
[2025-01-18T13:06:32.605+0000][3603.900s][info ][gc,start    ] GC(136) Pause Young (Normal) (G1 Evacuation Pause)
[2025-01-18T13:06:32.605+0000][3603.900s][info ][gc,task     ] GC(136) Using 10 workers of 10 for evacuation
[2025-01-18T13:06:32.609+0000][3603.905s][info ][gc,phases   ] GC(136)   Pre Evacuate Collection Set: 0.4ms
[2025-01-18T13:06:32.610+0000][3603.905s][info ][gc,phases   ] GC(136)   Merge Heap Roots: 0.2ms
[2025-01-18T13:06:32.610+0000][3603.905s][info ][gc,phases   ] GC(136)   Evacuate Collection Set: 1.5ms
[2025-01-18T13:06:32.610+0000][3603.906s][info ][gc,phases   ] GC(136)   Post Evacuate Collection Set: 1.7ms
[2025-01-18T13:06:32.610+0000][3603.906s][info ][gc,phases   ] GC(136)   Other: 0.9ms
[2025-01-18T13:06:32.611+0000][3603.906s][info ][gc,heap     ] GC(136) Eden regions: 85->0(84)
[2025-01-18T13:06:32.611+0000][3603.906s][info ][gc,heap     ] GC(136) Survivor regions: 1->1(11)
[2025-01-18T13:06:32.611+0000][3603.906s][info ][gc,heap     ] GC(136) Old regions: 183->183
[2025-01-18T13:06:32.611+0000][3603.906s][info ][gc,heap     ] GC(136) Archive regions: 2->2
[2025-01-18T13:06:32.611+0000][3603.907s][info ][gc,heap     ] GC(136) Humongous regions: 2->2
[2025-01-18T13:06:32.612+0000][3603.907s][info ][gc,metaspace] GC(136) Metaspace: 181330K(182592K)->181330K(182592K) NonClass: 159174K(159808K)->159174K(159808K) Class: 22155K(22784K)->22155K(22784K)
[2025-01-18T13:06:32.612+0000][3603.907s][info ][gc          ] GC(136) Pause Young (Normal) (G1 Evacuation Pause) 270M->186M(305M) 7.015ms
[2025-01-18T13:06:32.612+0000][3603.907s][info ][gc,cpu      ] GC(136) User=0.01s Sys=0.00s Real=0.00s
[2025-01-18T13:06:32.612+0000][3603.908s][info ][safepoint   ] Safepoint "G1CollectForAllocation", Time since last: 8322791902 ns, Reaching safepoint: 655884 ns, Cleanup: 5821 ns, At safepoint: 7446607 ns, Total: 8108312 ns
[2025-01-18T13:07:13.618+0000][3644.916s][debug][safepoint   ] Safepoint synchronization initiated using futex wait barrier. (195 threads)
[2025-01-18T13:07:13.619+0000][3644.917s][info ][safepoint   ] Safepoint "Cleanup", Time since last: 41008981023 ns, Reaching safepoint: 759463 ns, Cleanup: 52943 ns, At safepoint: 12304 ns, Total: 824710 ns
[2025-01-18T13:07:42.238+0000][3673.537s][debug][safepoint   ] Safepoint synchronization initiated using futex wait barrier. (195 threads)
[2025-01-18T13:07:42.239+0000][3673.538s][info ][gc,start    ] GC(137) Pause Young (Normal) (G1 Evacuation Pause)
[2025-01-18T13:07:42.239+0000][3673.538s][info ][gc,task     ] GC(137) Using 10 workers of 10 for evacuation
[2025-01-18T13:07:42.243+0000][3673.542s][info ][gc,phases   ] GC(137)   Pre Evacuate Collection Set: 0.3ms
[2025-01-18T13:07:42.243+0000][3673.542s][info ][gc,phases   ] GC(137)   Merge Heap Roots: 0.2ms
[2025-01-18T13:07:42.243+0000][3673.542s][info ][gc,phases   ] GC(137)   Evacuate Collection Set: 1.3ms
[2025-01-18T13:07:42.244+0000][3673.542s][info ][gc,phases   ] GC(137)   Post Evacuate Collection Set: 1.4ms
[2025-01-18T13:07:42.244+0000][3673.543s][info ][gc,phases   ] GC(137)   Other: 0.6ms
[2025-01-18T13:07:42.244+0000][3673.543s][info ][gc,heap     ] GC(137) Eden regions: 84->0(85)
[2025-01-18T13:07:42.244+0000][3673.543s][info ][gc,heap     ] GC(137) Survivor regions: 1->1(11)
[2025-01-18T13:07:42.245+0000][3673.543s][info ][gc,heap     ] GC(137) Old regions: 183->183
[2025-01-18T13:07:42.245+0000][3673.544s][info ][gc,heap     ] GC(137) Archive regions: 2->2
[2025-01-18T13:07:42.245+0000][3673.544s][info ][gc,heap     ] GC(137) Humongous regions: 2->2
[2025-01-18T13:07:42.245+0000][3673.544s][info ][gc,metaspace] GC(137) Metaspace: 181354K(182656K)->181354K(182656K) NonClass: 159194K(159872K)->159194K(159872K) Class: 22159K(22784K)->22159K(22784K)
[2025-01-18T13:07:42.246+0000][3673.544s][info ][gc          ] GC(137) Pause Young (Normal) (G1 Evacuation Pause) 270M->186M(305M) 6.490ms
[2025-01-18T13:07:42.246+0000][3673.545s][info ][gc,cpu      ] GC(137) User=0.01s Sys=0.00s Real=0.01s
[2025-01-18T13:07:42.246+0000][3673.545s][info ][safepoint   ] Safepoint "G1CollectForAllocation", Time since last: 28619794842 ns, Reaching safepoint: 644408 ns, Cleanup: 5501 ns, At safepoint: 7042073 ns, Total: 7691982 ns
[2025-01-18T13:08:53.642+0000][3744.944s][debug][safepoint   ] Safepoint synchronization initiated using futex wait barrier. (195 threads)
[2025-01-18T13:08:53.643+0000][3744.944s][info ][gc,start    ] GC(138) Pause Young (Normal) (G1 Evacuation Pause)
[2025-01-18T13:08:53.643+0000][3744.945s][info ][gc,task     ] GC(138) Using 10 workers of 10 for evacuation
[2025-01-18T13:08:53.647+0000][3744.948s][info ][gc,phases   ] GC(138)   Pre Evacuate Collection Set: 0.3ms
[2025-01-18T13:08:53.647+0000][3744.949s][info ][gc,phases   ] GC(138)   Merge Heap Roots: 0.2ms
[2025-01-18T13:08:53.647+0000][3744.949s][info ][gc,phases   ] GC(138)   Evacuate Collection Set: 1.3ms
[2025-01-18T13:08:53.648+0000][3744.949s][info ][gc,phases   ] GC(138)   Post Evacuate Collection Set: 1.2ms
[2025-01-18T13:08:53.648+0000][3744.949s][info ][gc,phases   ] GC(138)   Other: 0.8ms
[2025-01-18T13:08:53.648+0000][3744.949s][info ][gc,heap     ] GC(138) Eden regions: 85->0(85)
[2025-01-18T13:08:53.648+0000][3744.950s][info ][gc,heap     ] GC(138) Survivor regions: 1->1(11)
[2025-01-18T13:08:53.648+0000][3744.950s][info ][gc,heap     ] GC(138) Old regions: 183->183
[2025-01-18T13:08:53.648+0000][3744.950s][info ][gc,heap     ] GC(138) Archive regions: 2->2
[2025-01-18T13:08:53.649+0000][3744.950s][info ][gc,heap     ] GC(138) Humongous regions: 2->2
[2025-01-18T13:08:53.649+0000][3744.950s][info ][gc,metaspace] GC(138) Metaspace: 181355K(182656K)->181355K(182656K) NonClass: 159196K(159872K)->159196K(159872K) Class: 22159K(22784K)->22159K(22784K)
[2025-01-18T13:08:53.649+0000][3744.950s][info ][gc          ] GC(138) Pause Young (Normal) (G1 Evacuation Pause) 271M->186M(305M) 6.167ms
[2025-01-18T13:08:53.649+0000][3744.951s][info ][gc,cpu      ] GC(138) User=0.01s Sys=0.00s Real=0.01s
[2025-01-18T13:08:53.649+0000][3744.951s][info ][safepoint   ] Safepoint "G1CollectForAllocation", Time since last: 71398920981 ns, Reaching safepoint: 544072 ns, Cleanup: 4669 ns, At safepoint: 6708510 ns, Total: 7257251 ns
[2025-01-18T13:09:14.655+0000][3765.957s][debug][safepoint   ] Safepoint synchronization initiated using futex wait barrier. (195 threads)
[2025-01-18T13:09:14.655+0000][3765.958s][info ][safepoint   ] Safepoint "Cleanup", Time since last: 21006207364 ns, Reaching safepoint: 401032 ns, Cleanup: 45048 ns, At safepoint: 9569 ns, Total: 455649 ns
[2025-01-18T13:09:17.656+0000][3768.959s][debug][safepoint   ] Safepoint synchronization initiated using futex wait barrier. (195 threads)
[2025-01-18T13:09:17.657+0000][3768.959s][info ][safepoint   ] Safepoint "Cleanup", Time since last: 3000998729 ns, Reaching safepoint: 607696 ns, Cleanup: 15751 ns, At safepoint: 8627 ns, Total: 632074 ns
[2025-01-18T13:10:05.107+0000][3816.411s][debug][safepoint   ] Safepoint synchronization initiated using futex wait barrier. (195 threads)
[2025-01-18T13:10:05.108+0000][3816.412s][info ][gc,start    ] GC(139) Pause Young (Normal) (G1 Evacuation Pause)
[2025-01-18T13:10:05.109+0000][3816.413s][info ][gc,task     ] GC(139) Using 10 workers of 10 for evacuation
[2025-01-18T13:10:05.114+0000][3816.418s][info ][gc,phases   ] GC(139)   Pre Evacuate Collection Set: 0.6ms
[2025-01-18T13:10:05.114+0000][3816.418s][info ][gc,phases   ] GC(139)   Merge Heap Roots: 0.2ms
[2025-01-18T13:10:05.114+0000][3816.419s][info ][gc,phases   ] GC(139)   Evacuate Collection Set: 1.7ms
[2025-01-18T13:10:05.115+0000][3816.419s][info ][gc,phases   ] GC(139)   Post Evacuate Collection Set: 1.6ms
[2025-01-18T13:10:05.115+0000][3816.419s][info ][gc,phases   ] GC(139)   Other: 1.5ms
[2025-01-18T13:10:05.115+0000][3816.420s][info ][gc,heap     ] GC(139) Eden regions: 85->0(85)
[2025-01-18T13:10:05.116+0000][3816.420s][info ][gc,heap     ] GC(139) Survivor regions: 1->1(11)
[2025-01-18T13:10:05.116+0000][3816.420s][info ][gc,heap     ] GC(139) Old regions: 183->183
[2025-01-18T13:10:05.116+0000][3816.420s][info ][gc,heap     ] GC(139) Archive regions: 2->2
[2025-01-18T13:10:05.116+0000][3816.420s][info ][gc,heap     ] GC(139) Humongous regions: 2->2
[2025-01-18T13:10:05.116+0000][3816.420s][info ][gc,metaspace] GC(139) Metaspace: 181372K(182656K)->181372K(182656K) NonClass: 159212K(159872K)->159212K(159872K) Class: 22159K(22784K)->22159K(22784K)
[2025-01-18T13:10:05.116+0000][3816.421s][info ][gc          ] GC(139) Pause Young (Normal) (G1 Evacuation Pause) 271M->186M(305M) 8.257ms
[2025-01-18T13:10:05.117+0000][3816.421s][info ][gc,cpu      ] GC(139) User=0.01s Sys=0.01s Real=0.01s
[2025-01-18T13:10:05.117+0000][3816.421s][info ][safepoint   ] Safepoint "G1CollectForAllocation", Time since last: 47451901013 ns, Reaching safepoint: 1054042 ns, Cleanup: 19247 ns, At safepoint: 8909336 ns, Total: 9982625 ns
[2025-01-18T13:10:24.120+0000][3835.426s][debug][safepoint   ] Safepoint synchronization initiated using futex wait barrier. (195 threads)
[2025-01-18T13:10:24.121+0000][3835.426s][info ][safepoint   ] Safepoint "Cleanup", Time since last: 19004537221 ns, Reaching safepoint: 651332 ns, Cleanup: 23085 ns, At safepoint: 12454 ns, Total: 686871 ns
[2025-01-18T13:11:16.501+0000][3887.809s][debug][safepoint   ] Safepoint synchronization initiated using futex wait barrier. (195 threads)
[2025-01-18T13:11:16.502+0000][3887.809s][info ][gc,start    ] GC(140) Pause Young (Normal) (G1 Evacuation Pause)
[2025-01-18T13:11:16.502+0000][3887.810s][info ][gc,task     ] GC(140) Using 10 workers of 10 for evacuation
[2025-01-18T13:11:16.505+0000][3887.813s][info ][gc,phases   ] GC(140)   Pre Evacuate Collection Set: 0.2ms
[2025-01-18T13:11:16.506+0000][3887.813s][info ][gc,phases   ] GC(140)   Merge Heap Roots: 0.2ms
[2025-01-18T13:11:16.506+0000][3887.813s][info ][gc,phases   ] GC(140)   Evacuate Collection Set: 1.2ms
[2025-01-18T13:11:16.506+0000][3887.814s][info ][gc,phases   ] GC(140)   Post Evacuate Collection Set: 1.2ms
[2025-01-18T13:11:16.506+0000][3887.814s][info ][gc,phases   ] GC(140)   Other: 0.7ms
[2025-01-18T13:11:16.506+0000][3887.814s][info ][gc,heap     ] GC(140) Eden regions: 85->0(85)
[2025-01-18T13:11:16.506+0000][3887.814s][info ][gc,heap     ] GC(140) Survivor regions: 1->1(11)
[2025-01-18T13:11:16.507+0000][3887.814s][info ][gc,heap     ] GC(140) Old regions: 183->183
[2025-01-18T13:11:16.507+0000][3887.814s][info ][gc,heap     ] GC(140) Archive regions: 2->2
[2025-01-18T13:11:16.507+0000][3887.815s][info ][gc,heap     ] GC(140) Humongous regions: 2->2
[2025-01-18T13:11:16.507+0000][3887.815s][info ][gc,metaspace] GC(140) Metaspace: 181398K(182656K)->181398K(182656K) NonClass: 159239K(159872K)->159239K(159872K) Class: 22159K(22784K)->22159K(22784K)
[2025-01-18T13:11:16.507+0000][3887.815s][info ][gc          ] GC(140) Pause Young (Normal) (G1 Evacuation Pause) 271M->186M(305M) 5.505ms
[2025-01-18T13:11:16.507+0000][3887.815s][info ][gc,cpu      ] GC(140) User=0.01s Sys=0.00s Real=0.00s
[2025-01-18T13:11:16.508+0000][3887.815s][info ][safepoint   ] Safepoint "G1CollectForAllocation", Time since last: 52382553324 ns, Reaching safepoint: 435701 ns, Cleanup: 6963 ns, At safepoint: 6122852 ns, Total: 6565516 ns
[2025-01-18T13:11:17.509+0000][3888.816s][debug][safepoint   ] Safepoint synchronization initiated using futex wait barrier. (195 threads)
[2025-01-18T13:11:17.509+0000][3888.817s][info ][safepoint   ] Safepoint "Cleanup", Time since last: 1000731596 ns, Reaching safepoint: 674870 ns, Cleanup: 85396 ns, At safepoint: 25280 ns, Total: 785546 ns
[2025-01-18T13:12:23.524+0000][3954.835s][debug][safepoint   ] Safepoint synchronization initiated using futex wait barrier. (195 threads)
[2025-01-18T13:12:23.525+0000][3954.835s][info ][safepoint   ] Safepoint "Cleanup", Time since last: 66017545683 ns, Reaching safepoint: 463926 ns, Cleanup: 14108 ns, At safepoint: 8677 ns, Total: 486711 ns
[2025-01-18T13:12:27.825+0000][3959.135s][debug][safepoint   ] Safepoint synchronization initiated using futex wait barrier. (195 threads)
[2025-01-18T13:12:27.825+0000][3959.136s][info ][gc,start    ] GC(141) Pause Young (Normal) (G1 Evacuation Pause)
[2025-01-18T13:12:27.826+0000][3959.136s][info ][gc,task     ] GC(141) Using 10 workers of 10 for evacuation
[2025-01-18T13:12:27.829+0000][3959.139s][info ][gc,phases   ] GC(141)   Pre Evacuate Collection Set: 0.3ms
[2025-01-18T13:12:27.830+0000][3959.140s][info ][gc,phases   ] GC(141)   Merge Heap Roots: 0.3ms
[2025-01-18T13:12:27.830+0000][3959.140s][info ][gc,phases   ] GC(141)   Evacuate Collection Set: 1.2ms
[2025-01-18T13:12:27.830+0000][3959.140s][info ][gc,phases   ] GC(141)   Post Evacuate Collection Set: 1.4ms
[2025-01-18T13:12:27.830+0000][3959.140s][info ][gc,phases   ] GC(141)   Other: 0.5ms
[2025-01-18T13:12:27.830+0000][3959.141s][info ][gc,heap     ] GC(141) Eden regions: 85->0(85)
[2025-01-18T13:12:27.831+0000][3959.141s][info ][gc,heap     ] GC(141) Survivor regions: 1->1(11)
[2025-01-18T13:12:27.831+0000][3959.141s][info ][gc,heap     ] GC(141) Old regions: 183->183
[2025-01-18T13:12:27.831+0000][3959.141s][info ][gc,heap     ] GC(141) Archive regions: 2->2
[2025-01-18T13:12:27.831+0000][3959.141s][info ][gc,heap     ] GC(141) Humongous regions: 2->2
[2025-01-18T13:12:27.831+0000][3959.142s][info ][gc,metaspace] GC(141) Metaspace: 181398K(182656K)->181398K(182656K) NonClass: 159239K(159872K)->159239K(159872K) Class: 22159K(22784K)->22159K(22784K)
[2025-01-18T13:12:27.832+0000][3959.142s][info ][gc          ] GC(141) Pause Young (Normal) (G1 Evacuation Pause) 271M->186M(305M) 6.300ms
[2025-01-18T13:12:27.832+0000][3959.142s][info ][gc,cpu      ] GC(141) User=0.02s Sys=0.00s Real=0.01s
[2025-01-18T13:12:27.833+0000][3959.143s][info ][safepoint   ] Safepoint "G1CollectForAllocation", Time since last: 4300278426 ns, Reaching safepoint: 373800 ns, Cleanup: 4619 ns, At safepoint: 7360782 ns, Total: 7739201 ns
[2025-01-18T13:13:39.120+0000][4030.433s][debug][safepoint   ] Safepoint synchronization initiated using futex wait barrier. (195 threads)
[2025-01-18T13:13:39.120+0000][4030.433s][info ][gc,start    ] GC(142) Pause Young (Normal) (G1 Evacuation Pause)
[2025-01-18T13:13:39.121+0000][4030.434s][info ][gc,task     ] GC(142) Using 10 workers of 10 for evacuation
[2025-01-18T13:13:39.124+0000][4030.437s][info ][gc,phases   ] GC(142)   Pre Evacuate Collection Set: 0.2ms
[2025-01-18T13:13:39.125+0000][4030.437s][info ][gc,phases   ] GC(142)   Merge Heap Roots: 0.2ms
[2025-01-18T13:13:39.125+0000][4030.438s][info ][gc,phases   ] GC(142)   Evacuate Collection Set: 1.2ms
[2025-01-18T13:13:39.125+0000][4030.438s][info ][gc,phases   ] GC(142)   Post Evacuate Collection Set: 1.3ms
[2025-01-18T13:13:39.125+0000][4030.438s][info ][gc,phases   ] GC(142)   Other: 0.9ms
[2025-01-18T13:13:39.125+0000][4030.438s][info ][gc,heap     ] GC(142) Eden regions: 85->0(85)
[2025-01-18T13:13:39.125+0000][4030.438s][info ][gc,heap     ] GC(142) Survivor regions: 1->1(11)
[2025-01-18T13:13:39.126+0000][4030.438s][info ][gc,heap     ] GC(142) Old regions: 183->183
[2025-01-18T13:13:39.126+0000][4030.438s][info ][gc,heap     ] GC(142) Archive regions: 2->2
[2025-01-18T13:13:39.126+0000][4030.439s][info ][gc,heap     ] GC(142) Humongous regions: 2->2
[2025-01-18T13:13:39.126+0000][4030.439s][info ][gc,metaspace] GC(142) Metaspace: 181398K(182656K)->181398K(182656K) NonClass: 159239K(159872K)->159239K(159872K) Class: 22159K(22784K)->22159K(22784K)
[2025-01-18T13:13:39.126+0000][4030.439s][info ][gc          ] GC(142) Pause Young (Normal) (G1 Evacuation Pause) 271M->186M(305M) 5.727ms
[2025-01-18T13:13:39.126+0000][4030.439s][info ][gc,cpu      ] GC(142) User=0.01s Sys=0.01s Real=0.01s
[2025-01-18T13:13:39.127+0000][4030.439s][info ][safepoint   ] Safepoint "G1CollectForAllocation", Time since last: 71289442477 ns, Reaching safepoint: 667393 ns, Cleanup: 7104 ns, At safepoint: 6162210 ns, Total: 6836707 ns
[2025-01-18T13:14:12.133+0000][4063.448s][debug][safepoint   ] Safepoint synchronization initiated using futex wait barrier. (195 threads)
[2025-01-18T13:14:12.133+0000][4063.449s][info ][safepoint   ] Safepoint "Cleanup", Time since last: 33008272337 ns, Reaching safepoint: 788369 ns, Cleanup: 78313 ns, At safepoint: 24578 ns, Total: 891260 ns
[2025-01-18T13:14:50.642+0000][4101.958s][debug][safepoint   ] Safepoint synchronization initiated using futex wait barrier. (195 threads)
[2025-01-18T13:14:50.642+0000][4101.958s][info ][gc,start    ] GC(143) Pause Young (Normal) (G1 Evacuation Pause)
[2025-01-18T13:14:50.642+0000][4101.959s][info ][gc,task     ] GC(143) Using 10 workers of 10 for evacuation
[2025-01-18T13:14:50.646+0000][4101.962s][info ][gc,phases   ] GC(143)   Pre Evacuate Collection Set: 0.4ms
[2025-01-18T13:14:50.646+0000][4101.963s][info ][gc,phases   ] GC(143)   Merge Heap Roots: 0.3ms
[2025-01-18T13:14:50.647+0000][4101.963s][info ][gc,phases   ] GC(143)   Evacuate Collection Set: 1.2ms
[2025-01-18T13:14:50.647+0000][4101.963s][info ][gc,phases   ] GC(143)   Post Evacuate Collection Set: 1.3ms
[2025-01-18T13:14:50.647+0000][4101.963s][info ][gc,phases   ] GC(143)   Other: 0.8ms
[2025-01-18T13:14:50.647+0000][4101.964s][info ][gc,heap     ] GC(143) Eden regions: 85->0(85)
[2025-01-18T13:14:50.647+0000][4101.964s][info ][gc,heap     ] GC(143) Survivor regions: 1->1(11)
[2025-01-18T13:14:50.648+0000][4101.964s][info ][gc,heap     ] GC(143) Old regions: 183->183
[2025-01-18T13:14:50.648+0000][4101.964s][info ][gc,heap     ] GC(143) Archive regions: 2->2
[2025-01-18T13:14:50.648+0000][4101.964s][info ][gc,heap     ] GC(143) Humongous regions: 2->2
[2025-01-18T13:14:50.648+0000][4101.964s][info ][gc,metaspace] GC(143) Metaspace: 181398K(182656K)->181398K(182656K) NonClass: 159239K(159872K)->159239K(159872K) Class: 22159K(22784K)->22159K(22784K)
[2025-01-18T13:14:50.648+0000][4101.965s][info ][gc          ] GC(143) Pause Young (Normal) (G1 Evacuation Pause) 271M->186M(305M) 6.120ms
[2025-01-18T13:14:50.648+0000][4101.965s][info ][gc,cpu      ] GC(143) User=0.00s Sys=0.01s Real=0.01s
[2025-01-18T13:14:50.649+0000][4101.965s][info ][safepoint   ] Safepoint "G1CollectForAllocation", Time since last: 38509412913 ns, Reaching safepoint: 490727 ns, Cleanup: 5170 ns, At safepoint: 6550853 ns, Total: 7046750 ns
[2025-01-18T13:14:58.651+0000][4109.967s][debug][safepoint   ] Safepoint synchronization initiated using futex wait barrier. (195 threads)
[2025-01-18T13:14:58.651+0000][4109.967s][info ][safepoint   ] Safepoint "Cleanup", Time since last: 8001859388 ns, Reaching safepoint: 471020 ns, Cleanup: 21492 ns, At safepoint: 6603 ns, Total: 499115 ns
[2025-01-18T13:15:11.655+0000][4122.971s][debug][safepoint   ] Safepoint synchronization initiated using futex wait barrier. (195 threads)
[2025-01-18T13:15:11.656+0000][4122.972s][info ][safepoint   ] Safepoint "Cleanup", Time since last: 13003556944 ns, Reaching safepoint: 998465 ns, Cleanup: 32714 ns, At safepoint: 10851 ns, Total: 1042030 ns
[2025-01-18T13:15:51.876+0000][4163.195s][debug][safepoint   ] Safepoint synchronization initiated using futex wait barrier. (195 threads)
[2025-01-18T13:15:51.877+0000][4163.196s][info ][safepoint   ] Safepoint "Cleanup", Time since last: 40223541420 ns, Reaching safepoint: 458406 ns, Cleanup: 15851 ns, At safepoint: 6323 ns, Total: 480580 ns
[2025-01-18T13:16:02.224+0000][4173.543s][debug][safepoint   ] Safepoint synchronization initiated using futex wait barrier. (195 threads)
[2025-01-18T13:16:02.225+0000][4173.544s][info ][gc,start    ] GC(144) Pause Young (Normal) (G1 Evacuation Pause)
[2025-01-18T13:16:02.225+0000][4173.544s][info ][gc,task     ] GC(144) Using 10 workers of 10 for evacuation
[2025-01-18T13:16:02.228+0000][4173.548s][info ][gc,phases   ] GC(144)   Pre Evacuate Collection Set: 0.3ms
[2025-01-18T13:16:02.229+0000][4173.548s][info ][gc,phases   ] GC(144)   Merge Heap Roots: 0.2ms
[2025-01-18T13:16:02.229+0000][4173.548s][info ][gc,phases   ] GC(144)   Evacuate Collection Set: 1.5ms
[2025-01-18T13:16:02.229+0000][4173.548s][info ][gc,phases   ] GC(144)   Post Evacuate Collection Set: 1.2ms
[2025-01-18T13:16:02.229+0000][4173.549s][info ][gc,phases   ] GC(144)   Other: 0.6ms
[2025-01-18T13:16:02.229+0000][4173.549s][info ][gc,heap     ] GC(144) Eden regions: 85->0(85)
[2025-01-18T13:16:02.230+0000][4173.549s][info ][gc,heap     ] GC(144) Survivor regions: 1->1(11)
[2025-01-18T13:16:02.230+0000][4173.549s][info ][gc,heap     ] GC(144) Old regions: 183->183
[2025-01-18T13:16:02.230+0000][4173.549s][info ][gc,heap     ] GC(144) Archive regions: 2->2
[2025-01-18T13:16:02.230+0000][4173.549s][info ][gc,heap     ] GC(144) Humongous regions: 2->2
[2025-01-18T13:16:02.230+0000][4173.549s][info ][gc,metaspace] GC(144) Metaspace: 181398K(182656K)->181398K(182656K) NonClass: 159239K(159872K)->159239K(159872K) Class: 22159K(22784K)->22159K(22784K)
[2025-01-18T13:16:02.230+0000][4173.550s][info ][gc          ] GC(144) Pause Young (Normal) (G1 Evacuation Pause) 271M->186M(305M) 5.709ms
[2025-01-18T13:16:02.231+0000][4173.550s][info ][gc,cpu      ] GC(144) User=0.01s Sys=0.01s Real=0.01s
[2025-01-18T13:16:02.231+0000][4173.550s][info ][safepoint   ] Safepoint "G1CollectForAllocation", Time since last: 10347193000 ns, Reaching safepoint: 706221 ns, Cleanup: 39928 ns, At safepoint: 6130920 ns, Total: 6877069 ns
[2025-01-18T13:17:13.705+0000][4245.028s][debug][safepoint   ] Safepoint synchronization initiated using futex wait barrier. (195 threads)
[2025-01-18T13:17:13.705+0000][4245.028s][info ][gc,start    ] GC(145) Pause Young (Normal) (G1 Evacuation Pause)
[2025-01-18T13:17:13.705+0000][4245.028s][info ][gc,task     ] GC(145) Using 10 workers of 10 for evacuation
[2025-01-18T13:17:13.709+0000][4245.032s][info ][gc,phases   ] GC(145)   Pre Evacuate Collection Set: 0.3ms
[2025-01-18T13:17:13.709+0000][4245.032s][info ][gc,phases   ] GC(145)   Merge Heap Roots: 0.2ms
[2025-01-18T13:17:13.709+0000][4245.032s][info ][gc,phases   ] GC(145)   Evacuate Collection Set: 1.3ms
[2025-01-18T13:17:13.710+0000][4245.033s][info ][gc,phases   ] GC(145)   Post Evacuate Collection Set: 1.3ms
[2025-01-18T13:17:13.710+0000][4245.033s][info ][gc,phases   ] GC(145)   Other: 0.5ms
[2025-01-18T13:17:13.710+0000][4245.033s][info ][gc,heap     ] GC(145) Eden regions: 85->0(85)
[2025-01-18T13:17:13.710+0000][4245.033s][info ][gc,heap     ] GC(145) Survivor regions: 1->1(11)
[2025-01-18T13:17:13.710+0000][4245.033s][info ][gc,heap     ] GC(145) Old regions: 183->183
[2025-01-18T13:17:13.711+0000][4245.034s][info ][gc,heap     ] GC(145) Archive regions: 2->2
[2025-01-18T13:17:13.711+0000][4245.034s][info ][gc,heap     ] GC(145) Humongous regions: 2->2
[2025-01-18T13:17:13.711+0000][4245.034s][info ][gc,metaspace] GC(145) Metaspace: 181404K(182656K)->181404K(182656K) NonClass: 159244K(159872K)->159244K(159872K) Class: 22159K(22784K)->22159K(22784K)
[2025-01-18T13:17:13.711+0000][4245.034s][info ][gc          ] GC(145) Pause Young (Normal) (G1 Evacuation Pause) 271M->186M(305M) 6.116ms
[2025-01-18T13:17:13.712+0000][4245.035s][info ][gc,cpu      ] GC(145) User=0.01s Sys=0.01s Real=0.01s
[2025-01-18T13:17:13.712+0000][4245.035s][info ][safepoint   ] Safepoint "G1CollectForAllocation", Time since last: 71477696665 ns, Reaching safepoint: 369691 ns, Cleanup: 5350 ns, At safepoint: 6961022 ns, Total: 7336063 ns
[2025-01-18T13:17:23.715+0000][4255.038s][debug][safepoint   ] Safepoint synchronization initiated using futex wait barrier. (195 threads)
[2025-01-18T13:17:23.715+0000][4255.038s][info ][safepoint   ] Safepoint "Cleanup", Time since last: 10002740128 ns, Reaching safepoint: 487583 ns, Cleanup: 53605 ns, At safepoint: 23776 ns, Total: 564964 ns
[2025-01-18T13:17:27.717+0000][4259.040s][debug][safepoint   ] Safepoint synchronization initiated using futex wait barrier. (195 threads)
[2025-01-18T13:17:27.718+0000][4259.041s][info ][safepoint   ] Safepoint "Cleanup", Time since last: 4001734067 ns, Reaching safepoint: 758743 ns, Cleanup: 18937 ns, At safepoint: 4719 ns, Total: 782399 ns
[2025-01-18T13:18:25.052+0000][4316.377s][debug][safepoint   ] Safepoint synchronization initiated using futex wait barrier. (195 threads)
[2025-01-18T13:18:25.052+0000][4316.378s][info ][gc,start    ] GC(146) Pause Young (Normal) (G1 Evacuation Pause)
[2025-01-18T13:18:25.053+0000][4316.378s][info ][gc,task     ] GC(146) Using 10 workers of 10 for evacuation
[2025-01-18T13:18:25.057+0000][4316.382s][info ][gc,phases   ] GC(146)   Pre Evacuate Collection Set: 0.4ms
[2025-01-18T13:18:25.057+0000][4316.383s][info ][gc,phases   ] GC(146)   Merge Heap Roots: 0.3ms
[2025-01-18T13:18:25.057+0000][4316.383s][info ][gc,phases   ] GC(146)   Evacuate Collection Set: 1.5ms
[2025-01-18T13:18:25.058+0000][4316.383s][info ][gc,phases   ] GC(146)   Post Evacuate Collection Set: 1.3ms
[2025-01-18T13:18:25.058+0000][4316.383s][info ][gc,phases   ] GC(146)   Other: 0.7ms
[2025-01-18T13:18:25.058+0000][4316.384s][info ][gc,heap     ] GC(146) Eden regions: 85->0(84)
[2025-01-18T13:18:25.058+0000][4316.384s][info ][gc,heap     ] GC(146) Survivor regions: 1->1(11)
[2025-01-18T13:18:25.058+0000][4316.384s][info ][gc,heap     ] GC(146) Old regions: 183->184
[2025-01-18T13:18:25.059+0000][4316.384s][info ][gc,heap     ] GC(146) Archive regions: 2->2
[2025-01-18T13:18:25.059+0000][4316.384s][info ][gc,heap     ] GC(146) Humongous regions: 2->2
[2025-01-18T13:18:25.059+0000][4316.384s][info ][gc,metaspace] GC(146) Metaspace: 181404K(182656K)->181404K(182656K) NonClass: 159245K(159872K)->159245K(159872K) Class: 22159K(22784K)->22159K(22784K)
[2025-01-18T13:18:25.059+0000][4316.385s][info ][gc          ] GC(146) Pause Young (Normal) (G1 Evacuation Pause) 271M->186M(305M) 6.608ms
[2025-01-18T13:18:25.059+0000][4316.385s][info ][gc,cpu      ] GC(146) User=0.01s Sys=0.01s Real=0.01s
[2025-01-18T13:18:25.059+0000][4316.385s][info ][safepoint   ] Safepoint "G1CollectForAllocation", Time since last: 57336504582 ns, Reaching safepoint: 497843 ns, Cleanup: 8136 ns, At safepoint: 7103301 ns, Total: 7609280 ns
[2025-01-18T13:19:22.399+0000][4373.727s][debug][safepoint   ] Safepoint synchronization initiated using futex wait barrier. (195 threads)
[2025-01-18T13:19:22.400+0000][4373.728s][info ][safepoint   ] Safepoint "Cleanup", Time since last: 57342365528 ns, Reaching safepoint: 518057 ns, Cleanup: 27544 ns, At safepoint: 8477 ns, Total: 554078 ns
[2025-01-18T13:19:25.401+0000][4376.729s][debug][safepoint   ] Safepoint synchronization initiated using futex wait barrier. (195 threads)
[2025-01-18T13:19:25.402+0000][4376.730s][info ][safepoint   ] Safepoint "Cleanup", Time since last: 3001338152 ns, Reaching safepoint: 813256 ns, Cleanup: 11723 ns, At safepoint: 4379 ns, Total: 829358 ns
[2025-01-18T13:19:35.562+0000][4386.890s][debug][safepoint   ] Safepoint synchronization initiated using futex wait barrier. (195 threads)
[2025-01-18T13:19:35.562+0000][4386.890s][info ][gc,start    ] GC(147) Pause Young (Normal) (G1 Evacuation Pause)
[2025-01-18T13:19:35.563+0000][4386.891s][info ][gc,task     ] GC(147) Using 10 workers of 10 for evacuation
[2025-01-18T13:19:35.566+0000][4386.894s][info ][gc,phases   ] GC(147)   Pre Evacuate Collection Set: 0.4ms
[2025-01-18T13:19:35.566+0000][4386.894s][info ][gc,phases   ] GC(147)   Merge Heap Roots: 0.2ms
[2025-01-18T13:19:35.566+0000][4386.894s][info ][gc,phases   ] GC(147)   Evacuate Collection Set: 1.2ms
[2025-01-18T13:19:35.566+0000][4386.895s][info ][gc,phases   ] GC(147)   Post Evacuate Collection Set: 1.1ms
[2025-01-18T13:19:35.567+0000][4386.895s][info ][gc,phases   ] GC(147)   Other: 0.7ms
[2025-01-18T13:19:35.567+0000][4386.895s][info ][gc,heap     ] GC(147) Eden regions: 84->0(84)
[2025-01-18T13:19:35.567+0000][4386.895s][info ][gc,heap     ] GC(147) Survivor regions: 1->1(11)
[2025-01-18T13:19:35.567+0000][4386.895s][info ][gc,heap     ] GC(147) Old regions: 184->184
[2025-01-18T13:19:35.567+0000][4386.895s][info ][gc,heap     ] GC(147) Archive regions: 2->2
[2025-01-18T13:19:35.567+0000][4386.895s][info ][gc,heap     ] GC(147) Humongous regions: 2->2
[2025-01-18T13:19:35.568+0000][4386.896s][info ][gc,metaspace] GC(147) Metaspace: 181407K(182656K)->181407K(182656K) NonClass: 159248K(159872K)->159248K(159872K) Class: 22159K(22784K)->22159K(22784K)
[2025-01-18T13:19:35.568+0000][4386.896s][info ][gc          ] GC(147) Pause Young (Normal) (G1 Evacuation Pause) 270M->186M(305M) 5.461ms
[2025-01-18T13:19:35.568+0000][4386.896s][info ][gc,cpu      ] GC(147) User=0.01s Sys=0.01s Real=0.00s
[2025-01-18T13:19:35.568+0000][4386.896s][info ][safepoint   ] Safepoint "G1CollectForAllocation", Time since last: 10159692880 ns, Reaching safepoint: 467865 ns, Cleanup: 6713 ns, At safepoint: 5869920 ns, Total: 6344498 ns
