[2025-01-18T13:23:40.643+0000][0.010s][info][gc] Using G1
[2025-01-18T13:23:40.646+0000][0.012s][info][gc,init] Version: 17.0.13+11-Debian-2deb12u1 (release)
[2025-01-18T13:23:40.646+0000][0.013s][info][gc,init] CPUs: 12 total, 12 available
[2025-01-18T13:23:40.646+0000][0.013s][info][gc,init] Memory: 7627M
[2025-01-18T13:23:40.646+0000][0.013s][info][gc,init] Large Page Support: Disabled
[2025-01-18T13:23:40.646+0000][0.013s][info][gc,init] NUMA Support: Disabled
[2025-01-18T13:23:40.647+0000][0.013s][info][gc,init] Compressed Oops: Enabled (32-bit)
[2025-01-18T13:23:40.647+0000][0.013s][info][gc,init] Heap Region Size: 1M
[2025-01-18T13:23:40.647+0000][0.014s][info][gc,init] Heap Min Capacity: 8M
[2025-01-18T13:23:40.647+0000][0.014s][info][gc,init] Heap Initial Capacity: 120M
[2025-01-18T13:23:40.647+0000][0.014s][info][gc,init] Heap Max Capacity: 1908M
[2025-01-18T13:23:40.647+0000][0.014s][info][gc,init] Pre-touch: Disabled
[2025-01-18T13:23:40.648+0000][0.014s][info][gc,init] Parallel Workers: 10
[2025-01-18T13:23:40.648+0000][0.014s][info][gc,init] Concurrent Workers: 3
[2025-01-18T13:23:40.648+0000][0.014s][info][gc,init] Concurrent Refinement Workers: 10
[2025-01-18T13:23:40.648+0000][0.015s][info][gc,init] Periodic GC: Disabled
[2025-01-18T13:23:40.655+0000][0.022s][info][gc,metaspace] CDS archive(s) mapped at: [0x00007f547f000000-0x00007f547fbc9000-0x00007f547fbc9000), size 12357632, SharedBaseAddress: 0x00007f547f000000, ArchiveRelocationMode: 1.
[2025-01-18T13:23:40.655+0000][0.022s][info][gc,metaspace] Compressed class space mapped at: 0x00007f5480000000-0x00007f54c0000000, reserved size: 1073741824
[2025-01-18T13:23:40.656+0000][0.022s][info][gc,metaspace] Narrow klass base: 0x00007f547f000000, Narrow klass shift: 0, Narrow klass range: 0x100000000
[2025-01-18T13:23:40.661+0000][0.028s][info][cds,heap    ] initialize_from_archived_subgraph java.lang.Module$ArchivedData 0x00007f547f183388 (early)
[2025-01-18T13:23:40.662+0000][0.028s][info][cds,heap    ] initialize_from_archived_subgraph java.util.ImmutableCollections 0x00007f547f070cd8 (early)
[2025-01-18T13:23:40.664+0000][0.031s][info][cds,heap    ] initialize_from_archived_subgraph java.lang.Integer$IntegerCache 0x00007f547f036060 (early)
[2025-01-18T13:23:40.668+0000][0.035s][info][cds,heap    ] initialize_from_archived_subgraph java.lang.module.Configuration 0x00007f547f171308 (early)
[2025-01-18T13:23:40.668+0000][0.035s][info][cds,heap    ] initialize_from_archived_subgraph java.lang.ModuleLayer 0x00007f547f145c58 (early)
[2025-01-18T13:23:40.669+0000][0.036s][info][cds,heap    ] initialize_from_archived_subgraph jdk.internal.loader.ArchivedClassLoaders 0x00007f547f1a79f0 (early)
[2025-01-18T13:23:40.669+0000][0.036s][info][cds,heap    ] initialize_from_archived_subgraph jdk.internal.module.ArchivedBootLayer 0x00007f547f177f48 (early)
[2025-01-18T13:23:40.672+0000][0.039s][info][cds,heap    ] initialize_from_archived_subgraph sun.util.locale.BaseLocale 0x00007f547f26bb10
[2025-01-18T13:23:40.683+0000][0.049s][info][cds,heap    ] initialize_from_archived_subgraph java.util.jar.Attributes$Name 0x00007f547f199468
[2025-01-18T13:23:40.724+0000][0.091s][info][cds,heap    ] initialize_from_archived_subgraph java.lang.Long$LongCache 0x00007f547f01f998
[2025-01-18T13:23:40.832+0000][0.199s][info][cds,heap    ] initialize_from_archived_subgraph java.lang.Character$CharacterCache 0x00007f547f0393e8
[2025-01-18T13:23:41.123+0000][0.490s][debug][safepoint   ] Safepoint synchronization initiated using futex wait barrier. (14 threads)
[2025-01-18T13:23:41.124+0000][0.490s][info ][safepoint   ] Safepoint "ICBufferFull", Time since last: 462711294 ns, Reaching safepoint: 331287 ns, Cleanup: 69425 ns, At safepoint: 2986 ns, Total: 403698 ns
[2025-01-18T13:23:41.343+0000][0.709s][debug][safepoint   ] Safepoint synchronization initiated using futex wait barrier. (14 threads)
[2025-01-18T13:23:41.343+0000][0.710s][info ][gc,start    ] GC(0) Pause Young (Normal) (G1 Evacuation Pause)
[2025-01-18T13:23:41.344+0000][0.710s][info ][gc,task     ] GC(0) Using 2 workers of 10 for evacuation
[2025-01-18T13:23:41.360+0000][0.726s][info ][gc,phases   ] GC(0)   Pre Evacuate Collection Set: 0.1ms
[2025-01-18T13:23:41.360+0000][0.727s][info ][gc,phases   ] GC(0)   Merge Heap Roots: 0.2ms
[2025-01-18T13:23:41.360+0000][0.727s][info ][gc,phases   ] GC(0)   Evacuate Collection Set: 13.1ms
[2025-01-18T13:23:41.361+0000][0.727s][info ][gc,phases   ] GC(0)   Post Evacuate Collection Set: 2.3ms
[2025-01-18T13:23:41.361+0000][0.727s][info ][gc,phases   ] GC(0)   Other: 0.7ms
[2025-01-18T13:23:41.361+0000][0.728s][info ][gc,heap     ] GC(0) Eden regions: 56->0(58)
[2025-01-18T13:23:41.361+0000][0.728s][info ][gc,heap     ] GC(0) Survivor regions: 0->7(7)
[2025-01-18T13:23:41.362+0000][0.728s][info ][gc,heap     ] GC(0) Old regions: 0->2
[2025-01-18T13:23:41.362+0000][0.729s][info ][gc,heap     ] GC(0) Archive regions: 2->2
[2025-01-18T13:23:41.362+0000][0.729s][info ][gc,heap     ] GC(0) Humongous regions: 0->0
[2025-01-18T13:23:41.362+0000][0.729s][info ][gc,metaspace] GC(0) Metaspace: 2485K(2688K)->2485K(2688K) NonClass: 2249K(2368K)->2249K(2368K) Class: 236K(320K)->236K(320K)
[2025-01-18T13:23:41.363+0000][0.729s][info ][gc          ] GC(0) Pause Young (Normal) (G1 Evacuation Pause) 56M->9M(122M) 19.442ms
[2025-01-18T13:23:41.363+0000][0.729s][info ][gc,cpu      ] GC(0) User=0.03s Sys=0.03s Real=0.02s
[2025-01-18T13:23:41.363+0000][0.730s][info ][safepoint   ] Safepoint "G1CollectForAllocation", Time since last: 219118793 ns, Reaching safepoint: 310474 ns, Cleanup: 54666 ns, At safepoint: 20295505 ns, Total: 20660645 ns
[2025-01-18T13:23:41.830+0000][1.198s][debug][safepoint   ] Safepoint synchronization initiated using futex wait barrier. (14 threads)
[2025-01-18T13:23:41.831+0000][1.199s][info ][gc,start    ] GC(1) Pause Young (Normal) (G1 Evacuation Pause)
[2025-01-18T13:23:41.831+0000][1.199s][info ][gc,task     ] GC(1) Using 2 workers of 10 for evacuation
[2025-01-18T13:23:41.844+0000][1.212s][info ][gc,phases   ] GC(1)   Pre Evacuate Collection Set: 0.2ms
[2025-01-18T13:23:41.845+0000][1.213s][info ][gc,phases   ] GC(1)   Merge Heap Roots: 0.1ms
[2025-01-18T13:23:41.845+0000][1.213s][info ][gc,phases   ] GC(1)   Evacuate Collection Set: 10.8ms
[2025-01-18T13:23:41.845+0000][1.213s][info ][gc,phases   ] GC(1)   Post Evacuate Collection Set: 1.9ms
[2025-01-18T13:23:41.845+0000][1.214s][info ][gc,phases   ] GC(1)   Other: 0.6ms
[2025-01-18T13:23:41.846+0000][1.214s][info ][gc,heap     ] GC(1) Eden regions: 58->0(67)
[2025-01-18T13:23:41.846+0000][1.214s][info ][gc,heap     ] GC(1) Survivor regions: 7->2(9)
[2025-01-18T13:23:41.846+0000][1.214s][info ][gc,heap     ] GC(1) Old regions: 2->9
[2025-01-18T13:23:41.846+0000][1.215s][info ][gc,heap     ] GC(1) Archive regions: 2->2
[2025-01-18T13:23:41.847+0000][1.215s][info ][gc,heap     ] GC(1) Humongous regions: 0->0
[2025-01-18T13:23:41.847+0000][1.215s][info ][gc,metaspace] GC(1) Metaspace: 4817K(4992K)->4817K(4992K) NonClass: 4255K(4352K)->4255K(4352K) Class: 562K(640K)->562K(640K)
[2025-01-18T13:23:41.847+0000][1.215s][info ][gc          ] GC(1) Pause Young (Normal) (G1 Evacuation Pause) 67M->11M(122M) 16.381ms
[2025-01-18T13:23:41.847+0000][1.215s][info ][gc,cpu      ] GC(1) User=0.05s Sys=0.01s Real=0.01s
[2025-01-18T13:23:41.847+0000][1.216s][info ][safepoint   ] Safepoint "G1CollectForAllocation", Time since last: 468401871 ns, Reaching safepoint: 370902 ns, Cleanup: 56450 ns, At safepoint: 16845323 ns, Total: 17272675 ns
[2025-01-18T13:23:42.519+0000][1.887s][debug][safepoint   ] Safepoint synchronization initiated using futex wait barrier. (15 threads)
[2025-01-18T13:23:42.520+0000][1.888s][info ][gc,start    ] GC(2) Pause Young (Normal) (G1 Evacuation Pause)
[2025-01-18T13:23:42.520+0000][1.888s][info ][gc,task     ] GC(2) Using 2 workers of 10 for evacuation
[2025-01-18T13:23:42.526+0000][1.895s][info ][gc,phases   ] GC(2)   Pre Evacuate Collection Set: 0.1ms
[2025-01-18T13:23:42.527+0000][1.895s][info ][gc,phases   ] GC(2)   Merge Heap Roots: 0.1ms
[2025-01-18T13:23:42.527+0000][1.895s][info ][gc,phases   ] GC(2)   Evacuate Collection Set: 5.2ms
[2025-01-18T13:23:42.527+0000][1.895s][info ][gc,phases   ] GC(2)   Post Evacuate Collection Set: 0.9ms
[2025-01-18T13:23:42.527+0000][1.896s][info ][gc,phases   ] GC(2)   Other: 0.5ms
[2025-01-18T13:23:42.528+0000][1.896s][info ][gc,heap     ] GC(2) Eden regions: 67->0(68)
[2025-01-18T13:23:42.528+0000][1.896s][info ][gc,heap     ] GC(2) Survivor regions: 2->4(9)
[2025-01-18T13:23:42.528+0000][1.896s][info ][gc,heap     ] GC(2) Old regions: 9->9
[2025-01-18T13:23:42.528+0000][1.897s][info ][gc,heap     ] GC(2) Archive regions: 2->2
[2025-01-18T13:23:42.529+0000][1.897s][info ][gc,heap     ] GC(2) Humongous regions: 0->0
[2025-01-18T13:23:42.529+0000][1.897s][info ][gc,metaspace] GC(2) Metaspace: 7954K(8256K)->7954K(8256K) NonClass: 6956K(7104K)->6956K(7104K) Class: 997K(1152K)->997K(1152K)
[2025-01-18T13:23:42.529+0000][1.897s][info ][gc          ] GC(2) Pause Young (Normal) (G1 Evacuation Pause) 78M->12M(122M) 9.319ms
[2025-01-18T13:23:42.529+0000][1.897s][info ][gc,cpu      ] GC(2) User=0.01s Sys=0.00s Real=0.01s
[2025-01-18T13:23:42.529+0000][1.897s][info ][safepoint   ] Safepoint "G1CollectForAllocation", Time since last: 671596377 ns, Reaching safepoint: 293561 ns, Cleanup: 240077 ns, At safepoint: 9693013 ns, Total: 10226651 ns
[2025-01-18T13:23:42.966+0000][2.334s][debug][safepoint   ] Safepoint synchronization initiated using futex wait barrier. (14 threads)
[2025-01-18T13:23:42.966+0000][2.335s][info ][gc,start    ] GC(3) Pause Young (Normal) (G1 Evacuation Pause)
[2025-01-18T13:23:42.966+0000][2.335s][info ][gc,task     ] GC(3) Using 2 workers of 10 for evacuation
[2025-01-18T13:23:42.973+0000][2.342s][info ][gc,phases   ] GC(3)   Pre Evacuate Collection Set: 0.1ms
[2025-01-18T13:23:42.974+0000][2.342s][info ][gc,phases   ] GC(3)   Merge Heap Roots: 0.2ms
[2025-01-18T13:23:42.974+0000][2.342s][info ][gc,phases   ] GC(3)   Evacuate Collection Set: 5.0ms
[2025-01-18T13:23:42.974+0000][2.343s][info ][gc,phases   ] GC(3)   Post Evacuate Collection Set: 1.4ms
[2025-01-18T13:23:42.975+0000][2.343s][info ][gc,phases   ] GC(3)   Other: 0.4ms
[2025-01-18T13:23:42.975+0000][2.343s][info ][gc,heap     ] GC(3) Eden regions: 68->0(67)
[2025-01-18T13:23:42.975+0000][2.343s][info ][gc,heap     ] GC(3) Survivor regions: 4->5(9)
[2025-01-18T13:23:42.975+0000][2.343s][info ][gc,heap     ] GC(3) Old regions: 9->9
[2025-01-18T13:23:42.975+0000][2.343s][info ][gc,heap     ] GC(3) Archive regions: 2->2
[2025-01-18T13:23:42.975+0000][2.344s][info ][gc,heap     ] GC(3) Humongous regions: 0->0
[2025-01-18T13:23:42.976+0000][2.344s][info ][gc,metaspace] GC(3) Metaspace: 10927K(11264K)->10927K(11264K) NonClass: 9508K(9664K)->9508K(9664K) Class: 1419K(1600K)->1419K(1600K)
[2025-01-18T13:23:42.976+0000][2.344s][info ][gc          ] GC(3) Pause Young (Normal) (G1 Evacuation Pause) 80M->13M(122M) 9.380ms
[2025-01-18T13:23:42.976+0000][2.344s][info ][gc,cpu      ] GC(3) User=0.04s Sys=0.00s Real=0.01s
[2025-01-18T13:23:42.976+0000][2.344s][info ][safepoint   ] Safepoint "G1CollectForAllocation", Time since last: 436729188 ns, Reaching safepoint: 309091 ns, Cleanup: 61960 ns, At safepoint: 9747292 ns, Total: 10118343 ns
[2025-01-18T13:23:43.246+0000][2.615s][debug][safepoint   ] Safepoint synchronization initiated using futex wait barrier. (15 threads)
[2025-01-18T13:23:43.247+0000][2.615s][info ][safepoint   ] Safepoint "ICBufferFull", Time since last: 270334228 ns, Reaching safepoint: 585228 ns, Cleanup: 123430 ns, At safepoint: 86158 ns, Total: 794816 ns
[2025-01-18T13:23:43.459+0000][2.828s][debug][safepoint   ] Safepoint synchronization initiated using futex wait barrier. (16 threads)
[2025-01-18T13:23:43.460+0000][2.828s][info ][gc,start    ] GC(4) Pause Young (Normal) (G1 Evacuation Pause)
[2025-01-18T13:23:43.460+0000][2.829s][info ][gc,task     ] GC(4) Using 4 workers of 10 for evacuation
[2025-01-18T13:23:43.472+0000][2.840s][info ][gc,phases   ] GC(4)   Pre Evacuate Collection Set: 0.1ms
[2025-01-18T13:23:43.472+0000][2.840s][info ][gc,phases   ] GC(4)   Merge Heap Roots: 0.1ms
[2025-01-18T13:23:43.472+0000][2.841s][info ][gc,phases   ] GC(4)   Evacuate Collection Set: 9.3ms
[2025-01-18T13:23:43.472+0000][2.841s][info ][gc,phases   ] GC(4)   Post Evacuate Collection Set: 1.5ms
[2025-01-18T13:23:43.473+0000][2.841s][info ][gc,phases   ] GC(4)   Other: 0.5ms
[2025-01-18T13:23:43.473+0000][2.841s][info ][gc,heap     ] GC(4) Eden regions: 67->0(65)
[2025-01-18T13:23:43.473+0000][2.841s][info ][gc,heap     ] GC(4) Survivor regions: 5->7(9)
[2025-01-18T13:23:43.473+0000][2.842s][info ][gc,heap     ] GC(4) Old regions: 9->9
[2025-01-18T13:23:43.474+0000][2.842s][info ][gc,heap     ] GC(4) Archive regions: 2->2
[2025-01-18T13:23:43.474+0000][2.842s][info ][gc,heap     ] GC(4) Humongous regions: 0->0
[2025-01-18T13:23:43.474+0000][2.842s][info ][gc,metaspace] GC(4) Metaspace: 13065K(13376K)->13065K(13376K) NonClass: 11385K(11584K)->11385K(11584K) Class: 1680K(1792K)->1680K(1792K)
[2025-01-18T13:23:43.474+0000][2.842s][info ][gc          ] GC(4) Pause Young (Normal) (G1 Evacuation Pause) 80M->15M(122M) 14.009ms
[2025-01-18T13:23:43.474+0000][2.843s][info ][gc,cpu      ] GC(4) User=0.04s Sys=0.03s Real=0.01s
[2025-01-18T13:23:43.474+0000][2.843s][info ][safepoint   ] Safepoint "G1CollectForAllocation", Time since last: 212246580 ns, Reaching safepoint: 492570 ns, Cleanup: 126907 ns, At safepoint: 14427779 ns, Total: 15047256 ns
[2025-01-18T13:23:43.672+0000][3.040s][debug][safepoint   ] Safepoint synchronization initiated using futex wait barrier. (16 threads)
[2025-01-18T13:23:43.672+0000][3.041s][info ][gc,start    ] GC(5) Pause Young (Normal) (G1 Evacuation Pause)
[2025-01-18T13:23:43.673+0000][3.041s][info ][gc,task     ] GC(5) Using 4 workers of 10 for evacuation
[2025-01-18T13:23:43.679+0000][3.047s][info ][gc,phases   ] GC(5)   Pre Evacuate Collection Set: 0.1ms
[2025-01-18T13:23:43.680+0000][3.048s][info ][gc,phases   ] GC(5)   Merge Heap Roots: 0.1ms
[2025-01-18T13:23:43.680+0000][3.048s][info ][gc,phases   ] GC(5)   Evacuate Collection Set: 4.9ms
[2025-01-18T13:23:43.680+0000][3.049s][info ][gc,phases   ] GC(5)   Post Evacuate Collection Set: 1.3ms
[2025-01-18T13:23:43.681+0000][3.049s][info ][gc,phases   ] GC(5)   Other: 0.5ms
[2025-01-18T13:23:43.681+0000][3.049s][info ][gc,heap     ] GC(5) Eden regions: 65->0(84)
[2025-01-18T13:23:43.681+0000][3.049s][info ][gc,heap     ] GC(5) Survivor regions: 7->4(9)
[2025-01-18T13:23:43.681+0000][3.050s][info ][gc,heap     ] GC(5) Old regions: 9->12
[2025-01-18T13:23:43.681+0000][3.050s][info ][gc,heap     ] GC(5) Archive regions: 2->2
[2025-01-18T13:23:43.682+0000][3.050s][info ][gc,heap     ] GC(5) Humongous regions: 0->0
[2025-01-18T13:23:43.682+0000][3.050s][info ][gc,metaspace] GC(5) Metaspace: 15103K(15424K)->15103K(15424K) NonClass: 13132K(13312K)->13132K(13312K) Class: 1970K(2112K)->1970K(2112K)
[2025-01-18T13:23:43.682+0000][3.050s][info ][gc          ] GC(5) Pause Young (Normal) (G1 Evacuation Pause) 80M->16M(147M) 9.797ms
[2025-01-18T13:23:43.682+0000][3.051s][info ][gc,cpu      ] GC(5) User=0.04s Sys=0.00s Real=0.01s
[2025-01-18T13:23:43.683+0000][3.051s][info ][safepoint   ] Safepoint "G1CollectForAllocation", Time since last: 197397208 ns, Reaching safepoint: 356634 ns, Cleanup: 50168 ns, At safepoint: 10342398 ns, Total: 10749200 ns
[2025-01-18T13:23:43.825+0000][3.193s][info ][cds,heap    ] initialize_from_archived_subgraph java.lang.Byte$ByteCache 0x00007f547f0395f8
[2025-01-18T13:23:43.826+0000][3.194s][info ][cds,heap    ] initialize_from_archived_subgraph java.lang.Short$ShortCache 0x00007f547f03fce8
[2025-01-18T13:23:43.960+0000][3.328s][debug][safepoint   ] ... found polling page loop exception at pc = 0x00007f54e922eaa5, stub =0x00007f54e8af5400
[2025-01-18T13:23:43.963+0000][3.332s][debug][safepoint   ] Safepoint synchronization initiated using futex wait barrier. (16 threads)
[2025-01-18T13:23:43.965+0000][3.333s][debug][safepoint   ] ... found polling page loop exception at pc = 0x00007f54e918c8bc, stub =0x00007f54e8af5400
[2025-01-18T13:23:43.966+0000][3.334s][info ][gc,start    ] GC(6) Pause Young (Normal) (G1 Evacuation Pause)
[2025-01-18T13:23:43.966+0000][3.335s][info ][gc,task     ] GC(6) Using 4 workers of 10 for evacuation
[2025-01-18T13:23:43.973+0000][3.341s][info ][gc,phases   ] GC(6)   Pre Evacuate Collection Set: 0.2ms
[2025-01-18T13:23:43.973+0000][3.341s][info ][gc,phases   ] GC(6)   Merge Heap Roots: 0.1ms
[2025-01-18T13:23:43.973+0000][3.341s][info ][gc,phases   ] GC(6)   Evacuate Collection Set: 4.0ms
[2025-01-18T13:23:43.973+0000][3.342s][info ][gc,phases   ] GC(6)   Post Evacuate Collection Set: 0.9ms
[2025-01-18T13:23:43.973+0000][3.342s][info ][gc,phases   ] GC(6)   Other: 1.5ms
[2025-01-18T13:23:43.974+0000][3.342s][info ][gc,heap     ] GC(6) Eden regions: 84->0(82)
[2025-01-18T13:23:43.974+0000][3.342s][info ][gc,heap     ] GC(6) Survivor regions: 4->6(11)
[2025-01-18T13:23:43.974+0000][3.342s][info ][gc,heap     ] GC(6) Old regions: 12->12
[2025-01-18T13:23:43.974+0000][3.342s][info ][gc,heap     ] GC(6) Archive regions: 2->2
[2025-01-18T13:23:43.974+0000][3.343s][info ][gc,heap     ] GC(6) Humongous regions: 0->0
[2025-01-18T13:23:43.974+0000][3.343s][info ][gc,metaspace] GC(6) Metaspace: 17388K(17728K)->17388K(17728K) NonClass: 15032K(15232K)->15032K(15232K) Class: 2355K(2496K)->2355K(2496K)
[2025-01-18T13:23:43.975+0000][3.343s][info ][gc          ] GC(6) Pause Young (Normal) (G1 Evacuation Pause) 100M->17M(147M) 8.704ms
[2025-01-18T13:23:43.975+0000][3.343s][info ][gc,cpu      ] GC(6) User=0.03s Sys=0.00s Real=0.01s
[2025-01-18T13:23:43.975+0000][3.343s][info ][safepoint   ] Safepoint "G1CollectForAllocation", Time since last: 280770980 ns, Reaching safepoint: 2248431 ns, Cleanup: 189458 ns, At safepoint: 9214212 ns, Total: 11652101 ns
[2025-01-18T13:23:44.269+0000][3.637s][debug][safepoint   ] Safepoint synchronization initiated using futex wait barrier. (16 threads)
[2025-01-18T13:23:44.269+0000][3.638s][info ][gc,start    ] GC(7) Pause Young (Concurrent Start) (Metadata GC Threshold)
[2025-01-18T13:23:44.270+0000][3.638s][info ][gc,task     ] GC(7) Using 4 workers of 10 for evacuation
[2025-01-18T13:23:44.278+0000][3.646s][info ][gc,phases   ] GC(7)   Pre Evacuate Collection Set: 0.2ms
[2025-01-18T13:23:44.279+0000][3.647s][info ][gc,phases   ] GC(7)   Merge Heap Roots: 0.1ms
[2025-01-18T13:23:44.279+0000][3.647s][info ][gc,phases   ] GC(7)   Evacuate Collection Set: 6.2ms
[2025-01-18T13:23:44.279+0000][3.647s][info ][gc,phases   ] GC(7)   Post Evacuate Collection Set: 1.4ms
[2025-01-18T13:23:44.279+0000][3.648s][info ][gc,phases   ] GC(7)   Other: 0.9ms
[2025-01-18T13:23:44.280+0000][3.648s][info ][gc,heap     ] GC(7) Eden regions: 71->0(80)
[2025-01-18T13:23:44.280+0000][3.648s][info ][gc,heap     ] GC(7) Survivor regions: 6->8(11)
[2025-01-18T13:23:44.280+0000][3.648s][info ][gc,heap     ] GC(7) Old regions: 12->12
[2025-01-18T13:23:44.280+0000][3.649s][info ][gc,heap     ] GC(7) Archive regions: 2->2
[2025-01-18T13:23:44.280+0000][3.649s][info ][gc,heap     ] GC(7) Humongous regions: 0->0
[2025-01-18T13:23:44.281+0000][3.649s][info ][gc,metaspace] GC(7) Metaspace: 21201K(21504K)->21201K(21504K) NonClass: 18433K(18560K)->18433K(18560K) Class: 2767K(2944K)->2767K(2944K)
[2025-01-18T13:23:44.281+0000][3.649s][info ][gc          ] GC(7) Pause Young (Concurrent Start) (Metadata GC Threshold) 88M->20M(147M) 11.487ms
[2025-01-18T13:23:44.281+0000][3.649s][info ][gc,cpu      ] GC(7) User=0.02s Sys=0.02s Real=0.01s
[2025-01-18T13:23:44.282+0000][3.650s][info ][gc          ] GC(8) Concurrent Mark Cycle
[2025-01-18T13:23:44.282+0000][3.650s][info ][safepoint   ] Safepoint "CollectForMetadataAllocation", Time since last: 293642254 ns, Reaching safepoint: 526835 ns, Cleanup: 84825 ns, At safepoint: 12466758 ns, Total: 13078418 ns
[2025-01-18T13:23:44.282+0000][3.651s][info ][gc,marking  ] GC(8) Concurrent Clear Claimed Marks
[2025-01-18T13:23:44.283+0000][3.652s][debug][safepoint   ] Safepoint synchronization initiated using futex wait barrier. (16 threads)
[2025-01-18T13:23:44.284+0000][3.652s][info ][gc,marking  ] GC(8) Concurrent Clear Claimed Marks 1.210ms
[2025-01-18T13:23:44.284+0000][3.652s][info ][gc,marking  ] GC(8) Concurrent Scan Root Regions
[2025-01-18T13:23:44.284+0000][3.652s][info ][safepoint   ] Safepoint "CollectForMetadataAllocation", Time since last: 1586615 ns, Reaching safepoint: 510634 ns, Cleanup: 4448 ns, At safepoint: 68704 ns, Total: 583786 ns
[2025-01-18T13:23:44.289+0000][3.657s][info ][gc,marking  ] GC(8) Concurrent Scan Root Regions 4.590ms
[2025-01-18T13:23:44.289+0000][3.657s][info ][gc,marking  ] GC(8) Concurrent Mark
[2025-01-18T13:23:44.290+0000][3.658s][info ][gc,marking  ] GC(8) Concurrent Mark From Roots
[2025-01-18T13:23:44.290+0000][3.658s][info ][gc,task     ] GC(8) Using 3 workers of 3 for marking
[2025-01-18T13:23:44.299+0000][3.668s][info ][gc,marking  ] GC(8) Concurrent Mark From Roots 9.910ms
[2025-01-18T13:23:44.300+0000][3.668s][info ][gc,marking  ] GC(8) Concurrent Preclean
[2025-01-18T13:23:44.301+0000][3.670s][info ][gc,marking  ] GC(8) Concurrent Preclean 1.154ms
[2025-01-18T13:23:44.302+0000][3.671s][debug][safepoint   ] Safepoint synchronization initiated using futex wait barrier. (16 threads)
[2025-01-18T13:23:44.303+0000][3.672s][info ][gc,start    ] GC(8) Pause Remark
[2025-01-18T13:23:44.307+0000][3.675s][info ][gc          ] GC(8) Pause Remark 21M->21M(80M) 3.682ms
[2025-01-18T13:23:44.307+0000][3.676s][info ][gc,cpu      ] GC(8) User=0.03s Sys=0.00s Real=0.01s
[2025-01-18T13:23:44.308+0000][3.676s][info ][safepoint   ] Safepoint "G1PauseRemark", Time since last: 18540605 ns, Reaching safepoint: 794572 ns, Cleanup: 18947 ns, At safepoint: 4559709 ns, Total: 5373228 ns
[2025-01-18T13:23:44.308+0000][3.677s][info ][gc,marking  ] GC(8) Concurrent Mark 19.172ms
[2025-01-18T13:23:44.309+0000][3.677s][info ][gc,marking  ] GC(8) Concurrent Rebuild Remembered Sets
[2025-01-18T13:23:44.311+0000][3.680s][info ][gc,marking  ] GC(8) Concurrent Rebuild Remembered Sets 2.789ms
[2025-01-18T13:23:44.312+0000][3.680s][debug][safepoint   ] Safepoint synchronization initiated using futex wait barrier. (16 threads)
[2025-01-18T13:23:44.313+0000][3.681s][info ][gc,start    ] GC(8) Pause Cleanup
[2025-01-18T13:23:44.313+0000][3.681s][info ][gc          ] GC(8) Pause Cleanup 23M->23M(80M) 0.532ms
[2025-01-18T13:23:44.314+0000][3.682s][info ][gc,cpu      ] GC(8) User=0.00s Sys=0.00s Real=0.00s
[2025-01-18T13:23:44.314+0000][3.682s][info ][safepoint   ] Safepoint "G1PauseCleanup", Time since last: 4192164 ns, Reaching safepoint: 496876 ns, Cleanup: 6242 ns, At safepoint: 1559594 ns, Total: 2062712 ns
[2025-01-18T13:23:44.315+0000][3.683s][info ][gc,marking  ] GC(8) Concurrent Cleanup for Next Mark
[2025-01-18T13:23:44.316+0000][3.684s][info ][gc,marking  ] GC(8) Concurrent Cleanup for Next Mark 1.062ms
[2025-01-18T13:23:44.316+0000][3.685s][info ][gc          ] GC(8) Concurrent Mark Cycle 34.636ms
[2025-01-18T13:23:44.527+0000][3.895s][debug][safepoint   ] Safepoint synchronization initiated using futex wait barrier. (16 threads)
[2025-01-18T13:23:44.527+0000][3.896s][info ][gc,start    ] GC(9) Pause Young (Prepare Mixed) (G1 Preventive Collection)
[2025-01-18T13:23:44.528+0000][3.896s][info ][gc,task     ] GC(9) Using 4 workers of 10 for evacuation
[2025-01-18T13:23:44.539+0000][3.907s][info ][gc,phases   ] GC(9)   Pre Evacuate Collection Set: 0.1ms
[2025-01-18T13:23:44.539+0000][3.908s][info ][gc,phases   ] GC(9)   Merge Heap Roots: 0.2ms
[2025-01-18T13:23:44.539+0000][3.908s][info ][gc,phases   ] GC(9)   Evacuate Collection Set: 9.3ms
[2025-01-18T13:23:44.540+0000][3.908s][info ][gc,phases   ] GC(9)   Post Evacuate Collection Set: 1.4ms
[2025-01-18T13:23:44.540+0000][3.908s][info ][gc,phases   ] GC(9)   Other: 0.5ms
[2025-01-18T13:23:44.540+0000][3.908s][info ][gc,heap     ] GC(9) Eden regions: 47->0(1)
[2025-01-18T13:23:44.540+0000][3.908s][info ][gc,heap     ] GC(9) Survivor regions: 8->7(11)
[2025-01-18T13:23:44.540+0000][3.909s][info ][gc,heap     ] GC(9) Old regions: 12->16
[2025-01-18T13:23:44.540+0000][3.909s][info ][gc,heap     ] GC(9) Archive regions: 2->2
[2025-01-18T13:23:44.541+0000][3.909s][info ][gc,heap     ] GC(9) Humongous regions: 0->0
[2025-01-18T13:23:44.541+0000][3.909s][info ][gc,metaspace] GC(9) Metaspace: 23189K(23488K)->23189K(23488K) NonClass: 20145K(20288K)->20145K(20288K) Class: 3044K(3200K)->3044K(3200K)
[2025-01-18T13:23:44.541+0000][3.909s][info ][gc          ] GC(9) Pause Young (Prepare Mixed) (G1 Preventive Collection) 67M->21M(80M) 13.526ms
[2025-01-18T13:23:44.541+0000][3.909s][info ][gc,cpu      ] GC(9) User=0.07s Sys=0.00s Real=0.01s
[2025-01-18T13:23:44.541+0000][3.910s][info ][safepoint   ] Safepoint "G1CollectForAllocation", Time since last: 212718152 ns, Reaching safepoint: 506583 ns, Cleanup: 75448 ns, At safepoint: 13934450 ns, Total: 14516481 ns
[2025-01-18T13:23:44.546+0000][3.914s][debug][safepoint   ] Safepoint synchronization initiated using futex wait barrier. (16 threads)
[2025-01-18T13:23:44.546+0000][3.915s][info ][gc,start    ] GC(10) Pause Young (Mixed) (G1 Evacuation Pause)
[2025-01-18T13:23:44.547+0000][3.915s][info ][gc,task     ] GC(10) Using 4 workers of 10 for evacuation
[2025-01-18T13:23:44.552+0000][3.921s][info ][gc,phases   ] GC(10)   Pre Evacuate Collection Set: 0.2ms
[2025-01-18T13:23:44.553+0000][3.921s][info ][gc,phases   ] GC(10)   Merge Heap Roots: 0.2ms
[2025-01-18T13:23:44.553+0000][3.921s][info ][gc,phases   ] GC(10)   Evacuate Collection Set: 3.6ms
[2025-01-18T13:23:44.553+0000][3.921s][info ][gc,phases   ] GC(10)   Post Evacuate Collection Set: 1.1ms
[2025-01-18T13:23:44.553+0000][3.921s][info ][gc,phases   ] GC(10)   Other: 0.9ms
[2025-01-18T13:23:44.553+0000][3.922s][info ][gc,heap     ] GC(10) Eden regions: 1->0(59)
[2025-01-18T13:23:44.553+0000][3.922s][info ][gc,heap     ] GC(10) Survivor regions: 7->1(1)
[2025-01-18T13:23:44.554+0000][3.922s][info ][gc,heap     ] GC(10) Old regions: 16->21
[2025-01-18T13:23:44.554+0000][3.922s][info ][gc,heap     ] GC(10) Archive regions: 2->2
[2025-01-18T13:23:44.554+0000][3.922s][info ][gc,heap     ] GC(10) Humongous regions: 0->0
[2025-01-18T13:23:44.554+0000][3.922s][info ][gc,metaspace] GC(10) Metaspace: 23248K(23552K)->23248K(23552K) NonClass: 20201K(20352K)->20201K(20352K) Class: 3046K(3200K)->3046K(3200K)
[2025-01-18T13:23:44.554+0000][3.923s][info ][gc          ] GC(10) Pause Young (Mixed) (G1 Evacuation Pause) 22M->22M(102M) 7.939ms
[2025-01-18T13:23:44.554+0000][3.923s][info ][gc,cpu      ] GC(10) User=0.04s Sys=0.00s Real=0.01s
[2025-01-18T13:23:44.555+0000][3.923s][info ][safepoint   ] Safepoint "G1CollectForAllocation", Time since last: 4455573 ns, Reaching safepoint: 445252 ns, Cleanup: 19388 ns, At safepoint: 8346738 ns, Total: 8811378 ns
[2025-01-18T13:23:44.966+0000][4.334s][debug][safepoint   ] Safepoint synchronization initiated using futex wait barrier. (15 threads)
[2025-01-18T13:23:44.967+0000][4.335s][info ][gc,start    ] GC(11) Pause Young (Normal) (G1 Evacuation Pause)
[2025-01-18T13:23:44.967+0000][4.335s][info ][gc,task     ] GC(11) Using 3 workers of 10 for evacuation
[2025-01-18T13:23:44.974+0000][4.342s][info ][gc,phases   ] GC(11)   Pre Evacuate Collection Set: 0.2ms
[2025-01-18T13:23:44.974+0000][4.342s][info ][gc,phases   ] GC(11)   Merge Heap Roots: 0.3ms
[2025-01-18T13:23:44.974+0000][4.342s][info ][gc,phases   ] GC(11)   Evacuate Collection Set: 4.8ms
[2025-01-18T13:23:44.974+0000][4.343s][info ][gc,phases   ] GC(11)   Post Evacuate Collection Set: 0.9ms
[2025-01-18T13:23:44.974+0000][4.343s][info ][gc,phases   ] GC(11)   Other: 0.9ms
[2025-01-18T13:23:44.975+0000][4.343s][info ][gc,heap     ] GC(11) Eden regions: 59->0(54)
[2025-01-18T13:23:44.975+0000][4.343s][info ][gc,heap     ] GC(11) Survivor regions: 1->5(8)
[2025-01-18T13:23:44.975+0000][4.343s][info ][gc,heap     ] GC(11) Old regions: 21->21
[2025-01-18T13:23:44.975+0000][4.343s][info ][gc,heap     ] GC(11) Archive regions: 2->2
[2025-01-18T13:23:44.975+0000][4.343s][info ][gc,heap     ] GC(11) Humongous regions: 0->0
[2025-01-18T13:23:44.975+0000][4.343s][info ][gc,metaspace] GC(11) Metaspace: 24518K(24896K)->24518K(24896K) NonClass: 21332K(21504K)->21332K(21504K) Class: 3186K(3392K)->3186K(3392K)
[2025-01-18T13:23:44.975+0000][4.344s][info ][gc          ] GC(11) Pause Young (Normal) (G1 Evacuation Pause) 81M->25M(102M) 8.736ms
[2025-01-18T13:23:44.975+0000][4.344s][info ][gc,cpu      ] GC(11) User=0.05s Sys=0.00s Real=0.01s
[2025-01-18T13:23:44.976+0000][4.344s][info ][safepoint   ] Safepoint "G1CollectForAllocation", Time since last: 411220604 ns, Reaching safepoint: 555569 ns, Cleanup: 170053 ns, At safepoint: 9139422 ns, Total: 9865044 ns
[2025-01-18T13:23:45.099+0000][4.467s][debug][safepoint   ] Safepoint synchronization initiated using futex wait barrier. (15 threads)
[2025-01-18T13:23:45.099+0000][4.468s][info ][gc,start    ] GC(12) Pause Young (Normal) (G1 Evacuation Pause)
[2025-01-18T13:23:45.100+0000][4.468s][info ][gc,task     ] GC(12) Using 2 workers of 10 for evacuation
[2025-01-18T13:23:45.114+0000][4.482s][info ][gc,phases   ] GC(12)   Pre Evacuate Collection Set: 0.2ms
[2025-01-18T13:23:45.114+0000][4.482s][info ][gc,phases   ] GC(12)   Merge Heap Roots: 0.2ms
[2025-01-18T13:23:45.114+0000][4.483s][info ][gc,phases   ] GC(12)   Evacuate Collection Set: 11.5ms
[2025-01-18T13:23:45.115+0000][4.483s][info ][gc,phases   ] GC(12)   Post Evacuate Collection Set: 1.5ms
[2025-01-18T13:23:45.115+0000][4.483s][info ][gc,phases   ] GC(12)   Other: 0.8ms
[2025-01-18T13:23:45.115+0000][4.483s][info ][gc,heap     ] GC(12) Eden regions: 54->0(46)
[2025-01-18T13:23:45.115+0000][4.484s][info ][gc,heap     ] GC(12) Survivor regions: 5->7(8)
[2025-01-18T13:23:45.115+0000][4.484s][info ][gc,heap     ] GC(12) Old regions: 21->25
[2025-01-18T13:23:45.116+0000][4.484s][info ][gc,heap     ] GC(12) Archive regions: 2->2
[2025-01-18T13:23:45.116+0000][4.484s][info ][gc,heap     ] GC(12) Humongous regions: 0->0
[2025-01-18T13:23:45.116+0000][4.484s][info ][gc,metaspace] GC(12) Metaspace: 24550K(24896K)->24550K(24896K) NonClass: 21355K(21504K)->21355K(21504K) Class: 3195K(3392K)->3195K(3392K)
[2025-01-18T13:23:45.116+0000][4.485s][info ][gc          ] GC(12) Pause Young (Normal) (G1 Evacuation Pause) 79M->32M(102M) 16.823ms
[2025-01-18T13:23:45.116+0000][4.485s][info ][gc,cpu      ] GC(12) User=0.07s Sys=0.00s Real=0.01s
[2025-01-18T13:23:45.117+0000][4.485s][info ][safepoint   ] Safepoint "G1CollectForAllocation", Time since last: 123113134 ns, Reaching safepoint: 605436 ns, Cleanup: 43014 ns, At safepoint: 17244807 ns, Total: 17893257 ns
[2025-01-18T13:23:45.224+0000][4.592s][debug][safepoint   ] Safepoint synchronization initiated using futex wait barrier. (15 threads)
[2025-01-18T13:23:45.225+0000][4.593s][info ][gc,start    ] GC(13) Pause Young (Normal) (G1 Evacuation Pause)
[2025-01-18T13:23:45.225+0000][4.593s][info ][gc,task     ] GC(13) Using 2 workers of 10 for evacuation
[2025-01-18T13:23:45.239+0000][4.607s][info ][gc,phases   ] GC(13)   Pre Evacuate Collection Set: 0.1ms
[2025-01-18T13:23:45.239+0000][4.607s][info ][gc,phases   ] GC(13)   Merge Heap Roots: 0.1ms
[2025-01-18T13:23:45.239+0000][4.608s][info ][gc,phases   ] GC(13)   Evacuate Collection Set: 12.1ms
[2025-01-18T13:23:45.240+0000][4.608s][info ][gc,phases   ] GC(13)   Post Evacuate Collection Set: 1.3ms
[2025-01-18T13:23:45.240+0000][4.608s][info ][gc,phases   ] GC(13)   Other: 0.6ms
[2025-01-18T13:23:45.240+0000][4.608s][info ][gc,heap     ] GC(13) Eden regions: 46->0(40)
[2025-01-18T13:23:45.240+0000][4.609s][info ][gc,heap     ] GC(13) Survivor regions: 7->6(7)
[2025-01-18T13:23:45.240+0000][4.609s][info ][gc,heap     ] GC(13) Old regions: 25->32
[2025-01-18T13:23:45.241+0000][4.609s][info ][gc,heap     ] GC(13) Archive regions: 2->2
[2025-01-18T13:23:45.241+0000][4.609s][info ][gc,heap     ] GC(13) Humongous regions: 0->0
[2025-01-18T13:23:45.241+0000][4.609s][info ][gc,metaspace] GC(13) Metaspace: 24591K(24960K)->24591K(24960K) NonClass: 21392K(21568K)->21392K(21568K) Class: 3199K(3392K)->3199K(3392K)
[2025-01-18T13:23:45.241+0000][4.610s][info ][gc          ] GC(13) Pause Young (Normal) (G1 Evacuation Pause) 78M->38M(102M) 16.821ms
[2025-01-18T13:23:45.242+0000][4.610s][info ][gc,cpu      ] GC(13) User=0.09s Sys=0.00s Real=0.02s
[2025-01-18T13:23:45.242+0000][4.610s][info ][safepoint   ] Safepoint "G1CollectForAllocation", Time since last: 107368898 ns, Reaching safepoint: 392910 ns, Cleanup: 28476 ns, At safepoint: 17403067 ns, Total: 17824453 ns
[2025-01-18T13:23:45.441+0000][4.809s][debug][safepoint   ] Safepoint synchronization initiated using futex wait barrier. (15 threads)
[2025-01-18T13:23:45.441+0000][4.810s][info ][gc,start    ] GC(14) Pause Young (Normal) (G1 Evacuation Pause)
[2025-01-18T13:23:45.442+0000][4.810s][info ][gc,task     ] GC(14) Using 2 workers of 10 for evacuation
[2025-01-18T13:23:45.453+0000][4.821s][info ][gc,phases   ] GC(14)   Pre Evacuate Collection Set: 0.1ms
[2025-01-18T13:23:45.453+0000][4.822s][info ][gc,phases   ] GC(14)   Merge Heap Roots: 0.2ms
[2025-01-18T13:23:45.454+0000][4.822s][info ][gc,phases   ] GC(14)   Evacuate Collection Set: 8.0ms
[2025-01-18T13:23:45.454+0000][4.822s][info ][gc,phases   ] GC(14)   Post Evacuate Collection Set: 2.7ms
[2025-01-18T13:23:45.454+0000][4.822s][info ][gc,phases   ] GC(14)   Other: 0.5ms
[2025-01-18T13:23:45.454+0000][4.823s][info ][gc,heap     ] GC(14) Eden regions: 40->0(122)
[2025-01-18T13:23:45.455+0000][4.823s][info ][gc,heap     ] GC(14) Survivor regions: 6->4(6)
[2025-01-18T13:23:45.455+0000][4.823s][info ][gc,heap     ] GC(14) Old regions: 32->38
[2025-01-18T13:23:45.455+0000][4.824s][info ][gc,heap     ] GC(14) Archive regions: 2->2
[2025-01-18T13:23:45.456+0000][4.824s][info ][gc,heap     ] GC(14) Humongous regions: 0->0
[2025-01-18T13:23:45.456+0000][4.824s][info ][gc,metaspace] GC(14) Metaspace: 24719K(25088K)->24719K(25088K) NonClass: 21493K(21696K)->21493K(21696K) Class: 3226K(3392K)->3226K(3392K)
[2025-01-18T13:23:45.456+0000][4.824s][info ][gc          ] GC(14) Pause Young (Normal) (G1 Evacuation Pause) 78M->41M(221M) 14.675ms
[2025-01-18T13:23:45.456+0000][4.825s][info ][gc,cpu      ] GC(14) User=0.05s Sys=0.00s Real=0.01s
[2025-01-18T13:23:45.457+0000][4.825s][info ][safepoint   ] Safepoint "G1CollectForAllocation", Time since last: 198992590 ns, Reaching safepoint: 429582 ns, Cleanup: 48755 ns, At safepoint: 15478845 ns, Total: 15957182 ns
[2025-01-18T13:23:46.161+0000][5.530s][debug][safepoint   ] Safepoint synchronization initiated using futex wait barrier. (15 threads)
[2025-01-18T13:23:46.162+0000][5.530s][info ][safepoint   ] Safepoint "ICBufferFull", Time since last: 704423667 ns, Reaching safepoint: 435875 ns, Cleanup: 179391 ns, At safepoint: 5190 ns, Total: 620456 ns
[2025-01-18T13:23:46.311+0000][5.679s][debug][safepoint   ] Safepoint synchronization initiated using futex wait barrier. (15 threads)
[2025-01-18T13:23:46.312+0000][5.680s][info ][gc,start    ] GC(15) Pause Young (Normal) (G1 Evacuation Pause)
[2025-01-18T13:23:46.312+0000][5.680s][info ][gc,task     ] GC(15) Using 5 workers of 10 for evacuation
[2025-01-18T13:23:46.323+0000][5.691s][info ][gc,phases   ] GC(15)   Pre Evacuate Collection Set: 0.3ms
[2025-01-18T13:23:46.323+0000][5.691s][info ][gc,phases   ] GC(15)   Merge Heap Roots: 0.2ms
[2025-01-18T13:23:46.323+0000][5.691s][info ][gc,phases   ] GC(15)   Evacuate Collection Set: 8.6ms
[2025-01-18T13:23:46.323+0000][5.692s][info ][gc,phases   ] GC(15)   Post Evacuate Collection Set: 1.2ms
[2025-01-18T13:23:46.324+0000][5.692s][info ][gc,phases   ] GC(15)   Other: 0.8ms
[2025-01-18T13:23:46.324+0000][5.692s][info ][gc,heap     ] GC(15) Eden regions: 122->0(113)
[2025-01-18T13:23:46.324+0000][5.692s][info ][gc,heap     ] GC(15) Survivor regions: 4->12(16)
[2025-01-18T13:23:46.324+0000][5.692s][info ][gc,heap     ] GC(15) Old regions: 38->38
[2025-01-18T13:23:46.324+0000][5.693s][info ][gc,heap     ] GC(15) Archive regions: 2->2
[2025-01-18T13:23:46.324+0000][5.693s][info ][gc,heap     ] GC(15) Humongous regions: 0->0
[2025-01-18T13:23:46.325+0000][5.693s][info ][gc,metaspace] GC(15) Metaspace: 25179K(25600K)->25179K(25600K) NonClass: 21914K(22144K)->21914K(22144K) Class: 3265K(3456K)->3265K(3456K)
[2025-01-18T13:23:46.325+0000][5.693s][info ][gc          ] GC(15) Pause Young (Normal) (G1 Evacuation Pause) 163M->50M(221M) 13.158ms
[2025-01-18T13:23:46.325+0000][5.693s][info ][gc,cpu      ] GC(15) User=0.07s Sys=0.00s Real=0.01s
[2025-01-18T13:23:46.325+0000][5.693s][info ][safepoint   ] Safepoint "G1CollectForAllocation", Time since last: 148948689 ns, Reaching safepoint: 570168 ns, Cleanup: 90798 ns, At safepoint: 13579603 ns, Total: 14240569 ns
[2025-01-18T13:23:46.907+0000][6.275s][debug][safepoint   ] Safepoint synchronization initiated using futex wait barrier. (15 threads)
[2025-01-18T13:23:46.907+0000][6.276s][info ][gc,start    ] GC(16) Pause Young (Normal) (G1 Evacuation Pause)
[2025-01-18T13:23:46.908+0000][6.276s][info ][gc,task     ] GC(16) Using 5 workers of 10 for evacuation
[2025-01-18T13:23:46.917+0000][6.285s][info ][gc,phases   ] GC(16)   Pre Evacuate Collection Set: 0.2ms
[2025-01-18T13:23:46.917+0000][6.285s][info ][gc,phases   ] GC(16)   Merge Heap Roots: 0.2ms
[2025-01-18T13:23:46.917+0000][6.286s][info ][gc,phases   ] GC(16)   Evacuate Collection Set: 6.5ms
[2025-01-18T13:23:46.917+0000][6.286s][info ][gc,phases   ] GC(16)   Post Evacuate Collection Set: 1.9ms
[2025-01-18T13:23:46.918+0000][6.286s][info ][gc,phases   ] GC(16)   Other: 0.6ms
[2025-01-18T13:23:46.918+0000][6.286s][info ][gc,heap     ] GC(16) Eden regions: 113->0(113)
[2025-01-18T13:23:46.918+0000][6.286s][info ][gc,heap     ] GC(16) Survivor regions: 12->6(16)
[2025-01-18T13:23:46.918+0000][6.286s][info ][gc,heap     ] GC(16) Old regions: 38->49
[2025-01-18T13:23:46.918+0000][6.287s][info ][gc,heap     ] GC(16) Archive regions: 2->2
[2025-01-18T13:23:46.918+0000][6.287s][info ][gc,heap     ] GC(16) Humongous regions: 0->0
[2025-01-18T13:23:46.919+0000][6.287s][info ][gc,metaspace] GC(16) Metaspace: 25295K(25664K)->25295K(25664K) NonClass: 22014K(22208K)->22014K(22208K) Class: 3281K(3456K)->3281K(3456K)
[2025-01-18T13:23:46.919+0000][6.287s][info ][gc          ] GC(16) Pause Young (Normal) (G1 Evacuation Pause) 163M->55M(221M) 11.547ms
[2025-01-18T13:23:46.919+0000][6.287s][info ][gc,cpu      ] GC(16) User=0.06s Sys=0.01s Real=0.01s
[2025-01-18T13:23:46.919+0000][6.288s][info ][safepoint   ] Safepoint "G1CollectForAllocation", Time since last: 581759524 ns, Reaching safepoint: 406216 ns, Cleanup: 95177 ns, At safepoint: 11961113 ns, Total: 12462506 ns
[2025-01-18T13:23:47.145+0000][6.513s][debug][safepoint   ] Safepoint synchronization initiated using futex wait barrier. (16 threads)
[2025-01-18T13:23:47.146+0000][6.514s][info ][gc,start    ] GC(17) Pause Young (Normal) (G1 Evacuation Pause)
[2025-01-18T13:23:47.146+0000][6.514s][info ][gc,task     ] GC(17) Using 5 workers of 10 for evacuation
[2025-01-18T13:23:47.150+0000][6.518s][info ][gc,phases   ] GC(17)   Pre Evacuate Collection Set: 0.1ms
[2025-01-18T13:23:47.150+0000][6.518s][info ][gc,phases   ] GC(17)   Merge Heap Roots: 0.1ms
[2025-01-18T13:23:47.150+0000][6.519s][info ][gc,phases   ] GC(17)   Evacuate Collection Set: 2.1ms
[2025-01-18T13:23:47.150+0000][6.519s][info ][gc,phases   ] GC(17)   Post Evacuate Collection Set: 1.2ms
[2025-01-18T13:23:47.151+0000][6.519s][info ][gc,phases   ] GC(17)   Other: 0.5ms
[2025-01-18T13:23:47.151+0000][6.519s][info ][gc,heap     ] GC(17) Eden regions: 113->0(119)
[2025-01-18T13:23:47.151+0000][6.519s][info ][gc,heap     ] GC(17) Survivor regions: 6->6(15)
[2025-01-18T13:23:47.151+0000][6.520s][info ][gc,heap     ] GC(17) Old regions: 49->49
[2025-01-18T13:23:47.151+0000][6.520s][info ][gc,heap     ] GC(17) Archive regions: 2->2
[2025-01-18T13:23:47.152+0000][6.520s][info ][gc,heap     ] GC(17) Humongous regions: 0->0
[2025-01-18T13:23:47.152+0000][6.520s][info ][gc,metaspace] GC(17) Metaspace: 26898K(27264K)->26898K(27264K) NonClass: 23493K(23680K)->23493K(23680K) Class: 3404K(3584K)->3404K(3584K)
[2025-01-18T13:23:47.152+0000][6.520s][info ][gc          ] GC(17) Pause Young (Normal) (G1 Evacuation Pause) 168M->55M(221M) 6.556ms
[2025-01-18T13:23:47.152+0000][6.521s][info ][gc,cpu      ] GC(17) User=0.02s Sys=0.00s Real=0.01s
[2025-01-18T13:23:47.152+0000][6.521s][info ][safepoint   ] Safepoint "G1CollectForAllocation", Time since last: 225873298 ns, Reaching safepoint: 288275 ns, Cleanup: 43054 ns, At safepoint: 6993167 ns, Total: 7324496 ns
[2025-01-18T13:23:47.718+0000][7.086s][debug][safepoint   ] Safepoint synchronization initiated using futex wait barrier. (15 threads)
[2025-01-18T13:23:47.719+0000][7.087s][info ][gc,start    ] GC(18) Pause Young (Normal) (G1 Evacuation Pause)
[2025-01-18T13:23:47.719+0000][7.087s][info ][gc,task     ] GC(18) Using 5 workers of 10 for evacuation
[2025-01-18T13:23:47.726+0000][7.094s][info ][gc,phases   ] GC(18)   Pre Evacuate Collection Set: 0.2ms
[2025-01-18T13:23:47.726+0000][7.095s][info ][gc,phases   ] GC(18)   Merge Heap Roots: 0.2ms
[2025-01-18T13:23:47.726+0000][7.095s][info ][gc,phases   ] GC(18)   Evacuate Collection Set: 4.4ms
[2025-01-18T13:23:47.727+0000][7.095s][info ][gc,phases   ] GC(18)   Post Evacuate Collection Set: 1.6ms
[2025-01-18T13:23:47.727+0000][7.095s][info ][gc,phases   ] GC(18)   Other: 0.8ms
[2025-01-18T13:23:47.727+0000][7.095s][info ][gc,heap     ] GC(18) Eden regions: 119->0(121)
[2025-01-18T13:23:47.727+0000][7.096s][info ][gc,heap     ] GC(18) Survivor regions: 6->8(16)
[2025-01-18T13:23:47.728+0000][7.096s][info ][gc,heap     ] GC(18) Old regions: 49->49
[2025-01-18T13:23:47.728+0000][7.096s][info ][gc,heap     ] GC(18) Archive regions: 2->2
[2025-01-18T13:23:47.728+0000][7.096s][info ][gc,heap     ] GC(18) Humongous regions: 0->0
[2025-01-18T13:23:47.728+0000][7.097s][info ][gc,metaspace] GC(18) Metaspace: 31610K(32000K)->31610K(32000K) NonClass: 27679K(27904K)->27679K(27904K) Class: 3930K(4096K)->3930K(4096K)
[2025-01-18T13:23:47.729+0000][7.097s][info ][gc          ] GC(18) Pause Young (Normal) (G1 Evacuation Pause) 174M->57M(221M) 9.839ms
[2025-01-18T13:23:47.729+0000][7.097s][info ][gc,cpu      ] GC(18) User=0.04s Sys=0.00s Real=0.01s
[2025-01-18T13:23:47.729+0000][7.097s][info ][safepoint   ] Safepoint "G1CollectForAllocation", Time since last: 565316539 ns, Reaching safepoint: 692187 ns, Cleanup: 138661 ns, At safepoint: 10339314 ns, Total: 11170162 ns
[2025-01-18T13:23:48.300+0000][7.669s][debug][safepoint   ] Safepoint synchronization initiated using futex wait barrier. (15 threads)
[2025-01-18T13:23:48.301+0000][7.670s][info ][gc,start    ] GC(19) Pause Young (Normal) (G1 Evacuation Pause)
[2025-01-18T13:23:48.302+0000][7.670s][info ][gc,task     ] GC(19) Using 5 workers of 10 for evacuation
[2025-01-18T13:23:48.309+0000][7.677s][info ][gc,phases   ] GC(19)   Pre Evacuate Collection Set: 0.2ms
[2025-01-18T13:23:48.310+0000][7.678s][info ][gc,phases   ] GC(19)   Merge Heap Roots: 0.1ms
[2025-01-18T13:23:48.310+0000][7.678s][info ][gc,phases   ] GC(19)   Evacuate Collection Set: 4.8ms
[2025-01-18T13:23:48.310+0000][7.678s][info ][gc,phases   ] GC(19)   Post Evacuate Collection Set: 1.6ms
[2025-01-18T13:23:48.310+0000][7.679s][info ][gc,phases   ] GC(19)   Other: 1.2ms
[2025-01-18T13:23:48.311+0000][7.679s][info ][gc,heap     ] GC(19) Eden regions: 121->0(123)
[2025-01-18T13:23:48.311+0000][7.679s][info ][gc,heap     ] GC(19) Survivor regions: 8->9(17)
[2025-01-18T13:23:48.311+0000][7.679s][info ][gc,heap     ] GC(19) Old regions: 49->49
[2025-01-18T13:23:48.311+0000][7.679s][info ][gc,heap     ] GC(19) Archive regions: 2->2
[2025-01-18T13:23:48.311+0000][7.680s][info ][gc,heap     ] GC(19) Humongous regions: 0->0
[2025-01-18T13:23:48.312+0000][7.680s][info ][gc,metaspace] GC(19) Metaspace: 34414K(34816K)->34414K(34816K) NonClass: 30149K(30336K)->30149K(30336K) Class: 4265K(4480K)->4265K(4480K)
[2025-01-18T13:23:48.312+0000][7.680s][info ][gc          ] GC(19) Pause Young (Normal) (G1 Evacuation Pause) 178M->58M(221M) 10.576ms
[2025-01-18T13:23:48.312+0000][7.680s][info ][gc,cpu      ] GC(19) User=0.03s Sys=0.01s Real=0.01s
[2025-01-18T13:23:48.312+0000][7.681s][info ][safepoint   ] Safepoint "G1CollectForAllocation", Time since last: 571308571 ns, Reaching safepoint: 617270 ns, Cleanup: 318875 ns, At safepoint: 11203668 ns, Total: 12139813 ns
[2025-01-18T13:23:48.797+0000][8.165s][debug][safepoint   ] ... found polling page loop exception at pc = 0x00007f54e90f5493, stub =0x00007f54e8af5400
[2025-01-18T13:23:48.874+0000][8.243s][debug][safepoint   ] Safepoint synchronization initiated using futex wait barrier. (15 threads)
[2025-01-18T13:23:48.875+0000][8.243s][info ][gc,start    ] GC(20) Pause Young (Concurrent Start) (Metadata GC Threshold)
[2025-01-18T13:23:48.875+0000][8.243s][info ][gc,task     ] GC(20) Using 5 workers of 10 for evacuation
[2025-01-18T13:23:48.881+0000][8.249s][info ][gc,phases   ] GC(20)   Pre Evacuate Collection Set: 0.2ms
[2025-01-18T13:23:48.881+0000][8.249s][info ][gc,phases   ] GC(20)   Merge Heap Roots: 0.1ms
[2025-01-18T13:23:48.881+0000][8.250s][info ][gc,phases   ] GC(20)   Evacuate Collection Set: 3.9ms
[2025-01-18T13:23:48.882+0000][8.250s][info ][gc,phases   ] GC(20)   Post Evacuate Collection Set: 1.3ms
[2025-01-18T13:23:48.882+0000][8.250s][info ][gc,phases   ] GC(20)   Other: 0.5ms
[2025-01-18T13:23:48.882+0000][8.250s][info ][gc,heap     ] GC(20) Eden regions: 110->0(123)
[2025-01-18T13:23:48.882+0000][8.250s][info ][gc,heap     ] GC(20) Survivor regions: 9->9(17)
[2025-01-18T13:23:48.882+0000][8.250s][info ][gc,heap     ] GC(20) Old regions: 49->49
[2025-01-18T13:23:48.882+0000][8.251s][info ][gc,heap     ] GC(20) Archive regions: 2->2
[2025-01-18T13:23:48.882+0000][8.251s][info ][gc,heap     ] GC(20) Humongous regions: 0->0
[2025-01-18T13:23:48.882+0000][8.251s][info ][gc,metaspace] GC(20) Metaspace: 35793K(36160K)->35793K(36160K) NonClass: 31349K(31552K)->31349K(31552K) Class: 4443K(4608K)->4443K(4608K)
[2025-01-18T13:23:48.883+0000][8.251s][info ][gc          ] GC(20) Pause Young (Concurrent Start) (Metadata GC Threshold) 168M->58M(221M) 7.776ms
[2025-01-18T13:23:48.883+0000][8.251s][info ][gc,cpu      ] GC(20) User=0.04s Sys=0.00s Real=0.01s
[2025-01-18T13:23:48.883+0000][8.251s][info ][gc          ] GC(21) Concurrent Mark Cycle
[2025-01-18T13:23:48.883+0000][8.251s][info ][gc,marking  ] GC(21) Concurrent Clear Claimed Marks
[2025-01-18T13:23:48.883+0000][8.251s][info ][safepoint   ] Safepoint "CollectForMetadataAllocation", Time since last: 561944340 ns, Reaching safepoint: 305562 ns, Cleanup: 151166 ns, At safepoint: 8208958 ns, Total: 8665686 ns
[2025-01-18T13:23:48.883+0000][8.252s][info ][gc,marking  ] GC(21) Concurrent Clear Claimed Marks 0.334ms
[2025-01-18T13:23:48.884+0000][8.253s][info ][gc,marking  ] GC(21) Concurrent Scan Root Regions
[2025-01-18T13:23:48.889+0000][8.257s][info ][gc,marking  ] GC(21) Concurrent Scan Root Regions 4.447ms
[2025-01-18T13:23:48.889+0000][8.258s][info ][gc,marking  ] GC(21) Concurrent Mark
[2025-01-18T13:23:48.890+0000][8.258s][info ][gc,marking  ] GC(21) Concurrent Mark From Roots
[2025-01-18T13:23:48.891+0000][8.259s][info ][gc,task     ] GC(21) Using 3 workers of 3 for marking
[2025-01-18T13:23:48.916+0000][8.284s][info ][gc,marking  ] GC(21) Concurrent Mark From Roots 25.646ms
[2025-01-18T13:23:48.916+0000][8.284s][info ][gc,marking  ] GC(21) Concurrent Preclean
[2025-01-18T13:23:48.917+0000][8.285s][info ][gc,marking  ] GC(21) Concurrent Preclean 0.394ms
[2025-01-18T13:23:48.917+0000][8.285s][debug][safepoint   ] Safepoint synchronization initiated using futex wait barrier. (15 threads)
[2025-01-18T13:23:48.917+0000][8.286s][info ][gc,start    ] GC(21) Pause Remark
[2025-01-18T13:23:48.920+0000][8.289s][info ][gc          ] GC(21) Pause Remark 61M->61M(214M) 3.152ms
[2025-01-18T13:23:48.921+0000][8.289s][info ][gc,cpu      ] GC(21) User=0.01s Sys=0.00s Real=0.00s
[2025-01-18T13:23:48.921+0000][8.289s][info ][safepoint   ] Safepoint "G1PauseRemark", Time since last: 33811202 ns, Reaching safepoint: 439431 ns, Cleanup: 12845 ns, At safepoint: 3638401 ns, Total: 4090677 ns
[2025-01-18T13:23:48.921+0000][8.289s][info ][gc,marking  ] GC(21) Concurrent Mark 31.709ms
[2025-01-18T13:23:48.921+0000][8.290s][info ][gc,marking  ] GC(21) Concurrent Rebuild Remembered Sets
[2025-01-18T13:23:48.934+0000][8.302s][info ][gc,marking  ] GC(21) Concurrent Rebuild Remembered Sets 12.113ms
[2025-01-18T13:23:48.934+0000][8.302s][debug][safepoint   ] Safepoint synchronization initiated using futex wait barrier. (15 threads)
[2025-01-18T13:23:48.935+0000][8.303s][debug][safepoint   ] ... found polling page loop exception at pc = 0x00007f54e917c1d1, stub =0x00007f54e8af5400
[2025-01-18T13:23:48.935+0000][8.303s][info ][gc,start    ] GC(21) Pause Cleanup
[2025-01-18T13:23:48.935+0000][8.304s][info ][gc          ] GC(21) Pause Cleanup 63M->63M(214M) 0.360ms
[2025-01-18T13:23:48.935+0000][8.304s][info ][gc,cpu      ] GC(21) User=0.00s Sys=0.00s Real=0.00s
[2025-01-18T13:23:48.936+0000][8.304s][info ][safepoint   ] Safepoint "G1PauseCleanup", Time since last: 13196294 ns, Reaching safepoint: 782464 ns, Cleanup: 22644 ns, At safepoint: 753547 ns, Total: 1558655 ns
[2025-01-18T13:23:48.936+0000][8.304s][info ][gc,marking  ] GC(21) Concurrent Cleanup for Next Mark
[2025-01-18T13:23:48.937+0000][8.306s][info ][gc,marking  ] GC(21) Concurrent Cleanup for Next Mark 1.474ms
[2025-01-18T13:23:48.938+0000][8.307s][info ][gc          ] GC(21) Concurrent Mark Cycle 55.384ms
[2025-01-18T13:23:49.544+0000][8.912s][debug][safepoint   ] Safepoint synchronization initiated using futex wait barrier. (15 threads)
[2025-01-18T13:23:49.545+0000][8.913s][info ][gc,start    ] GC(22) Pause Young (Prepare Mixed) (G1 Evacuation Pause)
[2025-01-18T13:23:49.545+0000][8.913s][info ][gc,task     ] GC(22) Using 5 workers of 10 for evacuation
[2025-01-18T13:23:49.552+0000][8.920s][info ][gc,phases   ] GC(22)   Pre Evacuate Collection Set: 0.2ms
[2025-01-18T13:23:49.553+0000][8.921s][info ][gc,phases   ] GC(22)   Merge Heap Roots: 0.2ms
[2025-01-18T13:23:49.553+0000][8.921s][info ][gc,phases   ] GC(22)   Evacuate Collection Set: 4.9ms
[2025-01-18T13:23:49.553+0000][8.921s][info ][gc,phases   ] GC(22)   Post Evacuate Collection Set: 1.5ms
[2025-01-18T13:23:49.553+0000][8.922s][info ][gc,phases   ] GC(22)   Other: 0.7ms
[2025-01-18T13:23:49.554+0000][8.922s][info ][gc,heap     ] GC(22) Eden regions: 119->0(1)
[2025-01-18T13:23:49.554+0000][8.922s][info ][gc,heap     ] GC(22) Survivor regions: 9->9(16)
[2025-01-18T13:23:49.554+0000][8.922s][info ][gc,heap     ] GC(22) Old regions: 49->49
[2025-01-18T13:23:49.554+0000][8.923s][info ][gc,heap     ] GC(22) Archive regions: 2->2
[2025-01-18T13:23:49.554+0000][8.923s][info ][gc,heap     ] GC(22) Humongous regions: 0->0
[2025-01-18T13:23:49.555+0000][8.923s][info ][gc,metaspace] GC(22) Metaspace: 38879K(39232K)->38879K(39232K) NonClass: 33968K(34112K)->33968K(34112K) Class: 4910K(5120K)->4910K(5120K)
[2025-01-18T13:23:49.555+0000][8.923s][info ][gc          ] GC(22) Pause Young (Prepare Mixed) (G1 Evacuation Pause) 177M->58M(214M) 10.214ms
[2025-01-18T13:23:49.555+0000][8.924s][info ][gc,cpu      ] GC(22) User=0.04s Sys=0.00s Real=0.01s
[2025-01-18T13:23:49.556+0000][8.924s][info ][safepoint   ] Safepoint "G1CollectForAllocation", Time since last: 608422510 ns, Reaching safepoint: 405775 ns, Cleanup: 128001 ns, At safepoint: 11238726 ns, Total: 11772502 ns
[2025-01-18T13:23:49.561+0000][8.930s][debug][safepoint   ] Safepoint synchronization initiated using futex wait barrier. (15 threads)
[2025-01-18T13:23:49.562+0000][8.930s][info ][gc,start    ] GC(23) Pause Young (Mixed) (G1 Evacuation Pause)
[2025-01-18T13:23:49.562+0000][8.930s][info ][gc,task     ] GC(23) Using 5 workers of 10 for evacuation
[2025-01-18T13:23:49.569+0000][8.938s][info ][gc,phases   ] GC(23)   Pre Evacuate Collection Set: 0.1ms
[2025-01-18T13:23:49.570+0000][8.938s][info ][gc,phases   ] GC(23)   Merge Heap Roots: 0.1ms
[2025-01-18T13:23:49.570+0000][8.938s][info ][gc,phases   ] GC(23)   Evacuate Collection Set: 6.2ms
[2025-01-18T13:23:49.570+0000][8.938s][info ][gc,phases   ] GC(23)   Post Evacuate Collection Set: 1.0ms
[2025-01-18T13:23:49.570+0000][8.939s][info ][gc,phases   ] GC(23)   Other: 0.4ms
[2025-01-18T13:23:49.570+0000][8.939s][info ][gc,heap     ] GC(23) Eden regions: 1->0(122)
[2025-01-18T13:23:49.571+0000][8.939s][info ][gc,heap     ] GC(23) Survivor regions: 9->1(2)
[2025-01-18T13:23:49.571+0000][8.939s][info ][gc,heap     ] GC(23) Old regions: 49->56
[2025-01-18T13:23:49.571+0000][8.939s][info ][gc,heap     ] GC(23) Archive regions: 2->2
[2025-01-18T13:23:49.571+0000][8.939s][info ][gc,heap     ] GC(23) Humongous regions: 0->0
[2025-01-18T13:23:49.571+0000][8.939s][info ][gc,metaspace] GC(23) Metaspace: 38926K(39296K)->38926K(39296K) NonClass: 34011K(34176K)->34011K(34176K) Class: 4914K(5120K)->4914K(5120K)
[2025-01-18T13:23:49.571+0000][8.940s][info ][gc          ] GC(23) Pause Young (Mixed) (G1 Evacuation Pause) 59M->57M(214M) 9.764ms
[2025-01-18T13:23:49.571+0000][8.940s][info ][gc,cpu      ] GC(23) User=0.04s Sys=0.00s Real=0.01s
[2025-01-18T13:23:49.572+0000][8.940s][info ][safepoint   ] Safepoint "G1CollectForAllocation", Time since last: 5378902 ns, Reaching safepoint: 306210 ns, Cleanup: 3457 ns, At safepoint: 10065840 ns, Total: 10375507 ns
[2025-01-18T13:23:50.397+0000][9.765s][debug][safepoint   ] Safepoint synchronization initiated using futex wait barrier. (15 threads)
[2025-01-18T13:23:50.397+0000][9.765s][info ][gc,start    ] GC(24) Pause Young (Normal) (G1 Evacuation Pause)
[2025-01-18T13:23:50.397+0000][9.766s][info ][gc,task     ] GC(24) Using 5 workers of 10 for evacuation
[2025-01-18T13:23:50.401+0000][9.769s][info ][gc,phases   ] GC(24)   Pre Evacuate Collection Set: 0.2ms
[2025-01-18T13:23:50.401+0000][9.770s][info ][gc,phases   ] GC(24)   Merge Heap Roots: 0.2ms
[2025-01-18T13:23:50.402+0000][9.770s][info ][gc,phases   ] GC(24)   Evacuate Collection Set: 2.3ms
[2025-01-18T13:23:50.402+0000][9.770s][info ][gc,phases   ] GC(24)   Post Evacuate Collection Set: 1.0ms
[2025-01-18T13:23:50.402+0000][9.770s][info ][gc,phases   ] GC(24)   Other: 0.5ms
[2025-01-18T13:23:50.402+0000][9.770s][info ][gc,heap     ] GC(24) Eden regions: 122->0(121)
[2025-01-18T13:23:50.402+0000][9.771s][info ][gc,heap     ] GC(24) Survivor regions: 1->3(16)
[2025-01-18T13:23:50.403+0000][9.771s][info ][gc,heap     ] GC(24) Old regions: 56->56
[2025-01-18T13:23:50.403+0000][9.771s][info ][gc,heap     ] GC(24) Archive regions: 2->2
[2025-01-18T13:23:50.403+0000][9.771s][info ][gc,heap     ] GC(24) Humongous regions: 0->0
[2025-01-18T13:23:50.403+0000][9.771s][info ][gc,metaspace] GC(24) Metaspace: 41087K(41472K)->41087K(41472K) NonClass: 35890K(36096K)->35890K(36096K) Class: 5196K(5376K)->5196K(5376K)
[2025-01-18T13:23:50.403+0000][9.772s][info ][gc          ] GC(24) Pause Young (Normal) (G1 Evacuation Pause) 179M->58M(214M) 6.215ms
[2025-01-18T13:23:50.403+0000][9.772s][info ][gc,cpu      ] GC(24) User=0.05s Sys=0.00s Real=0.01s
[2025-01-18T13:23:50.404+0000][9.772s][info ][safepoint   ] Safepoint "G1CollectForAllocation", Time since last: 824953180 ns, Reaching safepoint: 303462 ns, Cleanup: 140946 ns, At safepoint: 6639773 ns, Total: 7084181 ns
[2025-01-18T13:23:50.680+0000][10.049s][debug][safepoint   ] ... found polling page loop exception at pc = 0x00007f54e925fbc9, stub =0x00007f54e8af5400
[2025-01-18T13:23:50.948+0000][10.316s][debug][safepoint   ] Safepoint synchronization initiated using futex wait barrier. (15 threads)
[2025-01-18T13:23:50.948+0000][10.317s][info ][safepoint   ] Safepoint "ICBufferFull", Time since last: 543945387 ns, Reaching safepoint: 468716 ns, Cleanup: 284858 ns, At safepoint: 46642 ns, Total: 800216 ns
[2025-01-18T13:23:51.188+0000][10.557s][debug][safepoint   ] Safepoint synchronization initiated using futex wait barrier. (15 threads)
[2025-01-18T13:23:51.189+0000][10.557s][info ][gc,start    ] GC(25) Pause Young (Normal) (G1 Evacuation Pause)
[2025-01-18T13:23:51.189+0000][10.558s][info ][gc,task     ] GC(25) Using 5 workers of 10 for evacuation
[2025-01-18T13:23:51.194+0000][10.562s][info ][gc,phases   ] GC(25)   Pre Evacuate Collection Set: 0.1ms
[2025-01-18T13:23:51.194+0000][10.562s][info ][gc,phases   ] GC(25)   Merge Heap Roots: 0.1ms
[2025-01-18T13:23:51.194+0000][10.562s][info ][gc,phases   ] GC(25)   Evacuate Collection Set: 2.7ms
[2025-01-18T13:23:51.194+0000][10.562s][info ][gc,phases   ] GC(25)   Post Evacuate Collection Set: 0.9ms
[2025-01-18T13:23:51.194+0000][10.563s][info ][gc,phases   ] GC(25)   Other: 0.8ms
[2025-01-18T13:23:51.194+0000][10.563s][info ][gc,heap     ] GC(25) Eden regions: 121->0(120)
[2025-01-18T13:23:51.195+0000][10.563s][info ][gc,heap     ] GC(25) Survivor regions: 3->5(16)
[2025-01-18T13:23:51.195+0000][10.563s][info ][gc,heap     ] GC(25) Old regions: 56->56
[2025-01-18T13:23:51.195+0000][10.563s][info ][gc,heap     ] GC(25) Archive regions: 2->2
[2025-01-18T13:23:51.195+0000][10.563s][info ][gc,heap     ] GC(25) Humongous regions: 0->0
[2025-01-18T13:23:51.195+0000][10.563s][info ][gc,metaspace] GC(25) Metaspace: 43304K(43712K)->43304K(43712K) NonClass: 37740K(37952K)->37740K(37952K) Class: 5563K(5760K)->5563K(5760K)
[2025-01-18T13:23:51.195+0000][10.564s][info ][gc          ] GC(25) Pause Young (Normal) (G1 Evacuation Pause) 179M->60M(214M) 6.365ms
[2025-01-18T13:23:51.195+0000][10.564s][info ][gc,cpu      ] GC(25) User=0.02s Sys=0.00s Real=0.00s
[2025-01-18T13:23:51.196+0000][10.564s][info ][safepoint   ] Safepoint "G1CollectForAllocation", Time since last: 239801246 ns, Reaching safepoint: 569729 ns, Cleanup: 92060 ns, At safepoint: 6724499 ns, Total: 7386288 ns
[2025-01-18T13:23:51.985+0000][11.354s][debug][safepoint   ] Safepoint synchronization initiated using futex wait barrier. (15 threads)
[2025-01-18T13:23:51.986+0000][11.354s][info ][safepoint   ] Safepoint "ICBufferFull", Time since last: 789722560 ns, Reaching safepoint: 416155 ns, Cleanup: 148000 ns, At safepoint: 22575 ns, Total: 586730 ns
[2025-01-18T13:23:52.089+0000][11.457s][debug][safepoint   ] Safepoint synchronization initiated using futex wait barrier. (15 threads)
[2025-01-18T13:23:52.089+0000][11.457s][info ][gc,start    ] GC(26) Pause Young (Normal) (G1 Evacuation Pause)
[2025-01-18T13:23:52.089+0000][11.457s][info ][gc,task     ] GC(26) Using 5 workers of 10 for evacuation
[2025-01-18T13:23:52.096+0000][11.464s][info ][gc,phases   ] GC(26)   Pre Evacuate Collection Set: 0.1ms
[2025-01-18T13:23:52.096+0000][11.464s][info ][gc,phases   ] GC(26)   Merge Heap Roots: 0.1ms
[2025-01-18T13:23:52.096+0000][11.465s][info ][gc,phases   ] GC(26)   Evacuate Collection Set: 5.0ms
[2025-01-18T13:23:52.097+0000][11.465s][info ][gc,phases   ] GC(26)   Post Evacuate Collection Set: 1.1ms
[2025-01-18T13:23:52.097+0000][11.465s][info ][gc,phases   ] GC(26)   Other: 0.4ms
[2025-01-18T13:23:52.097+0000][11.465s][info ][gc,heap     ] GC(26) Eden regions: 120->0(117)
[2025-01-18T13:23:52.097+0000][11.466s][info ][gc,heap     ] GC(26) Survivor regions: 5->7(16)
[2025-01-18T13:23:52.098+0000][11.466s][info ][gc,heap     ] GC(26) Old regions: 56->56
[2025-01-18T13:23:52.098+0000][11.466s][info ][gc,heap     ] GC(26) Archive regions: 2->2
[2025-01-18T13:23:52.098+0000][11.466s][info ][gc,heap     ] GC(26) Humongous regions: 0->0
[2025-01-18T13:23:52.098+0000][11.466s][info ][gc,metaspace] GC(26) Metaspace: 47473K(47936K)->47473K(47936K) NonClass: 41380K(41600K)->41380K(41600K) Class: 6093K(6336K)->6093K(6336K)
[2025-01-18T13:23:52.098+0000][11.467s][info ][gc          ] GC(26) Pause Young (Normal) (G1 Evacuation Pause) 180M->63M(214M) 9.438ms
[2025-01-18T13:23:52.099+0000][11.467s][info ][gc,cpu      ] GC(26) User=0.04s Sys=0.00s Real=0.01s
[2025-01-18T13:23:52.099+0000][11.467s][info ][safepoint   ] Safepoint "G1CollectForAllocation", Time since last: 102648164 ns, Reaching safepoint: 368863 ns, Cleanup: 29177 ns, At safepoint: 9898470 ns, Total: 10296510 ns
[2025-01-18T13:23:52.924+0000][12.292s][debug][safepoint   ] Safepoint synchronization initiated using futex wait barrier. (17 threads)
[2025-01-18T13:23:52.925+0000][12.293s][info ][safepoint   ] Safepoint "ICBufferFull", Time since last: 825166643 ns, Reaching safepoint: 372571 ns, Cleanup: 146477 ns, At safepoint: 40149 ns, Total: 559197 ns
[2025-01-18T13:23:53.925+0000][13.293s][debug][safepoint   ] Safepoint synchronization initiated using futex wait barrier. (18 threads)
[2025-01-18T13:23:53.926+0000][13.294s][info ][safepoint   ] Safepoint "Cleanup", Time since last: 1000443028 ns, Reaching safepoint: 418020 ns, Cleanup: 61751 ns, At safepoint: 26502 ns, Total: 506273 ns
[2025-01-18T13:23:54.150+0000][13.518s][debug][safepoint   ] Safepoint synchronization initiated using futex wait barrier. (18 threads)
[2025-01-18T13:23:54.151+0000][13.519s][info ][gc,start    ] GC(27) Pause Young (Normal) (G1 Evacuation Pause)
[2025-01-18T13:23:54.151+0000][13.519s][info ][gc,task     ] GC(27) Using 5 workers of 10 for evacuation
[2025-01-18T13:23:54.160+0000][13.529s][info ][gc,phases   ] GC(27)   Pre Evacuate Collection Set: 0.3ms
[2025-01-18T13:23:54.161+0000][13.529s][info ][gc,phases   ] GC(27)   Merge Heap Roots: 0.2ms
[2025-01-18T13:23:54.161+0000][13.529s][info ][gc,phases   ] GC(27)   Evacuate Collection Set: 6.8ms
[2025-01-18T13:23:54.161+0000][13.530s][info ][gc,phases   ] GC(27)   Post Evacuate Collection Set: 1.7ms
[2025-01-18T13:23:54.162+0000][13.530s][info ][gc,phases   ] GC(27)   Other: 0.8ms
[2025-01-18T13:23:54.162+0000][13.530s][info ][gc,heap     ] GC(27) Eden regions: 117->0(114)
[2025-01-18T13:23:54.162+0000][13.530s][info ][gc,heap     ] GC(27) Survivor regions: 7->10(16)
[2025-01-18T13:23:54.162+0000][13.531s][info ][gc,heap     ] GC(27) Old regions: 56->56
[2025-01-18T13:23:54.162+0000][13.531s][info ][gc,heap     ] GC(27) Archive regions: 2->2
[2025-01-18T13:23:54.163+0000][13.531s][info ][gc,heap     ] GC(27) Humongous regions: 0->0
[2025-01-18T13:23:54.163+0000][13.531s][info ][gc,metaspace] GC(27) Metaspace: 54110K(54592K)->54110K(54592K) NonClass: 47263K(47552K)->47263K(47552K) Class: 6846K(7040K)->6846K(7040K)
[2025-01-18T13:23:54.163+0000][13.531s][info ][gc          ] GC(27) Pause Young (Normal) (G1 Evacuation Pause) 180M->66M(214M) 12.478ms
[2025-01-18T13:23:54.163+0000][13.531s][info ][gc,cpu      ] GC(27) User=0.08s Sys=0.00s Real=0.01s
[2025-01-18T13:23:54.163+0000][13.532s][info ][safepoint   ] Safepoint "G1CollectForAllocation", Time since last: 224392395 ns, Reaching safepoint: 425614 ns, Cleanup: 120527 ns, At safepoint: 12988842 ns, Total: 13534983 ns
[2025-01-18T13:23:54.912+0000][14.280s][debug][safepoint   ] Safepoint synchronization initiated using futex wait barrier. (18 threads)
[2025-01-18T13:23:54.913+0000][14.281s][info ][gc,start    ] GC(28) Pause Young (Normal) (G1 Evacuation Pause)
[2025-01-18T13:23:54.913+0000][14.281s][info ][gc,task     ] GC(28) Using 5 workers of 10 for evacuation
[2025-01-18T13:23:54.922+0000][14.290s][info ][gc,phases   ] GC(28)   Pre Evacuate Collection Set: 0.1ms
[2025-01-18T13:23:54.922+0000][14.290s][info ][gc,phases   ] GC(28)   Merge Heap Roots: 0.2ms
[2025-01-18T13:23:54.922+0000][14.290s][info ][gc,phases   ] GC(28)   Evacuate Collection Set: 6.2ms
[2025-01-18T13:23:54.922+0000][14.291s][info ][gc,phases   ] GC(28)   Post Evacuate Collection Set: 1.5ms
[2025-01-18T13:23:54.922+0000][14.291s][info ][gc,phases   ] GC(28)   Other: 0.8ms
[2025-01-18T13:23:54.923+0000][14.291s][info ][gc,heap     ] GC(28) Eden regions: 114->0(112)
[2025-01-18T13:23:54.923+0000][14.291s][info ][gc,heap     ] GC(28) Survivor regions: 10->10(16)
[2025-01-18T13:23:54.923+0000][14.291s][info ][gc,heap     ] GC(28) Old regions: 56->58
[2025-01-18T13:23:54.923+0000][14.291s][info ][gc,heap     ] GC(28) Archive regions: 2->2
[2025-01-18T13:23:54.923+0000][14.292s][info ][gc,heap     ] GC(28) Humongous regions: 0->0
[2025-01-18T13:23:54.923+0000][14.292s][info ][gc,metaspace] GC(28) Metaspace: 56727K(57152K)->56727K(57152K) NonClass: 49530K(49728K)->49530K(49728K) Class: 7196K(7424K)->7196K(7424K)
[2025-01-18T13:23:54.924+0000][14.292s][info ][gc          ] GC(28) Pause Young (Normal) (G1 Evacuation Pause) 180M->67M(214M) 10.877ms
[2025-01-18T13:23:54.924+0000][14.292s][info ][gc,cpu      ] GC(28) User=0.07s Sys=0.00s Real=0.01s
[2025-01-18T13:23:54.924+0000][14.293s][info ][safepoint   ] Safepoint "G1CollectForAllocation", Time since last: 748687463 ns, Reaching safepoint: 594215 ns, Cleanup: 88544 ns, At safepoint: 11458129 ns, Total: 12140888 ns
[2025-01-18T13:23:55.446+0000][14.814s][debug][safepoint   ] Safepoint synchronization initiated using futex wait barrier. (18 threads)
[2025-01-18T13:23:55.446+0000][14.815s][info ][gc,start    ] GC(29) Pause Young (Concurrent Start) (Metadata GC Threshold)
[2025-01-18T13:23:55.447+0000][14.815s][info ][gc,task     ] GC(29) Using 5 workers of 10 for evacuation
[2025-01-18T13:23:55.454+0000][14.823s][info ][gc,phases   ] GC(29)   Pre Evacuate Collection Set: 0.2ms
[2025-01-18T13:23:55.455+0000][14.823s][info ][gc,phases   ] GC(29)   Merge Heap Roots: 0.2ms
[2025-01-18T13:23:55.455+0000][14.823s][info ][gc,phases   ] GC(29)   Evacuate Collection Set: 5.8ms
[2025-01-18T13:23:55.455+0000][14.824s][info ][gc,phases   ] GC(29)   Post Evacuate Collection Set: 1.4ms
[2025-01-18T13:23:55.455+0000][14.824s][info ][gc,phases   ] GC(29)   Other: 0.6ms
[2025-01-18T13:23:55.456+0000][14.824s][info ][gc,heap     ] GC(29) Eden regions: 82->0(113)
[2025-01-18T13:23:55.456+0000][14.824s][info ][gc,heap     ] GC(29) Survivor regions: 10->9(16)
[2025-01-18T13:23:55.456+0000][14.824s][info ][gc,heap     ] GC(29) Old regions: 58->59
[2025-01-18T13:23:55.456+0000][14.825s][info ][gc,heap     ] GC(29) Archive regions: 2->2
[2025-01-18T13:23:55.457+0000][14.825s][info ][gc,heap     ] GC(29) Humongous regions: 0->0
[2025-01-18T13:23:55.457+0000][14.825s][info ][gc,metaspace] GC(29) Metaspace: 60143K(60608K)->60143K(60608K) NonClass: 52462K(52672K)->52462K(52672K) Class: 7680K(7936K)->7680K(7936K)
[2025-01-18T13:23:55.457+0000][14.825s][info ][gc          ] GC(29) Pause Young (Concurrent Start) (Metadata GC Threshold) 149M->68M(214M) 10.681ms
[2025-01-18T13:23:55.457+0000][14.825s][info ][gc,cpu      ] GC(29) User=0.04s Sys=0.00s Real=0.02s
[2025-01-18T13:23:55.457+0000][14.826s][info ][gc          ] GC(30) Concurrent Mark Cycle
[2025-01-18T13:23:55.458+0000][14.826s][info ][gc,marking  ] GC(30) Concurrent Clear Claimed Marks
[2025-01-18T13:23:55.458+0000][14.826s][info ][safepoint   ] Safepoint "CollectForMetadataAllocation", Time since last: 521404511 ns, Reaching safepoint: 428541 ns, Cleanup: 101258 ns, At safepoint: 11265972 ns, Total: 11795771 ns
[2025-01-18T13:23:55.458+0000][14.826s][info ][gc,marking  ] GC(30) Concurrent Clear Claimed Marks 0.265ms
[2025-01-18T13:23:55.458+0000][14.827s][info ][gc,marking  ] GC(30) Concurrent Scan Root Regions
[2025-01-18T13:23:55.462+0000][14.830s][info ][gc,marking  ] GC(30) Concurrent Scan Root Regions 3.380ms
[2025-01-18T13:23:55.462+0000][14.831s][info ][gc,marking  ] GC(30) Concurrent Mark
[2025-01-18T13:23:55.462+0000][14.831s][info ][gc,marking  ] GC(30) Concurrent Mark From Roots
[2025-01-18T13:23:55.463+0000][14.831s][info ][gc,task     ] GC(30) Using 3 workers of 3 for marking
[2025-01-18T13:23:55.491+0000][14.860s][info ][gc,marking  ] GC(30) Concurrent Mark From Roots 28.782ms
[2025-01-18T13:23:55.492+0000][14.860s][info ][gc,marking  ] GC(30) Concurrent Preclean
[2025-01-18T13:23:55.492+0000][14.860s][info ][gc,marking  ] GC(30) Concurrent Preclean 0.455ms
[2025-01-18T13:23:55.492+0000][14.861s][debug][safepoint   ] Safepoint synchronization initiated using futex wait barrier. (20 threads)
[2025-01-18T13:23:55.493+0000][14.861s][info ][gc,start    ] GC(30) Pause Remark
[2025-01-18T13:23:55.498+0000][14.866s][info ][gc          ] GC(30) Pause Remark 72M->72M(214M) 4.689ms
[2025-01-18T13:23:55.498+0000][14.866s][info ][gc,cpu      ] GC(30) User=0.02s Sys=0.00s Real=0.01s
[2025-01-18T13:23:55.498+0000][14.867s][info ][safepoint   ] Safepoint "G1PauseRemark", Time since last: 34892166 ns, Reaching safepoint: 431035 ns, Cleanup: 22645 ns, At safepoint: 5374990 ns, Total: 5828670 ns
[2025-01-18T13:23:55.499+0000][14.867s][info ][gc,marking  ] GC(30) Concurrent Mark 36.330ms
[2025-01-18T13:23:55.499+0000][14.867s][info ][gc,marking  ] GC(30) Concurrent Rebuild Remembered Sets
[2025-01-18T13:23:55.512+0000][14.881s][info ][gc,marking  ] GC(30) Concurrent Rebuild Remembered Sets 13.681ms
[2025-01-18T13:23:55.513+0000][14.881s][debug][safepoint   ] Safepoint synchronization initiated using futex wait barrier. (20 threads)
[2025-01-18T13:23:55.513+0000][14.882s][info ][gc,start    ] GC(30) Pause Cleanup
[2025-01-18T13:23:55.514+0000][14.882s][info ][gc          ] GC(30) Pause Cleanup 74M->74M(214M) 0.493ms
[2025-01-18T13:23:55.514+0000][14.882s][info ][gc,cpu      ] GC(30) User=0.00s Sys=0.00s Real=0.00s
[2025-01-18T13:23:55.514+0000][14.883s][info ][safepoint   ] Safepoint "G1PauseCleanup", Time since last: 14707312 ns, Reaching safepoint: 387120 ns, Cleanup: 14288 ns, At safepoint: 1014549 ns, Total: 1415957 ns
[2025-01-18T13:23:55.515+0000][14.883s][info ][gc,marking  ] GC(30) Concurrent Cleanup for Next Mark
[2025-01-18T13:23:55.515+0000][14.884s][info ][gc,marking  ] GC(30) Concurrent Cleanup for Next Mark 0.782ms
[2025-01-18T13:23:55.516+0000][14.884s][info ][gc          ] GC(30) Concurrent Mark Cycle 58.293ms
[2025-01-18T13:23:56.208+0000][15.576s][debug][safepoint   ] Safepoint synchronization initiated using futex wait barrier. (21 threads)
[2025-01-18T13:23:56.209+0000][15.577s][info ][gc,start    ] GC(31) Pause Young (Prepare Mixed) (G1 Evacuation Pause)
[2025-01-18T13:23:56.209+0000][15.578s][info ][gc,task     ] GC(31) Using 5 workers of 10 for evacuation
[2025-01-18T13:23:56.219+0000][15.587s][info ][gc,phases   ] GC(31)   Pre Evacuate Collection Set: 0.2ms
[2025-01-18T13:23:56.219+0000][15.588s][info ][gc,phases   ] GC(31)   Merge Heap Roots: 0.3ms
[2025-01-18T13:23:56.220+0000][15.588s][info ][gc,phases   ] GC(31)   Evacuate Collection Set: 7.3ms
[2025-01-18T13:23:56.220+0000][15.588s][info ][gc,phases   ] GC(31)   Post Evacuate Collection Set: 1.4ms
[2025-01-18T13:23:56.220+0000][15.588s][info ][gc,phases   ] GC(31)   Other: 0.9ms
[2025-01-18T13:23:56.220+0000][15.589s][info ][gc,heap     ] GC(31) Eden regions: 113->0(1)
[2025-01-18T13:23:56.221+0000][15.589s][info ][gc,heap     ] GC(31) Survivor regions: 9->10(16)
[2025-01-18T13:23:56.221+0000][15.589s][info ][gc,heap     ] GC(31) Old regions: 59->59
[2025-01-18T13:23:56.221+0000][15.589s][info ][gc,heap     ] GC(31) Archive regions: 2->2
[2025-01-18T13:23:56.221+0000][15.589s][info ][gc,heap     ] GC(31) Humongous regions: 0->0
[2025-01-18T13:23:56.221+0000][15.590s][info ][gc,metaspace] GC(31) Metaspace: 62955K(63424K)->62955K(63424K) NonClass: 54942K(55168K)->54942K(55168K) Class: 8012K(8256K)->8012K(8256K)
[2025-01-18T13:23:56.222+0000][15.590s][info ][gc          ] GC(31) Pause Young (Prepare Mixed) (G1 Evacuation Pause) 181M->69M(214M) 12.431ms
[2025-01-18T13:23:56.222+0000][15.590s][info ][gc,cpu      ] GC(31) User=0.07s Sys=0.00s Real=0.01s
[2025-01-18T13:23:56.222+0000][15.590s][info ][safepoint   ] Safepoint "G1CollectForAllocation", Time since last: 693788723 ns, Reaching safepoint: 673681 ns, Cleanup: 223158 ns, At safepoint: 12877714 ns, Total: 13774553 ns
[2025-01-18T13:23:56.227+0000][15.596s][debug][safepoint   ] Safepoint synchronization initiated using futex wait barrier. (21 threads)
[2025-01-18T13:23:56.228+0000][15.597s][info ][gc,start    ] GC(32) Pause Young (Mixed) (G1 Evacuation Pause)
[2025-01-18T13:23:56.229+0000][15.597s][info ][gc,task     ] GC(32) Using 5 workers of 10 for evacuation
[2025-01-18T13:23:56.239+0000][15.607s][info ][gc,phases   ] GC(32)   Pre Evacuate Collection Set: 0.2ms
[2025-01-18T13:23:56.239+0000][15.607s][info ][gc,phases   ] GC(32)   Merge Heap Roots: 0.3ms
[2025-01-18T13:23:56.239+0000][15.607s][info ][gc,phases   ] GC(32)   Evacuate Collection Set: 7.5ms
[2025-01-18T13:23:56.239+0000][15.608s][info ][gc,phases   ] GC(32)   Post Evacuate Collection Set: 1.0ms
[2025-01-18T13:23:56.240+0000][15.608s][info ][gc,phases   ] GC(32)   Other: 1.3ms
[2025-01-18T13:23:56.240+0000][15.608s][info ][gc,heap     ] GC(32) Eden regions: 1->0(114)
[2025-01-18T13:23:56.240+0000][15.608s][info ][gc,heap     ] GC(32) Survivor regions: 10->2(2)
[2025-01-18T13:23:56.240+0000][15.608s][info ][gc,heap     ] GC(32) Old regions: 59->67
[2025-01-18T13:23:56.240+0000][15.609s][info ][gc,heap     ] GC(32) Archive regions: 2->2
[2025-01-18T13:23:56.241+0000][15.609s][info ][gc,heap     ] GC(32) Humongous regions: 0->0
[2025-01-18T13:23:56.241+0000][15.609s][info ][gc,metaspace] GC(32) Metaspace: 63002K(63488K)->63002K(63488K) NonClass: 54979K(55232K)->54979K(55232K) Class: 8022K(8256K)->8022K(8256K)
[2025-01-18T13:23:56.241+0000][15.609s][info ][gc          ] GC(32) Pause Young (Mixed) (G1 Evacuation Pause) 70M->68M(214M) 12.800ms
[2025-01-18T13:23:56.241+0000][15.610s][info ][gc,cpu      ] GC(32) User=0.08s Sys=0.00s Real=0.01s
[2025-01-18T13:23:56.242+0000][15.610s][info ][safepoint   ] Safepoint "G1CollectForAllocation", Time since last: 5508563 ns, Reaching safepoint: 888252 ns, Cleanup: 14618 ns, At safepoint: 13405279 ns, Total: 14308149 ns
[2025-01-18T13:23:56.320+0000][15.688s][debug][safepoint   ] ... found polling page loop exception at pc = 0x00007f54e9233f7f, stub =0x00007f54e8af5400
[2025-01-18T13:23:56.626+0000][15.994s][debug][safepoint   ] Safepoint synchronization initiated using futex wait barrier. (20 threads)
[2025-01-18T13:23:56.628+0000][15.996s][info ][gc,start    ] GC(33) Pause Young (Normal) (G1 Evacuation Pause)
[2025-01-18T13:23:56.628+0000][15.996s][info ][gc,task     ] GC(33) Using 5 workers of 10 for evacuation
[2025-01-18T13:23:56.631+0000][16.000s][info ][gc,phases   ] GC(33)   Pre Evacuate Collection Set: 0.2ms
[2025-01-18T13:23:56.632+0000][16.000s][info ][gc,phases   ] GC(33)   Merge Heap Roots: 0.2ms
[2025-01-18T13:23:56.632+0000][16.000s][info ][gc,phases   ] GC(33)   Evacuate Collection Set: 1.5ms
[2025-01-18T13:23:56.632+0000][16.001s][info ][gc,phases   ] GC(33)   Post Evacuate Collection Set: 1.1ms
[2025-01-18T13:23:56.633+0000][16.001s][info ][gc,phases   ] GC(33)   Other: 0.7ms
[2025-01-18T13:23:56.633+0000][16.001s][info ][gc,heap     ] GC(33) Eden regions: 114->0(116)
[2025-01-18T13:23:56.633+0000][16.001s][info ][gc,heap     ] GC(33) Survivor regions: 2->1(15)
[2025-01-18T13:23:56.633+0000][16.001s][info ][gc,heap     ] GC(33) Old regions: 67->67
[2025-01-18T13:23:56.633+0000][16.002s][info ][gc,heap     ] GC(33) Archive regions: 2->2
[2025-01-18T13:23:56.633+0000][16.002s][info ][gc,heap     ] GC(33) Humongous regions: 0->0
[2025-01-18T13:23:56.634+0000][16.002s][info ][gc,metaspace] GC(33) Metaspace: 65383K(65792K)->65383K(65792K) NonClass: 56958K(57152K)->56958K(57152K) Class: 8424K(8640K)->8424K(8640K)
[2025-01-18T13:23:56.634+0000][16.002s][info ][gc          ] GC(33) Pause Young (Normal) (G1 Evacuation Pause) 182M->67M(214M) 6.154ms
[2025-01-18T13:23:56.634+0000][16.003s][info ][gc,cpu      ] GC(33) User=0.01s Sys=0.00s Real=0.00s
[2025-01-18T13:23:56.635+0000][16.003s][info ][safepoint   ] Safepoint "G1CollectForAllocation", Time since last: 383964233 ns, Reaching safepoint: 388993 ns, Cleanup: 1756495 ns, At safepoint: 6738414 ns, Total: 8883902 ns
[2025-01-18T13:23:57.162+0000][16.530s][debug][safepoint   ] Safepoint synchronization initiated using futex wait barrier. (20 threads)
[2025-01-18T13:23:57.163+0000][16.531s][info ][safepoint   ] Safepoint "ICBufferFull", Time since last: 527422832 ns, Reaching safepoint: 606099 ns, Cleanup: 204451 ns, At safepoint: 8847 ns, Total: 819397 ns
[2025-01-18T13:23:57.420+0000][16.788s][debug][safepoint   ] Safepoint synchronization initiated using futex wait barrier. (20 threads)
[2025-01-18T13:23:57.420+0000][16.788s][info ][gc,start    ] GC(34) Pause Young (Normal) (G1 Evacuation Pause)
[2025-01-18T13:23:57.420+0000][16.789s][info ][gc,task     ] GC(34) Using 5 workers of 10 for evacuation
[2025-01-18T13:23:57.424+0000][16.793s][info ][gc,phases   ] GC(34)   Pre Evacuate Collection Set: 0.1ms
[2025-01-18T13:23:57.425+0000][16.793s][info ][gc,phases   ] GC(34)   Merge Heap Roots: 0.1ms
[2025-01-18T13:23:57.425+0000][16.793s][info ][gc,phases   ] GC(34)   Evacuate Collection Set: 2.6ms
[2025-01-18T13:23:57.425+0000][16.793s][info ][gc,phases   ] GC(34)   Post Evacuate Collection Set: 1.0ms
[2025-01-18T13:23:57.425+0000][16.793s][info ][gc,phases   ] GC(34)   Other: 0.5ms
[2025-01-18T13:23:57.425+0000][16.794s][info ][gc,heap     ] GC(34) Eden regions: 116->0(112)
[2025-01-18T13:23:57.426+0000][16.794s][info ][gc,heap     ] GC(34) Survivor regions: 1->4(15)
[2025-01-18T13:23:57.426+0000][16.794s][info ][gc,heap     ] GC(34) Old regions: 67->67
[2025-01-18T13:23:57.426+0000][16.794s][info ][gc,heap     ] GC(34) Archive regions: 2->2
[2025-01-18T13:23:57.426+0000][16.794s][info ][gc,heap     ] GC(34) Humongous regions: 0->0
[2025-01-18T13:23:57.426+0000][16.794s][info ][gc,metaspace] GC(34) Metaspace: 68241K(68672K)->68241K(68672K) NonClass: 59487K(59712K)->59487K(59712K) Class: 8753K(8960K)->8753K(8960K)
[2025-01-18T13:23:57.426+0000][16.795s][info ][gc          ] GC(34) Pause Young (Normal) (G1 Evacuation Pause) 183M->70M(214M) 6.224ms
[2025-01-18T13:23:57.427+0000][16.795s][info ][gc,cpu      ] GC(34) User=0.01s Sys=0.00s Real=0.00s
[2025-01-18T13:23:57.427+0000][16.795s][info ][safepoint   ] Safepoint "G1CollectForAllocation", Time since last: 256838402 ns, Reaching safepoint: 327392 ns, Cleanup: 64296 ns, At safepoint: 6753417 ns, Total: 7145105 ns
[2025-01-18T13:23:57.972+0000][17.340s][debug][safepoint   ] Safepoint synchronization initiated using futex wait barrier. (20 threads)
[2025-01-18T13:23:57.972+0000][17.340s][info ][safepoint   ] Safepoint "ICBufferFull", Time since last: 544766342 ns, Reaching safepoint: 317342 ns, Cleanup: 109314 ns, At safepoint: 2495 ns, Total: 429151 ns
[2025-01-18T13:23:57.976+0000][17.345s][debug][safepoint   ] Safepoint synchronization initiated using futex wait barrier. (20 threads)
[2025-01-18T13:23:57.977+0000][17.345s][info ][gc,start    ] GC(35) Pause Young (Normal) (G1 Evacuation Pause)
[2025-01-18T13:23:57.977+0000][17.345s][info ][gc,task     ] GC(35) Using 5 workers of 10 for evacuation
[2025-01-18T13:23:57.984+0000][17.353s][info ][gc,phases   ] GC(35)   Pre Evacuate Collection Set: 0.2ms
[2025-01-18T13:23:57.985+0000][17.353s][info ][gc,phases   ] GC(35)   Merge Heap Roots: 0.2ms
[2025-01-18T13:23:57.985+0000][17.353s][info ][gc,phases   ] GC(35)   Evacuate Collection Set: 5.1ms
[2025-01-18T13:23:57.985+0000][17.354s][info ][gc,phases   ] GC(35)   Post Evacuate Collection Set: 1.4ms
[2025-01-18T13:23:57.986+0000][17.354s][info ][gc,phases   ] GC(35)   Other: 0.7ms
[2025-01-18T13:23:57.986+0000][17.354s][info ][gc,heap     ] GC(35) Eden regions: 112->0(110)
[2025-01-18T13:23:57.986+0000][17.354s][info ][gc,heap     ] GC(35) Survivor regions: 4->6(15)
[2025-01-18T13:23:57.986+0000][17.354s][info ][gc,heap     ] GC(35) Old regions: 67->67
[2025-01-18T13:23:57.986+0000][17.355s][info ][gc,heap     ] GC(35) Archive regions: 2->2
[2025-01-18T13:23:57.987+0000][17.355s][info ][gc,heap     ] GC(35) Humongous regions: 0->0
[2025-01-18T13:23:57.987+0000][17.355s][info ][gc,metaspace] GC(35) Metaspace: 71678K(72128K)->71678K(72128K) NonClass: 62484K(62720K)->62484K(62720K) Class: 9193K(9408K)->9193K(9408K)
[2025-01-18T13:23:57.987+0000][17.355s][info ][gc          ] GC(35) Pause Young (Normal) (G1 Evacuation Pause) 182M->72M(214M) 10.235ms
[2025-01-18T13:23:57.987+0000][17.356s][info ][gc,cpu      ] GC(35) User=0.03s Sys=0.00s Real=0.02s
[2025-01-18T13:23:57.988+0000][17.356s][info ][safepoint   ] Safepoint "G1CollectForAllocation", Time since last: 4323258 ns, Reaching safepoint: 472527 ns, Cleanup: 20019 ns, At safepoint: 10724762 ns, Total: 11217308 ns
[2025-01-18T13:23:58.200+0000][17.568s][debug][safepoint   ] Safepoint synchronization initiated using futex wait barrier. (21 threads)
[2025-01-18T13:23:58.201+0000][17.569s][info ][safepoint   ] Safepoint "ICBufferFull", Time since last: 212629978 ns, Reaching safepoint: 543836 ns, Cleanup: 231615 ns, At safepoint: 48244 ns, Total: 823695 ns
[2025-01-18T13:23:58.557+0000][17.926s][debug][safepoint   ] Safepoint synchronization initiated using futex wait barrier. (19 threads)
[2025-01-18T13:23:58.558+0000][17.926s][info ][gc,start    ] GC(36) Pause Young (Normal) (G1 Evacuation Pause)
[2025-01-18T13:23:58.558+0000][17.926s][info ][gc,task     ] GC(36) Using 5 workers of 10 for evacuation
[2025-01-18T13:23:58.566+0000][17.934s][info ][gc,phases   ] GC(36)   Pre Evacuate Collection Set: 0.4ms
[2025-01-18T13:23:58.567+0000][17.935s][info ][gc,phases   ] GC(36)   Merge Heap Roots: 0.3ms
[2025-01-18T13:23:58.567+0000][17.935s][info ][gc,phases   ] GC(36)   Evacuate Collection Set: 5.3ms
[2025-01-18T13:23:58.567+0000][17.935s][info ][gc,phases   ] GC(36)   Post Evacuate Collection Set: 1.6ms
[2025-01-18T13:23:58.567+0000][17.936s][info ][gc,phases   ] GC(36)   Other: 0.8ms
[2025-01-18T13:23:58.567+0000][17.936s][info ][gc,heap     ] GC(36) Eden regions: 110->0(109)
[2025-01-18T13:23:58.568+0000][17.936s][info ][gc,heap     ] GC(36) Survivor regions: 6->7(15)
[2025-01-18T13:23:58.568+0000][17.936s][info ][gc,heap     ] GC(36) Old regions: 67->67
[2025-01-18T13:23:58.568+0000][17.936s][info ][gc,heap     ] GC(36) Archive regions: 2->2
[2025-01-18T13:23:58.568+0000][17.936s][info ][gc,heap     ] GC(36) Humongous regions: 0->0
[2025-01-18T13:23:58.568+0000][17.937s][info ][gc,metaspace] GC(36) Metaspace: 76250K(76800K)->76250K(76800K) NonClass: 66401K(66688K)->66401K(66688K) Class: 9849K(10112K)->9849K(10112K)
[2025-01-18T13:23:58.569+0000][17.937s][info ][gc          ] GC(36) Pause Young (Normal) (G1 Evacuation Pause) 182M->73M(214M) 10.814ms
[2025-01-18T13:23:58.569+0000][17.937s][info ][gc,cpu      ] GC(36) User=0.03s Sys=0.00s Real=0.01s
[2025-01-18T13:23:58.569+0000][17.937s][info ][safepoint   ] Safepoint "G1CollectForAllocation", Time since last: 356279031 ns, Reaching safepoint: 434973 ns, Cleanup: 38074 ns, At safepoint: 11276895 ns, Total: 11749942 ns
[2025-01-18T13:23:58.934+0000][18.303s][debug][safepoint   ] Safepoint synchronization initiated using futex wait barrier. (19 threads)
[2025-01-18T13:23:58.935+0000][18.303s][info ][gc,start    ] GC(37) Pause Young (Normal) (G1 Evacuation Pause)
[2025-01-18T13:23:58.935+0000][18.304s][info ][gc,task     ] GC(37) Using 5 workers of 10 for evacuation
[2025-01-18T13:23:58.941+0000][18.310s][info ][gc,phases   ] GC(37)   Pre Evacuate Collection Set: 0.1ms
[2025-01-18T13:23:58.942+0000][18.310s][info ][gc,phases   ] GC(37)   Merge Heap Roots: 0.1ms
[2025-01-18T13:23:58.942+0000][18.310s][info ][gc,phases   ] GC(37)   Evacuate Collection Set: 4.1ms
[2025-01-18T13:23:58.942+0000][18.311s][info ][gc,phases   ] GC(37)   Post Evacuate Collection Set: 1.4ms
[2025-01-18T13:23:58.943+0000][18.311s][info ][gc,phases   ] GC(37)   Other: 0.7ms
[2025-01-18T13:23:58.943+0000][18.311s][info ][gc,heap     ] GC(37) Eden regions: 109->0(107)
[2025-01-18T13:23:58.943+0000][18.311s][info ][gc,heap     ] GC(37) Survivor regions: 7->8(15)
[2025-01-18T13:23:58.943+0000][18.312s][info ][gc,heap     ] GC(37) Old regions: 67->67
[2025-01-18T13:23:58.944+0000][18.312s][info ][gc,heap     ] GC(37) Archive regions: 2->2
[2025-01-18T13:23:58.944+0000][18.312s][info ][gc,heap     ] GC(37) Humongous regions: 0->0
[2025-01-18T13:23:58.944+0000][18.312s][info ][gc,metaspace] GC(37) Metaspace: 77978K(78464K)->77978K(78464K) NonClass: 67766K(68032K)->67766K(68032K) Class: 10212K(10432K)->10212K(10432K)
[2025-01-18T13:23:58.944+0000][18.312s][info ][gc          ] GC(37) Pause Young (Normal) (G1 Evacuation Pause) 182M->74M(214M) 8.928ms
[2025-01-18T13:23:58.944+0000][18.313s][info ][gc,cpu      ] GC(37) User=0.02s Sys=0.00s Real=0.01s
[2025-01-18T13:23:58.944+0000][18.313s][info ][safepoint   ] Safepoint "G1CollectForAllocation", Time since last: 365467109 ns, Reaching safepoint: 478569 ns, Cleanup: 94725 ns, At safepoint: 9379274 ns, Total: 9952568 ns
[2025-01-18T13:23:59.189+0000][18.557s][debug][safepoint   ] Safepoint synchronization initiated using futex wait barrier. (20 threads)
[2025-01-18T13:23:59.190+0000][18.558s][info ][safepoint   ] Safepoint "ICBufferFull", Time since last: 244546228 ns, Reaching safepoint: 430253 ns, Cleanup: 198850 ns, At safepoint: 76300 ns, Total: 705403 ns
[2025-01-18T13:23:59.275+0000][18.643s][debug][safepoint   ] Safepoint synchronization initiated using futex wait barrier. (20 threads)
[2025-01-18T13:23:59.275+0000][18.644s][info ][safepoint   ] Safepoint "ICBufferFull", Time since last: 85290138 ns, Reaching safepoint: 299187 ns, Cleanup: 89506 ns, At safepoint: 23205 ns, Total: 411898 ns
[2025-01-18T13:23:59.356+0000][18.725s][debug][safepoint   ] Safepoint synchronization initiated using futex wait barrier. (21 threads)
[2025-01-18T13:23:59.357+0000][18.725s][info ][safepoint   ] Safepoint "ICBufferFull", Time since last: 80847356 ns, Reaching safepoint: 392099 ns, Cleanup: 109184 ns, At safepoint: 4549 ns, Total: 505832 ns
[2025-01-18T13:23:59.464+0000][18.833s][debug][safepoint   ] Safepoint synchronization initiated using futex wait barrier. (21 threads)
[2025-01-18T13:23:59.465+0000][18.833s][info ][safepoint   ] Safepoint "ICBufferFull", Time since last: 107657681 ns, Reaching safepoint: 444712 ns, Cleanup: 144594 ns, At safepoint: 8566 ns, Total: 597872 ns
[2025-01-18T13:23:59.651+0000][19.019s][debug][safepoint   ] Safepoint synchronization initiated using futex wait barrier. (21 threads)
[2025-01-18T13:23:59.652+0000][19.020s][info ][safepoint   ] Safepoint "ICBufferFull", Time since last: 185995989 ns, Reaching safepoint: 451778 ns, Cleanup: 160365 ns, At safepoint: 27784 ns, Total: 639927 ns
[2025-01-18T13:23:59.697+0000][19.065s][debug][safepoint   ] Safepoint synchronization initiated using futex wait barrier. (21 threads)
[2025-01-18T13:23:59.697+0000][19.066s][info ][gc,start    ] GC(38) Pause Young (Normal) (G1 Evacuation Pause)
[2025-01-18T13:23:59.698+0000][19.066s][info ][gc,task     ] GC(38) Using 5 workers of 10 for evacuation
[2025-01-18T13:23:59.704+0000][19.073s][info ][gc,phases   ] GC(38)   Pre Evacuate Collection Set: 0.1ms
[2025-01-18T13:23:59.705+0000][19.073s][info ][gc,phases   ] GC(38)   Merge Heap Roots: 0.1ms
[2025-01-18T13:23:59.705+0000][19.073s][info ][gc,phases   ] GC(38)   Evacuate Collection Set: 4.9ms
[2025-01-18T13:23:59.705+0000][19.073s][info ][gc,phases   ] GC(38)   Post Evacuate Collection Set: 1.4ms
[2025-01-18T13:23:59.705+0000][19.074s][info ][gc,phases   ] GC(38)   Other: 0.6ms
[2025-01-18T13:23:59.705+0000][19.074s][info ][gc,heap     ] GC(38) Eden regions: 107->0(105)
[2025-01-18T13:23:59.706+0000][19.074s][info ][gc,heap     ] GC(38) Survivor regions: 8->9(15)
[2025-01-18T13:23:59.706+0000][19.074s][info ][gc,heap     ] GC(38) Old regions: 67->67
[2025-01-18T13:23:59.706+0000][19.074s][info ][gc,heap     ] GC(38) Archive regions: 2->2
[2025-01-18T13:23:59.706+0000][19.074s][info ][gc,heap     ] GC(38) Humongous regions: 0->0
[2025-01-18T13:23:59.706+0000][19.074s][info ][gc,metaspace] GC(38) Metaspace: 80179K(80704K)->80179K(80704K) NonClass: 69703K(70016K)->69703K(70016K) Class: 10475K(10688K)->10475K(10688K)
[2025-01-18T13:23:59.706+0000][19.075s][info ][gc          ] GC(38) Pause Young (Normal) (G1 Evacuation Pause) 181M->75M(214M) 9.060ms
[2025-01-18T13:23:59.707+0000][19.075s][info ][gc,cpu      ] GC(38) User=0.03s Sys=0.00s Real=0.00s
[2025-01-18T13:23:59.707+0000][19.075s][info ][safepoint   ] Safepoint "G1CollectForAllocation", Time since last: 44991387 ns, Reaching safepoint: 576073 ns, Cleanup: 76720 ns, At safepoint: 9512472 ns, Total: 10165265 ns
[2025-01-18T13:23:59.889+0000][19.257s][debug][safepoint   ] Safepoint synchronization initiated using futex wait barrier. (21 threads)
[2025-01-18T13:23:59.889+0000][19.258s][info ][safepoint   ] Safepoint "ICBufferFull", Time since last: 181878963 ns, Reaching safepoint: 546932 ns, Cleanup: 124294 ns, At safepoint: 26352 ns, Total: 697578 ns
[2025-01-18T13:24:00.280+0000][19.649s][debug][safepoint   ] Safepoint synchronization initiated using futex wait barrier. (19 threads)
[2025-01-18T13:24:00.281+0000][19.650s][info ][safepoint   ] Safepoint "ICBufferFull", Time since last: 391002856 ns, Reaching safepoint: 771222 ns, Cleanup: 219651 ns, At safepoint: 9609 ns, Total: 1000482 ns
[2025-01-18T13:24:00.297+0000][19.665s][debug][safepoint   ] Safepoint synchronization initiated using futex wait barrier. (19 threads)
[2025-01-18T13:24:00.297+0000][19.665s][info ][gc,start    ] GC(39) Pause Young (Normal) (G1 Evacuation Pause)
[2025-01-18T13:24:00.297+0000][19.665s][info ][gc,task     ] GC(39) Using 5 workers of 10 for evacuation
[2025-01-18T13:24:00.306+0000][19.675s][info ][gc,phases   ] GC(39)   Pre Evacuate Collection Set: 0.1ms
[2025-01-18T13:24:00.307+0000][19.675s][info ][gc,phases   ] GC(39)   Merge Heap Roots: 0.2ms
[2025-01-18T13:24:00.307+0000][19.675s][info ][gc,phases   ] GC(39)   Evacuate Collection Set: 7.2ms
[2025-01-18T13:24:00.307+0000][19.675s][info ][gc,phases   ] GC(39)   Post Evacuate Collection Set: 1.3ms
[2025-01-18T13:24:00.307+0000][19.676s][info ][gc,phases   ] GC(39)   Other: 0.6ms
[2025-01-18T13:24:00.308+0000][19.676s][info ][gc,heap     ] GC(39) Eden regions: 105->0(101)
[2025-01-18T13:24:00.308+0000][19.676s][info ][gc,heap     ] GC(39) Survivor regions: 9->11(15)
[2025-01-18T13:24:00.308+0000][19.676s][info ][gc,heap     ] GC(39) Old regions: 67->67
[2025-01-18T13:24:00.308+0000][19.676s][info ][gc,heap     ] GC(39) Archive regions: 2->2
[2025-01-18T13:24:00.308+0000][19.677s][info ][gc,heap     ] GC(39) Humongous regions: 0->0
[2025-01-18T13:24:00.308+0000][19.677s][info ][gc,metaspace] GC(39) Metaspace: 83269K(83840K)->83269K(83840K) NonClass: 72340K(72640K)->72340K(72640K) Class: 10929K(11200K)->10929K(11200K)
[2025-01-18T13:24:00.309+0000][19.677s][info ][gc          ] GC(39) Pause Young (Normal) (G1 Evacuation Pause) 180M->77M(214M) 11.741ms
[2025-01-18T13:24:00.309+0000][19.677s][info ][gc,cpu      ] GC(39) User=0.03s Sys=0.01s Real=0.02s
[2025-01-18T13:24:00.309+0000][19.677s][info ][safepoint   ] Safepoint "G1CollectForAllocation", Time since last: 15162936 ns, Reaching safepoint: 378041 ns, Cleanup: 10901 ns, At safepoint: 12181129 ns, Total: 12570071 ns
[2025-01-18T13:24:00.745+0000][20.113s][debug][safepoint   ] Safepoint synchronization initiated using futex wait barrier. (21 threads)
[2025-01-18T13:24:00.746+0000][20.114s][info ][gc,start    ] GC(40) Pause Young (Normal) (G1 Evacuation Pause)
[2025-01-18T13:24:00.746+0000][20.114s][info ][gc,task     ] GC(40) Using 5 workers of 10 for evacuation
[2025-01-18T13:24:00.758+0000][20.127s][info ][gc,phases   ] GC(40)   Pre Evacuate Collection Set: 0.2ms
[2025-01-18T13:24:00.759+0000][20.127s][info ][gc,phases   ] GC(40)   Merge Heap Roots: 0.2ms
[2025-01-18T13:24:00.759+0000][20.127s][info ][gc,phases   ] GC(40)   Evacuate Collection Set: 9.6ms
[2025-01-18T13:24:00.759+0000][20.128s][info ][gc,phases   ] GC(40)   Post Evacuate Collection Set: 2.0ms
[2025-01-18T13:24:00.760+0000][20.128s][info ][gc,phases   ] GC(40)   Other: 0.8ms
[2025-01-18T13:24:00.760+0000][20.128s][info ][gc,heap     ] GC(40) Eden regions: 101->0(103)
[2025-01-18T13:24:00.760+0000][20.128s][info ][gc,heap     ] GC(40) Survivor regions: 11->9(14)
[2025-01-18T13:24:00.760+0000][20.129s][info ][gc,heap     ] GC(40) Old regions: 67->69
[2025-01-18T13:24:00.761+0000][20.129s][info ][gc,heap     ] GC(40) Archive regions: 2->2
[2025-01-18T13:24:00.761+0000][20.129s][info ][gc,heap     ] GC(40) Humongous regions: 0->0
[2025-01-18T13:24:00.761+0000][20.129s][info ][gc,metaspace] GC(40) Metaspace: 84394K(84928K)->84394K(84928K) NonClass: 73370K(73664K)->73370K(73664K) Class: 11024K(11264K)->11024K(11264K)
[2025-01-18T13:24:00.761+0000][20.130s][info ][gc          ] GC(40) Pause Young (Normal) (G1 Evacuation Pause) 178M->78M(214M) 15.540ms
[2025-01-18T13:24:00.761+0000][20.130s][info ][gc,cpu      ] GC(40) User=0.09s Sys=0.01s Real=0.02s
[2025-01-18T13:24:00.762+0000][20.130s][info ][safepoint   ] Safepoint "G1CollectForAllocation", Time since last: 435746408 ns, Reaching safepoint: 616519 ns, Cleanup: 195804 ns, At safepoint: 16059686 ns, Total: 16872009 ns
[2025-01-18T13:24:01.691+0000][21.059s][debug][safepoint   ] Safepoint synchronization initiated using futex wait barrier. (20 threads)
[2025-01-18T13:24:01.692+0000][21.060s][info ][safepoint   ] Safepoint "ICBufferFull", Time since last: 929106946 ns, Reaching safepoint: 542924 ns, Cleanup: 177639 ns, At safepoint: 8907 ns, Total: 729470 ns
[2025-01-18T13:24:01.750+0000][21.118s][debug][safepoint   ] Safepoint synchronization initiated using futex wait barrier. (20 threads)
[2025-01-18T13:24:01.750+0000][21.118s][info ][gc,start    ] GC(41) Pause Young (Normal) (G1 Evacuation Pause)
[2025-01-18T13:24:01.751+0000][21.119s][info ][gc,task     ] GC(41) Using 5 workers of 10 for evacuation
[2025-01-18T13:24:01.760+0000][21.128s][info ][gc,phases   ] GC(41)   Pre Evacuate Collection Set: 0.2ms
[2025-01-18T13:24:01.760+0000][21.129s][info ][gc,phases   ] GC(41)   Merge Heap Roots: 0.2ms
[2025-01-18T13:24:01.761+0000][21.129s][info ][gc,phases   ] GC(41)   Evacuate Collection Set: 7.3ms
[2025-01-18T13:24:01.761+0000][21.129s][info ][gc,phases   ] GC(41)   Post Evacuate Collection Set: 1.4ms
[2025-01-18T13:24:01.761+0000][21.129s][info ][gc,phases   ] GC(41)   Other: 0.7ms
[2025-01-18T13:24:01.761+0000][21.130s][info ][gc,heap     ] GC(41) Eden regions: 103->0(99)
[2025-01-18T13:24:01.762+0000][21.130s][info ][gc,heap     ] GC(41) Survivor regions: 9->10(14)
[2025-01-18T13:24:01.762+0000][21.130s][info ][gc,heap     ] GC(41) Old regions: 69->71
[2025-01-18T13:24:01.762+0000][21.130s][info ][gc,heap     ] GC(41) Archive regions: 2->2
[2025-01-18T13:24:01.762+0000][21.130s][info ][gc,heap     ] GC(41) Humongous regions: 0->0
[2025-01-18T13:24:01.762+0000][21.131s][info ][gc,metaspace] GC(41) Metaspace: 86399K(86912K)->86399K(86912K) NonClass: 75264K(75520K)->75264K(75520K) Class: 11134K(11392K)->11134K(11392K)
[2025-01-18T13:24:01.763+0000][21.131s][info ][gc          ] GC(41) Pause Young (Normal) (G1 Evacuation Pause) 181M->81M(214M) 12.438ms
[2025-01-18T13:24:01.763+0000][21.131s][info ][gc,cpu      ] GC(41) User=0.05s Sys=0.00s Real=0.01s
[2025-01-18T13:24:01.763+0000][21.131s][info ][safepoint   ] Safepoint "G1CollectForAllocation", Time since last: 57953039 ns, Reaching safepoint: 629903 ns, Cleanup: 23866 ns, At safepoint: 12930020 ns, Total: 13583789 ns
[2025-01-18T13:24:02.458+0000][21.827s][debug][safepoint   ] Safepoint synchronization initiated using futex wait barrier. (24 threads)
[2025-01-18T13:24:02.459+0000][21.827s][info ][gc,start    ] GC(42) Pause Young (Normal) (G1 Evacuation Pause)
[2025-01-18T13:24:02.459+0000][21.828s][info ][gc,task     ] GC(42) Using 10 workers of 10 for evacuation
[2025-01-18T13:24:02.468+0000][21.836s][info ][gc,phases   ] GC(42)   Pre Evacuate Collection Set: 0.4ms
[2025-01-18T13:24:02.468+0000][21.836s][info ][gc,phases   ] GC(42)   Merge Heap Roots: 0.3ms
[2025-01-18T13:24:02.468+0000][21.837s][info ][gc,phases   ] GC(42)   Evacuate Collection Set: 5.4ms
[2025-01-18T13:24:02.469+0000][21.837s][info ][gc,phases   ] GC(42)   Post Evacuate Collection Set: 1.7ms
[2025-01-18T13:24:02.469+0000][21.837s][info ][gc,phases   ] GC(42)   Other: 0.9ms
[2025-01-18T13:24:02.469+0000][21.837s][info ][gc,heap     ] GC(42) Eden regions: 99->0(96)
[2025-01-18T13:24:02.469+0000][21.838s][info ][gc,heap     ] GC(42) Survivor regions: 10->10(14)
[2025-01-18T13:24:02.469+0000][21.838s][info ][gc,heap     ] GC(42) Old regions: 71->74
[2025-01-18T13:24:02.470+0000][21.838s][info ][gc,heap     ] GC(42) Archive regions: 2->2
[2025-01-18T13:24:02.470+0000][21.838s][info ][gc,heap     ] GC(42) Humongous regions: 0->0
[2025-01-18T13:24:02.470+0000][21.838s][info ][gc,metaspace] GC(42) Metaspace: 88105K(88704K)->88105K(88704K) NonClass: 76811K(77120K)->76811K(77120K) Class: 11294K(11584K)->11294K(11584K)
[2025-01-18T13:24:02.470+0000][21.838s][info ][gc          ] GC(42) Pause Young (Normal) (G1 Evacuation Pause) 180M->83M(214M) 11.106ms
[2025-01-18T13:24:02.470+0000][21.839s][info ][gc,cpu      ] GC(42) User=0.06s Sys=0.01s Real=0.01s
[2025-01-18T13:24:02.470+0000][21.839s][info ][safepoint   ] Safepoint "G1CollectForAllocation", Time since last: 695227880 ns, Reaching safepoint: 489811 ns, Cleanup: 166396 ns, At safepoint: 11514243 ns, Total: 12170450 ns
[2025-01-18T13:24:03.174+0000][22.543s][debug][safepoint   ] Safepoint synchronization initiated using futex wait barrier. (24 threads)
[2025-01-18T13:24:03.175+0000][22.543s][info ][safepoint   ] Safepoint "ICBufferFull", Time since last: 703752288 ns, Reaching safepoint: 501053 ns, Cleanup: 206545 ns, At safepoint: 25150 ns, Total: 732748 ns
[2025-01-18T13:24:03.211+0000][22.579s][debug][safepoint   ] Safepoint synchronization initiated using futex wait barrier. (24 threads)
[2025-01-18T13:24:03.211+0000][22.579s][info ][gc,start    ] GC(43) Pause Young (Normal) (G1 Evacuation Pause)
[2025-01-18T13:24:03.211+0000][22.580s][info ][gc,task     ] GC(43) Using 10 workers of 10 for evacuation
[2025-01-18T13:24:03.222+0000][22.590s][info ][gc,phases   ] GC(43)   Pre Evacuate Collection Set: 0.6ms
[2025-01-18T13:24:03.222+0000][22.591s][info ][gc,phases   ] GC(43)   Merge Heap Roots: 0.4ms
[2025-01-18T13:24:03.223+0000][22.591s][info ][gc,phases   ] GC(43)   Evacuate Collection Set: 6.8ms
[2025-01-18T13:24:03.223+0000][22.591s][info ][gc,phases   ] GC(43)   Post Evacuate Collection Set: 2.2ms
[2025-01-18T13:24:03.223+0000][22.591s][info ][gc,phases   ] GC(43)   Other: 0.8ms
[2025-01-18T13:24:03.223+0000][22.592s][info ][gc,heap     ] GC(43) Eden regions: 96->0(94)
[2025-01-18T13:24:03.224+0000][22.592s][info ][gc,heap     ] GC(43) Survivor regions: 10->10(14)
[2025-01-18T13:24:03.224+0000][22.592s][info ][gc,heap     ] GC(43) Old regions: 74->76
[2025-01-18T13:24:03.224+0000][22.592s][info ][gc,heap     ] GC(43) Archive regions: 2->2
[2025-01-18T13:24:03.224+0000][22.592s][info ][gc,heap     ] GC(43) Humongous regions: 0->0
[2025-01-18T13:24:03.224+0000][22.593s][info ][gc,metaspace] GC(43) Metaspace: 89780K(90368K)->89780K(90368K) NonClass: 78332K(78656K)->78332K(78656K) Class: 11448K(11712K)->11448K(11712K)
[2025-01-18T13:24:03.225+0000][22.593s][info ][gc          ] GC(43) Pause Young (Normal) (G1 Evacuation Pause) 179M->85M(214M) 13.389ms
[2025-01-18T13:24:03.225+0000][22.593s][info ][gc,cpu      ] GC(43) User=0.10s Sys=0.00s Real=0.01s
[2025-01-18T13:24:03.225+0000][22.593s][info ][safepoint   ] Safepoint "G1CollectForAllocation", Time since last: 35615644 ns, Reaching safepoint: 503387 ns, Cleanup: 27965 ns, At safepoint: 13812571 ns, Total: 14343923 ns
[2025-01-18T13:24:03.930+0000][23.299s][debug][safepoint   ] Safepoint synchronization initiated using futex wait barrier. (25 threads)
[2025-01-18T13:24:03.931+0000][23.299s][info ][gc,start    ] GC(44) Pause Young (Normal) (G1 Evacuation Pause)
[2025-01-18T13:24:03.931+0000][23.300s][info ][gc,task     ] GC(44) Using 10 workers of 10 for evacuation
[2025-01-18T13:24:03.939+0000][23.307s][info ][gc,phases   ] GC(44)   Pre Evacuate Collection Set: 0.2ms
[2025-01-18T13:24:03.939+0000][23.308s][info ][gc,phases   ] GC(44)   Merge Heap Roots: 0.2ms
[2025-01-18T13:24:03.939+0000][23.308s][info ][gc,phases   ] GC(44)   Evacuate Collection Set: 4.9ms
[2025-01-18T13:24:03.940+0000][23.308s][info ][gc,phases   ] GC(44)   Post Evacuate Collection Set: 1.8ms
[2025-01-18T13:24:03.940+0000][23.308s][info ][gc,phases   ] GC(44)   Other: 0.7ms
[2025-01-18T13:24:03.940+0000][23.308s][info ][gc,heap     ] GC(44) Eden regions: 94->0(94)
[2025-01-18T13:24:03.940+0000][23.308s][info ][gc,heap     ] GC(44) Survivor regions: 10->8(13)
[2025-01-18T13:24:03.940+0000][23.309s][info ][gc,heap     ] GC(44) Old regions: 76->80
[2025-01-18T13:24:03.941+0000][23.309s][info ][gc,heap     ] GC(44) Archive regions: 2->2
[2025-01-18T13:24:03.941+0000][23.309s][info ][gc,heap     ] GC(44) Humongous regions: 0->0
[2025-01-18T13:24:03.941+0000][23.309s][info ][gc,metaspace] GC(44) Metaspace: 93672K(94272K)->93672K(94272K) NonClass: 81614K(81920K)->81614K(81920K) Class: 12058K(12352K)->12058K(12352K)
[2025-01-18T13:24:03.941+0000][23.309s][info ][gc          ] GC(44) Pause Young (Normal) (G1 Evacuation Pause) 179M->87M(214M) 9.952ms
[2025-01-18T13:24:03.941+0000][23.310s][info ][gc,cpu      ] GC(44) User=0.06s Sys=0.00s Real=0.01s
[2025-01-18T13:24:03.942+0000][23.310s][info ][safepoint   ] Safepoint "G1CollectForAllocation", Time since last: 705433717 ns, Reaching safepoint: 540309 ns, Cleanup: 181456 ns, At safepoint: 10604810 ns, Total: 11326575 ns
[2025-01-18T13:24:04.391+0000][23.760s][debug][safepoint   ] Safepoint synchronization initiated using futex wait barrier. (25 threads)
[2025-01-18T13:24:04.392+0000][23.761s][info ][gc,start    ] GC(45) Pause Young (Normal) (G1 Evacuation Pause)
[2025-01-18T13:24:04.393+0000][23.761s][info ][gc,task     ] GC(45) Using 10 workers of 10 for evacuation
[2025-01-18T13:24:04.399+0000][23.767s][info ][gc,phases   ] GC(45)   Pre Evacuate Collection Set: 0.2ms
[2025-01-18T13:24:04.399+0000][23.767s][info ][gc,phases   ] GC(45)   Merge Heap Roots: 0.2ms
[2025-01-18T13:24:04.399+0000][23.768s][info ][gc,phases   ] GC(45)   Evacuate Collection Set: 4.2ms
[2025-01-18T13:24:04.400+0000][23.768s][info ][gc,phases   ] GC(45)   Post Evacuate Collection Set: 1.2ms
[2025-01-18T13:24:04.400+0000][23.768s][info ][gc,phases   ] GC(45)   Other: 0.7ms
[2025-01-18T13:24:04.400+0000][23.768s][info ][gc,heap     ] GC(45) Eden regions: 94->0(94)
[2025-01-18T13:24:04.400+0000][23.768s][info ][gc,heap     ] GC(45) Survivor regions: 8->7(13)
[2025-01-18T13:24:04.400+0000][23.769s][info ][gc,heap     ] GC(45) Old regions: 80->82
[2025-01-18T13:24:04.401+0000][23.769s][info ][gc,heap     ] GC(45) Archive regions: 2->2
[2025-01-18T13:24:04.401+0000][23.769s][info ][gc,heap     ] GC(45) Humongous regions: 0->0
[2025-01-18T13:24:04.401+0000][23.769s][info ][gc,metaspace] GC(45) Metaspace: 95915K(96512K)->95915K(96512K) NonClass: 83378K(83712K)->83378K(83712K) Class: 12537K(12800K)->12537K(12800K)
[2025-01-18T13:24:04.401+0000][23.769s][info ][gc          ] GC(45) Pause Young (Normal) (G1 Evacuation Pause) 181M->89M(214M) 8.858ms
[2025-01-18T13:24:04.401+0000][23.770s][info ][gc,cpu      ] GC(45) User=0.04s Sys=0.00s Real=0.01s
[2025-01-18T13:24:04.402+0000][23.770s][info ][safepoint   ] Safepoint "G1CollectForAllocation", Time since last: 449774551 ns, Reaching safepoint: 648522 ns, Cleanup: 157649 ns, At safepoint: 9245474 ns, Total: 10051645 ns
[2025-01-18T13:24:04.745+0000][24.114s][debug][safepoint   ] Safepoint synchronization initiated using futex wait barrier. (25 threads)
[2025-01-18T13:24:04.746+0000][24.114s][info ][gc,start    ] GC(46) Pause Young (Normal) (G1 Evacuation Pause)
[2025-01-18T13:24:04.746+0000][24.115s][info ][gc,task     ] GC(46) Using 10 workers of 10 for evacuation
[2025-01-18T13:24:04.756+0000][24.125s][info ][gc,phases   ] GC(46)   Pre Evacuate Collection Set: 0.2ms
[2025-01-18T13:24:04.757+0000][24.125s][info ][gc,phases   ] GC(46)   Merge Heap Roots: 0.3ms
[2025-01-18T13:24:04.757+0000][24.125s][info ][gc,phases   ] GC(46)   Evacuate Collection Set: 7.2ms
[2025-01-18T13:24:04.758+0000][24.126s][info ][gc,phases   ] GC(46)   Post Evacuate Collection Set: 1.8ms
[2025-01-18T13:24:04.758+0000][24.126s][info ][gc,phases   ] GC(46)   Other: 0.9ms
[2025-01-18T13:24:04.758+0000][24.126s][info ][gc,heap     ] GC(46) Eden regions: 94->0(92)
[2025-01-18T13:24:04.758+0000][24.127s][info ][gc,heap     ] GC(46) Survivor regions: 7->8(13)
[2025-01-18T13:24:04.759+0000][24.127s][info ][gc,heap     ] GC(46) Old regions: 82->82
[2025-01-18T13:24:04.759+0000][24.127s][info ][gc,heap     ] GC(46) Archive regions: 2->2
[2025-01-18T13:24:04.759+0000][24.127s][info ][gc,heap     ] GC(46) Humongous regions: 0->0
[2025-01-18T13:24:04.759+0000][24.128s][info ][gc,metaspace] GC(46) Metaspace: 96780K(97344K)->96780K(97344K) NonClass: 84103K(84416K)->84103K(84416K) Class: 12676K(12928K)->12676K(12928K)
[2025-01-18T13:24:04.760+0000][24.128s][info ][gc          ] GC(46) Pause Young (Normal) (G1 Evacuation Pause) 183M->90M(214M) 14.203ms
[2025-01-18T13:24:04.760+0000][24.129s][info ][gc,cpu      ] GC(46) User=0.07s Sys=0.01s Real=0.02s
[2025-01-18T13:24:04.761+0000][24.129s][info ][safepoint   ] Safepoint "G1CollectForAllocation", Time since last: 343801402 ns, Reaching safepoint: 424746 ns, Cleanup: 97150 ns, At safepoint: 14956822 ns, Total: 15478718 ns
[2025-01-18T13:24:05.402+0000][24.770s][debug][safepoint   ] Safepoint synchronization initiated using futex wait barrier. (26 threads)
[2025-01-18T13:24:05.403+0000][24.771s][info ][gc,start    ] GC(47) Pause Young (Concurrent Start) (Metadata GC Threshold)
[2025-01-18T13:24:05.403+0000][24.771s][info ][gc,task     ] GC(47) Using 10 workers of 10 for evacuation
[2025-01-18T13:24:05.414+0000][24.782s][info ][gc,phases   ] GC(47)   Pre Evacuate Collection Set: 0.4ms
[2025-01-18T13:24:05.414+0000][24.782s][info ][gc,phases   ] GC(47)   Merge Heap Roots: 0.3ms
[2025-01-18T13:24:05.414+0000][24.783s][info ][gc,phases   ] GC(47)   Evacuate Collection Set: 7.5ms
[2025-01-18T13:24:05.415+0000][24.783s][info ][gc,phases   ] GC(47)   Post Evacuate Collection Set: 2.0ms
[2025-01-18T13:24:05.415+0000][24.783s][info ][gc,phases   ] GC(47)   Other: 1.0ms
[2025-01-18T13:24:05.415+0000][24.783s][info ][gc,heap     ] GC(47) Eden regions: 83->0(89)
[2025-01-18T13:24:05.415+0000][24.784s][info ][gc,heap     ] GC(47) Survivor regions: 8->8(13)
[2025-01-18T13:24:05.415+0000][24.784s][info ][gc,heap     ] GC(47) Old regions: 82->85
[2025-01-18T13:24:05.416+0000][24.784s][info ][gc,heap     ] GC(47) Archive regions: 2->2
[2025-01-18T13:24:05.416+0000][24.784s][info ][gc,heap     ] GC(47) Humongous regions: 0->0
[2025-01-18T13:24:05.416+0000][24.784s][info ][gc,metaspace] GC(47) Metaspace: 101051K(101568K)->101051K(101568K) NonClass: 87847K(88128K)->87847K(88128K) Class: 13203K(13440K)->13203K(13440K)
[2025-01-18T13:24:05.416+0000][24.784s][info ][gc          ] GC(47) Pause Young (Concurrent Start) (Metadata GC Threshold) 173M->92M(214M) 13.516ms
[2025-01-18T13:24:05.416+0000][24.785s][info ][gc,cpu      ] GC(47) User=0.08s Sys=0.00s Real=0.01s
[2025-01-18T13:24:05.417+0000][24.785s][info ][gc          ] GC(48) Concurrent Mark Cycle
[2025-01-18T13:24:05.417+0000][24.785s][info ][safepoint   ] Safepoint "CollectForMetadataAllocation", Time since last: 640952477 ns, Reaching safepoint: 546252 ns, Cleanup: 209120 ns, At safepoint: 14075397 ns, Total: 14830769 ns
[2025-01-18T13:24:05.417+0000][24.785s][info ][gc,marking  ] GC(48) Concurrent Clear Claimed Marks
[2025-01-18T13:24:05.417+0000][24.786s][info ][gc,marking  ] GC(48) Concurrent Clear Claimed Marks 0.639ms
[2025-01-18T13:24:05.418+0000][24.786s][info ][gc,marking  ] GC(48) Concurrent Scan Root Regions
[2025-01-18T13:24:05.422+0000][24.790s][info ][gc,marking  ] GC(48) Concurrent Scan Root Regions 4.416ms
[2025-01-18T13:24:05.423+0000][24.791s][info ][gc,marking  ] GC(48) Concurrent Mark
[2025-01-18T13:24:05.423+0000][24.791s][info ][gc,marking  ] GC(48) Concurrent Mark From Roots
[2025-01-18T13:24:05.423+0000][24.791s][info ][gc,task     ] GC(48) Using 3 workers of 3 for marking
[2025-01-18T13:24:05.473+0000][24.842s][info ][gc,marking  ] GC(48) Concurrent Mark From Roots 50.710ms
[2025-01-18T13:24:05.474+0000][24.842s][info ][gc,marking  ] GC(48) Concurrent Preclean
[2025-01-18T13:24:05.474+0000][24.843s][info ][gc,marking  ] GC(48) Concurrent Preclean 0.438ms
[2025-01-18T13:24:05.475+0000][24.843s][debug][safepoint   ] Safepoint synchronization initiated using futex wait barrier. (26 threads)
[2025-01-18T13:24:05.475+0000][24.843s][info ][gc,start    ] GC(48) Pause Remark
[2025-01-18T13:24:05.480+0000][24.849s][info ][gc          ] GC(48) Pause Remark 97M->97M(214M) 5.348ms
[2025-01-18T13:24:05.481+0000][24.849s][info ][gc,cpu      ] GC(48) User=0.05s Sys=0.00s Real=0.01s
[2025-01-18T13:24:05.481+0000][24.849s][info ][safepoint   ] Safepoint "G1PauseRemark", Time since last: 58067092 ns, Reaching safepoint: 280580 ns, Cleanup: 24849 ns, At safepoint: 6131393 ns, Total: 6436822 ns
[2025-01-18T13:24:05.481+0000][24.850s][info ][gc,marking  ] GC(48) Concurrent Mark 58.876ms
[2025-01-18T13:24:05.482+0000][24.850s][info ][gc,marking  ] GC(48) Concurrent Rebuild Remembered Sets
[2025-01-18T13:24:05.509+0000][24.877s][info ][gc,marking  ] GC(48) Concurrent Rebuild Remembered Sets 27.201ms
[2025-01-18T13:24:05.509+0000][24.878s][debug][safepoint   ] Safepoint synchronization initiated using futex wait barrier. (26 threads)
[2025-01-18T13:24:05.510+0000][24.878s][debug][safepoint   ] ... found polling page loop exception at pc = 0x00007f54e95c1d37, stub =0x00007f54e8af5400
[2025-01-18T13:24:05.510+0000][24.878s][info ][gc,start    ] GC(48) Pause Cleanup
[2025-01-18T13:24:05.511+0000][24.879s][info ][gc          ] GC(48) Pause Cleanup 101M->101M(214M) 0.509ms
[2025-01-18T13:24:05.511+0000][24.879s][info ][gc,cpu      ] GC(48) User=0.00s Sys=0.00s Real=0.00s
[2025-01-18T13:24:05.511+0000][24.879s][info ][safepoint   ] Safepoint "G1PauseCleanup", Time since last: 28276710 ns, Reaching safepoint: 700373 ns, Cleanup: 15120 ns, At safepoint: 1081501 ns, Total: 1796994 ns
[2025-01-18T13:24:05.511+0000][24.880s][info ][gc,marking  ] GC(48) Concurrent Cleanup for Next Mark
[2025-01-18T13:24:05.512+0000][24.880s][info ][gc,marking  ] GC(48) Concurrent Cleanup for Next Mark 0.675ms
[2025-01-18T13:24:05.513+0000][24.881s][info ][gc          ] GC(48) Concurrent Mark Cycle 96.149ms
[2025-01-18T13:24:06.107+0000][25.476s][debug][safepoint   ] Safepoint synchronization initiated using futex wait barrier. (28 threads)
[2025-01-18T13:24:06.108+0000][25.476s][info ][gc,start    ] GC(49) Pause Young (Prepare Mixed) (G1 Evacuation Pause)
[2025-01-18T13:24:06.108+0000][25.477s][info ][gc,task     ] GC(49) Using 10 workers of 10 for evacuation
[2025-01-18T13:24:06.116+0000][25.484s][info ][gc,phases   ] GC(49)   Pre Evacuate Collection Set: 0.3ms
[2025-01-18T13:24:06.116+0000][25.484s][info ][gc,phases   ] GC(49)   Merge Heap Roots: 0.2ms
[2025-01-18T13:24:06.116+0000][25.485s][info ][gc,phases   ] GC(49)   Evacuate Collection Set: 5.0ms
[2025-01-18T13:24:06.117+0000][25.485s][info ][gc,phases   ] GC(49)   Post Evacuate Collection Set: 1.6ms
[2025-01-18T13:24:06.117+0000][25.485s][info ][gc,phases   ] GC(49)   Other: 0.8ms
[2025-01-18T13:24:06.117+0000][25.485s][info ][gc,heap     ] GC(49) Eden regions: 89->0(1)
[2025-01-18T13:24:06.117+0000][25.485s][info ][gc,heap     ] GC(49) Survivor regions: 8->9(13)
[2025-01-18T13:24:06.117+0000][25.486s][info ][gc,heap     ] GC(49) Old regions: 85->85
[2025-01-18T13:24:06.118+0000][25.486s][info ][gc,heap     ] GC(49) Archive regions: 2->2
[2025-01-18T13:24:06.118+0000][25.486s][info ][gc,heap     ] GC(49) Humongous regions: 0->0
[2025-01-18T13:24:06.118+0000][25.486s][info ][gc,metaspace] GC(49) Metaspace: 102853K(103424K)->102853K(103424K) NonClass: 89273K(89536K)->89273K(89536K) Class: 13579K(13888K)->13579K(13888K)
[2025-01-18T13:24:06.118+0000][25.486s][info ][gc          ] GC(49) Pause Young (Prepare Mixed) (G1 Evacuation Pause) 181M->94M(214M) 10.217ms
[2025-01-18T13:24:06.118+0000][25.487s][info ][gc,cpu      ] GC(49) User=0.05s Sys=0.00s Real=0.01s
[2025-01-18T13:24:06.119+0000][25.487s][info ][safepoint   ] Safepoint "G1CollectForAllocation", Time since last: 596066129 ns, Reaching safepoint: 539989 ns, Cleanup: 187928 ns, At safepoint: 10679447 ns, Total: 11407364 ns
[2025-01-18T13:24:06.123+0000][25.491s][debug][safepoint   ] Safepoint synchronization initiated using futex wait barrier. (28 threads)
[2025-01-18T13:24:06.124+0000][25.492s][info ][gc,start    ] GC(50) Pause Young (Mixed) (G1 Evacuation Pause)
[2025-01-18T13:24:06.124+0000][25.492s][info ][gc,task     ] GC(50) Using 10 workers of 10 for evacuation
[2025-01-18T13:24:06.133+0000][25.501s][info ][gc,phases   ] GC(50)   Pre Evacuate Collection Set: 0.3ms
[2025-01-18T13:24:06.133+0000][25.502s][info ][gc,phases   ] GC(50)   Merge Heap Roots: 0.2ms
[2025-01-18T13:24:06.134+0000][25.502s][info ][gc,phases   ] GC(50)   Evacuate Collection Set: 6.4ms
[2025-01-18T13:24:06.134+0000][25.502s][info ][gc,phases   ] GC(50)   Post Evacuate Collection Set: 1.5ms
[2025-01-18T13:24:06.134+0000][25.502s][info ][gc,phases   ] GC(50)   Other: 0.7ms
[2025-01-18T13:24:06.134+0000][25.503s][info ][gc,heap     ] GC(50) Eden regions: 1->0(90)
[2025-01-18T13:24:06.135+0000][25.503s][info ][gc,heap     ] GC(50) Survivor regions: 9->2(2)
[2025-01-18T13:24:06.135+0000][25.503s][info ][gc,heap     ] GC(50) Old regions: 85->92
[2025-01-18T13:24:06.135+0000][25.503s][info ][gc,heap     ] GC(50) Archive regions: 2->2
[2025-01-18T13:24:06.135+0000][25.503s][info ][gc,heap     ] GC(50) Humongous regions: 0->0
[2025-01-18T13:24:06.135+0000][25.504s][info ][gc,metaspace] GC(50) Metaspace: 102853K(103424K)->102853K(103424K) NonClass: 89273K(89536K)->89273K(89536K) Class: 13579K(13888K)->13579K(13888K)
[2025-01-18T13:24:06.135+0000][25.504s][info ][gc          ] GC(50) Pause Young (Mixed) (G1 Evacuation Pause) 95M->93M(214M) 11.875ms
[2025-01-18T13:24:06.136+0000][25.504s][info ][gc,cpu      ] GC(50) User=0.09s Sys=0.00s Real=0.01s
[2025-01-18T13:24:06.136+0000][25.504s][info ][safepoint   ] Safepoint "G1CollectForAllocation", Time since last: 4443735 ns, Reaching safepoint: 467728 ns, Cleanup: 6202 ns, At safepoint: 12449007 ns, Total: 12922937 ns
[2025-01-18T13:24:06.713+0000][26.081s][debug][safepoint   ] Safepoint synchronization initiated using futex wait barrier. (28 threads)
[2025-01-18T13:24:06.713+0000][26.081s][info ][gc,start    ] GC(51) Pause Young (Normal) (G1 Evacuation Pause)
[2025-01-18T13:24:06.713+0000][26.082s][info ][gc,task     ] GC(51) Using 10 workers of 10 for evacuation
[2025-01-18T13:24:06.717+0000][26.086s][info ][gc,phases   ] GC(51)   Pre Evacuate Collection Set: 0.3ms
[2025-01-18T13:24:06.718+0000][26.086s][info ][gc,phases   ] GC(51)   Merge Heap Roots: 0.2ms
[2025-01-18T13:24:06.718+0000][26.086s][info ][gc,phases   ] GC(51)   Evacuate Collection Set: 1.8ms
[2025-01-18T13:24:06.718+0000][26.086s][info ][gc,phases   ] GC(51)   Post Evacuate Collection Set: 1.3ms
[2025-01-18T13:24:06.718+0000][26.087s][info ][gc,phases   ] GC(51)   Other: 0.7ms
[2025-01-18T13:24:06.719+0000][26.087s][info ][gc,heap     ] GC(51) Eden regions: 90->0(90)
[2025-01-18T13:24:06.719+0000][26.087s][info ][gc,heap     ] GC(51) Survivor regions: 2->2(12)
[2025-01-18T13:24:06.719+0000][26.087s][info ][gc,heap     ] GC(51) Old regions: 92->92
[2025-01-18T13:24:06.719+0000][26.087s][info ][gc,heap     ] GC(51) Archive regions: 2->2
[2025-01-18T13:24:06.719+0000][26.088s][info ][gc,heap     ] GC(51) Humongous regions: 0->0
[2025-01-18T13:24:06.719+0000][26.088s][info ][gc,metaspace] GC(51) Metaspace: 105280K(105920K)->105280K(105920K) NonClass: 91414K(91776K)->91414K(91776K) Class: 13866K(14144K)->13866K(14144K)
[2025-01-18T13:24:06.720+0000][26.088s][info ][gc          ] GC(51) Pause Young (Normal) (G1 Evacuation Pause) 183M->93M(214M) 6.563ms
[2025-01-18T13:24:06.720+0000][26.088s][info ][gc,cpu      ] GC(51) User=0.03s Sys=0.01s Real=0.01s
[2025-01-18T13:24:06.720+0000][26.088s][info ][safepoint   ] Safepoint "G1CollectForAllocation", Time since last: 576501566 ns, Reaching safepoint: 441045 ns, Cleanup: 73995 ns, At safepoint: 7127459 ns, Total: 7642499 ns
[2025-01-18T13:24:07.353+0000][26.721s][debug][safepoint   ] Safepoint synchronization initiated using futex wait barrier. (31 threads)
[2025-01-18T13:24:07.353+0000][26.722s][info ][gc,start    ] GC(52) Pause Young (Normal) (G1 Evacuation Pause)
[2025-01-18T13:24:07.354+0000][26.722s][info ][gc,task     ] GC(52) Using 10 workers of 10 for evacuation
[2025-01-18T13:24:07.359+0000][26.728s][info ][gc,phases   ] GC(52)   Pre Evacuate Collection Set: 0.3ms
[2025-01-18T13:24:07.360+0000][26.728s][info ][gc,phases   ] GC(52)   Merge Heap Roots: 0.2ms
[2025-01-18T13:24:07.360+0000][26.728s][info ][gc,phases   ] GC(52)   Evacuate Collection Set: 3.1ms
[2025-01-18T13:24:07.360+0000][26.728s][info ][gc,phases   ] GC(52)   Post Evacuate Collection Set: 1.5ms
[2025-01-18T13:24:07.360+0000][26.729s][info ][gc,phases   ] GC(52)   Other: 0.8ms
[2025-01-18T13:24:07.360+0000][26.729s][info ][gc,heap     ] GC(52) Eden regions: 90->0(88)
[2025-01-18T13:24:07.361+0000][26.729s][info ][gc,heap     ] GC(52) Survivor regions: 2->4(12)
[2025-01-18T13:24:07.361+0000][26.729s][info ][gc,heap     ] GC(52) Old regions: 92->92
[2025-01-18T13:24:07.361+0000][26.729s][info ][gc,heap     ] GC(52) Archive regions: 2->2
[2025-01-18T13:24:07.361+0000][26.730s][info ][gc,heap     ] GC(52) Humongous regions: 0->0
[2025-01-18T13:24:07.361+0000][26.730s][info ][gc,metaspace] GC(52) Metaspace: 106683K(107328K)->106683K(107328K) NonClass: 92714K(93056K)->92714K(93056K) Class: 13969K(14272K)->13969K(14272K)
[2025-01-18T13:24:07.362+0000][26.730s][info ][gc          ] GC(52) Pause Young (Normal) (G1 Evacuation Pause) 183M->96M(214M) 8.297ms
[2025-01-18T13:24:07.362+0000][26.730s][info ][gc,cpu      ] GC(52) User=0.06s Sys=0.00s Real=0.01s
[2025-01-18T13:24:07.362+0000][26.731s][info ][safepoint   ] Safepoint "G1CollectForAllocation", Time since last: 632562735 ns, Reaching safepoint: 482583 ns, Cleanup: 143071 ns, At safepoint: 8902351 ns, Total: 9528005 ns
[2025-01-18T13:24:07.871+0000][27.240s][debug][safepoint   ] ... found polling page loop exception at pc = 0x00007f54e95c1d37, stub =0x00007f54e8af5400
[2025-01-18T13:24:08.004+0000][27.372s][debug][safepoint   ] Safepoint synchronization initiated using futex wait barrier. (37 threads)
[2025-01-18T13:24:08.005+0000][27.373s][info ][gc,start    ] GC(53) Pause Young (Normal) (G1 Evacuation Pause)
[2025-01-18T13:24:08.005+0000][27.373s][info ][gc,task     ] GC(53) Using 10 workers of 10 for evacuation
[2025-01-18T13:24:08.011+0000][27.380s][info ][gc,phases   ] GC(53)   Pre Evacuate Collection Set: 0.3ms
[2025-01-18T13:24:08.012+0000][27.380s][info ][gc,phases   ] GC(53)   Merge Heap Roots: 0.2ms
[2025-01-18T13:24:08.012+0000][27.380s][info ][gc,phases   ] GC(53)   Evacuate Collection Set: 4.0ms
[2025-01-18T13:24:08.012+0000][27.380s][info ][gc,phases   ] GC(53)   Post Evacuate Collection Set: 1.5ms
[2025-01-18T13:24:08.012+0000][27.381s][info ][gc,phases   ] GC(53)   Other: 0.7ms
[2025-01-18T13:24:08.013+0000][27.381s][info ][gc,heap     ] GC(53) Eden regions: 88->0(84)
[2025-01-18T13:24:08.013+0000][27.381s][info ][gc,heap     ] GC(53) Survivor regions: 4->7(12)
[2025-01-18T13:24:08.013+0000][27.381s][info ][gc,heap     ] GC(53) Old regions: 92->92
[2025-01-18T13:24:08.013+0000][27.381s][info ][gc,heap     ] GC(53) Archive regions: 2->2
[2025-01-18T13:24:08.013+0000][27.381s][info ][gc,heap     ] GC(53) Humongous regions: 0->0
[2025-01-18T13:24:08.013+0000][27.382s][info ][gc,metaspace] GC(53) Metaspace: 108357K(108992K)->108357K(108992K) NonClass: 94227K(94528K)->94227K(94528K) Class: 14129K(14464K)->14129K(14464K)
[2025-01-18T13:24:08.014+0000][27.382s][info ][gc          ] GC(53) Pause Young (Normal) (G1 Evacuation Pause) 184M->98M(214M) 8.724ms
[2025-01-18T13:24:08.014+0000][27.382s][info ][gc,cpu      ] GC(53) User=0.06s Sys=0.00s Real=0.01s
[2025-01-18T13:24:08.014+0000][27.382s][info ][safepoint   ] Safepoint "G1CollectForAllocation", Time since last: 641827061 ns, Reaching safepoint: 490903 ns, Cleanup: 194712 ns, At safepoint: 9135387 ns, Total: 9821002 ns
[2025-01-18T13:24:08.469+0000][27.837s][debug][safepoint   ] Safepoint synchronization initiated using futex wait barrier. (40 threads)
[2025-01-18T13:24:08.470+0000][27.838s][info ][gc,start    ] GC(54) Pause Young (Normal) (G1 Evacuation Pause)
[2025-01-18T13:24:08.470+0000][27.838s][info ][gc,task     ] GC(54) Using 10 workers of 10 for evacuation
[2025-01-18T13:24:08.477+0000][27.845s][info ][gc,phases   ] GC(54)   Pre Evacuate Collection Set: 0.3ms
[2025-01-18T13:24:08.477+0000][27.845s][info ][gc,phases   ] GC(54)   Merge Heap Roots: 0.2ms
[2025-01-18T13:24:08.477+0000][27.846s][info ][gc,phases   ] GC(54)   Evacuate Collection Set: 4.5ms
[2025-01-18T13:24:08.478+0000][27.846s][info ][gc,phases   ] GC(54)   Post Evacuate Collection Set: 1.6ms
[2025-01-18T13:24:08.478+0000][27.846s][info ][gc,phases   ] GC(54)   Other: 0.7ms
[2025-01-18T13:24:08.478+0000][27.846s][info ][gc,heap     ] GC(54) Eden regions: 84->0(81)
[2025-01-18T13:24:08.478+0000][27.847s][info ][gc,heap     ] GC(54) Survivor regions: 7->8(12)
[2025-01-18T13:24:08.478+0000][27.847s][info ][gc,heap     ] GC(54) Old regions: 92->93
[2025-01-18T13:24:08.479+0000][27.847s][info ][gc,heap     ] GC(54) Archive regions: 2->2
[2025-01-18T13:24:08.479+0000][27.847s][info ][gc,heap     ] GC(54) Humongous regions: 0->0
[2025-01-18T13:24:08.479+0000][27.847s][info ][gc,metaspace] GC(54) Metaspace: 110218K(110912K)->110218K(110912K) NonClass: 95868K(96256K)->95868K(96256K) Class: 14350K(14656K)->14350K(14656K)
[2025-01-18T13:24:08.479+0000][27.847s][info ][gc          ] GC(54) Pause Young (Normal) (G1 Evacuation Pause) 182M->100M(214M) 9.561ms
[2025-01-18T13:24:08.479+0000][27.848s][info ][gc,cpu      ] GC(54) User=0.05s Sys=0.00s Real=0.01s
[2025-01-18T13:24:08.480+0000][27.848s][info ][safepoint   ] Safepoint "G1CollectForAllocation", Time since last: 455107682 ns, Reaching safepoint: 459010 ns, Cleanup: 96189 ns, At safepoint: 10143776 ns, Total: 10698975 ns
[2025-01-18T13:24:09.072+0000][28.440s][debug][safepoint   ] Safepoint synchronization initiated using futex wait barrier. (41 threads)
[2025-01-18T13:24:09.072+0000][28.440s][info ][gc,start    ] GC(55) Pause Young (Normal) (G1 Evacuation Pause)
[2025-01-18T13:24:09.072+0000][28.441s][info ][gc,task     ] GC(55) Using 10 workers of 10 for evacuation
[2025-01-18T13:24:09.081+0000][28.449s][info ][gc,phases   ] GC(55)   Pre Evacuate Collection Set: 0.3ms
[2025-01-18T13:24:09.082+0000][28.450s][info ][gc,phases   ] GC(55)   Merge Heap Roots: 0.2ms
[2025-01-18T13:24:09.082+0000][28.450s][info ][gc,phases   ] GC(55)   Evacuate Collection Set: 6.1ms
[2025-01-18T13:24:09.082+0000][28.450s][info ][gc,phases   ] GC(55)   Post Evacuate Collection Set: 1.8ms
[2025-01-18T13:24:09.082+0000][28.451s][info ][gc,phases   ] GC(55)   Other: 0.6ms
[2025-01-18T13:24:09.082+0000][28.451s][info ][gc,heap     ] GC(55) Eden regions: 81->0(80)
[2025-01-18T13:24:09.083+0000][28.451s][info ][gc,heap     ] GC(55) Survivor regions: 8->7(12)
[2025-01-18T13:24:09.083+0000][28.451s][info ][gc,heap     ] GC(55) Old regions: 93->96
[2025-01-18T13:24:09.083+0000][28.451s][info ][gc,heap     ] GC(55) Archive regions: 2->2
[2025-01-18T13:24:09.083+0000][28.452s][info ][gc,heap     ] GC(55) Humongous regions: 0->0
[2025-01-18T13:24:09.084+0000][28.452s][info ][gc,metaspace] GC(55) Metaspace: 112232K(112896K)->112232K(112896K) NonClass: 97696K(98048K)->97696K(98048K) Class: 14535K(14848K)->14535K(14848K)
[2025-01-18T13:24:09.084+0000][28.452s][info ][gc          ] GC(55) Pause Young (Normal) (G1 Evacuation Pause) 181M->103M(214M) 11.779ms
[2025-01-18T13:24:09.084+0000][28.452s][info ][gc,cpu      ] GC(55) User=0.07s Sys=0.00s Real=0.01s
[2025-01-18T13:24:09.084+0000][28.453s][info ][safepoint   ] Safepoint "G1CollectForAllocation", Time since last: 591882907 ns, Reaching safepoint: 381208 ns, Cleanup: 56250 ns, At safepoint: 12376819 ns, Total: 12814277 ns
[2025-01-18T13:24:09.573+0000][28.941s][debug][safepoint   ] Safepoint synchronization initiated using futex wait barrier. (40 threads)
[2025-01-18T13:24:09.573+0000][28.942s][info ][safepoint   ] Safepoint "ICBufferFull", Time since last: 488307554 ns, Reaching safepoint: 447187 ns, Cleanup: 188539 ns, At safepoint: 37654 ns, Total: 673380 ns
[2025-01-18T13:24:10.006+0000][29.375s][debug][safepoint   ] Safepoint synchronization initiated using futex wait barrier. (40 threads)
[2025-01-18T13:24:10.007+0000][29.375s][info ][safepoint   ] Safepoint "ICBufferFull", Time since last: 433109651 ns, Reaching safepoint: 375847 ns, Cleanup: 133933 ns, At safepoint: 3547 ns, Total: 513327 ns
[2025-01-18T13:24:10.068+0000][29.437s][debug][safepoint   ] Safepoint synchronization initiated using futex wait barrier. (40 threads)
[2025-01-18T13:24:10.069+0000][29.437s][info ][gc,start    ] GC(56) Pause Young (Normal) (G1 Evacuation Pause)
[2025-01-18T13:24:10.069+0000][29.438s][info ][gc,task     ] GC(56) Using 10 workers of 10 for evacuation
[2025-01-18T13:24:10.076+0000][29.445s][info ][gc,phases   ] GC(56)   Pre Evacuate Collection Set: 0.3ms
[2025-01-18T13:24:10.077+0000][29.445s][info ][gc,phases   ] GC(56)   Merge Heap Roots: 0.2ms
[2025-01-18T13:24:10.077+0000][29.445s][info ][gc,phases   ] GC(56)   Evacuate Collection Set: 4.1ms
[2025-01-18T13:24:10.077+0000][29.446s][info ][gc,phases   ] GC(56)   Post Evacuate Collection Set: 1.8ms
[2025-01-18T13:24:10.078+0000][29.446s][info ][gc,phases   ] GC(56)   Other: 0.9ms
[2025-01-18T13:24:10.078+0000][29.446s][info ][gc,heap     ] GC(56) Eden regions: 80->0(79)
[2025-01-18T13:24:10.078+0000][29.447s][info ][gc,heap     ] GC(56) Survivor regions: 7->6(11)
[2025-01-18T13:24:10.078+0000][29.447s][info ][gc,heap     ] GC(56) Old regions: 96->98
[2025-01-18T13:24:10.079+0000][29.447s][info ][gc,heap     ] GC(56) Archive regions: 2->2
[2025-01-18T13:24:10.079+0000][29.447s][info ][gc,heap     ] GC(56) Humongous regions: 0->0
[2025-01-18T13:24:10.079+0000][29.447s][info ][gc,metaspace] GC(56) Metaspace: 114636K(115328K)->114636K(115328K) NonClass: 99841K(100224K)->99841K(100224K) Class: 14794K(15104K)->14794K(15104K)
[2025-01-18T13:24:10.079+0000][29.448s][info ][gc          ] GC(56) Pause Young (Normal) (G1 Evacuation Pause) 183M->104M(214M) 10.500ms
[2025-01-18T13:24:10.080+0000][29.448s][info ][gc,cpu      ] GC(56) User=0.04s Sys=0.00s Real=0.01s
[2025-01-18T13:24:10.080+0000][29.448s][info ][safepoint   ] Safepoint "G1CollectForAllocation", Time since last: 61437700 ns, Reaching safepoint: 453379 ns, Cleanup: 24258 ns, At safepoint: 11006654 ns, Total: 11484291 ns
[2025-01-18T13:24:10.678+0000][30.046s][debug][safepoint   ] Safepoint synchronization initiated using futex wait barrier. (42 threads)
[2025-01-18T13:24:10.678+0000][30.047s][info ][gc,start    ] GC(57) Pause Young (Normal) (G1 Evacuation Pause)
[2025-01-18T13:24:10.678+0000][30.047s][info ][gc,task     ] GC(57) Using 10 workers of 10 for evacuation
[2025-01-18T13:24:10.685+0000][30.053s][info ][gc,phases   ] GC(57)   Pre Evacuate Collection Set: 0.2ms
[2025-01-18T13:24:10.685+0000][30.054s][info ][gc,phases   ] GC(57)   Merge Heap Roots: 0.2ms
[2025-01-18T13:24:10.686+0000][30.054s][info ][gc,phases   ] GC(57)   Evacuate Collection Set: 4.4ms
[2025-01-18T13:24:10.686+0000][30.054s][info ][gc,phases   ] GC(57)   Post Evacuate Collection Set: 1.4ms
[2025-01-18T13:24:10.686+0000][30.054s][info ][gc,phases   ] GC(57)   Other: 0.5ms
[2025-01-18T13:24:10.686+0000][30.054s][info ][gc,heap     ] GC(57) Eden regions: 79->0(74)
[2025-01-18T13:24:10.686+0000][30.055s][info ][gc,heap     ] GC(57) Survivor regions: 6->9(11)
[2025-01-18T13:24:10.686+0000][30.055s][info ][gc,heap     ] GC(57) Old regions: 98->98
[2025-01-18T13:24:10.687+0000][30.055s][info ][gc,heap     ] GC(57) Archive regions: 2->2
[2025-01-18T13:24:10.687+0000][30.055s][info ][gc,heap     ] GC(57) Humongous regions: 0->0
[2025-01-18T13:24:10.687+0000][30.055s][info ][gc,metaspace] GC(57) Metaspace: 115939K(116672K)->115939K(116672K) NonClass: 101062K(101440K)->101062K(101440K) Class: 14877K(15232K)->14877K(15232K)
[2025-01-18T13:24:10.687+0000][30.056s][info ][gc          ] GC(57) Pause Young (Normal) (G1 Evacuation Pause) 183M->106M(214M) 9.019ms
[2025-01-18T13:24:10.687+0000][30.056s][info ][gc,cpu      ] GC(57) User=0.04s Sys=0.00s Real=0.01s
[2025-01-18T13:24:10.688+0000][30.056s][info ][safepoint   ] Safepoint "G1CollectForAllocation", Time since last: 597793426 ns, Reaching safepoint: 392460 ns, Cleanup: 126378 ns, At safepoint: 9492455 ns, Total: 10011293 ns
[2025-01-18T13:24:11.042+0000][30.410s][debug][safepoint   ] Safepoint synchronization initiated using futex wait barrier. (40 threads)
[2025-01-18T13:24:11.043+0000][30.411s][info ][gc,start    ] GC(58) Pause Young (Normal) (G1 Evacuation Pause)
[2025-01-18T13:24:11.043+0000][30.411s][info ][gc,task     ] GC(58) Using 10 workers of 10 for evacuation
[2025-01-18T13:24:11.052+0000][30.420s][info ][gc,phases   ] GC(58)   Pre Evacuate Collection Set: 0.4ms
[2025-01-18T13:24:11.052+0000][30.420s][info ][gc,phases   ] GC(58)   Merge Heap Roots: 0.2ms
[2025-01-18T13:24:11.052+0000][30.420s][info ][gc,phases   ] GC(58)   Evacuate Collection Set: 5.9ms
[2025-01-18T13:24:11.052+0000][30.421s][info ][gc,phases   ] GC(58)   Post Evacuate Collection Set: 1.6ms
[2025-01-18T13:24:11.052+0000][30.421s][info ][gc,phases   ] GC(58)   Other: 0.8ms
[2025-01-18T13:24:11.053+0000][30.421s][info ][gc,heap     ] GC(58) Eden regions: 74->0(75)
[2025-01-18T13:24:11.053+0000][30.421s][info ][gc,heap     ] GC(58) Survivor regions: 9->7(11)
[2025-01-18T13:24:11.053+0000][30.421s][info ][gc,heap     ] GC(58) Old regions: 98->101
[2025-01-18T13:24:11.053+0000][30.422s][info ][gc,heap     ] GC(58) Archive regions: 2->2
[2025-01-18T13:24:11.053+0000][30.422s][info ][gc,heap     ] GC(58) Humongous regions: 0->0
[2025-01-18T13:24:11.054+0000][30.422s][info ][gc,metaspace] GC(58) Metaspace: 116462K(117120K)->116462K(117120K) NonClass: 101486K(101824K)->101486K(101824K) Class: 14975K(15296K)->14975K(15296K)
[2025-01-18T13:24:11.054+0000][30.422s][info ][gc          ] GC(58) Pause Young (Normal) (G1 Evacuation Pause) 180M->107M(214M) 11.277ms
[2025-01-18T13:24:11.054+0000][30.422s][info ][gc,cpu      ] GC(58) User=0.07s Sys=0.00s Real=0.01s
[2025-01-18T13:24:11.054+0000][30.423s][info ][safepoint   ] Safepoint "G1CollectForAllocation", Time since last: 354019767 ns, Reaching safepoint: 693548 ns, Cleanup: 139834 ns, At safepoint: 11790762 ns, Total: 12624144 ns
[2025-01-18T13:24:11.584+0000][30.953s][debug][safepoint   ] Safepoint synchronization initiated using futex wait barrier. (44 threads)
[2025-01-18T13:24:11.585+0000][30.953s][info ][gc,start    ] GC(59) Pause Young (Normal) (G1 Evacuation Pause)
[2025-01-18T13:24:11.585+0000][30.954s][info ][gc,task     ] GC(59) Using 10 workers of 10 for evacuation
[2025-01-18T13:24:11.593+0000][30.961s][info ][gc,phases   ] GC(59)   Pre Evacuate Collection Set: 0.3ms
[2025-01-18T13:24:11.593+0000][30.961s][info ][gc,phases   ] GC(59)   Merge Heap Roots: 0.2ms
[2025-01-18T13:24:11.593+0000][30.961s][info ][gc,phases   ] GC(59)   Evacuate Collection Set: 4.9ms
[2025-01-18T13:24:11.593+0000][30.962s][info ][gc,phases   ] GC(59)   Post Evacuate Collection Set: 1.5ms
[2025-01-18T13:24:11.594+0000][30.962s][info ][gc,phases   ] GC(59)   Other: 0.7ms
[2025-01-18T13:24:11.594+0000][30.962s][info ][gc,heap     ] GC(59) Eden regions: 75->0(69)
[2025-01-18T13:24:11.594+0000][30.962s][info ][gc,heap     ] GC(59) Survivor regions: 7->10(11)
[2025-01-18T13:24:11.594+0000][30.963s][info ][gc,heap     ] GC(59) Old regions: 101->101
[2025-01-18T13:24:11.595+0000][30.963s][info ][gc,heap     ] GC(59) Archive regions: 2->2
[2025-01-18T13:24:11.595+0000][30.963s][info ][gc,heap     ] GC(59) Humongous regions: 0->0
[2025-01-18T13:24:11.595+0000][30.963s][info ][gc,metaspace] GC(59) Metaspace: 119632K(120384K)->119632K(120384K) NonClass: 104267K(104640K)->104267K(104640K) Class: 15365K(15744K)->15365K(15744K)
[2025-01-18T13:24:11.595+0000][30.964s][info ][gc          ] GC(59) Pause Young (Normal) (G1 Evacuation Pause) 182M->110M(214M) 10.344ms
[2025-01-18T13:24:11.596+0000][30.964s][info ][gc,cpu      ] GC(59) User=0.07s Sys=0.00s Real=0.01s
[2025-01-18T13:24:11.596+0000][30.964s][info ][safepoint   ] Safepoint "G1CollectForAllocation", Time since last: 530005784 ns, Reaching safepoint: 408712 ns, Cleanup: 148671 ns, At safepoint: 10925088 ns, Total: 11482471 ns
[2025-01-18T13:24:11.995+0000][31.365s][debug][safepoint   ] Safepoint synchronization initiated using futex wait barrier. (52 threads)
[2025-01-18T13:24:11.996+0000][31.365s][info ][gc,start    ] GC(60) Pause Young (Normal) (G1 Evacuation Pause)
[2025-01-18T13:24:11.996+0000][31.366s][info ][gc,task     ] GC(60) Using 10 workers of 10 for evacuation
[2025-01-18T13:24:12.003+0000][31.372s][info ][gc,phases   ] GC(60)   Pre Evacuate Collection Set: 0.2ms
[2025-01-18T13:24:12.003+0000][31.372s][info ][gc,phases   ] GC(60)   Merge Heap Roots: 0.2ms
[2025-01-18T13:24:12.003+0000][31.373s][info ][gc,phases   ] GC(60)   Evacuate Collection Set: 4.6ms
[2025-01-18T13:24:12.003+0000][31.373s][info ][gc,phases   ] GC(60)   Post Evacuate Collection Set: 1.3ms
[2025-01-18T13:24:12.004+0000][31.373s][info ][gc,phases   ] GC(60)   Other: 0.6ms
[2025-01-18T13:24:12.004+0000][31.373s][info ][gc,heap     ] GC(60) Eden regions: 69->0(72)
[2025-01-18T13:24:12.004+0000][31.374s][info ][gc,heap     ] GC(60) Survivor regions: 10->6(10)
[2025-01-18T13:24:12.004+0000][31.374s][info ][gc,heap     ] GC(60) Old regions: 101->105
[2025-01-18T13:24:12.004+0000][31.374s][info ][gc,heap     ] GC(60) Archive regions: 2->2
[2025-01-18T13:24:12.005+0000][31.374s][info ][gc,heap     ] GC(60) Humongous regions: 1->0
[2025-01-18T13:24:12.005+0000][31.374s][info ][gc,metaspace] GC(60) Metaspace: 122827K(123584K)->122827K(123584K) NonClass: 107238K(107648K)->107238K(107648K) Class: 15589K(15936K)->15589K(15936K)
[2025-01-18T13:24:12.005+0000][31.374s][info ][gc          ] GC(60) Pause Young (Normal) (G1 Evacuation Pause) 180M->111M(214M) 9.164ms
[2025-01-18T13:24:12.005+0000][31.375s][info ][gc,cpu      ] GC(60) User=0.05s Sys=0.01s Real=0.01s
[2025-01-18T13:24:12.005+0000][31.375s][info ][safepoint   ] Safepoint "G1CollectForAllocation", Time since last: 400762715 ns, Reaching safepoint: 322863 ns, Cleanup: 41912 ns, At safepoint: 9686845 ns, Total: 10051620 ns
[2025-01-18T13:24:12.325+0000][31.695s][debug][safepoint   ] Safepoint synchronization initiated using futex wait barrier. (52 threads)
[2025-01-18T13:24:12.326+0000][31.695s][info ][gc,start    ] GC(61) Pause Young (Normal) (G1 Evacuation Pause)
[2025-01-18T13:24:12.326+0000][31.696s][info ][gc,task     ] GC(61) Using 10 workers of 10 for evacuation
[2025-01-18T13:24:12.334+0000][31.703s][info ][gc,phases   ] GC(61)   Pre Evacuate Collection Set: 0.3ms
[2025-01-18T13:24:12.334+0000][31.704s][info ][gc,phases   ] GC(61)   Merge Heap Roots: 0.2ms
[2025-01-18T13:24:12.334+0000][31.704s][info ][gc,phases   ] GC(61)   Evacuate Collection Set: 4.6ms
[2025-01-18T13:24:12.335+0000][31.704s][info ][gc,phases   ] GC(61)   Post Evacuate Collection Set: 1.8ms
[2025-01-18T13:24:12.335+0000][31.704s][info ][gc,phases   ] GC(61)   Other: 0.8ms
[2025-01-18T13:24:12.335+0000][31.705s][info ][gc,heap     ] GC(61) Eden regions: 72->0(69)
[2025-01-18T13:24:12.335+0000][31.705s][info ][gc,heap     ] GC(61) Survivor regions: 6->7(10)
[2025-01-18T13:24:12.335+0000][31.705s][info ][gc,heap     ] GC(61) Old regions: 105->107
[2025-01-18T13:24:12.336+0000][31.705s][info ][gc,heap     ] GC(61) Archive regions: 2->2
[2025-01-18T13:24:12.336+0000][31.705s][info ][gc,heap     ] GC(61) Humongous regions: 0->0
[2025-01-18T13:24:12.336+0000][31.705s][info ][gc,metaspace] GC(61) Metaspace: 124665K(125440K)->124665K(125440K) NonClass: 108900K(109312K)->108900K(109312K) Class: 15764K(16128K)->15764K(16128K)
[2025-01-18T13:24:12.336+0000][31.706s][info ][gc          ] GC(61) Pause Young (Normal) (G1 Evacuation Pause) 183M->113M(214M) 10.233ms
[2025-01-18T13:24:12.336+0000][31.706s][info ][gc,cpu      ] GC(61) User=0.03s Sys=0.01s Real=0.02s
[2025-01-18T13:24:12.337+0000][31.706s][info ][safepoint   ] Safepoint "G1CollectForAllocation", Time since last: 319886850 ns, Reaching safepoint: 428471 ns, Cleanup: 80558 ns, At safepoint: 10697398 ns, Total: 11206427 ns
[2025-01-18T13:24:12.572+0000][31.941s][debug][safepoint   ] Safepoint synchronization initiated using futex wait barrier. (52 threads)
[2025-01-18T13:24:12.572+0000][31.942s][info ][gc,start    ] GC(62) Pause Young (Normal) (G1 Evacuation Pause)
[2025-01-18T13:24:12.572+0000][31.942s][info ][gc,task     ] GC(62) Using 10 workers of 10 for evacuation
[2025-01-18T13:24:12.579+0000][31.948s][info ][gc,phases   ] GC(62)   Pre Evacuate Collection Set: 0.3ms
[2025-01-18T13:24:12.580+0000][31.949s][info ][gc,phases   ] GC(62)   Merge Heap Roots: 0.3ms
[2025-01-18T13:24:12.580+0000][31.950s][info ][gc,phases   ] GC(62)   Evacuate Collection Set: 3.5ms
[2025-01-18T13:24:12.581+0000][31.950s][info ][gc,phases   ] GC(62)   Post Evacuate Collection Set: 2.0ms
[2025-01-18T13:24:12.581+0000][31.950s][info ][gc,phases   ] GC(62)   Other: 0.5ms
[2025-01-18T13:24:12.581+0000][31.950s][info ][gc,heap     ] GC(62) Eden regions: 69->0(70)
[2025-01-18T13:24:12.581+0000][31.951s][info ][gc,heap     ] GC(62) Survivor regions: 7->4(10)
[2025-01-18T13:24:12.582+0000][31.951s][info ][gc,heap     ] GC(62) Old regions: 107->110
[2025-01-18T13:24:12.582+0000][31.951s][info ][gc,heap     ] GC(62) Archive regions: 2->2
[2025-01-18T13:24:12.582+0000][31.952s][info ][gc,heap     ] GC(62) Humongous regions: 0->0
[2025-01-18T13:24:12.582+0000][31.952s][info ][gc,metaspace] GC(62) Metaspace: 126167K(126912K)->126167K(126912K) NonClass: 110204K(110592K)->110204K(110592K) Class: 15962K(16320K)->15962K(16320K)
[2025-01-18T13:24:12.583+0000][31.952s][info ][gc          ] GC(62) Pause Young (Normal) (G1 Evacuation Pause) 182M->113M(214M) 10.423ms
[2025-01-18T13:24:12.583+0000][31.952s][info ][gc,cpu      ] GC(62) User=0.02s Sys=0.02s Real=0.01s
[2025-01-18T13:24:12.583+0000][31.953s][info ][safepoint   ] Safepoint "G1CollectForAllocation", Time since last: 235233314 ns, Reaching safepoint: 298956 ns, Cleanup: 33886 ns, At safepoint: 10961125 ns, Total: 11293967 ns
[2025-01-18T13:24:12.885+0000][32.254s][debug][safepoint   ] Safepoint synchronization initiated using futex wait barrier. (52 threads)
[2025-01-18T13:24:12.885+0000][32.255s][info ][gc,start    ] GC(63) Pause Young (Normal) (G1 Evacuation Pause)
[2025-01-18T13:24:12.885+0000][32.255s][info ][gc,task     ] GC(63) Using 10 workers of 10 for evacuation
[2025-01-18T13:24:12.890+0000][32.259s][info ][gc,phases   ] GC(63)   Pre Evacuate Collection Set: 0.3ms
[2025-01-18T13:24:12.890+0000][32.260s][info ][gc,phases   ] GC(63)   Merge Heap Roots: 0.2ms
[2025-01-18T13:24:12.890+0000][32.260s][info ][gc,phases   ] GC(63)   Evacuate Collection Set: 2.5ms
[2025-01-18T13:24:12.891+0000][32.260s][info ][gc,phases   ] GC(63)   Post Evacuate Collection Set: 1.3ms
[2025-01-18T13:24:12.891+0000][32.260s][info ][gc,phases   ] GC(63)   Other: 0.5ms
[2025-01-18T13:24:12.891+0000][32.261s][info ][gc,heap     ] GC(63) Eden regions: 70->0(69)
[2025-01-18T13:24:12.891+0000][32.261s][info ][gc,heap     ] GC(63) Survivor regions: 4->5(10)
[2025-01-18T13:24:12.891+0000][32.261s][info ][gc,heap     ] GC(63) Old regions: 110->110
[2025-01-18T13:24:12.892+0000][32.261s][info ][gc,heap     ] GC(63) Archive regions: 2->2
[2025-01-18T13:24:12.892+0000][32.261s][info ][gc,heap     ] GC(63) Humongous regions: 0->0
[2025-01-18T13:24:12.892+0000][32.262s][info ][gc,metaspace] GC(63) Metaspace: 127886K(128640K)->127886K(128640K) NonClass: 111702K(112128K)->111702K(112128K) Class: 16183K(16512K)->16183K(16512K)
[2025-01-18T13:24:12.892+0000][32.262s][info ][gc          ] GC(63) Pause Young (Normal) (G1 Evacuation Pause) 183M->114M(214M) 7.111ms
[2025-01-18T13:24:12.893+0000][32.262s][info ][gc,cpu      ] GC(63) User=0.01s Sys=0.02s Real=0.01s
[2025-01-18T13:24:12.893+0000][32.263s][info ][safepoint   ] Safepoint "G1CollectForAllocation", Time since last: 301864007 ns, Reaching safepoint: 309056 ns, Cleanup: 17875 ns, At safepoint: 7939981 ns, Total: 8266912 ns
[2025-01-18T13:24:13.360+0000][32.730s][debug][safepoint   ] Safepoint synchronization initiated using futex wait barrier. (53 threads)
[2025-01-18T13:24:13.361+0000][32.730s][info ][gc,start    ] GC(64) Pause Young (Normal) (G1 Evacuation Pause)
[2025-01-18T13:24:13.361+0000][32.730s][info ][gc,task     ] GC(64) Using 10 workers of 10 for evacuation
[2025-01-18T13:24:13.367+0000][32.736s][info ][gc,phases   ] GC(64)   Pre Evacuate Collection Set: 0.2ms
[2025-01-18T13:24:13.367+0000][32.737s][info ][gc,phases   ] GC(64)   Merge Heap Roots: 0.2ms
[2025-01-18T13:24:13.367+0000][32.737s][info ][gc,phases   ] GC(64)   Evacuate Collection Set: 3.7ms
[2025-01-18T13:24:13.368+0000][32.737s][info ][gc,phases   ] GC(64)   Post Evacuate Collection Set: 1.5ms
[2025-01-18T13:24:13.368+0000][32.737s][info ][gc,phases   ] GC(64)   Other: 0.6ms
[2025-01-18T13:24:13.368+0000][32.737s][info ][gc,heap     ] GC(64) Eden regions: 69->0(64)
[2025-01-18T13:24:13.368+0000][32.738s][info ][gc,heap     ] GC(64) Survivor regions: 5->8(10)
[2025-01-18T13:24:13.368+0000][32.738s][info ][gc,heap     ] GC(64) Old regions: 110->110
[2025-01-18T13:24:13.368+0000][32.738s][info ][gc,heap     ] GC(64) Archive regions: 2->2
[2025-01-18T13:24:13.369+0000][32.738s][info ][gc,heap     ] GC(64) Humongous regions: 0->0
[2025-01-18T13:24:13.369+0000][32.738s][info ][gc,metaspace] GC(64) Metaspace: 130517K(131264K)->130517K(131264K) NonClass: 114045K(114432K)->114045K(114432K) Class: 16471K(16832K)->16471K(16832K)
[2025-01-18T13:24:13.369+0000][32.738s][info ][gc          ] GC(64) Pause Young (Normal) (G1 Evacuation Pause) 183M->117M(214M) 8.352ms
[2025-01-18T13:24:13.369+0000][32.739s][info ][gc,cpu      ] GC(64) User=0.02s Sys=0.02s Real=0.01s
[2025-01-18T13:24:13.369+0000][32.739s][info ][safepoint   ] Safepoint "G1CollectForAllocation", Time since last: 466938289 ns, Reaching safepoint: 372831 ns, Cleanup: 65749 ns, At safepoint: 8831208 ns, Total: 9269788 ns
[2025-01-18T13:24:13.789+0000][33.159s][debug][safepoint   ] Safepoint synchronization initiated using futex wait barrier. (55 threads)
[2025-01-18T13:24:13.790+0000][33.159s][info ][gc,start    ] GC(65) Pause Young (Normal) (G1 Evacuation Pause)
[2025-01-18T13:24:13.790+0000][33.159s][info ][gc,task     ] GC(65) Using 10 workers of 10 for evacuation
[2025-01-18T13:24:13.798+0000][33.168s][info ][gc,phases   ] GC(65)   Pre Evacuate Collection Set: 0.2ms
[2025-01-18T13:24:13.799+0000][33.168s][info ][gc,phases   ] GC(65)   Merge Heap Roots: 0.2ms
[2025-01-18T13:24:13.799+0000][33.168s][info ][gc,phases   ] GC(65)   Evacuate Collection Set: 5.7ms
[2025-01-18T13:24:13.799+0000][33.169s][info ][gc,phases   ] GC(65)   Post Evacuate Collection Set: 1.9ms
[2025-01-18T13:24:13.799+0000][33.169s][info ][gc,phases   ] GC(65)   Other: 0.6ms
[2025-01-18T13:24:13.799+0000][33.169s][info ][gc,heap     ] GC(65) Eden regions: 64->0(63)
[2025-01-18T13:24:13.800+0000][33.169s][info ][gc,heap     ] GC(65) Survivor regions: 8->7(9)
[2025-01-18T13:24:13.800+0000][33.169s][info ][gc,heap     ] GC(65) Old regions: 110->113
[2025-01-18T13:24:13.800+0000][33.169s][info ][gc,heap     ] GC(65) Archive regions: 2->2
[2025-01-18T13:24:13.800+0000][33.170s][info ][gc,heap     ] GC(65) Humongous regions: 0->0
[2025-01-18T13:24:13.800+0000][33.170s][info ][gc,metaspace] GC(65) Metaspace: 131961K(132736K)->131961K(132736K) NonClass: 115392K(115776K)->115392K(115776K) Class: 16568K(16960K)->16568K(16960K)
[2025-01-18T13:24:13.800+0000][33.170s][info ][gc          ] GC(65) Pause Young (Normal) (G1 Evacuation Pause) 181M->119M(214M) 10.706ms
[2025-01-18T13:24:13.801+0000][33.170s][info ][gc,cpu      ] GC(65) User=0.06s Sys=0.02s Real=0.01s
[2025-01-18T13:24:13.801+0000][33.170s][info ][safepoint   ] Safepoint "G1CollectForAllocation", Time since last: 419791835 ns, Reaching safepoint: 391027 ns, Cleanup: 80127 ns, At safepoint: 11118817 ns, Total: 11589971 ns
[2025-01-18T13:24:14.227+0000][33.597s][debug][safepoint   ] Safepoint synchronization initiated using futex wait barrier. (54 threads)
[2025-01-18T13:24:14.228+0000][33.598s][info ][gc,start    ] GC(66) Pause Young (Normal) (G1 Evacuation Pause)
[2025-01-18T13:24:14.228+0000][33.598s][info ][gc,task     ] GC(66) Using 10 workers of 10 for evacuation
[2025-01-18T13:24:14.235+0000][33.605s][info ][gc,phases   ] GC(66)   Pre Evacuate Collection Set: 0.3ms
[2025-01-18T13:24:14.235+0000][33.605s][info ][gc,phases   ] GC(66)   Merge Heap Roots: 0.2ms
[2025-01-18T13:24:14.236+0000][33.605s][info ][gc,phases   ] GC(66)   Evacuate Collection Set: 4.1ms
[2025-01-18T13:24:14.236+0000][33.605s][info ][gc,phases   ] GC(66)   Post Evacuate Collection Set: 1.8ms
[2025-01-18T13:24:14.236+0000][33.605s][info ][gc,phases   ] GC(66)   Other: 0.8ms
[2025-01-18T13:24:14.236+0000][33.606s][info ][gc,heap     ] GC(66) Eden regions: 63->0(100)
[2025-01-18T13:24:14.236+0000][33.606s][info ][gc,heap     ] GC(66) Survivor regions: 7->4(9)
[2025-01-18T13:24:14.236+0000][33.606s][info ][gc,heap     ] GC(66) Old regions: 113->117
[2025-01-18T13:24:14.237+0000][33.606s][info ][gc,heap     ] GC(66) Archive regions: 2->2
[2025-01-18T13:24:14.237+0000][33.606s][info ][gc,heap     ] GC(66) Humongous regions: 0->0
[2025-01-18T13:24:14.244+0000][33.613s][info ][gc,metaspace] GC(66) Metaspace: 135216K(136256K)->135216K(136256K) NonClass: 118212K(118784K)->118212K(118784K) Class: 17003K(17472K)->17003K(17472K)
[2025-01-18T13:24:14.244+0000][33.614s][info ][gc          ] GC(66) Pause Young (Normal) (G1 Evacuation Pause) 182M->120M(257M) 16.035ms
[2025-01-18T13:24:14.244+0000][33.614s][info ][gc,cpu      ] GC(66) User=0.05s Sys=0.00s Real=0.01s
[2025-01-18T13:24:14.245+0000][33.614s][info ][safepoint   ] Safepoint "G1CollectForAllocation", Time since last: 426614183 ns, Reaching safepoint: 529077 ns, Cleanup: 79186 ns, At safepoint: 16846162 ns, Total: 17454425 ns
[2025-01-18T13:24:14.827+0000][34.196s][debug][safepoint   ] Safepoint synchronization initiated using futex wait barrier. (58 threads)
[2025-01-18T13:24:14.827+0000][34.197s][info ][gc,start    ] GC(67) Pause Young (Normal) (G1 Evacuation Pause)
[2025-01-18T13:24:14.828+0000][34.197s][info ][gc,task     ] GC(67) Using 10 workers of 10 for evacuation
[2025-01-18T13:24:14.842+0000][34.211s][info ][gc,phases   ] GC(67)   Pre Evacuate Collection Set: 0.5ms
[2025-01-18T13:24:14.842+0000][34.212s][info ][gc,phases   ] GC(67)   Merge Heap Roots: 0.3ms
[2025-01-18T13:24:14.843+0000][34.213s][info ][gc,phases   ] GC(67)   Evacuate Collection Set: 8.5ms
[2025-01-18T13:24:14.844+0000][34.213s][info ][gc,phases   ] GC(67)   Post Evacuate Collection Set: 3.8ms
[2025-01-18T13:24:14.845+0000][34.214s][info ][gc,phases   ] GC(67)   Other: 1.2ms
[2025-01-18T13:24:14.846+0000][34.215s][info ][gc,heap     ] GC(67) Eden regions: 100->0(96)
[2025-01-18T13:24:14.846+0000][34.216s][info ][gc,heap     ] GC(67) Survivor regions: 4->7(13)
[2025-01-18T13:24:14.847+0000][34.217s][info ][gc,heap     ] GC(67) Old regions: 117->117
[2025-01-18T13:24:14.848+0000][34.217s][info ][gc,heap     ] GC(67) Archive regions: 2->2
[2025-01-18T13:24:14.849+0000][34.218s][info ][gc,heap     ] GC(67) Humongous regions: 0->0
[2025-01-18T13:24:14.850+0000][34.220s][info ][gc,metaspace] GC(67) Metaspace: 137513K(138560K)->137513K(138560K) NonClass: 120353K(120896K)->120353K(120896K) Class: 17160K(17664K)->17160K(17664K)
[2025-01-18T13:24:14.851+0000][34.220s][info ][gc          ] GC(67) Pause Young (Normal) (G1 Evacuation Pause) 220M->123M(257M) 23.381ms
[2025-01-18T13:24:14.851+0000][34.221s][info ][gc,cpu      ] GC(67) User=0.08s Sys=0.04s Real=0.02s
[2025-01-18T13:24:14.852+0000][34.221s][info ][safepoint   ] Safepoint "G1CollectForAllocation", Time since last: 581892967 ns, Reaching safepoint: 404714 ns, Cleanup: 171937 ns, At safepoint: 24277591 ns, Total: 24854242 ns
[2025-01-18T13:24:15.362+0000][34.732s][debug][safepoint   ] Safepoint synchronization initiated using futex wait barrier. (59 threads)
[2025-01-18T13:24:15.363+0000][34.732s][info ][gc,start    ] GC(68) Pause Young (Normal) (G1 Evacuation Pause)
[2025-01-18T13:24:15.363+0000][34.733s][info ][gc,task     ] GC(68) Using 10 workers of 10 for evacuation
[2025-01-18T13:24:15.371+0000][34.741s][info ][gc,phases   ] GC(68)   Pre Evacuate Collection Set: 0.3ms
[2025-01-18T13:24:15.371+0000][34.741s][info ][gc,phases   ] GC(68)   Merge Heap Roots: 0.2ms
[2025-01-18T13:24:15.372+0000][34.741s][info ][gc,phases   ] GC(68)   Evacuate Collection Set: 5.3ms
[2025-01-18T13:24:15.372+0000][34.741s][info ][gc,phases   ] GC(68)   Post Evacuate Collection Set: 1.6ms
[2025-01-18T13:24:15.372+0000][34.742s][info ][gc,phases   ] GC(68)   Other: 0.8ms
[2025-01-18T13:24:15.372+0000][34.742s][info ][gc,heap     ] GC(68) Eden regions: 96->0(92)
[2025-01-18T13:24:15.372+0000][34.742s][info ][gc,heap     ] GC(68) Survivor regions: 7->10(13)
[2025-01-18T13:24:15.373+0000][34.742s][info ][gc,heap     ] GC(68) Old regions: 117->117
[2025-01-18T13:24:15.373+0000][34.742s][info ][gc,heap     ] GC(68) Archive regions: 2->2
[2025-01-18T13:24:15.373+0000][34.742s][info ][gc,heap     ] GC(68) Humongous regions: 0->0
[2025-01-18T13:24:15.373+0000][34.743s][info ][gc,metaspace] GC(68) Metaspace: 139283K(140416K)->139283K(140416K) NonClass: 122018K(122624K)->122018K(122624K) Class: 17264K(17792K)->17264K(17792K)
[2025-01-18T13:24:15.373+0000][34.743s][info ][gc          ] GC(68) Pause Young (Normal) (G1 Evacuation Pause) 219M->127M(257M) 10.556ms
[2025-01-18T13:24:15.374+0000][34.743s][info ][gc,cpu      ] GC(68) User=0.08s Sys=0.00s Real=0.01s
[2025-01-18T13:24:15.374+0000][34.743s][info ][safepoint   ] Safepoint "G1CollectForAllocation", Time since last: 510647501 ns, Reaching safepoint: 333564 ns, Cleanup: 151427 ns, At safepoint: 11147960 ns, Total: 11632951 ns
[2025-01-18T13:24:15.842+0000][35.211s][debug][safepoint   ] Safepoint synchronization initiated using futex wait barrier. (59 threads)
[2025-01-18T13:24:15.842+0000][35.212s][info ][gc,start    ] GC(69) Pause Young (Normal) (G1 Evacuation Pause)
[2025-01-18T13:24:15.842+0000][35.212s][info ][gc,task     ] GC(69) Using 10 workers of 10 for evacuation
[2025-01-18T13:24:15.852+0000][35.221s][info ][gc,phases   ] GC(69)   Pre Evacuate Collection Set: 0.3ms
[2025-01-18T13:24:15.852+0000][35.222s][info ][gc,phases   ] GC(69)   Merge Heap Roots: 0.2ms
[2025-01-18T13:24:15.852+0000][35.222s][info ][gc,phases   ] GC(69)   Evacuate Collection Set: 6.7ms
[2025-01-18T13:24:15.853+0000][35.222s][info ][gc,phases   ] GC(69)   Post Evacuate Collection Set: 1.8ms
[2025-01-18T13:24:15.853+0000][35.222s][info ][gc,phases   ] GC(69)   Other: 0.6ms
[2025-01-18T13:24:15.853+0000][35.222s][info ][gc,heap     ] GC(69) Eden regions: 92->0(87)
[2025-01-18T13:24:15.853+0000][35.223s][info ][gc,heap     ] GC(69) Survivor regions: 10->11(13)
[2025-01-18T13:24:15.853+0000][35.223s][info ][gc,heap     ] GC(69) Old regions: 117->120
[2025-01-18T13:24:15.854+0000][35.223s][info ][gc,heap     ] GC(69) Archive regions: 2->2
[2025-01-18T13:24:15.854+0000][35.223s][info ][gc,heap     ] GC(69) Humongous regions: 0->0
[2025-01-18T13:24:15.854+0000][35.224s][info ][gc,metaspace] GC(69) Metaspace: 140850K(141952K)->140850K(141952K) NonClass: 123529K(124096K)->123529K(124096K) Class: 17321K(17856K)->17321K(17856K)
[2025-01-18T13:24:15.854+0000][35.224s][info ][gc          ] GC(69) Pause Young (Normal) (G1 Evacuation Pause) 219M->130M(257M) 12.287ms
[2025-01-18T13:24:15.854+0000][35.224s][info ][gc,cpu      ] GC(69) User=0.09s Sys=0.00s Real=0.01s
[2025-01-18T13:24:15.855+0000][35.224s][info ][safepoint   ] Safepoint "G1CollectForAllocation", Time since last: 467619456 ns, Reaching safepoint: 433119 ns, Cleanup: 26242 ns, At safepoint: 12731338 ns, Total: 13190699 ns
[2025-01-18T13:24:16.416+0000][35.786s][debug][safepoint   ] Safepoint synchronization initiated using futex wait barrier. (65 threads)
[2025-01-18T13:24:16.417+0000][35.787s][info ][gc,start    ] GC(70) Pause Young (Normal) (G1 Evacuation Pause)
[2025-01-18T13:24:16.417+0000][35.787s][info ][gc,task     ] GC(70) Using 10 workers of 10 for evacuation
[2025-01-18T13:24:16.426+0000][35.795s][info ][gc,phases   ] GC(70)   Pre Evacuate Collection Set: 0.3ms
[2025-01-18T13:24:16.426+0000][35.796s][info ][gc,phases   ] GC(70)   Merge Heap Roots: 0.3ms
[2025-01-18T13:24:16.427+0000][35.796s][info ][gc,phases   ] GC(70)   Evacuate Collection Set: 6.1ms
[2025-01-18T13:24:16.427+0000][35.796s][info ][gc,phases   ] GC(70)   Post Evacuate Collection Set: 1.5ms
[2025-01-18T13:24:16.427+0000][35.796s][info ][gc,phases   ] GC(70)   Other: 0.8ms
[2025-01-18T13:24:16.427+0000][35.797s][info ][gc,heap     ] GC(70) Eden regions: 87->0(86)
[2025-01-18T13:24:16.427+0000][35.797s][info ][gc,heap     ] GC(70) Survivor regions: 11->10(13)
[2025-01-18T13:24:16.427+0000][35.797s][info ][gc,heap     ] GC(70) Old regions: 120->123
[2025-01-18T13:24:16.428+0000][35.797s][info ][gc,heap     ] GC(70) Archive regions: 2->2
[2025-01-18T13:24:16.428+0000][35.797s][info ][gc,heap     ] GC(70) Humongous regions: 0->0
[2025-01-18T13:24:16.428+0000][35.797s][info ][gc,metaspace] GC(70) Metaspace: 144824K(145856K)->144824K(145856K) NonClass: 127089K(127616K)->127089K(127616K) Class: 17735K(18240K)->17735K(18240K)
[2025-01-18T13:24:16.428+0000][35.798s][info ][gc          ] GC(70) Pause Young (Normal) (G1 Evacuation Pause) 217M->132M(257M) 11.051ms
[2025-01-18T13:24:16.428+0000][35.798s][info ][gc,cpu      ] GC(70) User=0.06s Sys=0.01s Real=0.01s
[2025-01-18T13:24:16.429+0000][35.798s][info ][safepoint   ] Safepoint "G1CollectForAllocation", Time since last: 561741646 ns, Reaching safepoint: 468198 ns, Cleanup: 115567 ns, At safepoint: 11621921 ns, Total: 12205686 ns
[2025-01-18T13:24:16.606+0000][35.976s][info ][cds,heap    ] initialize_from_archived_subgraph jdk.internal.math.FDBigInteger 0x00007f547f14d8f0
[2025-01-18T13:24:17.088+0000][36.458s][debug][safepoint   ] Safepoint synchronization initiated using futex wait barrier. (77 threads)
[2025-01-18T13:24:17.089+0000][36.458s][info ][gc,start    ] GC(71) Pause Young (Normal) (G1 Evacuation Pause)
[2025-01-18T13:24:17.089+0000][36.458s][info ][gc,task     ] GC(71) Using 10 workers of 10 for evacuation
[2025-01-18T13:24:17.097+0000][36.466s][info ][gc,phases   ] GC(71)   Pre Evacuate Collection Set: 0.3ms
[2025-01-18T13:24:17.097+0000][36.466s][info ][gc,phases   ] GC(71)   Merge Heap Roots: 0.2ms
[2025-01-18T13:24:17.097+0000][36.467s][info ][gc,phases   ] GC(71)   Evacuate Collection Set: 5.2ms
[2025-01-18T13:24:17.097+0000][36.467s][info ][gc,phases   ] GC(71)   Post Evacuate Collection Set: 1.6ms
[2025-01-18T13:24:17.098+0000][36.467s][info ][gc,phases   ] GC(71)   Other: 0.6ms
[2025-01-18T13:24:17.098+0000][36.467s][info ][gc,heap     ] GC(71) Eden regions: 86->0(87)
[2025-01-18T13:24:17.098+0000][36.468s][info ][gc,heap     ] GC(71) Survivor regions: 10->8(12)
[2025-01-18T13:24:17.098+0000][36.468s][info ][gc,heap     ] GC(71) Old regions: 123->126
[2025-01-18T13:24:17.099+0000][36.468s][info ][gc,heap     ] GC(71) Archive regions: 2->2
[2025-01-18T13:24:17.099+0000][36.468s][info ][gc,heap     ] GC(71) Humongous regions: 0->0
[2025-01-18T13:24:17.099+0000][36.468s][info ][gc,metaspace] GC(71) Metaspace: 148049K(149120K)->148049K(149120K) NonClass: 129936K(130496K)->129936K(130496K) Class: 18112K(18624K)->18112K(18624K)
[2025-01-18T13:24:17.099+0000][36.469s][info ][gc          ] GC(71) Pause Young (Normal) (G1 Evacuation Pause) 218M->134M(257M) 10.459ms
[2025-01-18T13:24:17.099+0000][36.469s][info ][gc,cpu      ] GC(71) User=0.05s Sys=0.00s Real=0.01s
[2025-01-18T13:24:17.100+0000][36.469s][info ][safepoint   ] Safepoint "G1CollectForAllocation", Time since last: 659458644 ns, Reaching safepoint: 465997 ns, Cleanup: 97722 ns, At safepoint: 11036080 ns, Total: 11599799 ns
[2025-01-18T13:24:17.517+0000][36.887s][debug][safepoint   ] Safepoint synchronization initiated using futex wait barrier. (78 threads)
[2025-01-18T13:24:17.518+0000][36.887s][info ][gc,start    ] GC(72) Pause Young (Normal) (G1 Evacuation Pause)
[2025-01-18T13:24:17.518+0000][36.888s][info ][gc,task     ] GC(72) Using 10 workers of 10 for evacuation
[2025-01-18T13:24:17.526+0000][36.896s][info ][gc,phases   ] GC(72)   Pre Evacuate Collection Set: 0.3ms
[2025-01-18T13:24:17.526+0000][36.896s][info ][gc,phases   ] GC(72)   Merge Heap Roots: 0.2ms
[2025-01-18T13:24:17.527+0000][36.896s][info ][gc,phases   ] GC(72)   Evacuate Collection Set: 5.1ms
[2025-01-18T13:24:17.527+0000][36.896s][info ][gc,phases   ] GC(72)   Post Evacuate Collection Set: 2.0ms
[2025-01-18T13:24:17.527+0000][36.897s][info ][gc,phases   ] GC(72)   Other: 0.7ms
[2025-01-18T13:24:17.527+0000][36.897s][info ][gc,heap     ] GC(72) Eden regions: 87->0(86)
[2025-01-18T13:24:17.527+0000][36.897s][info ][gc,heap     ] GC(72) Survivor regions: 8->7(12)
[2025-01-18T13:24:17.528+0000][36.897s][info ][gc,heap     ] GC(72) Old regions: 126->129
[2025-01-18T13:24:17.528+0000][36.897s][info ][gc,heap     ] GC(72) Archive regions: 2->2
[2025-01-18T13:24:17.528+0000][36.898s][info ][gc,heap     ] GC(72) Humongous regions: 0->0
[2025-01-18T13:24:17.528+0000][36.898s][info ][gc,metaspace] GC(72) Metaspace: 149408K(150464K)->149408K(150464K) NonClass: 131125K(131648K)->131125K(131648K) Class: 18282K(18816K)->18282K(18816K)
[2025-01-18T13:24:17.529+0000][36.898s][info ][gc          ] GC(72) Pause Young (Normal) (G1 Evacuation Pause) 221M->136M(257M) 10.820ms
[2025-01-18T13:24:17.529+0000][36.898s][info ][gc,cpu      ] GC(72) User=0.05s Sys=0.01s Real=0.01s
[2025-01-18T13:24:17.529+0000][36.899s][info ][safepoint   ] Safepoint "G1CollectForAllocation", Time since last: 417614892 ns, Reaching safepoint: 347612 ns, Cleanup: 72633 ns, At safepoint: 11611495 ns, Total: 12031740 ns
[2025-01-18T13:24:17.909+0000][37.279s][debug][safepoint   ] Safepoint synchronization initiated using futex wait barrier. (78 threads)
[2025-01-18T13:24:17.910+0000][37.280s][info ][gc,start    ] GC(73) Pause Young (Normal) (G1 Evacuation Pause)
[2025-01-18T13:24:17.911+0000][37.280s][info ][gc,task     ] GC(73) Using 10 workers of 10 for evacuation
[2025-01-18T13:24:17.918+0000][37.287s][info ][gc,phases   ] GC(73)   Pre Evacuate Collection Set: 0.2ms
[2025-01-18T13:24:17.918+0000][37.288s][info ][gc,phases   ] GC(73)   Merge Heap Roots: 0.2ms
[2025-01-18T13:24:17.919+0000][37.288s][info ][gc,phases   ] GC(73)   Evacuate Collection Set: 4.1ms
[2025-01-18T13:24:17.919+0000][37.288s][info ][gc,phases   ] GC(73)   Post Evacuate Collection Set: 2.0ms
[2025-01-18T13:24:17.919+0000][37.289s][info ][gc,phases   ] GC(73)   Other: 0.9ms
[2025-01-18T13:24:17.919+0000][37.289s][info ][gc,heap     ] GC(73) Eden regions: 86->0(86)
[2025-01-18T13:24:17.920+0000][37.289s][info ][gc,heap     ] GC(73) Survivor regions: 7->7(12)
[2025-01-18T13:24:17.920+0000][37.289s][info ][gc,heap     ] GC(73) Old regions: 129->129
[2025-01-18T13:24:17.920+0000][37.289s][info ][gc,heap     ] GC(73) Archive regions: 2->2
[2025-01-18T13:24:17.920+0000][37.290s][info ][gc,heap     ] GC(73) Humongous regions: 0->0
[2025-01-18T13:24:17.920+0000][37.290s][info ][gc,metaspace] GC(73) Metaspace: 150495K(151552K)->150495K(151552K) NonClass: 132060K(132608K)->132060K(132608K) Class: 18435K(18944K)->18435K(18944K)
[2025-01-18T13:24:17.920+0000][37.290s][info ][gc          ] GC(73) Pause Young (Normal) (G1 Evacuation Pause) 222M->136M(257M) 10.273ms
[2025-01-18T13:24:17.921+0000][37.290s][info ][gc,cpu      ] GC(73) User=0.05s Sys=0.01s Real=0.01s
[2025-01-18T13:24:17.921+0000][37.290s][info ][safepoint   ] Safepoint "G1CollectForAllocation", Time since last: 380009060 ns, Reaching safepoint: 717247 ns, Cleanup: 77472 ns, At safepoint: 10812815 ns, Total: 11607534 ns
[2025-01-18T13:24:18.392+0000][37.761s][debug][safepoint   ] Safepoint synchronization initiated using futex wait barrier. (79 threads)
[2025-01-18T13:24:18.392+0000][37.762s][info ][gc,start    ] GC(74) Pause Young (Normal) (G1 Evacuation Pause)
[2025-01-18T13:24:18.393+0000][37.762s][info ][gc,task     ] GC(74) Using 10 workers of 10 for evacuation
[2025-01-18T13:24:18.400+0000][37.769s][info ][gc,phases   ] GC(74)   Pre Evacuate Collection Set: 0.2ms
[2025-01-18T13:24:18.400+0000][37.770s][info ][gc,phases   ] GC(74)   Merge Heap Roots: 0.2ms
[2025-01-18T13:24:18.400+0000][37.770s][info ][gc,phases   ] GC(74)   Evacuate Collection Set: 4.9ms
[2025-01-18T13:24:18.401+0000][37.770s][info ][gc,phases   ] GC(74)   Post Evacuate Collection Set: 1.5ms
[2025-01-18T13:24:18.401+0000][37.770s][info ][gc,phases   ] GC(74)   Other: 0.7ms
[2025-01-18T13:24:18.401+0000][37.771s][info ][gc,heap     ] GC(74) Eden regions: 86->0(81)
[2025-01-18T13:24:18.401+0000][37.771s][info ][gc,heap     ] GC(74) Survivor regions: 7->8(12)
[2025-01-18T13:24:18.401+0000][37.771s][info ][gc,heap     ] GC(74) Old regions: 129->132
[2025-01-18T13:24:18.402+0000][37.771s][info ][gc,heap     ] GC(74) Archive regions: 2->2
[2025-01-18T13:24:18.402+0000][37.771s][info ][gc,heap     ] GC(74) Humongous regions: 0->0
[2025-01-18T13:24:18.402+0000][37.771s][info ][gc,metaspace] GC(74) Metaspace: 151338K(152384K)->151338K(152384K) NonClass: 132800K(133312K)->132800K(133312K) Class: 18538K(19072K)->18538K(19072K)
[2025-01-18T13:24:18.402+0000][37.772s][info ][gc          ] GC(74) Pause Young (Normal) (G1 Evacuation Pause) 222M->139M(257M) 9.689ms
[2025-01-18T13:24:18.402+0000][37.772s][info ][gc,cpu      ] GC(74) User=0.06s Sys=0.00s Real=0.01s
[2025-01-18T13:24:18.402+0000][37.772s][info ][safepoint   ] Safepoint "G1CollectForAllocation", Time since last: 470857688 ns, Reaching safepoint: 409844 ns, Cleanup: 118382 ns, At safepoint: 10106169 ns, Total: 10634395 ns
[2025-01-18T13:24:18.797+0000][38.166s][debug][safepoint   ] Safepoint synchronization initiated using futex wait barrier. (79 threads)
[2025-01-18T13:24:18.797+0000][38.167s][info ][gc,start    ] GC(75) Pause Young (Normal) (G1 Evacuation Pause)
[2025-01-18T13:24:18.798+0000][38.167s][info ][gc,task     ] GC(75) Using 10 workers of 10 for evacuation
[2025-01-18T13:24:18.807+0000][38.177s][info ][gc,phases   ] GC(75)   Pre Evacuate Collection Set: 0.3ms
[2025-01-18T13:24:18.807+0000][38.177s][info ][gc,phases   ] GC(75)   Merge Heap Roots: 0.2ms
[2025-01-18T13:24:18.808+0000][38.177s][info ][gc,phases   ] GC(75)   Evacuate Collection Set: 6.8ms
[2025-01-18T13:24:18.808+0000][38.177s][info ][gc,phases   ] GC(75)   Post Evacuate Collection Set: 1.6ms
[2025-01-18T13:24:18.808+0000][38.178s][info ][gc,phases   ] GC(75)   Other: 0.7ms
[2025-01-18T13:24:18.808+0000][38.178s][info ][gc,heap     ] GC(75) Eden regions: 81->0(78)
[2025-01-18T13:24:18.808+0000][38.178s][info ][gc,heap     ] GC(75) Survivor regions: 8->8(12)
[2025-01-18T13:24:18.809+0000][38.178s][info ][gc,heap     ] GC(75) Old regions: 132->135
[2025-01-18T13:24:18.809+0000][38.178s][info ][gc,heap     ] GC(75) Archive regions: 2->2
[2025-01-18T13:24:18.809+0000][38.179s][info ][gc,heap     ] GC(75) Humongous regions: 0->0
[2025-01-18T13:24:18.809+0000][38.179s][info ][gc,metaspace] GC(75) Metaspace: 151876K(152960K)->151876K(152960K) NonClass: 133251K(133824K)->133251K(133824K) Class: 18624K(19136K)->18624K(19136K)
[2025-01-18T13:24:18.809+0000][38.179s][info ][gc          ] GC(75) Pause Young (Normal) (G1 Evacuation Pause) 220M->142M(257M) 11.915ms
[2025-01-18T13:24:18.810+0000][38.179s][info ][gc,cpu      ] GC(75) User=0.07s Sys=0.02s Real=0.01s
[2025-01-18T13:24:18.810+0000][38.179s][info ][safepoint   ] Safepoint "G1CollectForAllocation", Time since last: 394239118 ns, Reaching safepoint: 576293 ns, Cleanup: 111348 ns, At safepoint: 12442199 ns, Total: 13129840 ns
[2025-01-18T13:24:19.282+0000][38.652s][debug][safepoint   ] Safepoint synchronization initiated using futex wait barrier. (79 threads)
[2025-01-18T13:24:19.283+0000][38.652s][info ][gc,start    ] GC(76) Pause Young (Normal) (G1 Evacuation Pause)
[2025-01-18T13:24:19.283+0000][38.652s][info ][gc,task     ] GC(76) Using 10 workers of 10 for evacuation
[2025-01-18T13:24:19.289+0000][38.659s][info ][gc,phases   ] GC(76)   Pre Evacuate Collection Set: 0.3ms
[2025-01-18T13:24:19.290+0000][38.659s][info ][gc,phases   ] GC(76)   Merge Heap Roots: 0.2ms
[2025-01-18T13:24:19.290+0000][38.659s][info ][gc,phases   ] GC(76)   Evacuate Collection Set: 4.2ms
[2025-01-18T13:24:19.290+0000][38.660s][info ][gc,phases   ] GC(76)   Post Evacuate Collection Set: 1.5ms
[2025-01-18T13:24:19.290+0000][38.660s][info ][gc,phases   ] GC(76)   Other: 0.6ms
[2025-01-18T13:24:19.291+0000][38.660s][info ][gc,heap     ] GC(76) Eden regions: 78->0(78)
[2025-01-18T13:24:19.291+0000][38.660s][info ][gc,heap     ] GC(76) Survivor regions: 8->5(11)
[2025-01-18T13:24:19.291+0000][38.660s][info ][gc,heap     ] GC(76) Old regions: 135->139
[2025-01-18T13:24:19.291+0000][38.661s][info ][gc,heap     ] GC(76) Archive regions: 2->2
[2025-01-18T13:24:19.291+0000][38.661s][info ][gc,heap     ] GC(76) Humongous regions: 0->0
[2025-01-18T13:24:19.291+0000][38.661s][info ][gc,metaspace] GC(76) Metaspace: 152508K(153600K)->152508K(153600K) NonClass: 133763K(134336K)->133763K(134336K) Class: 18745K(19264K)->18745K(19264K)
[2025-01-18T13:24:19.292+0000][38.661s][info ][gc          ] GC(76) Pause Young (Normal) (G1 Evacuation Pause) 220M->143M(257M) 8.970ms
[2025-01-18T13:24:19.292+0000][38.661s][info ][gc,cpu      ] GC(76) User=0.04s Sys=0.00s Real=0.01s
[2025-01-18T13:24:19.292+0000][38.662s][info ][safepoint   ] Safepoint "G1CollectForAllocation", Time since last: 472197067 ns, Reaching safepoint: 560212 ns, Cleanup: 64045 ns, At safepoint: 9612178 ns, Total: 10236435 ns
[2025-01-18T13:24:19.643+0000][39.013s][debug][safepoint   ] Safepoint synchronization initiated using futex wait barrier. (79 threads)
[2025-01-18T13:24:19.644+0000][39.013s][info ][gc,start    ] GC(77) Pause Young (Normal) (G1 Evacuation Pause)
[2025-01-18T13:24:19.644+0000][39.014s][info ][gc,task     ] GC(77) Using 10 workers of 10 for evacuation
[2025-01-18T13:24:19.650+0000][39.019s][info ][gc,phases   ] GC(77)   Pre Evacuate Collection Set: 0.2ms
[2025-01-18T13:24:19.650+0000][39.020s][info ][gc,phases   ] GC(77)   Merge Heap Roots: 0.2ms
[2025-01-18T13:24:19.651+0000][39.020s][info ][gc,phases   ] GC(77)   Evacuate Collection Set: 3.6ms
[2025-01-18T13:24:19.651+0000][39.020s][info ][gc,phases   ] GC(77)   Post Evacuate Collection Set: 1.4ms
[2025-01-18T13:24:19.651+0000][39.020s][info ][gc,phases   ] GC(77)   Other: 0.6ms
[2025-01-18T13:24:19.651+0000][39.021s][info ][gc,heap     ] GC(77) Eden regions: 78->0(78)
[2025-01-18T13:24:19.651+0000][39.021s][info ][gc,heap     ] GC(77) Survivor regions: 5->6(11)
[2025-01-18T13:24:19.652+0000][39.021s][info ][gc,heap     ] GC(77) Old regions: 139->139
[2025-01-18T13:24:19.652+0000][39.021s][info ][gc,heap     ] GC(77) Archive regions: 2->2
[2025-01-18T13:24:19.652+0000][39.021s][info ][gc,heap     ] GC(77) Humongous regions: 0->0
[2025-01-18T13:24:19.652+0000][39.022s][info ][gc,metaspace] GC(77) Metaspace: 152888K(153984K)->152888K(153984K) NonClass: 134079K(134656K)->134079K(134656K) Class: 18809K(19328K)->18809K(19328K)
[2025-01-18T13:24:19.653+0000][39.022s][info ][gc          ] GC(77) Pause Young (Normal) (G1 Evacuation Pause) 221M->145M(257M) 8.710ms
[2025-01-18T13:24:19.653+0000][39.022s][info ][gc,cpu      ] GC(77) User=0.04s Sys=0.00s Real=0.01s
[2025-01-18T13:24:19.653+0000][39.023s][info ][safepoint   ] Safepoint "G1CollectForAllocation", Time since last: 350896987 ns, Reaching safepoint: 522013 ns, Cleanup: 51261 ns, At safepoint: 9271042 ns, Total: 9844316 ns
[2025-01-18T13:24:20.094+0000][39.463s][debug][safepoint   ] Safepoint synchronization initiated using futex wait barrier. (79 threads)
[2025-01-18T13:24:20.094+0000][39.464s][info ][gc,start    ] GC(78) Pause Young (Normal) (G1 Evacuation Pause)
[2025-01-18T13:24:20.094+0000][39.464s][info ][gc,task     ] GC(78) Using 10 workers of 10 for evacuation
[2025-01-18T13:24:20.101+0000][39.471s][info ][gc,phases   ] GC(78)   Pre Evacuate Collection Set: 0.3ms
[2025-01-18T13:24:20.102+0000][39.471s][info ][gc,phases   ] GC(78)   Merge Heap Roots: 0.2ms
[2025-01-18T13:24:20.102+0000][39.471s][info ][gc,phases   ] GC(78)   Evacuate Collection Set: 4.3ms
[2025-01-18T13:24:20.102+0000][39.471s][info ][gc,phases   ] GC(78)   Post Evacuate Collection Set: 1.5ms
[2025-01-18T13:24:20.102+0000][39.472s][info ][gc,phases   ] GC(78)   Other: 0.7ms
[2025-01-18T13:24:20.102+0000][39.472s][info ][gc,heap     ] GC(78) Eden regions: 78->0(74)
[2025-01-18T13:24:20.103+0000][39.472s][info ][gc,heap     ] GC(78) Survivor regions: 6->8(11)
[2025-01-18T13:24:20.103+0000][39.472s][info ][gc,heap     ] GC(78) Old regions: 139->139
[2025-01-18T13:24:20.103+0000][39.472s][info ][gc,heap     ] GC(78) Archive regions: 2->2
[2025-01-18T13:24:20.103+0000][39.473s][info ][gc,heap     ] GC(78) Humongous regions: 0->0
[2025-01-18T13:24:20.103+0000][39.473s][info ][gc,metaspace] GC(78) Metaspace: 153651K(154752K)->153651K(154752K) NonClass: 134733K(135296K)->134733K(135296K) Class: 18917K(19456K)->18917K(19456K)
[2025-01-18T13:24:20.103+0000][39.473s][info ][gc          ] GC(78) Pause Young (Normal) (G1 Evacuation Pause) 223M->146M(257M) 9.268ms
[2025-01-18T13:24:20.104+0000][39.473s][info ][gc,cpu      ] GC(78) User=0.05s Sys=0.00s Real=0.01s
[2025-01-18T13:24:20.104+0000][39.474s][info ][safepoint   ] Safepoint "G1CollectForAllocation", Time since last: 440568909 ns, Reaching safepoint: 502877 ns, Cleanup: 44657 ns, At safepoint: 9979471 ns, Total: 10527005 ns
[2025-01-18T13:24:20.450+0000][39.819s][debug][safepoint   ] Safepoint synchronization initiated using futex wait barrier. (77 threads)
[2025-01-18T13:24:20.450+0000][39.820s][info ][gc,start    ] GC(79) Pause Young (Normal) (G1 Evacuation Pause)
[2025-01-18T13:24:20.451+0000][39.820s][info ][gc,task     ] GC(79) Using 10 workers of 10 for evacuation
[2025-01-18T13:24:20.458+0000][39.827s][info ][gc,phases   ] GC(79)   Pre Evacuate Collection Set: 0.2ms
[2025-01-18T13:24:20.458+0000][39.828s][info ][gc,phases   ] GC(79)   Merge Heap Roots: 0.2ms
[2025-01-18T13:24:20.459+0000][39.828s][info ][gc,phases   ] GC(79)   Evacuate Collection Set: 4.8ms
[2025-01-18T13:24:20.459+0000][39.828s][info ][gc,phases   ] GC(79)   Post Evacuate Collection Set: 1.3ms
[2025-01-18T13:24:20.459+0000][39.828s][info ][gc,phases   ] GC(79)   Other: 1.0ms
[2025-01-18T13:24:20.459+0000][39.829s][info ][gc,heap     ] GC(79) Eden regions: 74->0(73)
[2025-01-18T13:24:20.459+0000][39.829s][info ][gc,heap     ] GC(79) Survivor regions: 8->7(11)
[2025-01-18T13:24:20.460+0000][39.829s][info ][gc,heap     ] GC(79) Old regions: 139->142
[2025-01-18T13:24:20.460+0000][39.829s][info ][gc,heap     ] GC(79) Archive regions: 2->2
[2025-01-18T13:24:20.460+0000][39.829s][info ][gc,heap     ] GC(79) Humongous regions: 0->0
[2025-01-18T13:24:20.460+0000][39.830s][info ][gc,metaspace] GC(79) Metaspace: 154503K(155520K)->154503K(155520K) NonClass: 135476K(136000K)->135476K(136000K) Class: 19026K(19520K)->19026K(19520K)
[2025-01-18T13:24:20.460+0000][39.830s][info ][gc          ] GC(79) Pause Young (Normal) (G1 Evacuation Pause) 220M->148M(257M) 9.839ms
[2025-01-18T13:24:20.460+0000][39.830s][info ][gc,cpu      ] GC(79) User=0.05s Sys=0.00s Real=0.01s
[2025-01-18T13:24:20.461+0000][39.830s][info ][safepoint   ] Safepoint "G1CollectForAllocation", Time since last: 345638144 ns, Reaching safepoint: 610026 ns, Cleanup: 82332 ns, At safepoint: 10365891 ns, Total: 11058249 ns
[2025-01-18T13:24:20.732+0000][40.101s][debug][safepoint   ] Safepoint synchronization initiated using futex wait barrier. (77 threads)
[2025-01-18T13:24:20.732+0000][40.102s][info ][gc,start    ] GC(80) Pause Young (Normal) (G1 Evacuation Pause)
[2025-01-18T13:24:20.733+0000][40.102s][info ][gc,task     ] GC(80) Using 10 workers of 10 for evacuation
[2025-01-18T13:24:20.741+0000][40.110s][info ][gc,phases   ] GC(80)   Pre Evacuate Collection Set: 0.3ms
[2025-01-18T13:24:20.741+0000][40.110s][info ][gc,phases   ] GC(80)   Merge Heap Roots: 0.3ms
[2025-01-18T13:24:20.741+0000][40.111s][info ][gc,phases   ] GC(80)   Evacuate Collection Set: 5.1ms
[2025-01-18T13:24:20.741+0000][40.111s][info ][gc,phases   ] GC(80)   Post Evacuate Collection Set: 1.5ms
[2025-01-18T13:24:20.741+0000][40.111s][info ][gc,phases   ] GC(80)   Other: 1.0ms
[2025-01-18T13:24:20.742+0000][40.111s][info ][gc,heap     ] GC(80) Eden regions: 73->0(72)
[2025-01-18T13:24:20.742+0000][40.111s][info ][gc,heap     ] GC(80) Survivor regions: 7->7(10)
[2025-01-18T13:24:20.742+0000][40.112s][info ][gc,heap     ] GC(80) Old regions: 142->143
[2025-01-18T13:24:20.742+0000][40.112s][info ][gc,heap     ] GC(80) Archive regions: 2->2
[2025-01-18T13:24:20.743+0000][40.112s][info ][gc,heap     ] GC(80) Humongous regions: 0->0
[2025-01-18T13:24:20.743+0000][40.112s][info ][gc,metaspace] GC(80) Metaspace: 155440K(156544K)->155440K(156544K) NonClass: 136243K(136832K)->136243K(136832K) Class: 19196K(19712K)->19196K(19712K)
[2025-01-18T13:24:20.743+0000][40.112s][info ][gc          ] GC(80) Pause Young (Normal) (G1 Evacuation Pause) 221M->150M(257M) 10.519ms
[2025-01-18T13:24:20.743+0000][40.113s][info ][gc,cpu      ] GC(80) User=0.06s Sys=0.00s Real=0.01s
[2025-01-18T13:24:20.743+0000][40.113s][info ][safepoint   ] Safepoint "G1CollectForAllocation", Time since last: 270742890 ns, Reaching safepoint: 779488 ns, Cleanup: 24649 ns, At safepoint: 10973680 ns, Total: 11777817 ns
[2025-01-18T13:24:21.075+0000][40.445s][debug][safepoint   ] Safepoint synchronization initiated using futex wait barrier. (91 threads)
[2025-01-18T13:24:21.076+0000][40.445s][info ][gc,start    ] GC(81) Pause Young (Normal) (G1 Evacuation Pause)
[2025-01-18T13:24:21.076+0000][40.445s][info ][gc,task     ] GC(81) Using 10 workers of 10 for evacuation
[2025-01-18T13:24:21.083+0000][40.452s][info ][gc,phases   ] GC(81)   Pre Evacuate Collection Set: 0.3ms
[2025-01-18T13:24:21.083+0000][40.453s][info ][gc,phases   ] GC(81)   Merge Heap Roots: 0.2ms
[2025-01-18T13:24:21.083+0000][40.453s][info ][gc,phases   ] GC(81)   Evacuate Collection Set: 4.5ms
[2025-01-18T13:24:21.084+0000][40.453s][info ][gc,phases   ] GC(81)   Post Evacuate Collection Set: 1.6ms
[2025-01-18T13:24:21.084+0000][40.453s][info ][gc,phases   ] GC(81)   Other: 0.7ms
[2025-01-18T13:24:21.084+0000][40.454s][info ][gc,heap     ] GC(81) Eden regions: 72->0(70)
[2025-01-18T13:24:21.084+0000][40.454s][info ][gc,heap     ] GC(81) Survivor regions: 7->7(10)
[2025-01-18T13:24:21.084+0000][40.454s][info ][gc,heap     ] GC(81) Old regions: 143->145
[2025-01-18T13:24:21.085+0000][40.454s][info ][gc,heap     ] GC(81) Archive regions: 2->2
[2025-01-18T13:24:21.085+0000][40.455s][info ][gc,heap     ] GC(81) Humongous regions: 0->0
[2025-01-18T13:24:21.085+0000][40.455s][info ][gc,metaspace] GC(81) Metaspace: 156414K(157504K)->156414K(157504K) NonClass: 137053K(137600K)->137053K(137600K) Class: 19360K(19904K)->19360K(19904K)
[2025-01-18T13:24:21.086+0000][40.455s][info ][gc          ] GC(81) Pause Young (Normal) (G1 Evacuation Pause) 222M->151M(257M) 10.287ms
[2025-01-18T13:24:21.086+0000][40.456s][info ][gc,cpu      ] GC(81) User=0.07s Sys=0.00s Real=0.02s
[2025-01-18T13:24:21.087+0000][40.456s][info ][safepoint   ] Safepoint "G1CollectForAllocation", Time since last: 331847481 ns, Reaching safepoint: 387369 ns, Cleanup: 93183 ns, At safepoint: 11043456 ns, Total: 11524008 ns
[2025-01-18T13:24:21.401+0000][40.770s][debug][safepoint   ] Safepoint synchronization initiated using futex wait barrier. (91 threads)
[2025-01-18T13:24:21.401+0000][40.771s][info ][gc,start    ] GC(82) Pause Young (Normal) (G1 Evacuation Pause)
[2025-01-18T13:24:21.401+0000][40.771s][info ][gc,task     ] GC(82) Using 10 workers of 10 for evacuation
[2025-01-18T13:24:21.409+0000][40.779s][info ][gc,phases   ] GC(82)   Pre Evacuate Collection Set: 0.3ms
[2025-01-18T13:24:21.410+0000][40.779s][info ][gc,phases   ] GC(82)   Merge Heap Roots: 0.2ms
[2025-01-18T13:24:21.410+0000][40.779s][info ][gc,phases   ] GC(82)   Evacuate Collection Set: 5.1ms
[2025-01-18T13:24:21.410+0000][40.779s][info ][gc,phases   ] GC(82)   Post Evacuate Collection Set: 1.8ms
[2025-01-18T13:24:21.410+0000][40.780s][info ][gc,phases   ] GC(82)   Other: 0.7ms
[2025-01-18T13:24:21.410+0000][40.780s][info ][gc,heap     ] GC(82) Eden regions: 70->0(69)
[2025-01-18T13:24:21.410+0000][40.780s][info ][gc,heap     ] GC(82) Survivor regions: 7->7(10)
[2025-01-18T13:24:21.411+0000][40.780s][info ][gc,heap     ] GC(82) Old regions: 145->146
[2025-01-18T13:24:21.411+0000][40.780s][info ][gc,heap     ] GC(82) Archive regions: 2->2
[2025-01-18T13:24:21.411+0000][40.780s][info ][gc,heap     ] GC(82) Humongous regions: 0->0
[2025-01-18T13:24:21.411+0000][40.781s][info ][gc,metaspace] GC(82) Metaspace: 157095K(158208K)->157095K(158208K) NonClass: 137636K(138240K)->137636K(138240K) Class: 19458K(19968K)->19458K(19968K)
[2025-01-18T13:24:21.411+0000][40.781s][info ][gc          ] GC(82) Pause Young (Normal) (G1 Evacuation Pause) 221M->153M(257M) 10.152ms
[2025-01-18T13:24:21.411+0000][40.781s][info ][gc,cpu      ] GC(82) User=0.07s Sys=0.00s Real=0.01s
[2025-01-18T13:24:21.412+0000][40.781s][info ][safepoint   ] Safepoint "G1CollectForAllocation", Time since last: 314030606 ns, Reaching safepoint: 329456 ns, Cleanup: 51641 ns, At safepoint: 10546847 ns, Total: 10927944 ns
[2025-01-18T13:24:21.997+0000][41.366s][debug][safepoint   ] Safepoint synchronization initiated using futex wait barrier. (165 threads)
[2025-01-18T13:24:21.998+0000][41.368s][info ][safepoint   ] Safepoint "ICBufferFull", Time since last: 585146499 ns, Reaching safepoint: 911348 ns, Cleanup: 173410 ns, At safepoint: 134894 ns, Total: 1219652 ns
[2025-01-18T13:24:22.030+0000][41.400s][debug][safepoint   ] Safepoint synchronization initiated using futex wait barrier. (165 threads)
[2025-01-18T13:24:22.031+0000][41.401s][info ][gc,start    ] GC(83) Pause Young (Normal) (G1 Evacuation Pause)
[2025-01-18T13:24:22.031+0000][41.401s][info ][gc,task     ] GC(83) Using 10 workers of 10 for evacuation
[2025-01-18T13:24:22.039+0000][41.409s][info ][gc,phases   ] GC(83)   Pre Evacuate Collection Set: 0.3ms
[2025-01-18T13:24:22.040+0000][41.409s][info ][gc,phases   ] GC(83)   Merge Heap Roots: 0.2ms
[2025-01-18T13:24:22.040+0000][41.409s][info ][gc,phases   ] GC(83)   Evacuate Collection Set: 5.9ms
[2025-01-18T13:24:22.040+0000][41.410s][info ][gc,phases   ] GC(83)   Post Evacuate Collection Set: 1.5ms
[2025-01-18T13:24:22.040+0000][41.410s][info ][gc,phases   ] GC(83)   Other: 0.6ms
[2025-01-18T13:24:22.040+0000][41.410s][info ][gc,heap     ] GC(83) Eden regions: 69->0(65)
[2025-01-18T13:24:22.040+0000][41.410s][info ][gc,heap     ] GC(83) Survivor regions: 7->8(10)
[2025-01-18T13:24:22.041+0000][41.410s][info ][gc,heap     ] GC(83) Old regions: 146->148
[2025-01-18T13:24:22.041+0000][41.410s][info ][gc,heap     ] GC(83) Archive regions: 2->2
[2025-01-18T13:24:22.041+0000][41.410s][info ][gc,heap     ] GC(83) Humongous regions: 0->0
[2025-01-18T13:24:22.041+0000][41.411s][info ][gc,metaspace] GC(83) Metaspace: 160167K(161344K)->160167K(161344K) NonClass: 140298K(140928K)->140298K(140928K) Class: 19869K(20416K)->19869K(20416K)
[2025-01-18T13:24:22.041+0000][41.411s][info ][gc          ] GC(83) Pause Young (Normal) (G1 Evacuation Pause) 222M->155M(257M) 10.301ms
[2025-01-18T13:24:22.042+0000][41.411s][info ][gc,cpu      ] GC(83) User=0.09s Sys=0.00s Real=0.01s
[2025-01-18T13:24:22.042+0000][41.412s][info ][safepoint   ] Safepoint "G1CollectForAllocation", Time since last: 32383678 ns, Reaching safepoint: 520090 ns, Cleanup: 29287 ns, At safepoint: 11171049 ns, Total: 11720426 ns
[2025-01-18T13:24:22.202+0000][41.572s][debug][safepoint   ] Safepoint synchronization initiated using futex wait barrier. (165 threads)
[2025-01-18T13:24:22.203+0000][41.572s][info ][gc,start    ] GC(84) Pause Young (Normal) (G1 Evacuation Pause)
[2025-01-18T13:24:22.203+0000][41.572s][info ][gc,task     ] GC(84) Using 10 workers of 10 for evacuation
[2025-01-18T13:24:22.212+0000][41.582s][info ][gc,phases   ] GC(84)   Pre Evacuate Collection Set: 0.3ms
[2025-01-18T13:24:22.213+0000][41.582s][info ][gc,phases   ] GC(84)   Merge Heap Roots: 0.2ms
[2025-01-18T13:24:22.213+0000][41.582s][info ][gc,phases   ] GC(84)   Evacuate Collection Set: 7.5ms
[2025-01-18T13:24:22.213+0000][41.582s][info ][gc,phases   ] GC(84)   Post Evacuate Collection Set: 1.3ms
[2025-01-18T13:24:22.213+0000][41.583s][info ][gc,phases   ] GC(84)   Other: 0.5ms
[2025-01-18T13:24:22.213+0000][41.583s][info ][gc,heap     ] GC(84) Eden regions: 65->0(56)
[2025-01-18T13:24:22.213+0000][41.583s][info ][gc,heap     ] GC(84) Survivor regions: 8->10(10)
[2025-01-18T13:24:22.213+0000][41.583s][info ][gc,heap     ] GC(84) Old regions: 148->151
[2025-01-18T13:24:22.214+0000][41.583s][info ][gc,heap     ] GC(84) Archive regions: 2->2
[2025-01-18T13:24:22.214+0000][41.583s][info ][gc,heap     ] GC(84) Humongous regions: 0->0
[2025-01-18T13:24:22.214+0000][41.583s][info ][gc,metaspace] GC(84) Metaspace: 161267K(162496K)->161267K(162496K) NonClass: 141304K(141952K)->141304K(141952K) Class: 19962K(20544K)->19962K(20544K)
[2025-01-18T13:24:22.214+0000][41.584s][info ][gc          ] GC(84) Pause Young (Normal) (G1 Evacuation Pause) 220M->161M(257M) 11.375ms
[2025-01-18T13:24:22.214+0000][41.584s][info ][gc,cpu      ] GC(84) User=0.10s Sys=0.00s Real=0.01s
[2025-01-18T13:24:22.215+0000][41.584s][info ][safepoint   ] Safepoint "G1CollectForAllocation", Time since last: 160010747 ns, Reaching safepoint: 423553 ns, Cleanup: 39798 ns, At safepoint: 11940184 ns, Total: 12403535 ns
[2025-01-18T13:24:22.339+0000][41.709s][debug][safepoint   ] Safepoint synchronization initiated using futex wait barrier. (176 threads)
[2025-01-18T13:24:22.340+0000][41.710s][info ][gc,start    ] GC(85) Pause Young (Normal) (G1 Evacuation Pause)
[2025-01-18T13:24:22.341+0000][41.710s][info ][gc,task     ] GC(85) Using 10 workers of 10 for evacuation
[2025-01-18T13:24:22.350+0000][41.719s][info ][gc,phases   ] GC(85)   Pre Evacuate Collection Set: 0.3ms
[2025-01-18T13:24:22.350+0000][41.720s][info ][gc,phases   ] GC(85)   Merge Heap Roots: 0.3ms
[2025-01-18T13:24:22.350+0000][41.720s][info ][gc,phases   ] GC(85)   Evacuate Collection Set: 7.4ms
[2025-01-18T13:24:22.350+0000][41.720s][info ][gc,phases   ] GC(85)   Post Evacuate Collection Set: 1.2ms
[2025-01-18T13:24:22.351+0000][41.720s][info ][gc,phases   ] GC(85)   Other: 0.7ms
[2025-01-18T13:24:22.351+0000][41.720s][info ][gc,heap     ] GC(85) Eden regions: 56->0(48)
[2025-01-18T13:24:22.351+0000][41.720s][info ][gc,heap     ] GC(85) Survivor regions: 10->7(9)
[2025-01-18T13:24:22.351+0000][41.721s][info ][gc,heap     ] GC(85) Old regions: 151->161
[2025-01-18T13:24:22.351+0000][41.721s][info ][gc,heap     ] GC(85) Archive regions: 2->2
[2025-01-18T13:24:22.351+0000][41.721s][info ][gc,heap     ] GC(85) Humongous regions: 0->0
[2025-01-18T13:24:22.351+0000][41.721s][info ][gc,metaspace] GC(85) Metaspace: 162072K(163264K)->162072K(163264K) NonClass: 142018K(142656K)->142018K(142656K) Class: 20054K(20608K)->20054K(20608K)
[2025-01-18T13:24:22.352+0000][41.721s][info ][gc          ] GC(85) Pause Young (Normal) (G1 Evacuation Pause) 217M->168M(257M) 11.531ms
[2025-01-18T13:24:22.352+0000][41.721s][info ][gc,cpu      ] GC(85) User=0.10s Sys=0.00s Real=0.01s
[2025-01-18T13:24:22.353+0000][41.722s][info ][safepoint   ] Safepoint "G1CollectForAllocation", Time since last: 124879810 ns, Reaching safepoint: 594158 ns, Cleanup: 86510 ns, At safepoint: 12892334 ns, Total: 13573002 ns
[2025-01-18T13:24:22.497+0000][41.866s][debug][safepoint   ] Safepoint synchronization initiated using futex wait barrier. (192 threads)
[2025-01-18T13:24:22.497+0000][41.867s][info ][gc,start    ] GC(86) Pause Young (Normal) (G1 Evacuation Pause)
[2025-01-18T13:24:22.497+0000][41.867s][info ][gc,task     ] GC(86) Using 10 workers of 10 for evacuation
[2025-01-18T13:24:22.507+0000][41.876s][info ][gc,phases   ] GC(86)   Pre Evacuate Collection Set: 0.3ms
[2025-01-18T13:24:22.507+0000][41.877s][info ][gc,phases   ] GC(86)   Merge Heap Roots: 0.2ms
[2025-01-18T13:24:22.508+0000][41.877s][info ][gc,phases   ] GC(86)   Evacuate Collection Set: 5.4ms
[2025-01-18T13:24:22.508+0000][41.878s][info ][gc,phases   ] GC(86)   Post Evacuate Collection Set: 3.1ms
[2025-01-18T13:24:22.509+0000][41.879s][info ][gc,phases   ] GC(86)   Other: 0.6ms
[2025-01-18T13:24:22.510+0000][41.879s][info ][gc,heap     ] GC(86) Eden regions: 48->0(103)
[2025-01-18T13:24:22.510+0000][41.880s][info ][gc,heap     ] GC(86) Survivor regions: 7->2(7)
[2025-01-18T13:24:22.510+0000][41.880s][info ][gc,heap     ] GC(86) Old regions: 161->168
[2025-01-18T13:24:22.511+0000][41.880s][info ][gc,heap     ] GC(86) Archive regions: 2->2
[2025-01-18T13:24:22.511+0000][41.880s][info ][gc,heap     ] GC(86) Humongous regions: 0->0
[2025-01-18T13:24:22.511+0000][41.881s][info ][gc,metaspace] GC(86) Metaspace: 163658K(164864K)->163658K(164864K) NonClass: 143423K(144064K)->143423K(144064K) Class: 20234K(20800K)->20234K(20800K)
[2025-01-18T13:24:22.511+0000][41.881s][info ][gc          ] GC(86) Pause Young (Normal) (G1 Evacuation Pause) 216M->170M(328M) 14.255ms
[2025-01-18T13:24:22.512+0000][41.881s][info ][gc,cpu      ] GC(86) User=0.07s Sys=0.01s Real=0.01s
[2025-01-18T13:24:22.514+0000][41.883s][info ][safepoint   ] Safepoint "G1CollectForAllocation", Time since last: 143641492 ns, Reaching safepoint: 411149 ns, Cleanup: 93102 ns, At safepoint: 16360353 ns, Total: 16864604 ns
[2025-01-18T13:24:22.870+0000][42.240s][debug][safepoint   ] Safepoint synchronization initiated using futex wait barrier. (194 threads)
[2025-01-18T13:24:22.871+0000][42.240s][info ][safepoint   ] Safepoint "ICBufferFull", Time since last: 356829375 ns, Reaching safepoint: 437675 ns, Cleanup: 200013 ns, At safepoint: 33014 ns, Total: 670702 ns
[2025-01-18T13:24:22.935+0000][42.304s][debug][safepoint   ] Safepoint synchronization initiated using futex wait barrier. (194 threads)
[2025-01-18T13:24:22.935+0000][42.305s][info ][gc,start    ] GC(87) Pause Young (Normal) (G1 Evacuation Pause)
[2025-01-18T13:24:22.935+0000][42.305s][info ][gc,task     ] GC(87) Using 10 workers of 10 for evacuation
[2025-01-18T13:24:22.941+0000][42.311s][info ][gc,phases   ] GC(87)   Pre Evacuate Collection Set: 0.3ms
[2025-01-18T13:24:22.941+0000][42.311s][info ][gc,phases   ] GC(87)   Merge Heap Roots: 0.2ms
[2025-01-18T13:24:22.942+0000][42.311s][info ][gc,phases   ] GC(87)   Evacuate Collection Set: 3.4ms
[2025-01-18T13:24:22.942+0000][42.311s][info ][gc,phases   ] GC(87)   Post Evacuate Collection Set: 1.4ms
[2025-01-18T13:24:22.942+0000][42.311s][info ][gc,phases   ] GC(87)   Other: 0.5ms
[2025-01-18T13:24:22.942+0000][42.312s][info ][gc,heap     ] GC(87) Eden regions: 103->0(103)
[2025-01-18T13:24:22.942+0000][42.312s][info ][gc,heap     ] GC(87) Survivor regions: 2->5(14)
[2025-01-18T13:24:22.942+0000][42.312s][info ][gc,heap     ] GC(87) Old regions: 168->168
[2025-01-18T13:24:22.943+0000][42.312s][info ][gc,heap     ] GC(87) Archive regions: 2->2
[2025-01-18T13:24:22.943+0000][42.312s][info ][gc,heap     ] GC(87) Humongous regions: 0->0
[2025-01-18T13:24:22.943+0000][42.312s][info ][gc,metaspace] GC(87) Metaspace: 165119K(166336K)->165119K(166336K) NonClass: 144678K(145344K)->144678K(145344K) Class: 20441K(20992K)->20441K(20992K)
[2025-01-18T13:24:22.943+0000][42.313s][info ][gc          ] GC(87) Pause Young (Normal) (G1 Evacuation Pause) 273M->172M(328M) 7.911ms
[2025-01-18T13:24:22.943+0000][42.313s][info ][gc,cpu      ] GC(87) User=0.04s Sys=0.03s Real=0.01s
[2025-01-18T13:24:22.944+0000][42.313s][info ][safepoint   ] Safepoint "G1CollectForAllocation", Time since last: 63799895 ns, Reaching safepoint: 372989 ns, Cleanup: 40189 ns, At safepoint: 8615926 ns, Total: 9029104 ns
[2025-01-18T13:24:23.316+0000][42.685s][debug][safepoint   ] Safepoint synchronization initiated using futex wait barrier. (207 threads)
[2025-01-18T13:24:23.316+0000][42.686s][debug][safepoint   ] ... found polling page loop exception at pc = 0x00007f54e2085345, stub =0x00007f54e8af5400
[2025-01-18T13:24:23.317+0000][42.686s][info ][safepoint   ] Safepoint "ICBufferFull", Time since last: 372036257 ns, Reaching safepoint: 779566 ns, Cleanup: 205744 ns, At safepoint: 70849 ns, Total: 1056159 ns
[2025-01-18T13:24:23.656+0000][43.026s][debug][safepoint   ] Safepoint synchronization initiated using futex wait barrier. (222 threads)
[2025-01-18T13:24:23.657+0000][43.027s][info ][safepoint   ] Safepoint "ICBufferFull", Time since last: 338348210 ns, Reaching safepoint: 1518135 ns, Cleanup: 280269 ns, At safepoint: 179282 ns, Total: 1977686 ns
[2025-01-18T13:24:23.708+0000][43.078s][debug][safepoint   ] Safepoint synchronization initiated using futex wait barrier. (227 threads)
[2025-01-18T13:24:23.709+0000][43.078s][info ][gc,start    ] GC(88) Pause Young (Normal) (G1 Evacuation Pause)
[2025-01-18T13:24:23.709+0000][43.078s][info ][gc,task     ] GC(88) Using 10 workers of 10 for evacuation
[2025-01-18T13:24:23.717+0000][43.087s][info ][gc,phases   ] GC(88)   Pre Evacuate Collection Set: 0.3ms
[2025-01-18T13:24:23.718+0000][43.087s][info ][gc,phases   ] GC(88)   Merge Heap Roots: 0.2ms
[2025-01-18T13:24:23.718+0000][43.087s][info ][gc,phases   ] GC(88)   Evacuate Collection Set: 5.8ms
[2025-01-18T13:24:23.718+0000][43.087s][info ][gc,phases   ] GC(88)   Post Evacuate Collection Set: 1.6ms
[2025-01-18T13:24:23.718+0000][43.088s][info ][gc,phases   ] GC(88)   Other: 0.6ms
[2025-01-18T13:24:23.718+0000][43.088s][info ][gc,heap     ] GC(88) Eden regions: 103->0(100)
[2025-01-18T13:24:23.718+0000][43.088s][info ][gc,heap     ] GC(88) Survivor regions: 5->9(14)
[2025-01-18T13:24:23.719+0000][43.088s][info ][gc,heap     ] GC(88) Old regions: 168->168
[2025-01-18T13:24:23.719+0000][43.088s][info ][gc,heap     ] GC(88) Archive regions: 2->2
[2025-01-18T13:24:23.719+0000][43.088s][info ][gc,heap     ] GC(88) Humongous regions: 0->0
[2025-01-18T13:24:23.719+0000][43.089s][info ][gc,metaspace] GC(88) Metaspace: 167621K(168896K)->167621K(168896K) NonClass: 146854K(147520K)->146854K(147520K) Class: 20766K(21376K)->20766K(21376K)
[2025-01-18T13:24:23.719+0000][43.089s][info ][gc          ] GC(88) Pause Young (Normal) (G1 Evacuation Pause) 275M->176M(328M) 10.591ms
[2025-01-18T13:24:23.719+0000][43.089s][info ][gc,cpu      ] GC(88) User=0.07s Sys=0.01s Real=0.01s
[2025-01-18T13:24:23.720+0000][43.089s][info ][safepoint   ] Safepoint "G1CollectForAllocation", Time since last: 50920853 ns, Reaching safepoint: 444492 ns, Cleanup: 44307 ns, At safepoint: 11225656 ns, Total: 11714455 ns
[2025-01-18T13:24:23.842+0000][43.211s][debug][safepoint   ] ... found polling page loop exception at pc = 0x00007f54e9165b2f, stub =0x00007f54e8af5400
[2025-01-18T13:24:24.843+0000][44.212s][debug][safepoint   ] Safepoint synchronization initiated using futex wait barrier. (225 threads)
[2025-01-18T13:24:24.843+0000][44.213s][info ][safepoint   ] Safepoint "Cleanup", Time since last: 1122802630 ns, Reaching safepoint: 534542 ns, Cleanup: 146707 ns, At safepoint: 12415 ns, Total: 693664 ns
[2025-01-18T13:24:25.400+0000][44.769s][debug][safepoint   ] Safepoint synchronization initiated using futex wait barrier. (225 threads)
[2025-01-18T13:24:25.400+0000][44.769s][info ][gc,start    ] GC(89) Pause Young (Normal) (G1 Evacuation Pause)
[2025-01-18T13:24:25.400+0000][44.770s][info ][gc,task     ] GC(89) Using 10 workers of 10 for evacuation
[2025-01-18T13:24:25.407+0000][44.777s][info ][gc,phases   ] GC(89)   Pre Evacuate Collection Set: 0.6ms
[2025-01-18T13:24:25.408+0000][44.777s][info ][gc,phases   ] GC(89)   Merge Heap Roots: 0.4ms
[2025-01-18T13:24:25.408+0000][44.778s][info ][gc,phases   ] GC(89)   Evacuate Collection Set: 4.5ms
[2025-01-18T13:24:25.408+0000][44.778s][info ][gc,phases   ] GC(89)   Post Evacuate Collection Set: 1.4ms
[2025-01-18T13:24:25.408+0000][44.778s][info ][gc,phases   ] GC(89)   Other: 0.7ms
[2025-01-18T13:24:25.409+0000][44.778s][info ][gc,heap     ] GC(89) Eden regions: 100->0(102)
[2025-01-18T13:24:25.409+0000][44.778s][info ][gc,heap     ] GC(89) Survivor regions: 9->9(14)
[2025-01-18T13:24:25.409+0000][44.778s][info ][gc,heap     ] GC(89) Old regions: 168->169
[2025-01-18T13:24:25.409+0000][44.779s][info ][gc,heap     ] GC(89) Archive regions: 2->2
[2025-01-18T13:24:25.409+0000][44.779s][info ][gc,heap     ] GC(89) Humongous regions: 0->0
[2025-01-18T13:24:25.409+0000][44.779s][info ][gc,metaspace] GC(89) Metaspace: 168546K(169728K)->168546K(169728K) NonClass: 147670K(148288K)->147670K(148288K) Class: 20876K(21440K)->20876K(21440K)
[2025-01-18T13:24:25.410+0000][44.779s][info ][gc          ] GC(89) Pause Young (Normal) (G1 Evacuation Pause) 276M->178M(328M) 9.675ms
[2025-01-18T13:24:25.410+0000][44.779s][info ][gc,cpu      ] GC(89) User=0.04s Sys=0.01s Real=0.01s
[2025-01-18T13:24:25.410+0000][44.780s][info ][safepoint   ] Safepoint "G1CollectForAllocation", Time since last: 556178785 ns, Reaching safepoint: 245371 ns, Cleanup: 15250 ns, At safepoint: 10400900 ns, Total: 10661521 ns
[2025-01-18T13:24:25.685+0000][45.055s][debug][safepoint   ] Safepoint synchronization initiated using futex wait barrier. (226 threads)
[2025-01-18T13:24:25.686+0000][45.056s][info ][gc,start    ] GC(90) Pause Young (Concurrent Start) (Metadata GC Threshold)
[2025-01-18T13:24:25.687+0000][45.056s][info ][gc,task     ] GC(90) Using 10 workers of 10 for evacuation
[2025-01-18T13:24:25.693+0000][45.062s][info ][gc,phases   ] GC(90)   Pre Evacuate Collection Set: 0.4ms
[2025-01-18T13:24:25.693+0000][45.063s][info ][gc,phases   ] GC(90)   Merge Heap Roots: 0.2ms
[2025-01-18T13:24:25.693+0000][45.063s][info ][gc,phases   ] GC(90)   Evacuate Collection Set: 3.9ms
[2025-01-18T13:24:25.694+0000][45.063s][info ][gc,phases   ] GC(90)   Post Evacuate Collection Set: 1.3ms
[2025-01-18T13:24:25.694+0000][45.063s][info ][gc,phases   ] GC(90)   Other: 0.9ms
[2025-01-18T13:24:25.694+0000][45.064s][info ][gc,heap     ] GC(90) Eden regions: 13->0(104)
[2025-01-18T13:24:25.694+0000][45.064s][info ][gc,heap     ] GC(90) Survivor regions: 9->6(14)
[2025-01-18T13:24:25.694+0000][45.064s][info ][gc,heap     ] GC(90) Old regions: 169->172
[2025-01-18T13:24:25.695+0000][45.064s][info ][gc,heap     ] GC(90) Archive regions: 2->2
[2025-01-18T13:24:25.695+0000][45.064s][info ][gc,heap     ] GC(90) Humongous regions: 0->0
[2025-01-18T13:24:25.695+0000][45.064s][info ][gc,metaspace] GC(90) Metaspace: 168698K(169856K)->168698K(169856K) NonClass: 147809K(148416K)->147809K(148416K) Class: 20888K(21440K)->20888K(21440K)
[2025-01-18T13:24:25.695+0000][45.065s][info ][gc          ] GC(90) Pause Young (Concurrent Start) (Metadata GC Threshold) 190M->178M(328M) 8.857ms
[2025-01-18T13:24:25.695+0000][45.065s][info ][gc,cpu      ] GC(90) User=0.04s Sys=0.00s Real=0.00s
[2025-01-18T13:24:25.695+0000][45.065s][info ][gc          ] GC(91) Concurrent Mark Cycle
[2025-01-18T13:24:25.696+0000][45.065s][info ][gc,marking  ] GC(91) Concurrent Clear Claimed Marks
[2025-01-18T13:24:25.696+0000][45.066s][info ][gc,marking  ] GC(91) Concurrent Clear Claimed Marks 0.485ms
[2025-01-18T13:24:25.696+0000][45.066s][info ][gc,marking  ] GC(91) Concurrent Scan Root Regions
[2025-01-18T13:24:25.697+0000][45.066s][info ][safepoint   ] Safepoint "CollectForMetadataAllocation", Time since last: 275217520 ns, Reaching safepoint: 611519 ns, Cleanup: 59096 ns, At safepoint: 10440408 ns, Total: 11111023 ns
[2025-01-18T13:24:25.700+0000][45.070s][info ][gc,marking  ] GC(91) Concurrent Scan Root Regions 3.846ms
[2025-01-18T13:24:25.701+0000][45.070s][info ][gc,marking  ] GC(91) Concurrent Mark
[2025-01-18T13:24:25.701+0000][45.070s][info ][gc,marking  ] GC(91) Concurrent Mark From Roots
[2025-01-18T13:24:25.701+0000][45.070s][info ][gc,task     ] GC(91) Using 3 workers of 3 for marking
[2025-01-18T13:24:25.708+0000][45.077s][debug][safepoint   ] Safepoint synchronization initiated using futex wait barrier. (227 threads)
[2025-01-18T13:24:25.708+0000][45.078s][info ][safepoint   ] Safepoint "CollectForMetadataAllocation", Time since last: 11053651 ns, Reaching safepoint: 579587 ns, Cleanup: 11192 ns, At safepoint: 100778 ns, Total: 691557 ns
[2025-01-18T13:24:25.727+0000][45.097s][debug][safepoint   ] Safepoint synchronization initiated using futex wait barrier. (226 threads)
[2025-01-18T13:24:25.728+0000][45.097s][info ][safepoint   ] Safepoint "CollectForMetadataAllocation", Time since last: 18881073 ns, Reaching safepoint: 544579 ns, Cleanup: 18877 ns, At safepoint: 152539 ns, Total: 715995 ns
[2025-01-18T13:24:25.743+0000][45.113s][debug][safepoint   ] Safepoint synchronization initiated using futex wait barrier. (226 threads)
[2025-01-18T13:24:25.744+0000][45.113s][info ][safepoint   ] Safepoint "CollectForMetadataAllocation", Time since last: 15356820 ns, Reaching safepoint: 403171 ns, Cleanup: 9218 ns, At safepoint: 91339 ns, Total: 503728 ns
[2025-01-18T13:24:25.780+0000][45.150s][info ][gc,marking  ] GC(91) Concurrent Mark From Roots 79.394ms
[2025-01-18T13:24:25.780+0000][45.150s][info ][gc,marking  ] GC(91) Concurrent Preclean
[2025-01-18T13:24:25.781+0000][45.150s][info ][gc,marking  ] GC(91) Concurrent Preclean 0.439ms
[2025-01-18T13:24:25.781+0000][45.151s][debug][safepoint   ] Safepoint synchronization initiated using futex wait barrier. (226 threads)
[2025-01-18T13:24:25.781+0000][45.151s][info ][gc,start    ] GC(91) Pause Remark
[2025-01-18T13:24:25.796+0000][45.165s][info ][gc          ] GC(91) Pause Remark 180M->175M(328M) 14.202ms
[2025-01-18T13:24:25.796+0000][45.165s][info ][gc,cpu      ] GC(91) User=0.11s Sys=0.00s Real=0.01s
[2025-01-18T13:24:25.796+0000][45.166s][info ][safepoint   ] Safepoint "G1PauseRemark", Time since last: 37411379 ns, Reaching safepoint: 178393 ns, Cleanup: 3567 ns, At safepoint: 15056878 ns, Total: 15238838 ns
[2025-01-18T13:24:25.797+0000][45.166s][info ][gc,marking  ] GC(91) Concurrent Mark 96.135ms
[2025-01-18T13:24:25.797+0000][45.166s][info ][gc,marking  ] GC(91) Concurrent Rebuild Remembered Sets
[2025-01-18T13:24:25.855+0000][45.224s][info ][gc,marking  ] GC(91) Concurrent Rebuild Remembered Sets 57.602ms
[2025-01-18T13:24:25.869+0000][45.239s][debug][safepoint   ] Safepoint synchronization initiated using futex wait barrier. (225 threads)
[2025-01-18T13:24:25.881+0000][45.250s][info ][gc,start    ] GC(91) Pause Cleanup
[2025-01-18T13:24:25.881+0000][45.251s][info ][gc          ] GC(91) Pause Cleanup 176M->176M(328M) 0.729ms
[2025-01-18T13:24:25.882+0000][45.251s][info ][gc,cpu      ] GC(91) User=0.00s Sys=0.00s Real=0.00s
[2025-01-18T13:24:25.883+0000][45.252s][info ][safepoint   ] Safepoint "G1PauseCleanup", Time since last: 72789861 ns, Reaching safepoint: 11382766 ns, Cleanup: 28777 ns, At safepoint: 2211026 ns, Total: 13622569 ns
[2025-01-18T13:24:25.883+0000][45.253s][info ][gc,marking  ] GC(91) Concurrent Cleanup for Next Mark
[2025-01-18T13:24:25.884+0000][45.254s][info ][gc,marking  ] GC(91) Concurrent Cleanup for Next Mark 0.929ms
[2025-01-18T13:24:25.885+0000][45.254s][info ][gc          ] GC(91) Concurrent Mark Cycle 189.111ms
[2025-01-18T13:24:26.919+0000][46.289s][debug][safepoint   ] Safepoint synchronization initiated using futex wait barrier. (226 threads)
[2025-01-18T13:24:26.920+0000][46.289s][info ][safepoint   ] Safepoint "Cleanup", Time since last: 1036216153 ns, Reaching safepoint: 385876 ns, Cleanup: 79306 ns, At safepoint: 61651 ns, Total: 526833 ns
[2025-01-18T13:24:27.571+0000][46.940s][debug][safepoint   ] Safepoint synchronization initiated using futex wait barrier. (229 threads)
[2025-01-18T13:24:27.572+0000][46.941s][info ][gc,start    ] GC(92) Pause Young (Prepare Mixed) (G1 Preventive Collection)
[2025-01-18T13:24:27.572+0000][46.941s][info ][gc,task     ] GC(92) Using 10 workers of 10 for evacuation
[2025-01-18T13:24:27.582+0000][46.952s][info ][gc,phases   ] GC(92)   Pre Evacuate Collection Set: 0.3ms
[2025-01-18T13:24:27.583+0000][46.952s][info ][gc,phases   ] GC(92)   Merge Heap Roots: 0.3ms
[2025-01-18T13:24:27.583+0000][46.952s][info ][gc,phases   ] GC(92)   Evacuate Collection Set: 7.7ms
[2025-01-18T13:24:27.583+0000][46.953s][info ][gc,phases   ] GC(92)   Post Evacuate Collection Set: 2.0ms
[2025-01-18T13:24:27.583+0000][46.953s][info ][gc,phases   ] GC(92)   Other: 0.7ms
[2025-01-18T13:24:27.583+0000][46.953s][info ][gc,heap     ] GC(92) Eden regions: 101->0(2)
[2025-01-18T13:24:27.584+0000][46.953s][info ][gc,heap     ] GC(92) Survivor regions: 6->14(14)
[2025-01-18T13:24:27.584+0000][46.953s][info ][gc,heap     ] GC(92) Old regions: 167->167
[2025-01-18T13:24:27.584+0000][46.954s][info ][gc,heap     ] GC(92) Archive regions: 2->2
[2025-01-18T13:24:27.584+0000][46.954s][info ][gc,heap     ] GC(92) Humongous regions: 41->3
[2025-01-18T13:24:27.584+0000][46.954s][info ][gc,metaspace] GC(92) Metaspace: 172449K(173696K)->172449K(173696K) NonClass: 151071K(151744K)->151071K(151744K) Class: 21377K(21952K)->21377K(21952K)
[2025-01-18T13:24:27.585+0000][46.954s][info ][gc          ] GC(92) Pause Young (Prepare Mixed) (G1 Preventive Collection) 315M->183M(331M) 13.063ms
[2025-01-18T13:24:27.585+0000][46.954s][info ][gc,cpu      ] GC(92) User=0.10s Sys=0.00s Real=0.01s
[2025-01-18T13:24:27.586+0000][46.955s][info ][safepoint   ] Safepoint "G1CollectForAllocation", Time since last: 651328704 ns, Reaching safepoint: 471936 ns, Cleanup: 103442 ns, At safepoint: 14533605 ns, Total: 15108983 ns
[2025-01-18T13:24:27.590+0000][46.960s][debug][safepoint   ] Safepoint synchronization initiated using futex wait barrier. (229 threads)
[2025-01-18T13:24:27.591+0000][46.960s][info ][gc,start    ] GC(93) Pause Young (Mixed) (G1 Evacuation Pause)
[2025-01-18T13:24:27.591+0000][46.960s][info ][gc,task     ] GC(93) Using 10 workers of 10 for evacuation
[2025-01-18T13:24:27.608+0000][46.978s][info ][gc,phases   ] GC(93)   Pre Evacuate Collection Set: 0.3ms
[2025-01-18T13:24:27.609+0000][46.978s][info ][gc,phases   ] GC(93)   Merge Heap Roots: 0.3ms
[2025-01-18T13:24:27.609+0000][46.978s][info ][gc,phases   ] GC(93)   Evacuate Collection Set: 14.2ms
[2025-01-18T13:24:27.609+0000][46.979s][info ][gc,phases   ] GC(93)   Post Evacuate Collection Set: 2.1ms
[2025-01-18T13:24:27.609+0000][46.979s][info ][gc,phases   ] GC(93)   Other: 0.7ms
[2025-01-18T13:24:27.610+0000][46.979s][info ][gc,heap     ] GC(93) Eden regions: 2->0(14)
[2025-01-18T13:24:27.610+0000][46.979s][info ][gc,heap     ] GC(93) Survivor regions: 14->2(2)
[2025-01-18T13:24:27.610+0000][46.979s][info ][gc,heap     ] GC(93) Old regions: 167->152
[2025-01-18T13:24:27.610+0000][46.980s][info ][gc,heap     ] GC(93) Archive regions: 2->2
[2025-01-18T13:24:27.610+0000][46.980s][info ][gc,heap     ] GC(93) Humongous regions: 3->3
[2025-01-18T13:24:27.611+0000][46.980s][info ][gc,metaspace] GC(93) Metaspace: 172473K(173696K)->172473K(173696K) NonClass: 151092K(151744K)->151092K(151744K) Class: 21380K(21952K)->21380K(21952K)
[2025-01-18T13:24:27.611+0000][46.980s][info ][gc          ] GC(93) Pause Young (Mixed) (G1 Evacuation Pause) 185M->157M(331M) 20.331ms
[2025-01-18T13:24:27.611+0000][46.981s][info ][gc,cpu      ] GC(93) User=0.13s Sys=0.05s Real=0.02s
[2025-01-18T13:24:27.613+0000][46.982s][info ][safepoint   ] Safepoint "G1CollectForAllocation", Time since last: 4112126 ns, Reaching safepoint: 421427 ns, Cleanup: 18847 ns, At safepoint: 21999470 ns, Total: 22439744 ns
[2025-01-18T13:24:27.632+0000][47.002s][debug][safepoint   ] Safepoint synchronization initiated using futex wait barrier. (229 threads)
[2025-01-18T13:24:27.633+0000][47.002s][info ][gc,start    ] GC(94) Pause Young (Mixed) (G1 Evacuation Pause)
[2025-01-18T13:24:27.633+0000][47.002s][info ][gc,task     ] GC(94) Using 10 workers of 10 for evacuation
[2025-01-18T13:24:27.642+0000][47.012s][info ][gc,phases   ] GC(94)   Pre Evacuate Collection Set: 0.6ms
[2025-01-18T13:24:27.643+0000][47.012s][info ][gc,phases   ] GC(94)   Merge Heap Roots: 0.5ms
[2025-01-18T13:24:27.643+0000][47.013s][info ][gc,phases   ] GC(94)   Evacuate Collection Set: 6.7ms
[2025-01-18T13:24:27.643+0000][47.013s][info ][gc,phases   ] GC(94)   Post Evacuate Collection Set: 1.2ms
[2025-01-18T13:24:27.643+0000][47.013s][info ][gc,phases   ] GC(94)   Other: 0.9ms
[2025-01-18T13:24:27.644+0000][47.013s][info ][gc,heap     ] GC(94) Eden regions: 14->0(118)
[2025-01-18T13:24:27.644+0000][47.013s][info ][gc,heap     ] GC(94) Survivor regions: 2->2(2)
[2025-01-18T13:24:27.644+0000][47.013s][info ][gc,heap     ] GC(94) Old regions: 152->153
[2025-01-18T13:24:27.644+0000][47.014s][info ][gc,heap     ] GC(94) Archive regions: 2->2
[2025-01-18T13:24:27.644+0000][47.014s][info ][gc,heap     ] GC(94) Humongous regions: 3->3
[2025-01-18T13:24:27.644+0000][47.014s][info ][gc,metaspace] GC(94) Metaspace: 172477K(173696K)->172477K(173696K) NonClass: 151096K(151744K)->151096K(151744K) Class: 21380K(21952K)->21380K(21952K)
[2025-01-18T13:24:27.645+0000][47.014s][info ][gc          ] GC(94) Pause Young (Mixed) (G1 Evacuation Pause) 171M->158M(331M) 12.137ms
[2025-01-18T13:24:27.645+0000][47.014s][info ][gc,cpu      ] GC(94) User=0.07s Sys=0.00s Real=0.01s
[2025-01-18T13:24:27.646+0000][47.016s][info ][safepoint   ] Safepoint "G1CollectForAllocation", Time since last: 19488946 ns, Reaching safepoint: 387300 ns, Cleanup: 32584 ns, At safepoint: 13919791 ns, Total: 14339675 ns
[2025-01-18T13:24:28.091+0000][47.461s][debug][safepoint   ] Safepoint synchronization initiated using futex wait barrier. (230 threads)
[2025-01-18T13:24:28.092+0000][47.461s][info ][safepoint   ] Safepoint "ICBufferFull", Time since last: 444731956 ns, Reaching safepoint: 434422 ns, Cleanup: 206675 ns, At safepoint: 100457 ns, Total: 741554 ns
[2025-01-18T13:24:28.206+0000][47.576s][debug][safepoint   ] Safepoint synchronization initiated using futex wait barrier. (231 threads)
[2025-01-18T13:24:28.207+0000][47.576s][info ][gc,start    ] GC(95) Pause Young (Concurrent Start) (G1 Evacuation Pause)
[2025-01-18T13:24:28.207+0000][47.576s][info ][gc,task     ] GC(95) Using 10 workers of 10 for evacuation
[2025-01-18T13:24:28.214+0000][47.584s][info ][gc,phases   ] GC(95)   Pre Evacuate Collection Set: 0.4ms
[2025-01-18T13:24:28.215+0000][47.584s][info ][gc,phases   ] GC(95)   Merge Heap Roots: 0.2ms
[2025-01-18T13:24:28.215+0000][47.584s][info ][gc,phases   ] GC(95)   Evacuate Collection Set: 5.3ms
[2025-01-18T13:24:28.215+0000][47.585s][info ][gc,phases   ] GC(95)   Post Evacuate Collection Set: 1.3ms
[2025-01-18T13:24:28.215+0000][47.585s][info ][gc,phases   ] GC(95)   Other: 0.6ms
[2025-01-18T13:24:28.215+0000][47.585s][info ][gc,heap     ] GC(95) Eden regions: 118->0(114)
[2025-01-18T13:24:28.216+0000][47.585s][info ][gc,heap     ] GC(95) Survivor regions: 2->8(15)
[2025-01-18T13:24:28.216+0000][47.585s][info ][gc,heap     ] GC(95) Old regions: 153->153
[2025-01-18T13:24:28.216+0000][47.586s][info ][gc,heap     ] GC(95) Archive regions: 2->2
[2025-01-18T13:24:28.216+0000][47.586s][info ][gc,heap     ] GC(95) Humongous regions: 11->2
[2025-01-18T13:24:28.217+0000][47.586s][info ][gc,metaspace] GC(95) Metaspace: 176515K(177728K)->176515K(177728K) NonClass: 154693K(155328K)->154693K(155328K) Class: 21822K(22400K)->21822K(22400K)
[2025-01-18T13:24:28.217+0000][47.586s][info ][gc          ] GC(95) Pause Young (Concurrent Start) (G1 Evacuation Pause) 284M->162M(331M) 10.141ms
[2025-01-18T13:24:28.217+0000][47.586s][info ][gc,cpu      ] GC(95) User=0.05s Sys=0.01s Real=0.01s
[2025-01-18T13:24:28.217+0000][47.587s][info ][gc          ] GC(96) Concurrent Mark Cycle
[2025-01-18T13:24:28.217+0000][47.587s][info ][gc,marking  ] GC(96) Concurrent Clear Claimed Marks
[2025-01-18T13:24:28.217+0000][47.587s][info ][safepoint   ] Safepoint "G1CollectForAllocation", Time since last: 114287754 ns, Reaching safepoint: 355728 ns, Cleanup: 65729 ns, At safepoint: 10816636 ns, Total: 11238093 ns
[2025-01-18T13:24:28.218+0000][47.587s][info ][gc,marking  ] GC(96) Concurrent Clear Claimed Marks 0.393ms
[2025-01-18T13:24:28.218+0000][47.587s][info ][gc,marking  ] GC(96) Concurrent Scan Root Regions
[2025-01-18T13:24:28.222+0000][47.591s][info ][gc,marking  ] GC(96) Concurrent Scan Root Regions 3.737ms
[2025-01-18T13:24:28.222+0000][47.592s][info ][gc,marking  ] GC(96) Concurrent Mark
[2025-01-18T13:24:28.222+0000][47.592s][info ][gc,marking  ] GC(96) Concurrent Mark From Roots
[2025-01-18T13:24:28.223+0000][47.592s][info ][gc,task     ] GC(96) Using 3 workers of 3 for marking
[2025-01-18T13:24:28.393+0000][47.763s][info ][gc,marking  ] GC(96) Concurrent Mark From Roots 170.842ms
[2025-01-18T13:24:28.394+0000][47.764s][info ][gc,marking  ] GC(96) Concurrent Preclean
[2025-01-18T13:24:28.395+0000][47.765s][info ][gc,marking  ] GC(96) Concurrent Preclean 1.287ms
[2025-01-18T13:24:28.396+0000][47.766s][debug][safepoint   ] Safepoint synchronization initiated using futex wait barrier. (231 threads)
[2025-01-18T13:24:28.397+0000][47.766s][info ][gc,start    ] GC(96) Pause Remark
[2025-01-18T13:24:28.414+0000][47.784s][info ][gc          ] GC(96) Pause Remark 179M->177M(331M) 17.250ms
[2025-01-18T13:24:28.414+0000][47.784s][info ][gc,cpu      ] GC(96) User=0.16s Sys=0.00s Real=0.01s
[2025-01-18T13:24:28.416+0000][47.785s][info ][safepoint   ] Safepoint "G1PauseRemark", Time since last: 178863893 ns, Reaching safepoint: 537354 ns, Cleanup: 59818 ns, At safepoint: 19012961 ns, Total: 19610133 ns
[2025-01-18T13:24:28.416+0000][47.786s][info ][gc,marking  ] GC(96) Concurrent Mark 194.314ms
[2025-01-18T13:24:28.417+0000][47.786s][info ][gc,marking  ] GC(96) Concurrent Rebuild Remembered Sets
[2025-01-18T13:24:28.503+0000][47.873s][info ][gc,marking  ] GC(96) Concurrent Rebuild Remembered Sets 86.544ms
[2025-01-18T13:24:28.504+0000][47.873s][debug][safepoint   ] Safepoint synchronization initiated using futex wait barrier. (231 threads)
[2025-01-18T13:24:28.507+0000][47.877s][info ][gc,start    ] GC(96) Pause Cleanup
[2025-01-18T13:24:28.508+0000][47.878s][info ][gc          ] GC(96) Pause Cleanup 182M->182M(331M) 0.736ms
[2025-01-18T13:24:28.509+0000][47.878s][info ][gc,cpu      ] GC(96) User=0.00s Sys=0.00s Real=0.00s
[2025-01-18T13:24:28.509+0000][47.878s][info ][safepoint   ] Safepoint "G1PauseCleanup", Time since last: 88016326 ns, Reaching safepoint: 3472450 ns, Cleanup: 30841 ns, At safepoint: 1548948 ns, Total: 5052239 ns
[2025-01-18T13:24:28.509+0000][47.879s][info ][gc,marking  ] GC(96) Concurrent Cleanup for Next Mark
[2025-01-18T13:24:28.512+0000][47.881s][info ][gc,marking  ] GC(96) Concurrent Cleanup for Next Mark 2.459ms
[2025-01-18T13:24:28.513+0000][47.882s][info ][gc          ] GC(96) Concurrent Mark Cycle 295.463ms
[2025-01-18T13:24:29.926+0000][49.295s][debug][safepoint   ] Safepoint synchronization initiated using futex wait barrier. (228 threads)
[2025-01-18T13:24:29.926+0000][49.296s][info ][safepoint   ] Safepoint "Cleanup", Time since last: 1416832138 ns, Reaching safepoint: 442799 ns, Cleanup: 95697 ns, At safepoint: 5291 ns, Total: 543787 ns
[2025-01-18T13:24:31.927+0000][51.297s][debug][safepoint   ] Safepoint synchronization initiated using futex wait barrier. (228 threads)
[2025-01-18T13:24:31.928+0000][51.298s][info ][safepoint   ] Safepoint "Cleanup", Time since last: 2000924219 ns, Reaching safepoint: 754069 ns, Cleanup: 26472 ns, At safepoint: 11603 ns, Total: 792144 ns
[2025-01-18T13:24:32.929+0000][52.299s][debug][safepoint   ] Safepoint synchronization initiated using futex wait barrier. (228 threads)
[2025-01-18T13:24:32.930+0000][52.299s][info ][safepoint   ] Safepoint "Cleanup", Time since last: 1001013484 ns, Reaching safepoint: 881539 ns, Cleanup: 43204 ns, At safepoint: 13928 ns, Total: 938671 ns
[2025-01-18T13:24:38.933+0000][58.302s][debug][safepoint   ] Safepoint synchronization initiated using futex wait barrier. (227 threads)
[2025-01-18T13:24:38.933+0000][58.303s][info ][safepoint   ] Safepoint "Cleanup", Time since last: 6002646071 ns, Reaching safepoint: 810970 ns, Cleanup: 20841 ns, At safepoint: 11472 ns, Total: 843283 ns
[2025-01-18T13:24:44.969+0000][64.341s][debug][safepoint   ] Safepoint synchronization initiated using futex wait barrier. (227 threads)
[2025-01-18T13:24:44.969+0000][64.341s][info ][safepoint   ] Safepoint "Cleanup", Time since last: 6037557271 ns, Reaching safepoint: 345777 ns, Cleanup: 10099 ns, At safepoint: 23296 ns, Total: 379172 ns
[2025-01-18T13:24:45.067+0000][64.439s][debug][safepoint   ] Safepoint synchronization initiated using futex wait barrier. (228 threads)
[2025-01-18T13:24:45.068+0000][64.440s][info ][gc,start    ] GC(97) Pause Young (Prepare Mixed) (G1 Evacuation Pause)
[2025-01-18T13:24:45.068+0000][64.440s][info ][gc,task     ] GC(97) Using 10 workers of 10 for evacuation
[2025-01-18T13:24:45.076+0000][64.448s][info ][gc,phases   ] GC(97)   Pre Evacuate Collection Set: 0.6ms
[2025-01-18T13:24:45.077+0000][64.449s][info ][gc,phases   ] GC(97)   Merge Heap Roots: 0.3ms
[2025-01-18T13:24:45.077+0000][64.449s][info ][gc,phases   ] GC(97)   Evacuate Collection Set: 5.2ms
[2025-01-18T13:24:45.077+0000][64.449s][info ][gc,phases   ] GC(97)   Post Evacuate Collection Set: 1.8ms
[2025-01-18T13:24:45.078+0000][64.449s][info ][gc,phases   ] GC(97)   Other: 0.9ms
[2025-01-18T13:24:45.078+0000][64.450s][info ][gc,heap     ] GC(97) Eden regions: 114->0(6)
[2025-01-18T13:24:45.078+0000][64.450s][info ][gc,heap     ] GC(97) Survivor regions: 8->10(16)
[2025-01-18T13:24:45.078+0000][64.450s][info ][gc,heap     ] GC(97) Old regions: 153->153
[2025-01-18T13:24:45.078+0000][64.450s][info ][gc,heap     ] GC(97) Archive regions: 2->2
[2025-01-18T13:24:45.079+0000][64.450s][info ][gc,heap     ] GC(97) Humongous regions: 0->0
[2025-01-18T13:24:45.079+0000][64.451s][info ][gc,metaspace] GC(97) Metaspace: 178883K(180224K)->178883K(180224K) NonClass: 156830K(157504K)->156830K(157504K) Class: 22052K(22720K)->22052K(22720K)
[2025-01-18T13:24:45.079+0000][64.451s][info ][gc          ] GC(97) Pause Young (Prepare Mixed) (G1 Evacuation Pause) 274M->163M(331M) 11.176ms
[2025-01-18T13:24:45.079+0000][64.451s][info ][gc,cpu      ] GC(97) User=0.07s Sys=0.00s Real=0.01s
[2025-01-18T13:24:45.080+0000][64.452s][info ][safepoint   ] Safepoint "G1CollectForAllocation", Time since last: 98098338 ns, Reaching safepoint: 477545 ns, Cleanup: 40078 ns, At safepoint: 12559993 ns, Total: 13077616 ns
[2025-01-18T13:24:45.138+0000][64.509s][debug][safepoint   ] Safepoint synchronization initiated using futex wait barrier. (228 threads)
[2025-01-18T13:24:45.138+0000][64.510s][info ][gc,start    ] GC(98) Pause Young (Mixed) (G1 Evacuation Pause)
[2025-01-18T13:24:45.139+0000][64.510s][info ][gc,task     ] GC(98) Using 10 workers of 10 for evacuation
[2025-01-18T13:24:45.150+0000][64.522s][info ][gc,phases   ] GC(98)   Pre Evacuate Collection Set: 0.5ms
[2025-01-18T13:24:45.151+0000][64.523s][info ][gc,phases   ] GC(98)   Merge Heap Roots: 0.4ms
[2025-01-18T13:24:45.152+0000][64.523s][info ][gc,phases   ] GC(98)   Evacuate Collection Set: 8.5ms
[2025-01-18T13:24:45.152+0000][64.524s][info ][gc,phases   ] GC(98)   Post Evacuate Collection Set: 1.6ms
[2025-01-18T13:24:45.153+0000][64.525s][info ][gc,phases   ] GC(98)   Other: 1.0ms
[2025-01-18T13:24:45.153+0000][64.525s][info ][gc,heap     ] GC(98) Eden regions: 6->0(117)
[2025-01-18T13:24:45.153+0000][64.525s][info ][gc,heap     ] GC(98) Survivor regions: 10->2(2)
[2025-01-18T13:24:45.153+0000][64.525s][info ][gc,heap     ] GC(98) Old regions: 153->159
[2025-01-18T13:24:45.154+0000][64.526s][info ][gc,heap     ] GC(98) Archive regions: 2->2
[2025-01-18T13:24:45.154+0000][64.526s][info ][gc,heap     ] GC(98) Humongous regions: 0->0
[2025-01-18T13:24:45.154+0000][64.526s][info ][gc,metaspace] GC(98) Metaspace: 179097K(180352K)->179097K(180352K) NonClass: 157016K(157632K)->157016K(157632K) Class: 22080K(22720K)->22080K(22720K)
[2025-01-18T13:24:45.155+0000][64.527s][info ][gc          ] GC(98) Pause Young (Mixed) (G1 Evacuation Pause) 169M->161M(331M) 16.495ms
[2025-01-18T13:24:45.156+0000][64.527s][info ][gc,cpu      ] GC(98) User=0.12s Sys=0.00s Real=0.02s
[2025-01-18T13:24:45.157+0000][64.529s][info ][safepoint   ] Safepoint "G1CollectForAllocation", Time since last: 57328540 ns, Reaching safepoint: 502795 ns, Cleanup: 79606 ns, At safepoint: 19134314 ns, Total: 19716715 ns
[2025-01-18T13:24:46.217+0000][65.589s][debug][safepoint   ] Safepoint synchronization initiated using futex wait barrier. (229 threads)
[2025-01-18T13:24:46.218+0000][65.589s][info ][safepoint   ] Safepoint "Cleanup", Time since last: 1059512555 ns, Reaching safepoint: 528134 ns, Cleanup: 152649 ns, At safepoint: 65839 ns, Total: 746622 ns
[2025-01-18T13:24:46.396+0000][65.768s][debug][safepoint   ] Safepoint synchronization initiated using futex wait barrier. (229 threads)
[2025-01-18T13:24:46.396+0000][65.768s][info ][gc,start    ] GC(99) Pause Young (Normal) (G1 Evacuation Pause)
[2025-01-18T13:24:46.397+0000][65.769s][info ][gc,task     ] GC(99) Using 10 workers of 10 for evacuation
[2025-01-18T13:24:46.401+0000][65.773s][info ][gc,phases   ] GC(99)   Pre Evacuate Collection Set: 0.3ms
[2025-01-18T13:24:46.402+0000][65.773s][info ][gc,phases   ] GC(99)   Merge Heap Roots: 0.2ms
[2025-01-18T13:24:46.402+0000][65.774s][info ][gc,phases   ] GC(99)   Evacuate Collection Set: 2.1ms
[2025-01-18T13:24:46.402+0000][65.774s][info ][gc,phases   ] GC(99)   Post Evacuate Collection Set: 1.8ms
[2025-01-18T13:24:46.402+0000][65.774s][info ][gc,phases   ] GC(99)   Other: 0.6ms
[2025-01-18T13:24:46.402+0000][65.774s][info ][gc,heap     ] GC(99) Eden regions: 117->0(165)
[2025-01-18T13:24:46.403+0000][65.774s][info ][gc,heap     ] GC(99) Survivor regions: 2->3(15)
[2025-01-18T13:24:46.403+0000][65.775s][info ][gc,heap     ] GC(99) Old regions: 159->159
[2025-01-18T13:24:46.403+0000][65.775s][info ][gc,heap     ] GC(99) Archive regions: 2->2
[2025-01-18T13:24:46.403+0000][65.775s][info ][gc,heap     ] GC(99) Humongous regions: 14->0
[2025-01-18T13:24:46.403+0000][65.775s][info ][gc,metaspace] GC(99) Metaspace: 179999K(181312K)->179999K(181312K) NonClass: 157831K(158528K)->157831K(158528K) Class: 22167K(22784K)->22167K(22784K)
[2025-01-18T13:24:46.403+0000][65.775s][info ][gc          ] GC(99) Pause Young (Normal) (G1 Evacuation Pause) 292M->162M(395M) 7.014ms
[2025-01-18T13:24:46.404+0000][65.776s][info ][gc,cpu      ] GC(99) User=0.04s Sys=0.00s Real=0.01s
[2025-01-18T13:24:46.404+0000][65.776s][info ][safepoint   ] Safepoint "G1CollectForAllocation", Time since last: 178439065 ns, Reaching safepoint: 383320 ns, Cleanup: 48706 ns, At safepoint: 7775555 ns, Total: 8207581 ns
[2025-01-18T13:24:47.738+0000][67.110s][debug][safepoint   ] Safepoint synchronization initiated using futex wait barrier. (229 threads)
[2025-01-18T13:24:47.739+0000][67.111s][info ][safepoint   ] Safepoint "Cleanup", Time since last: 1334252448 ns, Reaching safepoint: 712966 ns, Cleanup: 260330 ns, At safepoint: 32533 ns, Total: 1005829 ns
[2025-01-18T13:24:49.741+0000][69.112s][debug][safepoint   ] Safepoint synchronization initiated using futex wait barrier. (229 threads)
[2025-01-18T13:24:49.741+0000][69.113s][info ][safepoint   ] Safepoint "Cleanup", Time since last: 2001078441 ns, Reaching safepoint: 721970 ns, Cleanup: 18416 ns, At safepoint: 11443 ns, Total: 751829 ns
[2025-01-18T13:24:51.742+0000][71.114s][debug][safepoint   ] Safepoint synchronization initiated using futex wait barrier. (227 threads)
[2025-01-18T13:24:51.743+0000][71.115s][info ][safepoint   ] Safepoint "Cleanup", Time since last: 2000788392 ns, Reaching safepoint: 724505 ns, Cleanup: 18707 ns, At safepoint: 80398 ns, Total: 823610 ns
[2025-01-18T13:24:52.744+0000][72.115s][debug][safepoint   ] Safepoint synchronization initiated using futex wait barrier. (227 threads)
[2025-01-18T13:24:52.744+0000][72.116s][info ][safepoint   ] Safepoint "Cleanup", Time since last: 1000658259 ns, Reaching safepoint: 383056 ns, Cleanup: 17785 ns, At safepoint: 4940 ns, Total: 405781 ns
[2025-01-18T13:25:02.746+0000][82.117s][debug][safepoint   ] Safepoint synchronization initiated using futex wait barrier. (227 threads)
[2025-01-18T13:25:02.746+0000][82.118s][info ][safepoint   ] Safepoint "Cleanup", Time since last: 10001712299 ns, Reaching safepoint: 597021 ns, Cleanup: 48265 ns, At safepoint: 29078 ns, Total: 674364 ns
[2025-01-18T13:25:03.747+0000][83.119s][debug][safepoint   ] Safepoint synchronization initiated using futex wait barrier. (227 threads)
[2025-01-18T13:25:03.748+0000][83.119s][info ][safepoint   ] Safepoint "Cleanup", Time since last: 1000844662 ns, Reaching safepoint: 328159 ns, Cleanup: 11854 ns, At safepoint: 4929 ns, Total: 344942 ns
[2025-01-18T13:25:15.750+0000][95.123s][debug][safepoint   ] Safepoint synchronization initiated using futex wait barrier. (227 threads)
[2025-01-18T13:25:15.751+0000][95.124s][info ][safepoint   ] Safepoint "Cleanup", Time since last: 12003633711 ns, Reaching safepoint: 752197 ns, Cleanup: 20130 ns, At safepoint: 7494 ns, Total: 779821 ns
[2025-01-18T13:25:18.752+0000][98.125s][debug][safepoint   ] Safepoint synchronization initiated using futex wait barrier. (227 threads)
[2025-01-18T13:25:18.753+0000][98.126s][info ][safepoint   ] Safepoint "Cleanup", Time since last: 3001236397 ns, Reaching safepoint: 672082 ns, Cleanup: 19919 ns, At safepoint: 8898 ns, Total: 700899 ns
[2025-01-18T13:25:21.754+0000][101.127s][debug][safepoint   ] Safepoint synchronization initiated using futex wait barrier. (227 threads)
[2025-01-18T13:25:21.755+0000][101.128s][info ][safepoint   ] Safepoint "Cleanup", Time since last: 3001224573 ns, Reaching safepoint: 575577 ns, Cleanup: 20651 ns, At safepoint: 11713 ns, Total: 607941 ns
[2025-01-18T13:25:22.755+0000][102.128s][debug][safepoint   ] Safepoint synchronization initiated using futex wait barrier. (222 threads)
[2025-01-18T13:25:22.756+0000][102.128s][info ][safepoint   ] Safepoint "Cleanup", Time since last: 1000474664 ns, Reaching safepoint: 421202 ns, Cleanup: 16814 ns, At safepoint: 9258 ns, Total: 447274 ns
[2025-01-18T13:25:24.756+0000][104.129s][debug][safepoint   ] Safepoint synchronization initiated using futex wait barrier. (216 threads)
[2025-01-18T13:25:24.757+0000][104.130s][info ][safepoint   ] Safepoint "Cleanup", Time since last: 2000728958 ns, Reaching safepoint: 314551 ns, Cleanup: 23517 ns, At safepoint: 7955 ns, Total: 346023 ns
[2025-01-18T13:25:27.758+0000][107.131s][debug][safepoint   ] Safepoint synchronization initiated using futex wait barrier. (216 threads)
[2025-01-18T13:25:27.759+0000][107.131s][info ][safepoint   ] Safepoint "Cleanup", Time since last: 3001225487 ns, Reaching safepoint: 646548 ns, Cleanup: 21142 ns, At safepoint: 11863 ns, Total: 679553 ns
[2025-01-18T13:25:28.759+0000][108.132s][debug][safepoint   ] Safepoint synchronization initiated using futex wait barrier. (216 threads)
[2025-01-18T13:25:28.761+0000][108.134s][info ][safepoint   ] Safepoint "Cleanup", Time since last: 1000697668 ns, Reaching safepoint: 833336 ns, Cleanup: 30290 ns, At safepoint: 745755 ns, Total: 1609381 ns
[2025-01-18T13:25:39.764+0000][119.137s][debug][safepoint   ] Safepoint synchronization initiated using futex wait barrier. (214 threads)
[2025-01-18T13:25:39.765+0000][119.137s][info ][safepoint   ] Safepoint "Cleanup", Time since last: 11002902695 ns, Reaching safepoint: 747132 ns, Cleanup: 27193 ns, At safepoint: 12825 ns, Total: 787150 ns
[2025-01-18T13:25:46.759+0000][126.134s][debug][safepoint   ] Safepoint synchronization initiated using futex wait barrier. (214 threads)
[2025-01-18T13:25:46.760+0000][126.134s][info ][safepoint   ] Safepoint "Cleanup", Time since last: 6996072810 ns, Reaching safepoint: 406137 ns, Cleanup: 41932 ns, At safepoint: 11693 ns, Total: 459762 ns
[2025-01-18T13:25:47.760+0000][127.135s][debug][safepoint   ] Safepoint synchronization initiated using futex wait barrier. (214 threads)
[2025-01-18T13:25:47.761+0000][127.136s][info ][safepoint   ] Safepoint "Cleanup", Time since last: 1000548666 ns, Reaching safepoint: 985422 ns, Cleanup: 17044 ns, At safepoint: 9949 ns, Total: 1012415 ns
[2025-01-18T13:25:52.762+0000][132.137s][debug][safepoint   ] Safepoint synchronization initiated using futex wait barrier. (214 threads)
[2025-01-18T13:25:52.763+0000][132.138s][info ][safepoint   ] Safepoint "Cleanup", Time since last: 5001182087 ns, Reaching safepoint: 846909 ns, Cleanup: 28656 ns, At safepoint: 17194 ns, Total: 892759 ns
[2025-01-18T13:25:54.670+0000][134.044s][debug][safepoint   ] Safepoint synchronization initiated using futex wait barrier. (214 threads)
[2025-01-18T13:25:54.671+0000][134.045s][info ][gc,start    ] GC(100) Pause Young (Normal) (G1 Evacuation Pause)
[2025-01-18T13:25:54.671+0000][134.045s][info ][gc,task     ] GC(100) Using 10 workers of 10 for evacuation
[2025-01-18T13:25:54.676+0000][134.050s][info ][gc,phases   ] GC(100)   Pre Evacuate Collection Set: 0.3ms
[2025-01-18T13:25:54.676+0000][134.051s][info ][gc,phases   ] GC(100)   Merge Heap Roots: 0.2ms
[2025-01-18T13:25:54.677+0000][134.051s][info ][gc,phases   ] GC(100)   Evacuate Collection Set: 3.0ms
[2025-01-18T13:25:54.677+0000][134.051s][info ][gc,phases   ] GC(100)   Post Evacuate Collection Set: 1.2ms
[2025-01-18T13:25:54.677+0000][134.051s][info ][gc,phases   ] GC(100)   Other: 0.7ms
[2025-01-18T13:25:54.677+0000][134.051s][info ][gc,heap     ] GC(100) Eden regions: 165->0(166)
[2025-01-18T13:25:54.677+0000][134.051s][info ][gc,heap     ] GC(100) Survivor regions: 3->6(21)
[2025-01-18T13:25:54.677+0000][134.052s][info ][gc,heap     ] GC(100) Old regions: 159->159
[2025-01-18T13:25:54.677+0000][134.052s][info ][gc,heap     ] GC(100) Archive regions: 2->2
[2025-01-18T13:25:54.678+0000][134.052s][info ][gc,heap     ] GC(100) Humongous regions: 0->0
[2025-01-18T13:25:54.678+0000][134.052s][info ][gc,metaspace] GC(100) Metaspace: 180479K(181760K)->180479K(181760K) NonClass: 158273K(158912K)->158273K(158912K) Class: 22206K(22848K)->22206K(22848K)
[2025-01-18T13:25:54.678+0000][134.052s][info ][gc          ] GC(100) Pause Young (Normal) (G1 Evacuation Pause) 327M->165M(395M) 7.328ms
[2025-01-18T13:25:54.678+0000][134.052s][info ][gc,cpu      ] GC(100) User=0.03s Sys=0.00s Real=0.01s
[2025-01-18T13:25:54.678+0000][134.053s][info ][safepoint   ] Safepoint "G1CollectForAllocation", Time since last: 1906471617 ns, Reaching safepoint: 690374 ns, Cleanup: 6333 ns, At safepoint: 7807608 ns, Total: 8504315 ns
[2025-01-18T13:26:02.682+0000][142.056s][debug][safepoint   ] Safepoint synchronization initiated using futex wait barrier. (214 threads)
[2025-01-18T13:26:02.683+0000][142.057s][info ][safepoint   ] Safepoint "Cleanup", Time since last: 8003426386 ns, Reaching safepoint: 902580 ns, Cleanup: 10270 ns, At safepoint: 4249 ns, Total: 917099 ns
[2025-01-18T13:26:12.684+0000][152.060s][debug][safepoint   ] Safepoint synchronization initiated using futex wait barrier. (214 threads)
[2025-01-18T13:26:12.685+0000][152.060s][info ][safepoint   ] Safepoint "Cleanup", Time since last: 10002845246 ns, Reaching safepoint: 648441 ns, Cleanup: 12434 ns, At safepoint: 5831 ns, Total: 666706 ns
[2025-01-18T13:26:14.685+0000][154.061s][debug][safepoint   ] Safepoint synchronization initiated using futex wait barrier. (214 threads)
[2025-01-18T13:26:14.686+0000][154.062s][info ][safepoint   ] Safepoint "Cleanup", Time since last: 2000762574 ns, Reaching safepoint: 594285 ns, Cleanup: 12805 ns, At safepoint: 4799 ns, Total: 611889 ns
[2025-01-18T13:26:18.688+0000][158.063s][debug][safepoint   ] Safepoint synchronization initiated using futex wait barrier. (214 threads)
[2025-01-18T13:26:18.688+0000][158.064s][info ][safepoint   ] Safepoint "Cleanup", Time since last: 4001516481 ns, Reaching safepoint: 798947 ns, Cleanup: 29238 ns, At safepoint: 11592 ns, Total: 839777 ns
[2025-01-18T13:26:22.690+0000][162.066s][debug][safepoint   ] Safepoint synchronization initiated using futex wait barrier. (213 threads)
[2025-01-18T13:26:22.691+0000][162.067s][info ][safepoint   ] Safepoint "Cleanup", Time since last: 4001760067 ns, Reaching safepoint: 643382 ns, Cleanup: 17685 ns, At safepoint: 11703 ns, Total: 672770 ns
[2025-01-18T13:26:25.692+0000][165.068s][debug][safepoint   ] Safepoint synchronization initiated using futex wait barrier. (209 threads)
[2025-01-18T13:26:25.693+0000][165.069s][info ][safepoint   ] Safepoint "Cleanup", Time since last: 3001485370 ns, Reaching safepoint: 730717 ns, Cleanup: 22854 ns, At safepoint: 6182 ns, Total: 759753 ns
[2025-01-18T13:26:28.694+0000][168.070s][debug][safepoint   ] Safepoint synchronization initiated using futex wait barrier. (209 threads)
[2025-01-18T13:26:28.695+0000][168.071s][info ][safepoint   ] Safepoint "Cleanup", Time since last: 3001048411 ns, Reaching safepoint: 693087 ns, Cleanup: 18937 ns, At safepoint: 11563 ns, Total: 723587 ns
[2025-01-18T13:26:32.696+0000][172.072s][debug][safepoint   ] Safepoint synchronization initiated using futex wait barrier. (209 threads)
[2025-01-18T13:26:32.697+0000][172.073s][info ][safepoint   ] Safepoint "Cleanup", Time since last: 4001245342 ns, Reaching safepoint: 686306 ns, Cleanup: 20410 ns, At safepoint: 11072 ns, Total: 717788 ns
[2025-01-18T13:26:56.815+0000][196.193s][debug][safepoint   ] Safepoint synchronization initiated using futex wait barrier. (209 threads)
[2025-01-18T13:26:56.816+0000][196.194s][info ][safepoint   ] Safepoint "Cleanup", Time since last: 24120571194 ns, Reaching safepoint: 347402 ns, Cleanup: 33045 ns, At safepoint: 50048 ns, Total: 430495 ns
[2025-01-18T13:27:08.819+0000][208.197s][debug][safepoint   ] Safepoint synchronization initiated using futex wait barrier. (209 threads)
[2025-01-18T13:27:08.820+0000][208.197s][info ][safepoint   ] Safepoint "Cleanup", Time since last: 12003242145 ns, Reaching safepoint: 408114 ns, Cleanup: 18756 ns, At safepoint: 11142 ns, Total: 438012 ns
[2025-01-18T13:27:09.821+0000][209.198s][debug][safepoint   ] Safepoint synchronization initiated using futex wait barrier. (209 threads)
[2025-01-18T13:27:09.821+0000][209.199s][info ][safepoint   ] Safepoint "Cleanup", Time since last: 1000941567 ns, Reaching safepoint: 666400 ns, Cleanup: 18256 ns, At safepoint: 11062 ns, Total: 695718 ns
[2025-01-18T13:27:11.821+0000][211.200s][debug][safepoint   ] Safepoint synchronization initiated using futex wait barrier. (209 threads)
[2025-01-18T13:27:11.822+0000][211.200s][info ][safepoint   ] Safepoint "Cleanup", Time since last: 2000980442 ns, Reaching safepoint: 363957 ns, Cleanup: 18135 ns, At safepoint: 8998 ns, Total: 391090 ns
[2025-01-18T13:27:18.825+0000][218.204s][debug][safepoint   ] Safepoint synchronization initiated using futex wait barrier. (209 threads)
[2025-01-18T13:27:18.825+0000][218.204s][info ][safepoint   ] Safepoint "Cleanup", Time since last: 7003326949 ns, Reaching safepoint: 317272 ns, Cleanup: 12224 ns, At safepoint: 6042 ns, Total: 335538 ns
[2025-01-18T13:27:26.828+0000][226.207s][debug][safepoint   ] Safepoint synchronization initiated using futex wait barrier. (206 threads)
[2025-01-18T13:27:26.828+0000][226.207s][info ][safepoint   ] Safepoint "Cleanup", Time since last: 8002719363 ns, Reaching safepoint: 476274 ns, Cleanup: 12945 ns, At safepoint: 4660 ns, Total: 493879 ns
[2025-01-18T13:27:27.829+0000][227.208s][debug][safepoint   ] Safepoint synchronization initiated using futex wait barrier. (206 threads)
[2025-01-18T13:27:27.829+0000][227.208s][info ][safepoint   ] Safepoint "Cleanup", Time since last: 1000404954 ns, Reaching safepoint: 452959 ns, Cleanup: 14889 ns, At safepoint: 8938 ns, Total: 476786 ns
[2025-01-18T13:27:28.830+0000][228.208s][debug][safepoint   ] Safepoint synchronization initiated using futex wait barrier. (206 threads)
[2025-01-18T13:27:28.830+0000][228.209s][info ][safepoint   ] Safepoint "Cleanup", Time since last: 1000433087 ns, Reaching safepoint: 482837 ns, Cleanup: 29528 ns, At safepoint: 8898 ns, Total: 521263 ns
[2025-01-18T13:27:41.874+0000][241.254s][debug][safepoint   ] Safepoint synchronization initiated using futex wait barrier. (206 threads)
[2025-01-18T13:27:41.874+0000][241.255s][info ][safepoint   ] Safepoint "Cleanup", Time since last: 13044781637 ns, Reaching safepoint: 775445 ns, Cleanup: 14428 ns, At safepoint: 9228 ns, Total: 799101 ns
[2025-01-18T13:28:10.060+0000][269.440s][debug][safepoint   ] Safepoint synchronization initiated using futex wait barrier. (206 threads)
[2025-01-18T13:28:10.060+0000][269.441s][info ][gc,start    ] GC(101) Pause Young (Normal) (G1 Evacuation Pause)
[2025-01-18T13:28:10.061+0000][269.441s][info ][gc,task     ] GC(101) Using 10 workers of 10 for evacuation
[2025-01-18T13:28:10.065+0000][269.445s][info ][gc,phases   ] GC(101)   Pre Evacuate Collection Set: 0.3ms
[2025-01-18T13:28:10.065+0000][269.446s][info ][gc,phases   ] GC(101)   Merge Heap Roots: 0.2ms
[2025-01-18T13:28:10.066+0000][269.446s][info ][gc,phases   ] GC(101)   Evacuate Collection Set: 2.5ms
[2025-01-18T13:28:10.066+0000][269.446s][info ][gc,phases   ] GC(101)   Post Evacuate Collection Set: 1.3ms
[2025-01-18T13:28:10.066+0000][269.446s][info ][gc,phases   ] GC(101)   Other: 0.5ms
[2025-01-18T13:28:10.066+0000][269.446s][info ][gc,heap     ] GC(101) Eden regions: 166->0(172)
[2025-01-18T13:28:10.066+0000][269.447s][info ][gc,heap     ] GC(101) Survivor regions: 6->6(22)
[2025-01-18T13:28:10.067+0000][269.447s][info ][gc,heap     ] GC(101) Old regions: 159->159
[2025-01-18T13:28:10.067+0000][269.447s][info ][gc,heap     ] GC(101) Archive regions: 2->2
[2025-01-18T13:28:10.067+0000][269.447s][info ][gc,heap     ] GC(101) Humongous regions: 0->0
[2025-01-18T13:28:10.067+0000][269.447s][info ][gc,metaspace] GC(101) Metaspace: 180616K(181888K)->180616K(181888K) NonClass: 158406K(159040K)->158406K(159040K) Class: 22210K(22848K)->22210K(22848K)
[2025-01-18T13:28:10.067+0000][269.447s][info ][gc          ] GC(101) Pause Young (Normal) (G1 Evacuation Pause) 331M->165M(395M) 6.726ms
[2025-01-18T13:28:10.067+0000][269.447s][info ][gc,cpu      ] GC(101) User=0.02s Sys=0.00s Real=0.01s
[2025-01-18T13:28:10.067+0000][269.448s][info ][safepoint   ] Safepoint "G1CollectForAllocation", Time since last: 28185279125 ns, Reaching safepoint: 666105 ns, Cleanup: 8567 ns, At safepoint: 7126754 ns, Total: 7801426 ns
[2025-01-18T13:28:12.067+0000][271.449s][debug][safepoint   ] Safepoint synchronization initiated using futex wait barrier. (206 threads)
[2025-01-18T13:28:12.068+0000][271.450s][info ][safepoint   ] Safepoint "Cleanup", Time since last: 2001068606 ns, Reaching safepoint: 764628 ns, Cleanup: 36311 ns, At safepoint: 11002 ns, Total: 811941 ns
[2025-01-18T13:28:18.930+0000][278.311s][debug][safepoint   ] Safepoint synchronization initiated using futex wait barrier. (206 threads)
[2025-01-18T13:28:18.931+0000][278.312s][info ][safepoint   ] Safepoint "Cleanup", Time since last: 6861909428 ns, Reaching safepoint: 830226 ns, Cleanup: 108582 ns, At safepoint: 19078 ns, Total: 957886 ns
[2025-01-18T13:28:23.933+0000][283.314s][debug][safepoint   ] Safepoint synchronization initiated using futex wait barrier. (204 threads)
[2025-01-18T13:28:23.933+0000][283.315s][info ][safepoint   ] Safepoint "Cleanup", Time since last: 5001957348 ns, Reaching safepoint: 785961 ns, Cleanup: 17785 ns, At safepoint: 12635 ns, Total: 816381 ns
[2025-01-18T13:28:27.934+0000][287.316s][debug][safepoint   ] Safepoint synchronization initiated using futex wait barrier. (204 threads)
[2025-01-18T13:28:27.935+0000][287.317s][info ][safepoint   ] Safepoint "Cleanup", Time since last: 4001055247 ns, Reaching safepoint: 659333 ns, Cleanup: 19679 ns, At safepoint: 12394 ns, Total: 691406 ns
[2025-01-18T13:28:31.937+0000][291.319s][debug][safepoint   ] Safepoint synchronization initiated using futex wait barrier. (204 threads)
[2025-01-18T13:28:31.937+0000][291.319s][info ][safepoint   ] Safepoint "Cleanup", Time since last: 4001803347 ns, Reaching safepoint: 319704 ns, Cleanup: 13236 ns, At safepoint: 4308 ns, Total: 337248 ns
[2025-01-18T13:28:41.935+0000][301.319s][debug][safepoint   ] Safepoint synchronization initiated using futex wait barrier. (204 threads)
[2025-01-18T13:28:41.936+0000][301.320s][info ][safepoint   ] Safepoint "Cleanup", Time since last: 10000315280 ns, Reaching safepoint: 657649 ns, Cleanup: 19609 ns, At safepoint: 10971 ns, Total: 688229 ns
[2025-01-18T13:28:53.425+0000][312.810s][debug][safepoint   ] Safepoint synchronization initiated using futex wait barrier. (204 threads)
[2025-01-18T13:28:53.426+0000][312.810s][info ][safepoint   ] Safepoint "Cleanup", Time since last: 11489576882 ns, Reaching safepoint: 642473 ns, Cleanup: 43535 ns, At safepoint: 11393 ns, Total: 697401 ns
[2025-01-18T13:29:17.432+0000][336.817s][debug][safepoint   ] Safepoint synchronization initiated using futex wait barrier. (204 threads)
[2025-01-18T13:29:17.432+0000][336.818s][info ][safepoint   ] Safepoint "Cleanup", Time since last: 24006767156 ns, Reaching safepoint: 662902 ns, Cleanup: 16893 ns, At safepoint: 9068 ns, Total: 688863 ns
[2025-01-18T13:29:22.434+0000][341.819s][debug][safepoint   ] Safepoint synchronization initiated using futex wait barrier. (204 threads)
[2025-01-18T13:29:22.434+0000][341.820s][info ][safepoint   ] Safepoint "Cleanup", Time since last: 5001290614 ns, Reaching safepoint: 475109 ns, Cleanup: 17053 ns, At safepoint: 4980 ns, Total: 497142 ns
[2025-01-18T13:29:28.435+0000][347.821s][debug][safepoint   ] Safepoint synchronization initiated using futex wait barrier. (202 threads)
[2025-01-18T13:29:28.436+0000][347.822s][info ][safepoint   ] Safepoint "Cleanup", Time since last: 6001296745 ns, Reaching safepoint: 702344 ns, Cleanup: 24268 ns, At safepoint: 12485 ns, Total: 739097 ns
[2025-01-18T13:29:32.438+0000][351.823s][debug][safepoint   ] Safepoint synchronization initiated using futex wait barrier. (202 threads)
[2025-01-18T13:29:32.439+0000][351.824s][info ][safepoint   ] Safepoint "Cleanup", Time since last: 4001801994 ns, Reaching safepoint: 718204 ns, Cleanup: 24307 ns, At safepoint: 10842 ns, Total: 753353 ns
[2025-01-18T13:29:41.994+0000][361.381s][debug][safepoint   ] Safepoint synchronization initiated using futex wait barrier. (202 threads)
[2025-01-18T13:29:41.995+0000][361.381s][info ][safepoint   ] Safepoint "Cleanup", Time since last: 9556768197 ns, Reaching safepoint: 386531 ns, Cleanup: 14849 ns, At safepoint: 4459 ns, Total: 405839 ns
[2025-01-18T13:29:56.998+0000][376.385s][debug][safepoint   ] Safepoint synchronization initiated using futex wait barrier. (202 threads)
[2025-01-18T13:29:56.999+0000][376.385s][info ][safepoint   ] Safepoint "Cleanup", Time since last: 15003183315 ns, Reaching safepoint: 820922 ns, Cleanup: 27825 ns, At safepoint: 12755 ns, Total: 861502 ns
[2025-01-18T13:30:22.004+0000][401.393s][debug][safepoint   ] Safepoint synchronization initiated using futex wait barrier. (202 threads)
[2025-01-18T13:30:22.005+0000][401.393s][info ][safepoint   ] Safepoint "Cleanup", Time since last: 25007210970 ns, Reaching safepoint: 638532 ns, Cleanup: 11854 ns, At safepoint: 7274 ns, Total: 657660 ns
[2025-01-18T13:30:27.006+0000][406.395s][debug][safepoint   ] Safepoint synchronization initiated using futex wait barrier. (200 threads)
[2025-01-18T13:30:27.007+0000][406.395s][info ][safepoint   ] Safepoint "Cleanup", Time since last: 5001278605 ns, Reaching safepoint: 663151 ns, Cleanup: 19298 ns, At safepoint: 10891 ns, Total: 693340 ns
[2025-01-18T13:30:28.008+0000][407.396s][debug][safepoint   ] Safepoint synchronization initiated using futex wait barrier. (200 threads)
[2025-01-18T13:30:28.008+0000][407.397s][info ][safepoint   ] Safepoint "Cleanup", Time since last: 1000702927 ns, Reaching safepoint: 556933 ns, Cleanup: 33065 ns, At safepoint: 8988 ns, Total: 598986 ns
[2025-01-18T13:30:30.009+0000][409.397s][debug][safepoint   ] Safepoint synchronization initiated using futex wait barrier. (200 threads)
[2025-01-18T13:30:30.010+0000][409.398s][info ][safepoint   ] Safepoint "Cleanup", Time since last: 2000886223 ns, Reaching safepoint: 824237 ns, Cleanup: 12535 ns, At safepoint: 4338 ns, Total: 841110 ns
[2025-01-18T13:30:34.017+0000][413.405s][debug][safepoint   ] Safepoint synchronization initiated using futex wait barrier. (200 threads)
[2025-01-18T13:30:34.018+0000][413.406s][info ][gc,start    ] GC(102) Pause Young (Concurrent Start) (G1 Evacuation Pause)
[2025-01-18T13:30:34.018+0000][413.406s][info ][gc,task     ] GC(102) Using 10 workers of 10 for evacuation
[2025-01-18T13:30:34.024+0000][413.412s][info ][gc,phases   ] GC(102)   Pre Evacuate Collection Set: 0.5ms
[2025-01-18T13:30:34.024+0000][413.412s][info ][gc,phases   ] GC(102)   Merge Heap Roots: 0.2ms
[2025-01-18T13:30:34.024+0000][413.412s][info ][gc,phases   ] GC(102)   Evacuate Collection Set: 3.0ms
[2025-01-18T13:30:34.024+0000][413.413s][info ][gc,phases   ] GC(102)   Post Evacuate Collection Set: 1.6ms
[2025-01-18T13:30:34.025+0000][413.413s][info ][gc,phases   ] GC(102)   Other: 0.6ms
[2025-01-18T13:30:34.025+0000][413.413s][info ][gc,heap     ] GC(102) Eden regions: 172->0(177)
[2025-01-18T13:30:34.025+0000][413.413s][info ][gc,heap     ] GC(102) Survivor regions: 6->6(23)
[2025-01-18T13:30:34.025+0000][413.414s][info ][gc,heap     ] GC(102) Old regions: 159->159
[2025-01-18T13:30:34.026+0000][413.414s][info ][gc,heap     ] GC(102) Archive regions: 2->2
[2025-01-18T13:30:34.026+0000][413.414s][info ][gc,heap     ] GC(102) Humongous regions: 0->0
[2025-01-18T13:30:34.026+0000][413.414s][info ][gc,metaspace] GC(102) Metaspace: 180754K(182080K)->180754K(182080K) NonClass: 158542K(159232K)->158542K(159232K) Class: 22211K(22848K)->22211K(22848K)
[2025-01-18T13:30:34.026+0000][413.414s][info ][gc          ] GC(102) Pause Young (Concurrent Start) (G1 Evacuation Pause) 337M->165M(395M) 8.316ms
[2025-01-18T13:30:34.026+0000][413.415s][info ][gc,cpu      ] GC(102) User=0.03s Sys=0.01s Real=0.00s
[2025-01-18T13:30:34.027+0000][413.415s][info ][gc          ] GC(103) Concurrent Mark Cycle
[2025-01-18T13:30:34.027+0000][413.415s][info ][gc,marking  ] GC(103) Concurrent Clear Claimed Marks
[2025-01-18T13:30:34.027+0000][413.415s][info ][safepoint   ] Safepoint "G1CollectForAllocation", Time since last: 4007041666 ns, Reaching safepoint: 637050 ns, Cleanup: 4278 ns, At safepoint: 9227082 ns, Total: 9868410 ns
[2025-01-18T13:30:34.027+0000][413.415s][info ][gc,marking  ] GC(103) Concurrent Clear Claimed Marks 0.539ms
[2025-01-18T13:30:34.028+0000][413.416s][info ][gc,marking  ] GC(103) Concurrent Scan Root Regions
[2025-01-18T13:30:34.030+0000][413.419s][info ][gc,marking  ] GC(103) Concurrent Scan Root Regions 2.729ms
[2025-01-18T13:30:34.031+0000][413.419s][info ][gc,marking  ] GC(103) Concurrent Mark
[2025-01-18T13:30:34.031+0000][413.419s][info ][gc,marking  ] GC(103) Concurrent Mark From Roots
[2025-01-18T13:30:34.031+0000][413.420s][info ][gc,task     ] GC(103) Using 3 workers of 3 for marking
[2025-01-18T13:30:34.111+0000][413.499s][info ][gc,marking  ] GC(103) Concurrent Mark From Roots 80.031ms
[2025-01-18T13:30:34.111+0000][413.500s][info ][gc,marking  ] GC(103) Concurrent Preclean
[2025-01-18T13:30:34.112+0000][413.500s][info ][gc,marking  ] GC(103) Concurrent Preclean 0.513ms
[2025-01-18T13:30:34.112+0000][413.500s][debug][safepoint   ] Safepoint synchronization initiated using futex wait barrier. (200 threads)
[2025-01-18T13:30:34.112+0000][413.501s][info ][gc,start    ] GC(103) Pause Remark
[2025-01-18T13:30:34.119+0000][413.507s][info ][gc          ] GC(103) Pause Remark 167M->167M(395M) 6.664ms
[2025-01-18T13:30:34.120+0000][413.508s][info ][gc,cpu      ] GC(103) User=0.05s Sys=0.00s Real=0.01s
[2025-01-18T13:30:34.121+0000][413.509s][info ][safepoint   ] Safepoint "G1PauseRemark", Time since last: 85316553 ns, Reaching safepoint: 236093 ns, Cleanup: 10761 ns, At safepoint: 8186881 ns, Total: 8433735 ns
[2025-01-18T13:30:34.121+0000][413.510s][info ][gc,marking  ] GC(103) Concurrent Mark 90.599ms
[2025-01-18T13:30:34.122+0000][413.510s][info ][gc,marking  ] GC(103) Concurrent Rebuild Remembered Sets
[2025-01-18T13:30:34.179+0000][413.567s][info ][gc,marking  ] GC(103) Concurrent Rebuild Remembered Sets 56.833ms
[2025-01-18T13:30:34.179+0000][413.567s][debug][safepoint   ] Safepoint synchronization initiated using futex wait barrier. (200 threads)
[2025-01-18T13:30:34.179+0000][413.568s][info ][gc,start    ] GC(103) Pause Cleanup
[2025-01-18T13:30:34.180+0000][413.568s][info ][gc          ] GC(103) Pause Cleanup 167M->167M(395M) 0.484ms
[2025-01-18T13:30:34.180+0000][413.568s][info ][gc,cpu      ] GC(103) User=0.00s Sys=0.00s Real=0.00s
[2025-01-18T13:30:34.180+0000][413.569s][info ][safepoint   ] Safepoint "G1PauseCleanup", Time since last: 58543670 ns, Reaching safepoint: 217888 ns, Cleanup: 25840 ns, At safepoint: 921638 ns, Total: 1165366 ns
[2025-01-18T13:30:34.181+0000][413.569s][info ][gc,marking  ] GC(103) Concurrent Cleanup for Next Mark
[2025-01-18T13:30:34.181+0000][413.570s][info ][gc,marking  ] GC(103) Concurrent Cleanup for Next Mark 0.837ms
[2025-01-18T13:30:34.182+0000][413.570s][info ][gc          ] GC(103) Concurrent Mark Cycle 155.205ms
[2025-01-18T13:30:48.182+0000][427.572s][debug][safepoint   ] Safepoint synchronization initiated using futex wait barrier. (200 threads)
[2025-01-18T13:30:48.183+0000][427.573s][info ][safepoint   ] Safepoint "Cleanup", Time since last: 14003639625 ns, Reaching safepoint: 884284 ns, Cleanup: 21763 ns, At safepoint: 11062 ns, Total: 917109 ns
[2025-01-18T13:31:22.188+0000][461.579s][debug][safepoint   ] Safepoint synchronization initiated using futex wait barrier. (200 threads)
[2025-01-18T13:31:22.188+0000][461.580s][info ][safepoint   ] Safepoint "Cleanup", Time since last: 34006187223 ns, Reaching safepoint: 440815 ns, Cleanup: 28175 ns, At safepoint: 6904 ns, Total: 475894 ns
[2025-01-18T13:31:23.189+0000][462.580s][debug][safepoint   ] Safepoint synchronization initiated using futex wait barrier. (200 threads)
[2025-01-18T13:31:23.189+0000][462.581s][info ][safepoint   ] Safepoint "Cleanup", Time since last: 1000470139 ns, Reaching safepoint: 593024 ns, Cleanup: 20670 ns, At safepoint: 10491 ns, Total: 624185 ns
[2025-01-18T13:31:24.190+0000][463.581s][debug][safepoint   ] Safepoint synchronization initiated using futex wait barrier. (199 threads)
[2025-01-18T13:31:24.191+0000][463.582s][info ][safepoint   ] Safepoint "Cleanup", Time since last: 1000477453 ns, Reaching safepoint: 573185 ns, Cleanup: 14879 ns, At safepoint: 9969 ns, Total: 598033 ns
[2025-01-18T13:31:28.191+0000][467.583s][debug][safepoint   ] Safepoint synchronization initiated using futex wait barrier. (199 threads)
[2025-01-18T13:31:28.192+0000][467.583s][info ][safepoint   ] Safepoint "Cleanup", Time since last: 4000858621 ns, Reaching safepoint: 422990 ns, Cleanup: 24839 ns, At safepoint: 8958 ns, Total: 456787 ns
[2025-01-18T13:31:31.193+0000][470.584s][debug][safepoint   ] Safepoint synchronization initiated using futex wait barrier. (199 threads)
[2025-01-18T13:31:31.194+0000][470.585s][info ][safepoint   ] Safepoint "Cleanup", Time since last: 3001059297 ns, Reaching safepoint: 667440 ns, Cleanup: 24368 ns, At safepoint: 8336 ns, Total: 700144 ns
[2025-01-18T13:31:55.837+0000][495.229s][debug][safepoint   ] Safepoint synchronization initiated using futex wait barrier. (202 threads)
[2025-01-18T13:31:55.837+0000][495.230s][info ][safepoint   ] Safepoint "Cleanup", Time since last: 24644366181 ns, Reaching safepoint: 369275 ns, Cleanup: 201185 ns, At safepoint: 62502 ns, Total: 632962 ns
[2025-01-18T13:31:56.182+0000][495.575s][debug][safepoint   ] Safepoint synchronization initiated using futex wait barrier. (203 threads)
[2025-01-18T13:31:56.183+0000][495.576s][info ][gc,start    ] GC(104) Pause Young (Prepare Mixed) (G1 Evacuation Pause)
[2025-01-18T13:31:56.183+0000][495.576s][info ][gc,task     ] GC(104) Using 10 workers of 10 for evacuation
[2025-01-18T13:31:56.191+0000][495.584s][info ][gc,phases   ] GC(104)   Pre Evacuate Collection Set: 0.5ms
[2025-01-18T13:31:56.192+0000][495.585s][info ][gc,phases   ] GC(104)   Merge Heap Roots: 0.3ms
[2025-01-18T13:31:56.192+0000][495.585s][info ][gc,phases   ] GC(104)   Evacuate Collection Set: 5.1ms
[2025-01-18T13:31:56.193+0000][495.586s][info ][gc,phases   ] GC(104)   Post Evacuate Collection Set: 1.9ms
[2025-01-18T13:31:56.193+0000][495.586s][info ][gc,phases   ] GC(104)   Other: 0.7ms
[2025-01-18T13:31:56.193+0000][495.586s][info ][gc,heap     ] GC(104) Eden regions: 177->0(12)
[2025-01-18T13:31:56.194+0000][495.587s][info ][gc,heap     ] GC(104) Survivor regions: 6->7(23)
[2025-01-18T13:31:56.194+0000][495.587s][info ][gc,heap     ] GC(104) Old regions: 159->159
[2025-01-18T13:31:56.194+0000][495.587s][info ][gc,heap     ] GC(104) Archive regions: 2->2
[2025-01-18T13:31:56.194+0000][495.587s][info ][gc,heap     ] GC(104) Humongous regions: 0->0
[2025-01-18T13:31:56.194+0000][495.587s][info ][gc,metaspace] GC(104) Metaspace: 181921K(183296K)->181921K(183296K) NonClass: 159542K(160256K)->159542K(160256K) Class: 22378K(23040K)->22378K(23040K)
[2025-01-18T13:31:56.195+0000][495.588s][info ][gc          ] GC(104) Pause Young (Prepare Mixed) (G1 Evacuation Pause) 342M->166M(395M) 11.797ms
[2025-01-18T13:31:56.195+0000][495.588s][info ][gc,cpu      ] GC(104) User=0.05s Sys=0.03s Real=0.01s
[2025-01-18T13:31:56.196+0000][495.589s][info ][safepoint   ] Safepoint "G1CollectForAllocation", Time since last: 344870300 ns, Reaching safepoint: 605709 ns, Cleanup: 134363 ns, At safepoint: 13585111 ns, Total: 14325183 ns
[2025-01-18T13:31:56.259+0000][495.652s][debug][safepoint   ] Safepoint synchronization initiated using futex wait barrier. (203 threads)
[2025-01-18T13:31:56.260+0000][495.653s][info ][gc,start    ] GC(105) Pause Young (Mixed) (G1 Evacuation Pause)
[2025-01-18T13:31:56.260+0000][495.653s][info ][gc,task     ] GC(105) Using 10 workers of 10 for evacuation
[2025-01-18T13:31:56.269+0000][495.662s][info ][gc,phases   ] GC(105)   Pre Evacuate Collection Set: 0.3ms
[2025-01-18T13:31:56.269+0000][495.662s][info ][gc,phases   ] GC(105)   Merge Heap Roots: 0.2ms
[2025-01-18T13:31:56.269+0000][495.662s][info ][gc,phases   ] GC(105)   Evacuate Collection Set: 6.6ms
[2025-01-18T13:31:56.270+0000][495.662s][info ][gc,phases   ] GC(105)   Post Evacuate Collection Set: 1.3ms
[2025-01-18T13:31:56.270+0000][495.663s][info ][gc,phases   ] GC(105)   Other: 0.7ms
[2025-01-18T13:31:56.270+0000][495.663s][info ][gc,heap     ] GC(105) Eden regions: 12->0(183)
[2025-01-18T13:31:56.270+0000][495.663s][info ][gc,heap     ] GC(105) Survivor regions: 7->2(3)
[2025-01-18T13:31:56.270+0000][495.663s][info ][gc,heap     ] GC(105) Old regions: 159->158
[2025-01-18T13:31:56.270+0000][495.663s][info ][gc,heap     ] GC(105) Archive regions: 2->2
[2025-01-18T13:31:56.270+0000][495.663s][info ][gc,heap     ] GC(105) Humongous regions: 0->0
[2025-01-18T13:31:56.271+0000][495.664s][info ][gc,metaspace] GC(105) Metaspace: 182129K(183424K)->182129K(183424K) NonClass: 159714K(160384K)->159714K(160384K) Class: 22415K(23040K)->22415K(23040K)
[2025-01-18T13:31:56.271+0000][495.664s][info ][gc          ] GC(105) Pause Young (Mixed) (G1 Evacuation Pause) 178M->159M(395M) 10.869ms
[2025-01-18T13:31:56.271+0000][495.664s][info ][gc,cpu      ] GC(105) User=0.08s Sys=0.00s Real=0.01s
[2025-01-18T13:31:56.272+0000][495.665s][info ][safepoint   ] Safepoint "G1CollectForAllocation", Time since last: 62932940 ns, Reaching safepoint: 560470 ns, Cleanup: 29839 ns, At safepoint: 12255834 ns, Total: 12846143 ns
[2025-01-18T13:31:56.814+0000][496.207s][debug][safepoint   ] Safepoint synchronization initiated using futex wait barrier. (204 threads)
[2025-01-18T13:31:56.815+0000][496.208s][info ][safepoint   ] Safepoint "ICBufferFull", Time since last: 542298553 ns, Reaching safepoint: 612022 ns, Cleanup: 258397 ns, At safepoint: 131728 ns, Total: 1002147 ns
[2025-01-18T13:31:57.394+0000][496.787s][debug][safepoint   ] Safepoint synchronization initiated using futex wait barrier. (206 threads)
[2025-01-18T13:31:57.394+0000][496.787s][info ][safepoint   ] Safepoint "ICBufferFull", Time since last: 578303775 ns, Reaching safepoint: 497046 ns, Cleanup: 177919 ns, At safepoint: 59907 ns, Total: 734872 ns
[2025-01-18T13:31:57.395+0000][496.788s][debug][safepoint   ] Safepoint synchronization initiated using futex wait barrier. (206 threads)
[2025-01-18T13:31:57.395+0000][496.788s][info ][safepoint   ] Safepoint "ICBufferFull", Time since last: 546303 ns, Reaching safepoint: 280851 ns, Cleanup: 5280 ns, At safepoint: 38245 ns, Total: 324376 ns
[2025-01-18T13:31:58.039+0000][497.432s][debug][safepoint   ] Safepoint synchronization initiated using futex wait barrier. (212 threads)
[2025-01-18T13:31:58.040+0000][497.433s][info ][gc,start    ] GC(106) Pause Young (Normal) (G1 Evacuation Pause)
[2025-01-18T13:31:58.041+0000][497.434s][info ][gc,task     ] GC(106) Using 10 workers of 10 for evacuation
[2025-01-18T13:31:58.049+0000][497.442s][info ][gc,phases   ] GC(106)   Pre Evacuate Collection Set: 0.4ms
[2025-01-18T13:31:58.049+0000][497.442s][info ][gc,phases   ] GC(106)   Merge Heap Roots: 0.3ms
[2025-01-18T13:31:58.049+0000][497.442s][info ][gc,phases   ] GC(106)   Evacuate Collection Set: 4.7ms
[2025-01-18T13:31:58.049+0000][497.442s][info ][gc,phases   ] GC(106)   Post Evacuate Collection Set: 1.7ms
[2025-01-18T13:31:58.050+0000][497.443s][info ][gc,phases   ] GC(106)   Other: 1.3ms
[2025-01-18T13:31:58.050+0000][497.443s][info ][gc,heap     ] GC(106) Eden regions: 183->0(175)
[2025-01-18T13:31:58.050+0000][497.443s][info ][gc,heap     ] GC(106) Survivor regions: 2->7(24)
[2025-01-18T13:31:58.050+0000][497.443s][info ][gc,heap     ] GC(106) Old regions: 158->158
[2025-01-18T13:31:58.050+0000][497.443s][info ][gc,heap     ] GC(106) Archive regions: 2->2
[2025-01-18T13:31:58.051+0000][497.444s][info ][gc,heap     ] GC(106) Humongous regions: 1->0
[2025-01-18T13:31:58.051+0000][497.444s][info ][gc,metaspace] GC(106) Metaspace: 183885K(185152K)->183885K(185152K) NonClass: 161289K(161920K)->161289K(161920K) Class: 22595K(23232K)->22595K(23232K)
[2025-01-18T13:31:58.051+0000][497.444s][info ][gc          ] GC(106) Pause Young (Normal) (G1 Evacuation Pause) 343M->164M(395M) 10.756ms
[2025-01-18T13:31:58.051+0000][497.444s][info ][gc,cpu      ] GC(106) User=0.07s Sys=0.00s Real=0.01s
[2025-01-18T13:31:58.052+0000][497.445s][info ][safepoint   ] Safepoint "G1CollectForAllocation", Time since last: 644125472 ns, Reaching safepoint: 603925 ns, Cleanup: 228759 ns, At safepoint: 11695214 ns, Total: 12527898 ns
[2025-01-18T13:31:59.565+0000][498.958s][debug][safepoint   ] Safepoint synchronization initiated using futex wait barrier. (213 threads)
[2025-01-18T13:31:59.566+0000][498.959s][info ][safepoint   ] Safepoint "Cleanup", Time since last: 1512963268 ns, Reaching safepoint: 758528 ns, Cleanup: 160826 ns, At safepoint: 11913 ns, Total: 931267 ns
[2025-01-18T13:32:02.567+0000][501.960s][debug][safepoint   ] Safepoint synchronization initiated using futex wait barrier. (213 threads)
[2025-01-18T13:32:02.568+0000][501.961s][info ][safepoint   ] Safepoint "Cleanup", Time since last: 3001091444 ns, Reaching safepoint: 738951 ns, Cleanup: 85998 ns, At safepoint: 30350 ns, Total: 855299 ns
[2025-01-18T13:32:05.569+0000][504.962s][debug][safepoint   ] Safepoint synchronization initiated using futex wait barrier. (210 threads)
[2025-01-18T13:32:05.569+0000][504.962s][info ][safepoint   ] Safepoint "Cleanup", Time since last: 3001049355 ns, Reaching safepoint: 525321 ns, Cleanup: 15741 ns, At safepoint: 5360 ns, Total: 546422 ns
[2025-01-18T13:32:28.569+0000][527.968s][debug][safepoint   ] Safepoint synchronization initiated using futex wait barrier. (209 threads)
[2025-01-18T13:32:28.571+0000][527.970s][info ][safepoint   ] Safepoint "Cleanup", Time since last: 23005955695 ns, Reaching safepoint: 1898020 ns, Cleanup: 47142 ns, At safepoint: 211986 ns, Total: 2157148 ns
[2025-01-18T13:32:31.575+0000][530.974s][debug][safepoint   ] Safepoint synchronization initiated using futex wait barrier. (209 threads)
[2025-01-18T13:32:31.575+0000][530.974s][info ][safepoint   ] Safepoint "Cleanup", Time since last: 3003363165 ns, Reaching safepoint: 542494 ns, Cleanup: 12023 ns, At safepoint: 4579 ns, Total: 559096 ns
[2025-01-18T13:32:56.157+0000][555.553s][debug][safepoint   ] Safepoint synchronization initiated using futex wait barrier. (209 threads)
[2025-01-18T13:32:56.158+0000][555.554s][info ][safepoint   ] Safepoint "Cleanup", Time since last: 24578988604 ns, Reaching safepoint: 425595 ns, Cleanup: 48495 ns, At safepoint: 15100 ns, Total: 489190 ns
[2025-01-18T13:32:58.159+0000][557.555s][debug][safepoint   ] Safepoint synchronization initiated using futex wait barrier. (208 threads)
[2025-01-18T13:32:58.159+0000][557.555s][info ][safepoint   ] Safepoint "Cleanup", Time since last: 2000781085 ns, Reaching safepoint: 350638 ns, Cleanup: 12534 ns, At safepoint: 4589 ns, Total: 367761 ns
[2025-01-18T13:33:15.163+0000][574.561s][debug][safepoint   ] Safepoint synchronization initiated using futex wait barrier. (207 threads)
[2025-01-18T13:33:15.164+0000][574.561s][info ][safepoint   ] Safepoint "Cleanup", Time since last: 17005547388 ns, Reaching safepoint: 481414 ns, Cleanup: 39628 ns, At safepoint: 44317 ns, Total: 565359 ns
[2025-01-18T13:33:19.259+0000][578.657s][debug][safepoint   ] Safepoint synchronization initiated using futex wait barrier. (207 threads)
[2025-01-18T13:33:19.260+0000][578.657s][info ][gc,start    ] GC(107) Pause Young (Normal) (G1 Evacuation Pause)
[2025-01-18T13:33:19.260+0000][578.657s][info ][gc,task     ] GC(107) Using 10 workers of 10 for evacuation
[2025-01-18T13:33:19.267+0000][578.664s][info ][gc,phases   ] GC(107)   Pre Evacuate Collection Set: 0.3ms
[2025-01-18T13:33:19.268+0000][578.665s][info ][gc,phases   ] GC(107)   Merge Heap Roots: 0.2ms
[2025-01-18T13:33:19.268+0000][578.665s][info ][gc,phases   ] GC(107)   Evacuate Collection Set: 4.6ms
[2025-01-18T13:33:19.268+0000][578.665s][info ][gc,phases   ] GC(107)   Post Evacuate Collection Set: 1.6ms
[2025-01-18T13:33:19.268+0000][578.665s][info ][gc,phases   ] GC(107)   Other: 0.7ms
[2025-01-18T13:33:19.268+0000][578.666s][info ][gc,heap     ] GC(107) Eden regions: 175->0(173)
[2025-01-18T13:33:19.269+0000][578.666s][info ][gc,heap     ] GC(107) Survivor regions: 7->10(23)
[2025-01-18T13:33:19.269+0000][578.666s][info ][gc,heap     ] GC(107) Old regions: 158->158
[2025-01-18T13:33:19.269+0000][578.666s][info ][gc,heap     ] GC(107) Archive regions: 2->2
[2025-01-18T13:33:19.269+0000][578.666s][info ][gc,heap     ] GC(107) Humongous regions: 0->0
[2025-01-18T13:33:19.269+0000][578.667s][info ][gc,metaspace] GC(107) Metaspace: 184312K(185664K)->184312K(185664K) NonClass: 161669K(162368K)->161669K(162368K) Class: 22643K(23296K)->22643K(23296K)
[2025-01-18T13:33:19.269+0000][578.667s][info ][gc          ] GC(107) Pause Young (Normal) (G1 Evacuation Pause) 339M->167M(395M) 9.679ms
[2025-01-18T13:33:19.270+0000][578.667s][info ][gc,cpu      ] GC(107) User=0.05s Sys=0.01s Real=0.01s
[2025-01-18T13:33:19.270+0000][578.667s][info ][safepoint   ] Safepoint "G1CollectForAllocation", Time since last: 4095384675 ns, Reaching safepoint: 470423 ns, Cleanup: 6423 ns, At safepoint: 10388471 ns, Total: 10865317 ns
[2025-01-18T13:33:22.271+0000][581.668s][debug][safepoint   ] Safepoint synchronization initiated using futex wait barrier. (207 threads)
[2025-01-18T13:33:22.272+0000][581.669s][info ][safepoint   ] Safepoint "Cleanup", Time since last: 3000985877 ns, Reaching safepoint: 670575 ns, Cleanup: 65328 ns, At safepoint: 24338 ns, Total: 760241 ns
[2025-01-18T13:33:27.273+0000][586.670s][debug][safepoint   ] Safepoint synchronization initiated using futex wait barrier. (205 threads)
[2025-01-18T13:33:27.274+0000][586.671s][info ][safepoint   ] Safepoint "Cleanup", Time since last: 5001214922 ns, Reaching safepoint: 505091 ns, Cleanup: 10340 ns, At safepoint: 4539 ns, Total: 519970 ns
[2025-01-18T13:33:28.274+0000][587.671s][debug][safepoint   ] Safepoint synchronization initiated using futex wait barrier. (205 threads)
[2025-01-18T13:33:28.275+0000][587.672s][info ][safepoint   ] Safepoint "Cleanup", Time since last: 1000476504 ns, Reaching safepoint: 516664 ns, Cleanup: 18937 ns, At safepoint: 8016 ns, Total: 543617 ns
[2025-01-18T13:33:30.275+0000][589.673s][debug][safepoint   ] Safepoint synchronization initiated using futex wait barrier. (205 threads)
[2025-01-18T13:33:30.276+0000][589.673s][info ][safepoint   ] Safepoint "Cleanup", Time since last: 2000630411 ns, Reaching safepoint: 772666 ns, Cleanup: 19909 ns, At safepoint: 11393 ns, Total: 803968 ns
[2025-01-18T13:33:33.277+0000][592.674s][debug][safepoint   ] Safepoint synchronization initiated using futex wait barrier. (205 threads)
[2025-01-18T13:33:33.278+0000][592.675s][info ][safepoint   ] Safepoint "Cleanup", Time since last: 3000899942 ns, Reaching safepoint: 760152 ns, Cleanup: 41562 ns, At safepoint: 15610 ns, Total: 817324 ns
[2025-01-18T13:33:52.210+0000][611.609s][debug][safepoint   ] Safepoint synchronization initiated using futex wait barrier. (205 threads)
[2025-01-18T13:33:52.211+0000][611.610s][info ][safepoint   ] Safepoint "Cleanup", Time since last: 18934244776 ns, Reaching safepoint: 542264 ns, Cleanup: 11984 ns, At safepoint: 4749 ns, Total: 558997 ns
[2025-01-18T13:33:58.212+0000][617.611s][debug][safepoint   ] Safepoint synchronization initiated using futex wait barrier. (205 threads)
[2025-01-18T13:33:58.213+0000][617.612s][info ][safepoint   ] Safepoint "Cleanup", Time since last: 6001504177 ns, Reaching safepoint: 745101 ns, Cleanup: 38146 ns, At safepoint: 11192 ns, Total: 794439 ns
[2025-01-18T13:33:59.214+0000][618.613s][debug][safepoint   ] Safepoint synchronization initiated using futex wait barrier. (205 threads)
[2025-01-18T13:33:59.214+0000][618.613s][info ][safepoint   ] Safepoint "Cleanup", Time since last: 1000603817 ns, Reaching safepoint: 449884 ns, Cleanup: 36993 ns, At safepoint: 8628 ns, Total: 495505 ns
[2025-01-18T13:34:18.216+0000][637.617s][debug][safepoint   ] Safepoint synchronization initiated using futex wait barrier. (205 threads)
[2025-01-18T13:34:18.217+0000][637.618s][info ][safepoint   ] Safepoint "Cleanup", Time since last: 19003733437 ns, Reaching safepoint: 557090 ns, Cleanup: 21502 ns, At safepoint: 13978 ns, Total: 592570 ns
[2025-01-18T13:34:22.221+0000][641.621s][debug][safepoint   ] Safepoint synchronization initiated using futex wait barrier. (205 threads)
[2025-01-18T13:34:22.221+0000][641.622s][info ][safepoint   ] Safepoint "Cleanup", Time since last: 4003864202 ns, Reaching safepoint: 370216 ns, Cleanup: 11362 ns, At safepoint: 4489 ns, Total: 386067 ns
[2025-01-18T13:34:28.222+0000][647.623s][debug][safepoint   ] Safepoint synchronization initiated using futex wait barrier. (204 threads)
[2025-01-18T13:34:28.223+0000][647.624s][info ][safepoint   ] Safepoint "Cleanup", Time since last: 6001433194 ns, Reaching safepoint: 342792 ns, Cleanup: 20441 ns, At safepoint: 4148 ns, Total: 367381 ns
[2025-01-18T13:34:34.224+0000][653.625s][debug][safepoint   ] Safepoint synchronization initiated using futex wait barrier. (204 threads)
[2025-01-18T13:34:34.224+0000][653.625s][info ][safepoint   ] Safepoint "Cleanup", Time since last: 6001349248 ns, Reaching safepoint: 385216 ns, Cleanup: 20320 ns, At safepoint: 5731 ns, Total: 411267 ns
[2025-01-18T13:34:58.264+0000][677.667s][debug][safepoint   ] Safepoint synchronization initiated using futex wait barrier. (204 threads)
[2025-01-18T13:34:58.264+0000][677.667s][info ][safepoint   ] Safepoint "Cleanup", Time since last: 24041134550 ns, Reaching safepoint: 274689 ns, Cleanup: 11543 ns, At safepoint: 4188 ns, Total: 290420 ns
[2025-01-18T13:35:01.265+0000][680.668s][debug][safepoint   ] Safepoint synchronization initiated using futex wait barrier. (202 threads)
[2025-01-18T13:35:01.266+0000][680.669s][info ][safepoint   ] Safepoint "Cleanup", Time since last: 3000906019 ns, Reaching safepoint: 799820 ns, Cleanup: 18797 ns, At safepoint: 10691 ns, Total: 829308 ns
[2025-01-18T13:35:03.267+0000][682.669s][debug][safepoint   ] Safepoint synchronization initiated using futex wait barrier. (202 threads)
[2025-01-18T13:35:03.267+0000][682.670s][info ][safepoint   ] Safepoint "Cleanup", Time since last: 2000913192 ns, Reaching safepoint: 394715 ns, Cleanup: 15030 ns, At safepoint: 8336 ns, Total: 418081 ns
[2025-01-18T13:35:28.272+0000][707.676s][debug][safepoint   ] Safepoint synchronization initiated using futex wait barrier. (202 threads)
[2025-01-18T13:35:28.273+0000][707.677s][info ][safepoint   ] Safepoint "Cleanup", Time since last: 25006342644 ns, Reaching safepoint: 498749 ns, Cleanup: 16692 ns, At safepoint: 11303 ns, Total: 526744 ns
[2025-01-18T13:35:35.275+0000][714.678s][debug][safepoint   ] Safepoint synchronization initiated using futex wait barrier. (202 threads)
[2025-01-18T13:35:35.275+0000][714.679s][info ][safepoint   ] Safepoint "Cleanup", Time since last: 7001635384 ns, Reaching safepoint: 420095 ns, Cleanup: 20670 ns, At safepoint: 9329 ns, Total: 450094 ns
[2025-01-18T13:35:41.659+0000][721.063s][debug][safepoint   ] Safepoint synchronization initiated using futex wait barrier. (202 threads)
[2025-01-18T13:35:41.660+0000][721.064s][info ][gc,start    ] GC(108) Pause Young (Concurrent Start) (G1 Evacuation Pause)
[2025-01-18T13:35:41.660+0000][721.064s][info ][gc,task     ] GC(108) Using 10 workers of 10 for evacuation
[2025-01-18T13:35:41.668+0000][721.071s][info ][gc,phases   ] GC(108)   Pre Evacuate Collection Set: 0.6ms
[2025-01-18T13:35:41.668+0000][721.072s][info ][gc,phases   ] GC(108)   Merge Heap Roots: 0.2ms
[2025-01-18T13:35:41.668+0000][721.072s][info ][gc,phases   ] GC(108)   Evacuate Collection Set: 5.0ms
[2025-01-18T13:35:41.668+0000][721.072s][info ][gc,phases   ] GC(108)   Post Evacuate Collection Set: 1.4ms
[2025-01-18T13:35:41.669+0000][721.072s][info ][gc,phases   ] GC(108)   Other: 0.7ms
[2025-01-18T13:35:41.669+0000][721.073s][info ][gc,heap     ] GC(108) Eden regions: 173->0(175)
[2025-01-18T13:35:41.669+0000][721.073s][info ][gc,heap     ] GC(108) Survivor regions: 10->10(23)
[2025-01-18T13:35:41.669+0000][721.073s][info ][gc,heap     ] GC(108) Old regions: 158->158
[2025-01-18T13:35:41.669+0000][721.073s][info ][gc,heap     ] GC(108) Archive regions: 2->2
[2025-01-18T13:35:41.670+0000][721.073s][info ][gc,heap     ] GC(108) Humongous regions: 0->0
[2025-01-18T13:35:41.670+0000][721.074s][info ][gc,metaspace] GC(108) Metaspace: 184480K(185792K)->184480K(185792K) NonClass: 161834K(162496K)->161834K(162496K) Class: 22646K(23296K)->22646K(23296K)
[2025-01-18T13:35:41.670+0000][721.074s][info ][gc          ] GC(108) Pause Young (Concurrent Start) (G1 Evacuation Pause) 340M->167M(395M) 10.199ms
[2025-01-18T13:35:41.670+0000][721.074s][info ][gc,cpu      ] GC(108) User=0.05s Sys=0.00s Real=0.01s
[2025-01-18T13:35:41.670+0000][721.074s][info ][gc          ] GC(109) Concurrent Mark Cycle
[2025-01-18T13:35:41.671+0000][721.074s][info ][gc,marking  ] GC(109) Concurrent Clear Claimed Marks
[2025-01-18T13:35:41.670+0000][721.074s][info ][safepoint   ] Safepoint "G1CollectForAllocation", Time since last: 6384170885 ns, Reaching safepoint: 486375 ns, Cleanup: 6522 ns, At safepoint: 10644071 ns, Total: 11136968 ns
[2025-01-18T13:35:41.671+0000][721.075s][info ][gc,marking  ] GC(109) Concurrent Clear Claimed Marks 0.397ms
[2025-01-18T13:35:41.671+0000][721.075s][info ][gc,marking  ] GC(109) Concurrent Scan Root Regions
[2025-01-18T13:35:41.675+0000][721.079s][info ][gc,marking  ] GC(109) Concurrent Scan Root Regions 4.317ms
[2025-01-18T13:35:41.676+0000][721.080s][info ][gc,marking  ] GC(109) Concurrent Mark
[2025-01-18T13:35:41.676+0000][721.080s][info ][gc,marking  ] GC(109) Concurrent Mark From Roots
[2025-01-18T13:35:41.676+0000][721.080s][info ][gc,task     ] GC(109) Using 3 workers of 3 for marking
[2025-01-18T13:35:41.766+0000][721.170s][info ][gc,marking  ] GC(109) Concurrent Mark From Roots 90.183ms
[2025-01-18T13:35:41.767+0000][721.170s][info ][gc,marking  ] GC(109) Concurrent Preclean
[2025-01-18T13:35:41.767+0000][721.171s][info ][gc,marking  ] GC(109) Concurrent Preclean 0.514ms
[2025-01-18T13:35:41.767+0000][721.171s][debug][safepoint   ] Safepoint synchronization initiated using futex wait barrier. (202 threads)
[2025-01-18T13:35:41.768+0000][721.171s][info ][gc,start    ] GC(109) Pause Remark
[2025-01-18T13:35:41.775+0000][721.179s][info ][gc          ] GC(109) Pause Remark 169M->169M(395M) 7.729ms
[2025-01-18T13:35:41.776+0000][721.180s][info ][gc,cpu      ] GC(109) User=0.06s Sys=0.00s Real=0.01s
[2025-01-18T13:35:41.776+0000][721.180s][info ][safepoint   ] Safepoint "G1PauseRemark", Time since last: 96996483 ns, Reaching safepoint: 266152 ns, Cleanup: 4349 ns, At safepoint: 8789841 ns, Total: 9060342 ns
[2025-01-18T13:35:41.777+0000][721.180s][info ][gc,marking  ] GC(109) Concurrent Mark 100.840ms
[2025-01-18T13:35:41.777+0000][721.181s][info ][gc,marking  ] GC(109) Concurrent Rebuild Remembered Sets
[2025-01-18T13:35:41.835+0000][721.241s][info ][gc,marking  ] GC(109) Concurrent Rebuild Remembered Sets 60.137ms
[2025-01-18T13:35:41.836+0000][721.241s][debug][safepoint   ] Safepoint synchronization initiated using futex wait barrier. (202 threads)
[2025-01-18T13:35:41.836+0000][721.242s][info ][gc,start    ] GC(109) Pause Cleanup
[2025-01-18T13:35:41.836+0000][721.242s][info ][gc          ] GC(109) Pause Cleanup 169M->169M(395M) 0.563ms
[2025-01-18T13:35:41.837+0000][721.242s][info ][gc,cpu      ] GC(109) User=0.00s Sys=0.00s Real=0.00s
[2025-01-18T13:35:41.837+0000][721.243s][info ][safepoint   ] Safepoint "G1PauseCleanup", Time since last: 61083811 ns, Reaching safepoint: 252024 ns, Cleanup: 27103 ns, At safepoint: 1341543 ns, Total: 1620670 ns
[2025-01-18T13:35:41.838+0000][721.243s][info ][gc,marking  ] GC(109) Concurrent Cleanup for Next Mark
[2025-01-18T13:35:41.839+0000][721.244s][info ][gc,marking  ] GC(109) Concurrent Cleanup for Next Mark 1.120ms
[2025-01-18T13:35:41.839+0000][721.245s][info ][gc          ] GC(109) Concurrent Mark Cycle 170.791ms
